root@5fbb4ba5bebd:/app# echo 'import json\nimport numpy as np\nfrom scipy.optimize import curve_fit\n\ndef lorentzian(x, x0, gamma, amplitude, offset):\n    ret
urn offset + amplitude * (gamma**2) / ((x - x0)**2 + gamma**2)\n\n# Load your spectrum data here (replace with actual path)\ndata = np.loadtxt("spectrum.txt")\n
x = data[:, 0]  # Assume first column is x values\ny = data[:, 1]  # Assume second column is y values\n\n# Fit G peak\ng_params, _ = curve_fit(lorentzian, x, y,
 p0=[1580, 10, 1, 0])\n\n# Fit 2D peak\nd_params, _ = curve_fit(lorentzian, x, y, p0=[2700, 10, 1, 0])\n\nresults = {\n    'G': {\n        'x0': g_params[0],\n
       'gamma': g_params[1],\n        'amplitude': g_params[2],\n        'offset': g_params[3]\n    },\n    '2D': {\n        'x0': d_params[0],\n        'gamma'
: d_params[1],\n        'amplitude': d_params[2],\n        'offset': d_params[3]\n    }\n}\n\nwith open("results.json", "w") as f:\n    json.dump(results, f, in
dent=4)\n' > fit_peaks.py
root@5fbb4ba5bebd:/app# python3 fit_peaks.py; tmux wait -S done
  File "/app/fit_peaks.py", line 1
    import json\nimport numpy as np\nfrom scipy.optimize import curve_fit\n\ndef lorentzian(x, x0, gamma, amplitude, offset):\n    return offset + amplitude * (
gamma**2) / ((x - x0)**2 + gamma**2)\n\n# Load your spectrum data here (replace with actual path)\ndata = np.loadtxt("spectrum.txt")\nx = data[:, 0]  # Assume f
irst column is x values\ny = data[:, 1]  # Assume second column is y values\n\n# Fit G peak\ng_params, _ = curve_fit(lorentzian, x, y, p0=[1580, 10, 1, 0])\n\n#
 Fit 2D peak\nd_params, _ = curve_fit(lorentzian, x, y, p0=[2700, 10, 1, 0])\n\nresults = {\n    G: {\n        x0: g_params[0],\n        gamma: g_params[1],\n
      amplitude: g_params[2],\n        offset: g_params[3]\n    },\n    2D: {\n        x0: d_params[0],\n        gamma: d_params[1],\n        amplitude: d_param
s[2],\n        offset: d_params[3]\n    }\n}\n\nwith open("results.json", "w") as f:\n    json.dump(results, f, indent=4)\n
                ^
SyntaxError: unexpected character after line continuation character
root@5fbb4ba5bebd:/app# echo 'import json\nimport numpy as np\nfrom scipy.optimize import curve_fit\n\ndef lorentzian(x, x0, gamma, amplitude, offset):\n    ret
urn offset + amplitude * (gamma**2) / ((x - x0)**2 + gamma**2)\n\n# Load your spectrum data here (replace with actual path)\ndata = np.loadtxt("spectrum.txt")\n
x = data[:, 0]  # Assume first column is x values\ny = data[:, 1]  # Assume second column is y values\n\n# Fit G peak\ng_params, _ = curve_fit(lorentzian, x, y,
 p0=[1580, 10, 1, 0])\n\n# Fit 2D peak\nd_params, _ = curve_fit(lorentzian, x, y, p0=[2700, 10, 1, 0])\n\nresults = {\n    'G': {\n        'x0': g_params[0],\n
       'gamma': g_params[1],\n        'amplitude': g_params[2],\n        'offset': g_params[3]\n    },\n    '2D': {\n        'x0': d_params[0],\n        'gamma'
: d_params[1],\n        'amplitude': d_params[2],\n        'offset': d_params[3]\n    }\n}\n\nwith open("results.json", "w") as f:\n    json.dump(results, f, in
dent=4)\n' > fit_peaks.py
root@5fbb4ba5bebd:/app# python3 fit_peaks.py; tmux wait -S done
  File "/app/fit_peaks.py", line 1
    import json\nimport numpy as np\nfrom scipy.optimize import curve_fit\n\ndef lorentzian(x, x0, gamma, amplitude, offset):\n    return offset + amplitude * (
gamma**2) / ((x - x0)**2 + gamma**2)\n\n# Load your spectrum data here (replace with actual path)\ndata = np.loadtxt("spectrum.txt")\nx = data[:, 0]  # Assume f
irst column is x values\ny = data[:, 1]  # Assume second column is y values\n\n# Fit G peak\ng_params, _ = curve_fit(lorentzian, x, y, p0=[1580, 10, 1, 0])\n\n#
 Fit 2D peak\nd_params, _ = curve_fit(lorentzian, x, y, p0=[2700, 10, 1, 0])\n\nresults = {\n    G: {\n        x0: g_params[0],\n        gamma: g_params[1],\n
      amplitude: g_params[2],\n        offset: g_params[3]\n    },\n    2D: {\n        x0: d_params[0],\n        gamma: d_params[1],\n        amplitude: d_param
s[2],\n        offset: d_params[3]\n    }\n}\n\nwith open("results.json", "w") as f:\n    json.dump(results, f, indent=4)\n
                ^
SyntaxError: unexpected character after line continuation character
root@5fbb4ba5bebd:/app# echo 'import json\nimport numpy as np\nfrom scipy.optimize import curve_fit\n\ndef lorentzian(x, x0, gamma, amplitude, offset):\n    ret
urn offset + amplitude * (gamma**2) / ((x - x0)**2 + gamma**2)\n\n# Load your spectrum data here (replace with actual path)\ndata = np.loadtxt("spectrum.txt")\n
x = data[:, 0]  # Assume first column is x values\ny = data[:, 1]  # Assume second column is y values\n\n# Fit G peak\ng_params, _ = curve_fit(lorentzian, x, y,
 p0=[1580, 10, 1, 0])\n\n# Fit 2D peak\nd_params, _ = curve_fit(lorentzian, x, y, p0=[2700, 10, 1, 0])\n\nresults = {\n    'G': {\n        'x0': g_params[0],\n
       'gamma': g_params[1],\n        'amplitude': g_params[2],\n        'offset': g_params[3]\n    },\n    '2D': {\n        'x0': d_params[0],\n        'gamma'
: d_params[1],\n        'amplitude': d_params[2],\n        'offset': d_params[3]\n    }\n}\n\nwith open("results.json", "w") as f:\n    json.dump(results, f, in
dent=4)\n' > fit_peaks.py
root@5fbb4ba5bebd:/app# python3 fit_peaks.py; tmux wait -S done
  File "/app/fit_peaks.py", line 1
    import json\nimport numpy as np\nfrom scipy.optimize import curve_fit\n\ndef lorentzian(x, x0, gamma, amplitude, offset):\n    return offset + amplitude * (
gamma**2) / ((x - x0)**2 + gamma**2)\n\n# Load your spectrum data here (replace with actual path)\ndata = np.loadtxt("spectrum.txt")\nx = data[:, 0]  # Assume f
irst column is x values\ny = data[:, 1]  # Assume second column is y values\n\n# Fit G peak\ng_params, _ = curve_fit(lorentzian, x, y, p0=[1580, 10, 1, 0])\n\n#
 Fit 2D peak\nd_params, _ = curve_fit(lorentzian, x, y, p0=[2700, 10, 1, 0])\n\nresults = {\n    G: {\n        x0: g_params[0],\n        gamma: g_params[1],\n
      amplitude: g_params[2],\n        offset: g_params[3]\n    },\n    2D: {\n        x0: d_params[0],\n        gamma: d_params[1],\n        amplitude: d_param
s[2],\n        offset: d_params[3]\n    }\n}\n\nwith open("results.json", "w") as f:\n    json.dump(results, f, indent=4)\n
                ^
SyntaxError: unexpected character after line continuation character
root@5fbb4ba5bebd:/app# echo 'import json\nimport numpy as np\nfrom scipy.optimize import curve_fit\n\ndef lorentzian(x, x0, gamma, amplitude, offset):\n    ret
urn offset + amplitude * (gamma**2) / ((x - x0)**2 + gamma**2)\n\n# Load your spectrum data here (replace with actual path)\ndata = np.loadtxt("spectrum.txt")\n
x = data[:, 0]  # Assume first column is x values\ny = data[:, 1]  # Assume second column is y values\n\n# Fit G peak\ng_params, _ = curve_fit(lorentzian, x, y,
 p0=[1580, 10, 1, 0])\n\n# Fit 2D peak\nd_params, _ = curve_fit(lorentzian, x, y, p0=[2700, 10, 1, 0])\n\nresults = {\n    'G': {\n        'x0': g_params[0],\n
       'gamma': g_params[1],\n        'amplitude': g_params[2],\n        'offset': g_params[3]\n    },\n    '2D': {\n        'x0': d_params[0],\n        'gamma'
: d_params[1],\n        'amplitude': d_params[2],\n        'offset': d_params[3]\n    }\n}\n\nwith open("results.json", "w") as f:\n    json.dump(results, f, in
dent=4)\n' > fit_peaks.py
root@5fbb4ba5bebd:/app# python3 fit_peaks.py; tmux wait -S done
  File "/app/fit_peaks.py", line 1
    import json\nimport numpy as np\nfrom scipy.optimize import curve_fit\n\ndef lorentzian(x, x0, gamma, amplitude, offset):\n    return offset + amplitude * (
gamma**2) / ((x - x0)**2 + gamma**2)\n\n# Load your spectrum data here (replace with actual path)\ndata = np.loadtxt("spectrum.txt")\nx = data[:, 0]  # Assume f
irst column is x values\ny = data[:, 1]  # Assume second column is y values\n\n# Fit G peak\ng_params, _ = curve_fit(lorentzian, x, y, p0=[1580, 10, 1, 0])\n\n#
 Fit 2D peak\nd_params, _ = curve_fit(lorentzian, x, y, p0=[2700, 10, 1, 0])\n\nresults = {\n    G: {\n        x0: g_params[0],\n        gamma: g_params[1],\n
      amplitude: g_params[2],\n        offset: g_params[3]\n    },\n    2D: {\n        x0: d_params[0],\n        gamma: d_params[1],\n        amplitude: d_param
s[2],\n        offset: d_params[3]\n    }\n}\n\nwith open("results.json", "w") as f:\n    json.dump(results, f, indent=4)\n
                ^
SyntaxError: unexpected character after line continuation character
root@5fbb4ba5bebd:/app# echo 'import json\nimport numpy as np\nfrom scipy.optimize import curve_fit\n\ndef lorentzian(x, x0, gamma, amplitude, offset):\n    ret
urn offset + amplitude * (gamma**2) / ((x - x0)**2 + gamma**2)\n\n# Load your spectrum data here (replace with actual path)\ndata = np.loadtxt("spectrum.txt")\n
x = data[:, 0]  # Assume first column is x values\ny = data[:, 1]  # Assume second column is y values\n\n# Fit G peak\ng_params, _ = curve_fit(lorentzian, x, y,
 p0=[1580, 10, 1, 0])\n\n# Fit 2D peak\nd_params, _ = curve_fit(lorentzian, x, y, p0=[2700, 10, 1, 0])\n\nresults = {\n    'G': {\n        'x0': g_params[0],\n
       'gamma': g_params[1],\n        'amplitude': g_params[2],\n        'offset': g_params[3]\n    },\n    '2D': {\n        'x0': d_params[0],\n        'gamma'
: d_params[1],\n        'amplitude': d_params[2],\n        'offset': d_params[3]\n    }\n}\n\nwith open("results.json", "w") as f:\n    json.dump(results, f, in
dent=4)\n' > fit_peaks.py
root@5fbb4ba5bebd:/app# python3 fit_peaks.py; tmux wait -S done
  File "/app/fit_peaks.py", line 1
    import json\nimport numpy as np\nfrom scipy.optimize import curve_fit\n\ndef lorentzian(x, x0, gamma, amplitude, offset):\n    return offset + amplitude * (
gamma**2) / ((x - x0)**2 + gamma**2)\n\n# Load your spectrum data here (replace with actual path)\ndata = np.loadtxt("spectrum.txt")\nx = data[:, 0]  # Assume f
irst column is x values\ny = data[:, 1]  # Assume second column is y values\n\n# Fit G peak\ng_params, _ = curve_fit(lorentzian, x, y, p0=[1580, 10, 1, 0])\n\n#
 Fit 2D peak\nd_params, _ = curve_fit(lorentzian, x, y, p0=[2700, 10, 1, 0])\n\nresults = {\n    G: {\n        x0: g_params[0],\n        gamma: g_params[1],\n
      amplitude: g_params[2],\n        offset: g_params[3]\n    },\n    2D: {\n        x0: d_params[0],\n        gamma: d_params[1],\n        amplitude: d_param
s[2],\n        offset: d_params[3]\n    }\n}\n\nwith open("results.json", "w") as f:\n    json.dump(results, f, indent=4)\n
                ^
SyntaxError: unexpected character after line continuation character
root@5fbb4ba5bebd:/app# echo 'import json\nimport numpy as np\nfrom scipy.optimize import curve_fit\n\ndef lorentzian(x, x0, gamma, amplitude, offset):\n    ret
urn offset + amplitude * (gamma**2) / ((x - x0)**2 + gamma**2)\n\n# Load your spectrum data here (replace with actual path)\ndata = np.loadtxt("spectrum.txt")\n
x = data[:, 0]  # Assume first column is x values\ny = data[:, 1]  # Assume second column is y values\n\n# Fit G peak\ng_params, _ = curve_fit(lorentzian, x, y,
 p0=[1580, 10, 1, 0])\n\n# Fit 2D peak\nd_params, _ = curve_fit(lorentzian, x, y, p0=[2700, 10, 1, 0])\n\nresults = {\n    'G': {\n        'x0': g_params[0],\n
       'gamma': g_params[1],\n        'amplitude': g_params[2],\n        'offset': g_params[3]\n    },\n    '2D': {\n        'x0': d_params[0],\n        'gamma'
: d_params[1],\n        'amplitude': d_params[2],\n        'offset': d_params[3]\n    }\n}\n\nwith open("results.json", "w") as f:\n    json.dump(results, f, in
dent=4)\n' > fit_peaks.py
root@5fbb4ba5bebd:/app# python3 fit_peaks.py; tmux wait -S done
  File "/app/fit_peaks.py", line 1
    import json\nimport numpy as np\nfrom scipy.optimize import curve_fit\n\ndef lorentzian(x, x0, gamma, amplitude, offset):\n    return offset + amplitude * (
gamma**2) / ((x - x0)**2 + gamma**2)\n\n# Load your spectrum data here (replace with actual path)\ndata = np.loadtxt("spectrum.txt")\nx = data[:, 0]  # Assume f
irst column is x values\ny = data[:, 1]  # Assume second column is y values\n\n# Fit G peak\ng_params, _ = curve_fit(lorentzian, x, y, p0=[1580, 10, 1, 0])\n\n#
 Fit 2D peak\nd_params, _ = curve_fit(lorentzian, x, y, p0=[2700, 10, 1, 0])\n\nresults = {\n    G: {\n        x0: g_params[0],\n        gamma: g_params[1],\n
      amplitude: g_params[2],\n        offset: g_params[3]\n    },\n    2D: {\n        x0: d_params[0],\n        gamma: d_params[1],\n        amplitude: d_param
s[2],\n        offset: d_params[3]\n    }\n}\n\nwith open("results.json", "w") as f:\n    json.dump(results, f, indent=4)\n
                ^
SyntaxError: unexpected character after line continuation character
root@5fbb4ba5bebd:/app# echo 'import json\nimport numpy as np\nfrom scipy.optimize import curve_fit\n\ndef lorentzian(x, x0, gamma, amplitude, offset):\n    ret
urn offset + amplitude * (gamma**2) / ((x - x0)**2 + gamma**2)\n\n# Load your spectrum data here (replace with actual path)\ndata = np.loadtxt("spectrum.txt")\n
x = data[:, 0]  # Assume first column is x values\ny = data[:, 1]  # Assume second column is y values\n\n# Fit G peak\ng_params, _ = curve_fit(lorentzian, x, y,
 p0=[1580, 10, 1, 0])\n\n# Fit 2D peak\nd_params, _ = curve_fit(lorentzian, x, y, p0=[2700, 10, 1, 0])\n\nresults = {\n    'G': {\n        'x0': g_params[0],\n
       'gamma': g_params[1],\n        'amplitude': g_params[2],\n        'offset': g_params[3]\n    },\n    '2D': {\n        'x0': d_params[0],\n        'gamma'
: d_params[1],\n        'amplitude': d_params[2],\n        'offset': d_params[3]\n    }\n}\n\nwith open("results.json", "w") as f:\n    json.dump(results, f, in
dent=4)\n' > fit_peaks.py
root@5fbb4ba5bebd:/app# python3 fit_peaks.py; tmux wait -S done
  File "/app/fit_peaks.py", line 1
    import json\nimport numpy as np\nfrom scipy.optimize import curve_fit\n\ndef lorentzian(x, x0, gamma, amplitude, offset):\n    return offset + amplitude * (
gamma**2) / ((x - x0)**2 + gamma**2)\n\n# Load your spectrum data here (replace with actual path)\ndata = np.loadtxt("spectrum.txt")\nx = data[:, 0]  # Assume f
irst column is x values\ny = data[:, 1]  # Assume second column is y values\n\n# Fit G peak\ng_params, _ = curve_fit(lorentzian, x, y, p0=[1580, 10, 1, 0])\n\n#
 Fit 2D peak\nd_params, _ = curve_fit(lorentzian, x, y, p0=[2700, 10, 1, 0])\n\nresults = {\n    G: {\n        x0: g_params[0],\n        gamma: g_params[1],\n
      amplitude: g_params[2],\n        offset: g_params[3]\n    },\n    2D: {\n        x0: d_params[0],\n        gamma: d_params[1],\n        amplitude: d_param
s[2],\n        offset: d_params[3]\n    }\n}\n\nwith open("results.json", "w") as f:\n    json.dump(results, f, indent=4)\n
                ^
SyntaxError: unexpected character after line continuation character
root@5fbb4ba5bebd:/app# echo 'import json\nimport numpy as np\nfrom scipy.optimize import curve_fit\n\ndef lorentzian(x, x0, gamma, amplitude, offset):\n    ret
urn offset + amplitude * (gamma**2) / ((x - x0)**2 + gamma**2)\n\n# Load your spectrum data here (replace with actual path)\ndata = np.loadtxt("spectrum.txt")\n
x = data[:, 0]  # Assume first column is x values\ny = data[:, 1]  # Assume second column is y values\n\n# Fit G peak\ng_params, _ = curve_fit(lorentzian, x, y,
 p0=[1580, 10, 1, 0])\n\n# Fit 2D peak\nd_params, _ = curve_fit(lorentzian, x, y, p0=[2700, 10, 1, 0])\n\nresults = {\n    'G': {\n        'x0': g_params[0],\n
       'gamma': g_params[1],\n        'amplitude': g_params[2],\n        'offset': g_params[3]\n    },\n    '2D': {\n        'x0': d_params[0],\n        'gamma'
: d_params[1],\n        'amplitude': d_params[2],\n        'offset': d_params[3]\n    }\n}\n\nwith open("results.json", "w") as f:\n    json.dump(results, f, in
dent=4)\n' > fit_peaks.py
root@5fbb4ba5bebd:/app# python3 fit_peaks.py; tmux wait -S done
  File "/app/fit_peaks.py", line 1
    import json\nimport numpy as np\nfrom scipy.optimize import curve_fit\n\ndef lorentzian(x, x0, gamma, amplitude, offset):\n    return offset + amplitude * (
gamma**2) / ((x - x0)**2 + gamma**2)\n\n# Load your spectrum data here (replace with actual path)\ndata = np.loadtxt("spectrum.txt")\nx = data[:, 0]  # Assume f
irst column is x values\ny = data[:, 1]  # Assume second column is y values\n\n# Fit G peak\ng_params, _ = curve_fit(lorentzian, x, y, p0=[1580, 10, 1, 0])\n\n#
 Fit 2D peak\nd_params, _ = curve_fit(lorentzian, x, y, p0=[2700, 10, 1, 0])\n\nresults = {\n    G: {\n        x0: g_params[0],\n        gamma: g_params[1],\n
      amplitude: g_params[2],\n        offset: g_params[3]\n    },\n    2D: {\n        x0: d_params[0],\n        gamma: d_params[1],\n        amplitude: d_param
s[2],\n        offset: d_params[3]\n    }\n}\n\nwith open("results.json", "w") as f:\n    json.dump(results, f, indent=4)\n
                ^
SyntaxError: unexpected character after line continuation character
root@5fbb4ba5bebd:/app# echo 'import json\nimport numpy as np\nfrom scipy.optimize import curve_fit\n\ndef lorentzian(x, x0, gamma, amplitude, offset):\n    ret
urn offset + amplitude * (gamma**2) / ((x - x0)**2 + gamma**2)\n\n# Load your spectrum data here (replace with actual path)\ndata = np.loadtxt("spectrum.txt")\n
x = data[:, 0]  # Assume first column is x values\ny = data[:, 1]  # Assume second column is y values\n\n# Fit G peak\ng_params, _ = curve_fit(lorentzian, x, y,
 p0=[1580, 10, 1, 0])\n\n# Fit 2D peak\nd_params, _ = curve_fit(lorentzian, x, y, p0=[2700, 10, 1, 0])\n\nresults = {\n    'G': {\n        'x0': g_params[0],\n
       'gamma': g_params[1],\n        'amplitude': g_params[2],\n        'offset': g_params[3]\n    },\n    '2D': {\n        'x0': d_params[0],\n        'gamma'
: d_params[1],\n        'amplitude': d_params[2],\n        'offset': d_params[3]\n    }\n}\n\nwith open("results.json", "w") as f:\n    json.dump(results, f, in
dent=4)\n' > fit_peaks.py
root@5fbb4ba5bebd:/app# python3 fit_peaks.py; tmux wait -S done
  File "/app/fit_peaks.py", line 1
    import json\nimport numpy as np\nfrom scipy.optimize import curve_fit\n\ndef lorentzian(x, x0, gamma, amplitude, offset):\n    return offset + amplitude * (
gamma**2) / ((x - x0)**2 + gamma**2)\n\n# Load your spectrum data here (replace with actual path)\ndata = np.loadtxt("spectrum.txt")\nx = data[:, 0]  # Assume f
irst column is x values\ny = data[:, 1]  # Assume second column is y values\n\n# Fit G peak\ng_params, _ = curve_fit(lorentzian, x, y, p0=[1580, 10, 1, 0])\n\n#
 Fit 2D peak\nd_params, _ = curve_fit(lorentzian, x, y, p0=[2700, 10, 1, 0])\n\nresults = {\n    G: {\n        x0: g_params[0],\n        gamma: g_params[1],\n
      amplitude: g_params[2],\n        offset: g_params[3]\n    },\n    2D: {\n        x0: d_params[0],\n        gamma: d_params[1],\n        amplitude: d_param
s[2],\n        offset: d_params[3]\n    }\n}\n\nwith open("results.json", "w") as f:\n    json.dump(results, f, indent=4)\n
                ^
SyntaxError: unexpected character after line continuation character
root@5fbb4ba5bebd:/app# echo 'import json\nimport numpy as np\nfrom scipy.optimize import curve_fit\n\ndef lorentzian(x, x0, gamma, amplitude, offset):\n    ret
urn offset + amplitude * (gamma**2) / ((x - x0)**2 + gamma**2)\n\n# Load your spectrum data here (replace with actual path)\ndata = np.loadtxt("spectrum.txt")\n
x = data[:, 0]  # Assume first column is x values\ny = data[:, 1]  # Assume second column is y values\n\n# Fit G peak\ng_params, _ = curve_fit(lorentzian, x, y,
 p0=[1580, 10, 1, 0])\n\n# Fit 2D peak\nd_params, _ = curve_fit(lorentzian, x, y, p0=[2700, 10, 1, 0])\n\nresults = {\n    'G': {\n        'x0': g_params[0],\n
       'gamma': g_params[1],\n        'amplitude': g_params[2],\n        'offset': g_params[3]\n    },\n    '2D': {\n        'x0': d_params[0],\n        'gamma'
: d_params[1],\n        'amplitude': d_params[2],\n        'offset': d_params[3]\n    }\n}\n\nwith open("results.json", "w") as f:\n    json.dump(results, f, in
dent=4)\n' > fit_peaks.py
root@5fbb4ba5bebd:/app# python3 fit_peaks.py; tmux wait -S done
  File "/app/fit_peaks.py", line 1
    import json\nimport numpy as np\nfrom scipy.optimize import curve_fit\n\ndef lorentzian(x, x0, gamma, amplitude, offset):\n    return offset + amplitude * (
gamma**2) / ((x - x0)**2 + gamma**2)\n\n# Load your spectrum data here (replace with actual path)\ndata = np.loadtxt("spectrum.txt")\nx = data[:, 0]  # Assume f
irst column is x values\ny = data[:, 1]  # Assume second column is y values\n\n# Fit G peak\ng_params, _ = curve_fit(lorentzian, x, y, p0=[1580, 10, 1, 0])\n\n#
 Fit 2D peak\nd_params, _ = curve_fit(lorentzian, x, y, p0=[2700, 10, 1, 0])\n\nresults = {\n    G: {\n        x0: g_params[0],\n        gamma: g_params[1],\n
      amplitude: g_params[2],\n        offset: g_params[3]\n    },\n    2D: {\n        x0: d_params[0],\n        gamma: d_params[1],\n        amplitude: d_param
s[2],\n        offset: d_params[3]\n    }\n}\n\nwith open("results.json", "w") as f:\n    json.dump(results, f, indent=4)\n
                ^
SyntaxError: unexpected character after line continuation character
root@5fbb4ba5bebd:/app# echo 'import json\nimport numpy as np\nfrom scipy.optimize import curve_fit\n\ndef lorentzian(x, x0, gamma, amplitude, offset):\n    ret
urn offset + amplitude * (gamma**2) / ((x - x0)**2 + gamma**2)\n\n# Load your spectrum data here (replace with actual path)\ndata = np.loadtxt("spectrum.txt")\n
x = data[:, 0]  # Assume first column is x values\ny = data[:, 1]  # Assume second column is y values\n\n# Fit G peak\ng_params, _ = curve_fit(lorentzian, x, y,
 p0=[1580, 10, 1, 0])\n\n# Fit 2D peak\nd_params, _ = curve_fit(lorentzian, x, y, p0=[2700, 10, 1, 0])\n\nresults = {\n    'G': {\n        'x0': g_params[0],\n
       'gamma': g_params[1],\n        'amplitude': g_params[2],\n        'offset': g_params[3]\n    },\n    '2D': {\n        'x0': d_params[0],\n        'gamma'
: d_params[1],\n        'amplitude': d_params[2],\n        'offset': d_params[3]\n    }\n}\n\nwith open("results.json", "w") as f:\n    json.dump(results, f, in
dent=4)\n' > fit_peaks.py
root@5fbb4ba5bebd:/app# python3 fit_peaks.py; tmux wait -S done
  File "/app/fit_peaks.py", line 1
    import json\nimport numpy as np\nfrom scipy.optimize import curve_fit\n\ndef lorentzian(x, x0, gamma, amplitude, offset):\n    return offset + amplitude * (
gamma**2) / ((x - x0)**2 + gamma**2)\n\n# Load your spectrum data here (replace with actual path)\ndata = np.loadtxt("spectrum.txt")\nx = data[:, 0]  # Assume f
irst column is x values\ny = data[:, 1]  # Assume second column is y values\n\n# Fit G peak\ng_params, _ = curve_fit(lorentzian, x, y, p0=[1580, 10, 1, 0])\n\n#
 Fit 2D peak\nd_params, _ = curve_fit(lorentzian, x, y, p0=[2700, 10, 1, 0])\n\nresults = {\n    G: {\n        x0: g_params[0],\n        gamma: g_params[1],\n
      amplitude: g_params[2],\n        offset: g_params[3]\n    },\n    2D: {\n        x0: d_params[0],\n        gamma: d_params[1],\n        amplitude: d_param
s[2],\n        offset: d_params[3]\n    }\n}\n\nwith open("results.json", "w") as f:\n    json.dump(results, f, indent=4)\n
                ^
SyntaxError: unexpected character after line continuation character
root@5fbb4ba5bebd:/app# echo 'import json\nimport numpy as np\nfrom scipy.optimize import curve_fit\n\ndef lorentzian(x, x0, gamma, amplitude, offset):\n    ret
urn offset + amplitude * (gamma**2) / ((x - x0)**2 + gamma**2)\n\n# Load your spectrum data here (replace with actual path)\ndata = np.loadtxt("spectrum.txt")\n
x = data[:, 0]  # Assume first column is x values\ny = data[:, 1]  # Assume second column is y values\n\n# Fit G peak\ng_params, _ = curve_fit(lorentzian, x, y,
 p0=[1580, 10, 1, 0])\n\n# Fit 2D peak\nd_params, _ = curve_fit(lorentzian, x, y, p0=[2700, 10, 1, 0])\n\nresults = {\n    'G': {\n        'x0': g_params[0],\n
       'gamma': g_params[1],\n        'amplitude': g_params[2],\n        'offset': g_params[3]\n    },\n    '2D': {\n        'x0': d_params[0],\n        'gamma'
: d_params[1],\n        'amplitude': d_params[2],\n        'offset': d_params[3]\n    }\n}\n\nwith open("results.json", "w") as f:\n    json.dump(results, f, in
dent=4)\n' > fit_peaks.py
root@5fbb4ba5bebd:/app# python3 fit_peaks.py; tmux wait -S done
  File "/app/fit_peaks.py", line 1
    import json\nimport numpy as np\nfrom scipy.optimize import curve_fit\n\ndef lorentzian(x, x0, gamma, amplitude, offset):\n    return offset + amplitude * (
gamma**2) / ((x - x0)**2 + gamma**2)\n\n# Load your spectrum data here (replace with actual path)\ndata = np.loadtxt("spectrum.txt")\nx = data[:, 0]  # Assume f
irst column is x values\ny = data[:, 1]  # Assume second column is y values\n\n# Fit G peak\ng_params, _ = curve_fit(lorentzian, x, y, p0=[1580, 10, 1, 0])\n\n#
 Fit 2D peak\nd_params, _ = curve_fit(lorentzian, x, y, p0=[2700, 10, 1, 0])\n\nresults = {\n    G: {\n        x0: g_params[0],\n        gamma: g_params[1],\n
      amplitude: g_params[2],\n        offset: g_params[3]\n    },\n    2D: {\n        x0: d_params[0],\n        gamma: d_params[1],\n        amplitude: d_param
s[2],\n        offset: d_params[3]\n    }\n}\n\nwith open("results.json", "w") as f:\n    json.dump(results, f, indent=4)\n
                ^
SyntaxError: unexpected character after line continuation character
root@5fbb4ba5bebd:/app# echo 'import json\nimport numpy as np\nfrom scipy.optimize import curve_fit\n\ndef lorentzian(x, x0, gamma, amplitude, offset):\n    ret
urn offset + amplitude * (gamma**2) / ((x - x0)**2 + gamma**2)\n\n# Load your spectrum data here (replace with actual path)\ndata = np.loadtxt("spectrum.txt")\n
x = data[:, 0]  # Assume first column is x values\ny = data[:, 1]  # Assume second column is y values\n\n# Fit G peak\ng_params, _ = curve_fit(lorentzian, x, y,
 p0=[1580, 10, 1, 0])\n\n# Fit 2D peak\nd_params, _ = curve_fit(lorentzian, x, y, p0=[2700, 10, 1, 0])\n\nresults = {\n    'G': {\n        'x0': g_params[0],\n
       'gamma': g_params[1],\n        'amplitude': g_params[2],\n        'offset': g_params[3]\n    },\n    '2D': {\n        'x0': d_params[0],\n        'gamma'
: d_params[1],\n        'amplitude': d_params[2],\n        'offset': d_params[3]\n    }\n}\n\nwith open("results.json", "w") as f:\n    json.dump(results, f, in
dent=4)\n' > fit_peaks.py
root@5fbb4ba5bebd:/app# python3 fit_peaks.py; tmux wait -S done
  File "/app/fit_peaks.py", line 1
    import json\nimport numpy as np\nfrom scipy.optimize import curve_fit\n\ndef lorentzian(x, x0, gamma, amplitude, offset):\n    return offset + amplitude * (
gamma**2) / ((x - x0)**2 + gamma**2)\n\n# Load your spectrum data here (replace with actual path)\ndata = np.loadtxt("spectrum.txt")\nx = data[:, 0]  # Assume f
irst column is x values\ny = data[:, 1]  # Assume second column is y values\n\n# Fit G peak\ng_params, _ = curve_fit(lorentzian, x, y, p0=[1580, 10, 1, 0])\n\n#
 Fit 2D peak\nd_params, _ = curve_fit(lorentzian, x, y, p0=[2700, 10, 1, 0])\n\nresults = {\n    G: {\n        x0: g_params[0],\n        gamma: g_params[1],\n
      amplitude: g_params[2],\n        offset: g_params[3]\n    },\n    2D: {\n        x0: d_params[0],\n        gamma: d_params[1],\n        amplitude: d_param
s[2],\n        offset: d_params[3]\n    }\n}\n\nwith open("results.json", "w") as f:\n    json.dump(results, f, indent=4)\n
                ^
SyntaxError: unexpected character after line continuation character
root@5fbb4ba5bebd:/app# echo 'import json\nimport numpy as np\nfrom scipy.optimize import curve_fit\n\ndef lorentzian(x, x0, gamma, amplitude, offset):\n    ret
urn offset + amplitude * (gamma**2) / ((x - x0)**2 + gamma**2)\n\n# Load your spectrum data here (replace with actual path)\ndata = np.loadtxt("spectrum.txt")\n
x = data[:, 0]  # Assume first column is x values\ny = data[:, 1]  # Assume second column is y values\n\n# Fit G peak\ng_params, _ = curve_fit(lorentzian, x, y,
 p0=[1580, 10, 1, 0])\n\n# Fit 2D peak\nd_params, _ = curve_fit(lorentzian, x, y, p0=[2700, 10, 1, 0])\n\nresults = {\n    'G': {\n        'x0': g_params[0],\n
       'gamma': g_params[1],\n        'amplitude': g_params[2],\n        'offset': g_params[3]\n    },\n    '2D': {\n        'x0': d_params[0],\n        'gamma'
: d_params[1],\n        'amplitude': d_params[2],\n        'offset': d_params[3]\n    }\n}\n\nwith open("results.json", "w") as f:\n    json.dump(results, f, in
dent=4)\n' > fit_peaks.py
root@5fbb4ba5bebd:/app# python3 fit_peaks.py; tmux wait -S done
  File "/app/fit_peaks.py", line 1
    import json\nimport numpy as np\nfrom scipy.optimize import curve_fit\n\ndef lorentzian(x, x0, gamma, amplitude, offset):\n    return offset + amplitude * (
gamma**2) / ((x - x0)**2 + gamma**2)\n\n# Load your spectrum data here (replace with actual path)\ndata = np.loadtxt("spectrum.txt")\nx = data[:, 0]  # Assume f
irst column is x values\ny = data[:, 1]  # Assume second column is y values\n\n# Fit G peak\ng_params, _ = curve_fit(lorentzian, x, y, p0=[1580, 10, 1, 0])\n\n#
 Fit 2D peak\nd_params, _ = curve_fit(lorentzian, x, y, p0=[2700, 10, 1, 0])\n\nresults = {\n    G: {\n        x0: g_params[0],\n        gamma: g_params[1],\n
      amplitude: g_params[2],\n        offset: g_params[3]\n    },\n    2D: {\n        x0: d_params[0],\n        gamma: d_params[1],\n        amplitude: d_param
s[2],\n        offset: d_params[3]\n    }\n}\n\nwith open("results.json", "w") as f:\n    json.dump(results, f, indent=4)\n
                ^
SyntaxError: unexpected character after line continuation character
root@5fbb4ba5bebd:/app# echo 'import json\nimport numpy as np\nfrom scipy.optimize import curve_fit\n\ndef lorentzian(x, x0, gamma, amplitude, offset):\n    ret
urn offset + amplitude * (gamma**2) / ((x - x0)**2 + gamma**2)\n\n# Load your spectrum data here (replace with actual path)\ndata = np.loadtxt("spectrum.txt")\n
x = data[:, 0]  # Assume first column is x values\ny = data[:, 1]  # Assume second column is y values\n\n# Fit G peak\ng_params, _ = curve_fit(lorentzian, x, y,
 p0=[1580, 10, 1, 0])\n\n# Fit 2D peak\nd_params, _ = curve_fit(lorentzian, x, y, p0=[2700, 10, 1, 0])\n\nresults = {\n    'G': {\n        'x0': g_params[0],\n
       'gamma': g_params[1],\n        'amplitude': g_params[2],\n        'offset': g_params[3]\n    },\n    '2D': {\n        'x0': d_params[0],\n        'gamma'
: d_params[1],\n        'amplitude': d_params[2],\n        'offset': d_params[3]\n    }\n}\n\nwith open("results.json", "w") as f:\n    json.dump(results, f, in
dent=4)\n' > fit_peaks.py
root@5fbb4ba5bebd:/app# python3 fit_peaks.py; tmux wait -S done
  File "/app/fit_peaks.py", line 1
    import json\nimport numpy as np\nfrom scipy.optimize import curve_fit\n\ndef lorentzian(x, x0, gamma, amplitude, offset):\n    return offset + amplitude * (
gamma**2) / ((x - x0)**2 + gamma**2)\n\n# Load your spectrum data here (replace with actual path)\ndata = np.loadtxt("spectrum.txt")\nx = data[:, 0]  # Assume f
irst column is x values\ny = data[:, 1]  # Assume second column is y values\n\n# Fit G peak\ng_params, _ = curve_fit(lorentzian, x, y, p0=[1580, 10, 1, 0])\n\n#
 Fit 2D peak\nd_params, _ = curve_fit(lorentzian, x, y, p0=[2700, 10, 1, 0])\n\nresults = {\n    G: {\n        x0: g_params[0],\n        gamma: g_params[1],\n
      amplitude: g_params[2],\n        offset: g_params[3]\n    },\n    2D: {\n        x0: d_params[0],\n        gamma: d_params[1],\n        amplitude: d_param
s[2],\n        offset: d_params[3]\n    }\n}\n\nwith open("results.json", "w") as f:\n    json.dump(results, f, indent=4)\n
                ^
SyntaxError: unexpected character after line continuation character
root@5fbb4ba5bebd:/app# echo 'import json\nimport numpy as np\nfrom scipy.optimize import curve_fit\n\ndef lorentzian(x, x0, gamma, amplitude, offset):\n    ret
urn offset + amplitude * (gamma**2) / ((x - x0)**2 + gamma**2)\n\n# Load your spectrum data here (replace with actual path)\ndata = np.loadtxt("spectrum.txt")\n
x = data[:, 0]  # Assume first column is x values\ny = data[:, 1]  # Assume second column is y values\n\n# Fit G peak\ng_params, _ = curve_fit(lorentzian, x, y,
 p0=[1580, 10, 1, 0])\n\n# Fit 2D peak\nd_params, _ = curve_fit(lorentzian, x, y, p0=[2700, 10, 1, 0])\n\nresults = {\n    'G': {\n        'x0': g_params[0],\n
       'gamma': g_params[1],\n        'amplitude': g_params[2],\n        'offset': g_params[3]\n    },\n    '2D': {\n        'x0': d_params[0],\n        'gamma'
: d_params[1],\n        'amplitude': d_params[2],\n        'offset': d_params[3]\n    }\n}\n\nwith open("results.json", "w") as f:\n    json.dump(results, f, in
dent=4)\n' > fit_peaks.py
root@5fbb4ba5bebd:/app# python3 fit_peaks.py; tmux wait -S done
  File "/app/fit_peaks.py", line 1
    import json\nimport numpy as np\nfrom scipy.optimize import curve_fit\n\ndef lorentzian(x, x0, gamma, amplitude, offset):\n    return offset + amplitude * (
gamma**2) / ((x - x0)**2 + gamma**2)\n\n# Load your spectrum data here (replace with actual path)\ndata = np.loadtxt("spectrum.txt")\nx = data[:, 0]  # Assume f
irst column is x values\ny = data[:, 1]  # Assume second column is y values\n\n# Fit G peak\ng_params, _ = curve_fit(lorentzian, x, y, p0=[1580, 10, 1, 0])\n\n#
 Fit 2D peak\nd_params, _ = curve_fit(lorentzian, x, y, p0=[2700, 10, 1, 0])\n\nresults = {\n    G: {\n        x0: g_params[0],\n        gamma: g_params[1],\n
      amplitude: g_params[2],\n        offset: g_params[3]\n    },\n    2D: {\n        x0: d_params[0],\n        gamma: d_params[1],\n        amplitude: d_param
s[2],\n        offset: d_params[3]\n    }\n}\n\nwith open("results.json", "w") as f:\n    json.dump(results, f, indent=4)\n
                ^
SyntaxError: unexpected character after line continuation character
root@5fbb4ba5bebd:/app# echo 'import json\nimport numpy as np\nfrom scipy.optimize import curve_fit\n\ndef lorentzian(x, x0, gamma, amplitude, offset):\n    ret
urn offset + amplitude * (gamma**2) / ((x - x0)**2 + gamma**2)\n\n# Load your spectrum data here (replace with actual path)\ndata = np.loadtxt("spectrum.txt")\n
x = data[:, 0]  # Assume first column is x values\ny = data[:, 1]  # Assume second column is y values\n\n# Fit G peak\ng_params, _ = curve_fit(lorentzian, x, y,
 p0=[1580, 10, 1, 0])\n\n# Fit 2D peak\nd_params, _ = curve_fit(lorentzian, x, y, p0=[2700, 10, 1, 0])\n\nresults = {\n    'G': {\n        'x0': g_params[0],\n
       'gamma': g_params[1],\n        'amplitude': g_params[2],\n        'offset': g_params[3]\n    },\n    '2D': {\n        'x0': d_params[0],\n        'gamma'
: d_params[1],\n        'amplitude': d_params[2],\n        'offset': d_params[3]\n    }\n}\n\nwith open("results.json", "w") as f:\n    json.dump(results, f, in
dent=4)\n' > fit_peaks.py
root@5fbb4ba5bebd:/app# python3 fit_peaks.py; tmux wait -S done
  File "/app/fit_peaks.py", line 1
    import json\nimport numpy as np\nfrom scipy.optimize import curve_fit\n\ndef lorentzian(x, x0, gamma, amplitude, offset):\n    return offset + amplitude * (
gamma**2) / ((x - x0)**2 + gamma**2)\n\n# Load your spectrum data here (replace with actual path)\ndata = np.loadtxt("spectrum.txt")\nx = data[:, 0]  # Assume f
irst column is x values\ny = data[:, 1]  # Assume second column is y values\n\n# Fit G peak\ng_params, _ = curve_fit(lorentzian, x, y, p0=[1580, 10, 1, 0])\n\n#
 Fit 2D peak\nd_params, _ = curve_fit(lorentzian, x, y, p0=[2700, 10, 1, 0])\n\nresults = {\n    G: {\n        x0: g_params[0],\n        gamma: g_params[1],\n
      amplitude: g_params[2],\n        offset: g_params[3]\n    },\n    2D: {\n        x0: d_params[0],\n        gamma: d_params[1],\n        amplitude: d_param
s[2],\n        offset: d_params[3]\n    }\n}\n\nwith open("results.json", "w") as f:\n    json.dump(results, f, indent=4)\n
                ^
SyntaxError: unexpected character after line continuation character
root@5fbb4ba5bebd:/app# echo 'import json\nimport numpy as np\nfrom scipy.optimize import curve_fit\n\ndef lorentzian(x, x0, gamma, amplitude, offset):\n    ret
urn offset + amplitude * (gamma**2) / ((x - x0)**2 + gamma**2)\n\n# Load your spectrum data here (replace with actual path)\ndata = np.loadtxt("spectrum.txt")\n
x = data[:, 0]  # Assume first column is x values\ny = data[:, 1]  # Assume second column is y values\n\n# Fit G peak\ng_params, _ = curve_fit(lorentzian, x, y,
 p0=[1580, 10, 1, 0])\n\n# Fit 2D peak\nd_params, _ = curve_fit(lorentzian, x, y, p0=[2700, 10, 1, 0])\n\nresults = {\n    'G': {\n        'x0': g_params[0],\n
       'gamma': g_params[1],\n        'amplitude': g_params[2],\n        'offset': g_params[3]\n    },\n    '2D': {\n        'x0': d_params[0],\n        'gamma'
: d_params[1],\n        'amplitude': d_params[2],\n        'offset': d_params[3]\n    }\n}\n\nwith open("results.json", "w") as f:\n    json.dump(results, f, in
dent=4)\n' > fit_peaks.py
root@5fbb4ba5bebd:/app# python3 fit_peaks.py; tmux wait -S done
  File "/app/fit_peaks.py", line 1
    import json\nimport numpy as np\nfrom scipy.optimize import curve_fit\n\ndef lorentzian(x, x0, gamma, amplitude, offset):\n    return offset + amplitude * (
gamma**2) / ((x - x0)**2 + gamma**2)\n\n# Load your spectrum data here (replace with actual path)\ndata = np.loadtxt("spectrum.txt")\nx = data[:, 0]  # Assume f
irst column is x values\ny = data[:, 1]  # Assume second column is y values\n\n# Fit G peak\ng_params, _ = curve_fit(lorentzian, x, y, p0=[1580, 10, 1, 0])\n\n#
 Fit 2D peak\nd_params, _ = curve_fit(lorentzian, x, y, p0=[2700, 10, 1, 0])\n\nresults = {\n    G: {\n        x0: g_params[0],\n        gamma: g_params[1],\n
      amplitude: g_params[2],\n        offset: g_params[3]\n    },\n    2D: {\n        x0: d_params[0],\n        gamma: d_params[1],\n        amplitude: d_param
s[2],\n        offset: d_params[3]\n    }\n}\n\nwith open("results.json", "w") as f:\n    json.dump(results, f, indent=4)\n
                ^
SyntaxError: unexpected character after line continuation character
root@5fbb4ba5bebd:/app# echo 'import json\nimport numpy as np\nfrom scipy.optimize import curve_fit\n\ndef lorentzian(x, x0, gamma, amplitude, offset):\n    ret
urn offset + amplitude * (gamma**2) / ((x - x0)**2 + gamma**2)\n\n# Load your spectrum data here (replace with actual path)\ndata = np.loadtxt("spectrum.txt")\n
x = data[:, 0]  # Assume first column is x values\ny = data[:, 1]  # Assume second column is y values\n\n# Fit G peak\ng_params, _ = curve_fit(lorentzian, x, y,
 p0=[1580, 10, 1, 0])\n\n# Fit 2D peak\nd_params, _ = curve_fit(lorentzian, x, y, p0=[2700, 10, 1, 0])\n\nresults = {\n    'G': {\n        'x0': g_params[0],\n
       'gamma': g_params[1],\n        'amplitude': g_params[2],\n        'offset': g_params[3]\n    },\n    '2D': {\n        'x0': d_params[0],\n        'gamma'
: d_params[1],\n        'amplitude': d_params[2],\n        'offset': d_params[3]\n    }\n}\n\nwith open("results.json", "w") as f:\n    json.dump(results, f, in
dent=4)\n' > fit_peaks.py
root@5fbb4ba5bebd:/app# python3 fit_peaks.py; tmux wait -S done
  File "/app/fit_peaks.py", line 1
    import json\nimport numpy as np\nfrom scipy.optimize import curve_fit\n\ndef lorentzian(x, x0, gamma, amplitude, offset):\n    return offset + amplitude * (
gamma**2) / ((x - x0)**2 + gamma**2)\n\n# Load your spectrum data here (replace with actual path)\ndata = np.loadtxt("spectrum.txt")\nx = data[:, 0]  # Assume f
irst column is x values\ny = data[:, 1]  # Assume second column is y values\n\n# Fit G peak\ng_params, _ = curve_fit(lorentzian, x, y, p0=[1580, 10, 1, 0])\n\n#
 Fit 2D peak\nd_params, _ = curve_fit(lorentzian, x, y, p0=[2700, 10, 1, 0])\n\nresults = {\n    G: {\n        x0: g_params[0],\n        gamma: g_params[1],\n
      amplitude: g_params[2],\n        offset: g_params[3]\n    },\n    2D: {\n        x0: d_params[0],\n        gamma: d_params[1],\n        amplitude: d_param
s[2],\n        offset: d_params[3]\n    }\n}\n\nwith open("results.json", "w") as f:\n    json.dump(results, f, indent=4)\n
                ^
SyntaxError: unexpected character after line continuation character
root@5fbb4ba5bebd:/app# echo 'import json\nimport numpy as np\nfrom scipy.optimize import curve_fit\n\ndef lorentzian(x, x0, gamma, amplitude, offset):\n    ret
urn offset + amplitude * (gamma**2) / ((x - x0)**2 + gamma**2)\n\n# Load your spectrum data here (replace with actual path)\ndata = np.loadtxt("spectrum.txt")\n
x = data[:, 0]  # Assume first column is x values\ny = data[:, 1]  # Assume second column is y values\n\n# Fit G peak\ng_params, _ = curve_fit(lorentzian, x, y,
 p0=[1580, 10, 1, 0])\n\n# Fit 2D peak\nd_params, _ = curve_fit(lorentzian, x, y, p0=[2700, 10, 1, 0])\n\nresults = {\n    'G': {\n        'x0': g_params[0],\n
       'gamma': g_params[1],\n        'amplitude': g_params[2],\n        'offset': g_params[3]\n    },\n    '2D': {\n        'x0': d_params[0],\n        'gamma'
: d_params[1],\n        'amplitude': d_params[2],\n        'offset': d_params[3]\n    }\n}\n\nwith open("results.json", "w") as f:\n    json.dump(results, f, in
dent=4)\n' > fit_peaks.py
root@5fbb4ba5bebd:/app# python3 fit_peaks.py; tmux wait -S done
  File "/app/fit_peaks.py", line 1
    import json\nimport numpy as np\nfrom scipy.optimize import curve_fit\n\ndef lorentzian(x, x0, gamma, amplitude, offset):\n    return offset + amplitude * (
gamma**2) / ((x - x0)**2 + gamma**2)\n\n# Load your spectrum data here (replace with actual path)\ndata = np.loadtxt("spectrum.txt")\nx = data[:, 0]  # Assume f
irst column is x values\ny = data[:, 1]  # Assume second column is y values\n\n# Fit G peak\ng_params, _ = curve_fit(lorentzian, x, y, p0=[1580, 10, 1, 0])\n\n#
 Fit 2D peak\nd_params, _ = curve_fit(lorentzian, x, y, p0=[2700, 10, 1, 0])\n\nresults = {\n    G: {\n        x0: g_params[0],\n        gamma: g_params[1],\n
      amplitude: g_params[2],\n        offset: g_params[3]\n    },\n    2D: {\n        x0: d_params[0],\n        gamma: d_params[1],\n        amplitude: d_param
s[2],\n        offset: d_params[3]\n    }\n}\n\nwith open("results.json", "w") as f:\n    json.dump(results, f, indent=4)\n
                ^
SyntaxError: unexpected character after line continuation character
root@5fbb4ba5bebd:/app# echo 'import json\nimport numpy as np\nfrom scipy.optimize import curve_fit\n\ndef lorentzian(x, x0, gamma, amplitude, offset):\n    ret
urn offset + amplitude * (gamma**2) / ((x - x0)**2 + gamma**2)\n\n# Load your spectrum data here (replace with actual path)\ndata = np.loadtxt("spectrum.txt")\n
x = data[:, 0]  # Assume first column is x values\ny = data[:, 1]  # Assume second column is y values\n\n# Fit G peak\ng_params, _ = curve_fit(lorentzian, x, y,
 p0=[1580, 10, 1, 0])\n\n# Fit 2D peak\nd_params, _ = curve_fit(lorentzian, x, y, p0=[2700, 10, 1, 0])\n\nresults = {\n    'G': {\n        'x0': g_params[0],\n
       'gamma': g_params[1],\n        'amplitude': g_params[2],\n        'offset': g_params[3]\n    },\n    '2D': {\n        'x0': d_params[0],\n        'gamma'
: d_params[1],\n        'amplitude': d_params[2],\n        'offset': d_params[3]\n    }\n}\n\nwith open("results.json", "w") as f:\n    json.dump(results, f, in
dent=4)\n' > fit_peaks.py
root@5fbb4ba5bebd:/app# python3 fit_peaks.py; tmux wait -S done
  File "/app/fit_peaks.py", line 1
    import json\nimport numpy as np\nfrom scipy.optimize import curve_fit\n\ndef lorentzian(x, x0, gamma, amplitude, offset):\n    return offset + amplitude * (
gamma**2) / ((x - x0)**2 + gamma**2)\n\n# Load your spectrum data here (replace with actual path)\ndata = np.loadtxt("spectrum.txt")\nx = data[:, 0]  # Assume f
irst column is x values\ny = data[:, 1]  # Assume second column is y values\n\n# Fit G peak\ng_params, _ = curve_fit(lorentzian, x, y, p0=[1580, 10, 1, 0])\n\n#
 Fit 2D peak\nd_params, _ = curve_fit(lorentzian, x, y, p0=[2700, 10, 1, 0])\n\nresults = {\n    G: {\n        x0: g_params[0],\n        gamma: g_params[1],\n
      amplitude: g_params[2],\n        offset: g_params[3]\n    },\n    2D: {\n        x0: d_params[0],\n        gamma: d_params[1],\n        amplitude: d_param
s[2],\n        offset: d_params[3]\n    }\n}\n\nwith open("results.json", "w") as f:\n    json.dump(results, f, indent=4)\n
                ^
SyntaxError: unexpected character after line continuation character
root@5fbb4ba5bebd:/app# echo 'import json\nimport numpy as np\nfrom scipy.optimize import curve_fit\n\ndef lorentzian(x, x0, gamma, amplitude, offset):\n    ret
urn offset + amplitude * (gamma**2) / ((x - x0)**2 + gamma**2)\n\n# Load your spectrum data here (replace with actual path)\ndata = np.loadtxt("spectrum.txt")\n
x = data[:, 0]  # Assume first column is x values\ny = data[:, 1]  # Assume second column is y values\n\n# Fit G peak\ng_params, _ = curve_fit(lorentzian, x, y,
 p0=[1580, 10, 1, 0])\n\n# Fit 2D peak\nd_params, _ = curve_fit(lorentzian, x, y, p0=[2700, 10, 1, 0])\n\nresults = {\n    'G': {\n        'x0': g_params[0],\n
       'gamma': g_params[1],\n        'amplitude': g_params[2],\n        'offset': g_params[3]\n    },\n    '2D': {\n        'x0': d_params[0],\n        'gamma'
: d_params[1],\n        'amplitude': d_params[2],\n        'offset': d_params[3]\n    }\n}\n\nwith open("results.json", "w") as f:\n    json.dump(results, f, in
dent=4)\n' > fit_peaks.py
root@5fbb4ba5bebd:/app# python3 fit_peaks.py; tmux wait -S done
  File "/app/fit_peaks.py", line 1
    import json\nimport numpy as np\nfrom scipy.optimize import curve_fit\n\ndef lorentzian(x, x0, gamma, amplitude, offset):\n    return offset + amplitude * (
gamma**2) / ((x - x0)**2 + gamma**2)\n\n# Load your spectrum data here (replace with actual path)\ndata = np.loadtxt("spectrum.txt")\nx = data[:, 0]  # Assume f
irst column is x values\ny = data[:, 1]  # Assume second column is y values\n\n# Fit G peak\ng_params, _ = curve_fit(lorentzian, x, y, p0=[1580, 10, 1, 0])\n\n#
 Fit 2D peak\nd_params, _ = curve_fit(lorentzian, x, y, p0=[2700, 10, 1, 0])\n\nresults = {\n    G: {\n        x0: g_params[0],\n        gamma: g_params[1],\n
      amplitude: g_params[2],\n        offset: g_params[3]\n    },\n    2D: {\n        x0: d_params[0],\n        gamma: d_params[1],\n        amplitude: d_param
s[2],\n        offset: d_params[3]\n    }\n}\n\nwith open("results.json", "w") as f:\n    json.dump(results, f, indent=4)\n
                ^
SyntaxError: unexpected character after line continuation character
root@5fbb4ba5bebd:/app# echo 'import json\nimport numpy as np\nfrom scipy.optimize import curve_fit\n\ndef lorentzian(x, x0, gamma, amplitude, offset):\n    ret
urn offset + amplitude * (gamma**2) / ((x - x0)**2 + gamma**2)\n\n# Load your spectrum data here (replace with actual path)\ndata = np.loadtxt("spectrum.txt")\n
x = data[:, 0]  # Assume first column is x values\ny = data[:, 1]  # Assume second column is y values\n\n# Fit G peak\ng_params, _ = curve_fit(lorentzian, x, y,
 p0=[1580, 10, 1, 0])\n\n# Fit 2D peak\nd_params, _ = curve_fit(lorentzian, x, y, p0=[2700, 10, 1, 0])\n\nresults = {\n    'G': {\n        'x0': g_params[0],\n
       'gamma': g_params[1],\n        'amplitude': g_params[2],\n        'offset': g_params[3]\n    },\n    '2D': {\n        'x0': d_params[0],\n        'gamma'
: d_params[1],\n        'amplitude': d_params[2],\n        'offset': d_params[3]\n    }\n}\n\nwith open("results.json", "w") as f:\n    json.dump(results, f, in
dent=4)\n' > fit_peaks.py
root@5fbb4ba5bebd:/app# python3 fit_peaks.py; tmux wait -S done
  File "/app/fit_peaks.py", line 1
    import json\nimport numpy as np\nfrom scipy.optimize import curve_fit\n\ndef lorentzian(x, x0, gamma, amplitude, offset):\n    return offset + amplitude * (
gamma**2) / ((x - x0)**2 + gamma**2)\n\n# Load your spectrum data here (replace with actual path)\ndata = np.loadtxt("spectrum.txt")\nx = data[:, 0]  # Assume f
irst column is x values\ny = data[:, 1]  # Assume second column is y values\n\n# Fit G peak\ng_params, _ = curve_fit(lorentzian, x, y, p0=[1580, 10, 1, 0])\n\n#
 Fit 2D peak\nd_params, _ = curve_fit(lorentzian, x, y, p0=[2700, 10, 1, 0])\n\nresults = {\n    G: {\n        x0: g_params[0],\n        gamma: g_params[1],\n
      amplitude: g_params[2],\n        offset: g_params[3]\n    },\n    2D: {\n        x0: d_params[0],\n        gamma: d_params[1],\n        amplitude: d_param
s[2],\n        offset: d_params[3]\n    }\n}\n\nwith open("results.json", "w") as f:\n    json.dump(results, f, indent=4)\n
                ^
SyntaxError: unexpected character after line continuation character
root@5fbb4ba5bebd:/app# echo 'import json\nimport numpy as np\nfrom scipy.optimize import curve_fit\n\ndef lorentzian(x, x0, gamma, amplitude, offset):\n    ret
urn offset + amplitude * (gamma**2) / ((x - x0)**2 + gamma**2)\n\n# Load your spectrum data here (replace with actual path)\ndata = np.loadtxt("spectrum.txt")\n
x = data[:, 0]  # Assume first column is x values\ny = data[:, 1]  # Assume second column is y values\n\n# Fit G peak\ng_params, _ = curve_fit(lorentzian, x, y,
 p0=[1580, 10, 1, 0])\n\n# Fit 2D peak\nd_params, _ = curve_fit(lorentzian, x, y, p0=[2700, 10, 1, 0])\n\nresults = {\n    'G': {\n        'x0': g_params[0],\n
       'gamma': g_params[1],\n        'amplitude': g_params[2],\n        'offset': g_params[3]\n    },\n    '2D': {\n        'x0': d_params[0],\n        'gamma'
: d_params[1],\n        'amplitude': d_params[2],\n        'offset': d_params[3]\n    }\n}\n\nwith open("results.json", "w") as f:\n    json.dump(results, f, in
dent=4)\n' > fit_peaks.py
root@5fbb4ba5bebd:/app# python3 fit_peaks.py; tmux wait -S done
  File "/app/fit_peaks.py", line 1
    import json\nimport numpy as np\nfrom scipy.optimize import curve_fit\n\ndef lorentzian(x, x0, gamma, amplitude, offset):\n    return offset + amplitude * (
gamma**2) / ((x - x0)**2 + gamma**2)\n\n# Load your spectrum data here (replace with actual path)\ndata = np.loadtxt("spectrum.txt")\nx = data[:, 0]  # Assume f
irst column is x values\ny = data[:, 1]  # Assume second column is y values\n\n# Fit G peak\ng_params, _ = curve_fit(lorentzian, x, y, p0=[1580, 10, 1, 0])\n\n#
 Fit 2D peak\nd_params, _ = curve_fit(lorentzian, x, y, p0=[2700, 10, 1, 0])\n\nresults = {\n    G: {\n        x0: g_params[0],\n        gamma: g_params[1],\n
      amplitude: g_params[2],\n        offset: g_params[3]\n    },\n    2D: {\n        x0: d_params[0],\n        gamma: d_params[1],\n        amplitude: d_param
s[2],\n        offset: d_params[3]\n    }\n}\n\nwith open("results.json", "w") as f:\n    json.dump(results, f, indent=4)\n
                ^
SyntaxError: unexpected character after line continuation character
root@5fbb4ba5bebd:/app# echo 'import json\nimport numpy as np\nfrom scipy.optimize import curve_fit\n\ndef lorentzian(x, x0, gamma, amplitude, offset):\n    ret
urn offset + amplitude * (gamma**2) / ((x - x0)**2 + gamma**2)\n\n# Load your spectrum data here (replace with actual path)\ndata = np.loadtxt("spectrum.txt")\n
x = data[:, 0]  # Assume first column is x values\ny = data[:, 1]  # Assume second column is y values\n\n# Fit G peak\ng_params, _ = curve_fit(lorentzian, x, y,
 p0=[1580, 10, 1, 0])\n\n# Fit 2D peak\nd_params, _ = curve_fit(lorentzian, x, y, p0=[2700, 10, 1, 0])\n\nresults = {\n    'G': {\n        'x0': g_params[0],\n
       'gamma': g_params[1],\n        'amplitude': g_params[2],\n        'offset': g_params[3]\n    },\n    '2D': {\n        'x0': d_params[0],\n        'gamma'
: d_params[1],\n        'amplitude': d_params[2],\n        'offset': d_params[3]\n    }\n}\n\nwith open("results.json", "w") as f:\n    json.dump(results, f, in
dent=4)\n' > fit_peaks.py
root@5fbb4ba5bebd:/app# python3 fit_peaks.py; tmux wait -S done
  File "/app/fit_peaks.py", line 1
    import json\nimport numpy as np\nfrom scipy.optimize import curve_fit\n\ndef lorentzian(x, x0, gamma, amplitude, offset):\n    return offset + amplitude * (
gamma**2) / ((x - x0)**2 + gamma**2)\n\n# Load your spectrum data here (replace with actual path)\ndata = np.loadtxt("spectrum.txt")\nx = data[:, 0]  # Assume f
irst column is x values\ny = data[:, 1]  # Assume second column is y values\n\n# Fit G peak\ng_params, _ = curve_fit(lorentzian, x, y, p0=[1580, 10, 1, 0])\n\n#
 Fit 2D peak\nd_params, _ = curve_fit(lorentzian, x, y, p0=[2700, 10, 1, 0])\n\nresults = {\n    G: {\n        x0: g_params[0],\n        gamma: g_params[1],\n
      amplitude: g_params[2],\n        offset: g_params[3]\n    },\n    2D: {\n        x0: d_params[0],\n        gamma: d_params[1],\n        amplitude: d_param
s[2],\n        offset: d_params[3]\n    }\n}\n\nwith open("results.json", "w") as f:\n    json.dump(results, f, indent=4)\n
                ^
SyntaxError: unexpected character after line continuation character
root@5fbb4ba5bebd:/app# echo 'import json\nimport numpy as np\nfrom scipy.optimize import curve_fit\n\ndef lorentzian(x, x0, gamma, amplitude, offset):\n    ret
urn offset + amplitude * (gamma**2) / ((x - x0)**2 + gamma**2)\n\n# Load your spectrum data here (replace with actual path)\ndata = np.loadtxt("spectrum.txt")\n
x = data[:, 0]  # Assume first column is x values\ny = data[:, 1]  # Assume second column is y values\n\n# Fit G peak\ng_params, _ = curve_fit(lorentzian, x, y,
 p0=[1580, 10, 1, 0])\n\n# Fit 2D peak\nd_params, _ = curve_fit(lorentzian, x, y, p0=[2700, 10, 1, 0])\n\nresults = {\n    'G': {\n        'x0': g_params[0],\n
       'gamma': g_params[1],\n        'amplitude': g_params[2],\n        'offset': g_params[3]\n    },\n    '2D': {\n        'x0': d_params[0],\n        'gamma'
: d_params[1],\n        'amplitude': d_params[2],\n        'offset': d_params[3]\n    }\n}\n\nwith open("results.json", "w") as f:\n    json.dump(results, f, in
dent=4)\n' > fit_peaks.py
root@5fbb4ba5bebd:/app# python3 fit_peaks.py; tmux wait -S done
  File "/app/fit_peaks.py", line 1
    import json\nimport numpy as np\nfrom scipy.optimize import curve_fit\n\ndef lorentzian(x, x0, gamma, amplitude, offset):\n    return offset + amplitude * (
gamma**2) / ((x - x0)**2 + gamma**2)\n\n# Load your spectrum data here (replace with actual path)\ndata = np.loadtxt("spectrum.txt")\nx = data[:, 0]  # Assume f
irst column is x values\ny = data[:, 1]  # Assume second column is y values\n\n# Fit G peak\ng_params, _ = curve_fit(lorentzian, x, y, p0=[1580, 10, 1, 0])\n\n#
 Fit 2D peak\nd_params, _ = curve_fit(lorentzian, x, y, p0=[2700, 10, 1, 0])\n\nresults = {\n    G: {\n        x0: g_params[0],\n        gamma: g_params[1],\n
      amplitude: g_params[2],\n        offset: g_params[3]\n    },\n    2D: {\n        x0: d_params[0],\n        gamma: d_params[1],\n        amplitude: d_param
s[2],\n        offset: d_params[3]\n    }\n}\n\nwith open("results.json", "w") as f:\n    json.dump(results, f, indent=4)\n
                ^
SyntaxError: unexpected character after line continuation character
root@5fbb4ba5bebd:/app# echo 'import json\nimport numpy as np\nfrom scipy.optimize import curve_fit\n\ndef lorentzian(x, x0, gamma, amplitude, offset):\n    ret
urn offset + amplitude * (gamma**2) / ((x - x0)**2 + gamma**2)\n\n# Load your spectrum data here (replace with actual path)\ndata = np.loadtxt("spectrum.txt")\n
x = data[:, 0]  # Assume first column is x values\ny = data[:, 1]  # Assume second column is y values\n\n# Fit G peak\ng_params, _ = curve_fit(lorentzian, x, y,
 p0=[1580, 10, 1, 0])\n\n# Fit 2D peak\nd_params, _ = curve_fit(lorentzian, x, y, p0=[2700, 10, 1, 0])\n\nresults = {\n    'G': {\n        'x0': g_params[0],\n
       'gamma': g_params[1],\n        'amplitude': g_params[2],\n        'offset': g_params[3]\n    },\n    '2D': {\n        'x0': d_params[0],\n        'gamma'
: d_params[1],\n        'amplitude': d_params[2],\n        'offset': d_params[3]\n    }\n}\n\nwith open("results.json", "w") as f:\n    json.dump(results, f, in
dent=4)\n' > fit_peaks.py
root@5fbb4ba5bebd:/app# python3 fit_peaks.py; tmux wait -S done
  File "/app/fit_peaks.py", line 1
    import json\nimport numpy as np\nfrom scipy.optimize import curve_fit\n\ndef lorentzian(x, x0, gamma, amplitude, offset):\n    return offset + amplitude * (
gamma**2) / ((x - x0)**2 + gamma**2)\n\n# Load your spectrum data here (replace with actual path)\ndata = np.loadtxt("spectrum.txt")\nx = data[:, 0]  # Assume f
irst column is x values\ny = data[:, 1]  # Assume second column is y values\n\n# Fit G peak\ng_params, _ = curve_fit(lorentzian, x, y, p0=[1580, 10, 1, 0])\n\n#
 Fit 2D peak\nd_params, _ = curve_fit(lorentzian, x, y, p0=[2700, 10, 1, 0])\n\nresults = {\n    G: {\n        x0: g_params[0],\n        gamma: g_params[1],\n
      amplitude: g_params[2],\n        offset: g_params[3]\n    },\n    2D: {\n        x0: d_params[0],\n        gamma: d_params[1],\n        amplitude: d_param
s[2],\n        offset: d_params[3]\n    }\n}\n\nwith open("results.json", "w") as f:\n    json.dump(results, f, indent=4)\n
                ^
SyntaxError: unexpected character after line continuation character
root@5fbb4ba5bebd:/app# echo 'import json\nimport numpy as np\nfrom scipy.optimize import curve_fit\n\ndef lorentzian(x, x0, gamma, amplitude, offset):\n    ret
urn offset + amplitude * (gamma**2) / ((x - x0)**2 + gamma**2)\n\n# Load your spectrum data here (replace with actual path)\ndata = np.loadtxt("spectrum.txt")\n
x = data[:, 0]  # Assume first column is x values\ny = data[:, 1]  # Assume second column is y values\n\n# Fit G peak\ng_params, _ = curve_fit(lorentzian, x, y,
 p0=[1580, 10, 1, 0])\n\n# Fit 2D peak\nd_params, _ = curve_fit(lorentzian, x, y, p0=[2700, 10, 1, 0])\n\nresults = {\n    'G': {\n        'x0': g_params[0],\n
       'gamma': g_params[1],\n        'amplitude': g_params[2],\n        'offset': g_params[3]\n    },\n    '2D': {\n        'x0': d_params[0],\n        'gamma'
: d_params[1],\n        'amplitude': d_params[2],\n        'offset': d_params[3]\n    }\n}\n\nwith open("results.json", "w") as f:\n    json.dump(results, f, in
dent=4)\n' > fit_peaks.py
root@5fbb4ba5bebd:/app# python3 fit_peaks.py; tmux wait -S done
  File "/app/fit_peaks.py", line 1
    import json\nimport numpy as np\nfrom scipy.optimize import curve_fit\n\ndef lorentzian(x, x0, gamma, amplitude, offset):\n    return offset + amplitude * (
gamma**2) / ((x - x0)**2 + gamma**2)\n\n# Load your spectrum data here (replace with actual path)\ndata = np.loadtxt("spectrum.txt")\nx = data[:, 0]  # Assume f
irst column is x values\ny = data[:, 1]  # Assume second column is y values\n\n# Fit G peak\ng_params, _ = curve_fit(lorentzian, x, y, p0=[1580, 10, 1, 0])\n\n#
 Fit 2D peak\nd_params, _ = curve_fit(lorentzian, x, y, p0=[2700, 10, 1, 0])\n\nresults = {\n    G: {\n        x0: g_params[0],\n        gamma: g_params[1],\n
      amplitude: g_params[2],\n        offset: g_params[3]\n    },\n    2D: {\n        x0: d_params[0],\n        gamma: d_params[1],\n        amplitude: d_param
s[2],\n        offset: d_params[3]\n    }\n}\n\nwith open("results.json", "w") as f:\n    json.dump(results, f, indent=4)\n
                ^
SyntaxError: unexpected character after line continuation character
root@5fbb4ba5bebd:/app# echo 'import json\nimport numpy as np\nfrom scipy.optimize import curve_fit\n\ndef lorentzian(x, x0, gamma, amplitude, offset):\n    ret
urn offset + amplitude * (gamma**2) / ((x - x0)**2 + gamma**2)\n\n# Load your spectrum data here (replace with actual path)\ndata = np.loadtxt("spectrum.txt")\n
x = data[:, 0]  # Assume first column is x values\ny = data[:, 1]  # Assume second column is y values\n\n# Fit G peak\ng_params, _ = curve_fit(lorentzian, x, y,
 p0=[1580, 10, 1, 0])\n\n# Fit 2D peak\nd_params, _ = curve_fit(lorentzian, x, y, p0=[2700, 10, 1, 0])\n\nresults = {\n    'G': {\n        'x0': g_params[0],\n
       'gamma': g_params[1],\n        'amplitude': g_params[2],\n        'offset': g_params[3]\n    },\n    '2D': {\n        'x0': d_params[0],\n        'gamma'
: d_params[1],\n        'amplitude': d_params[2],\n        'offset': d_params[3]\n    }\n}\n\nwith open("results.json", "w") as f:\n    json.dump(results, f, in
dent=4)\n' > fit_peaks.py
root@5fbb4ba5bebd:/app# python3 fit_peaks.py; tmux wait -S done
  File "/app/fit_peaks.py", line 1
    import json\nimport numpy as np\nfrom scipy.optimize import curve_fit\n\ndef lorentzian(x, x0, gamma, amplitude, offset):\n    return offset + amplitude * (
gamma**2) / ((x - x0)**2 + gamma**2)\n\n# Load your spectrum data here (replace with actual path)\ndata = np.loadtxt("spectrum.txt")\nx = data[:, 0]  # Assume f
irst column is x values\ny = data[:, 1]  # Assume second column is y values\n\n# Fit G peak\ng_params, _ = curve_fit(lorentzian, x, y, p0=[1580, 10, 1, 0])\n\n#
 Fit 2D peak\nd_params, _ = curve_fit(lorentzian, x, y, p0=[2700, 10, 1, 0])\n\nresults = {\n    G: {\n        x0: g_params[0],\n        gamma: g_params[1],\n
      amplitude: g_params[2],\n        offset: g_params[3]\n    },\n    2D: {\n        x0: d_params[0],\n        gamma: d_params[1],\n        amplitude: d_param
s[2],\n        offset: d_params[3]\n    }\n}\n\nwith open("results.json", "w") as f:\n    json.dump(results, f, indent=4)\n
                ^
SyntaxError: unexpected character after line continuation character
root@5fbb4ba5bebd:/app# echo 'import json\nimport numpy as np\nfrom scipy.optimize import curve_fit\n\ndef lorentzian(x, x0, gamma, amplitude, offset):\n    ret
urn offset + amplitude * (gamma**2) / ((x - x0)**2 + gamma**2)\n\n# Load your spectrum data here (replace with actual path)\ndata = np.loadtxt("spectrum.txt")\n
x = data[:, 0]  # Assume first column is x values\ny = data[:, 1]  # Assume second column is y values\n\n# Fit G peak\ng_params, _ = curve_fit(lorentzian, x, y,
 p0=[1580, 10, 1, 0])\n\n# Fit 2D peak\nd_params, _ = curve_fit(lorentzian, x, y, p0=[2700, 10, 1, 0])\n\nresults = {\n    'G': {\n        'x0': g_params[0],\n
       'gamma': g_params[1],\n        'amplitude': g_params[2],\n        'offset': g_params[3]\n    },\n    '2D': {\n        'x0': d_params[0],\n        'gamma'
: d_params[1],\n        'amplitude': d_params[2],\n        'offset': d_params[3]\n    }\n}\n\nwith open("results.json", "w") as f:\n    json.dump(results, f, in
dent=4)\n' > fit_peaks.py
root@5fbb4ba5bebd:/app# python3 fit_peaks.py; tmux wait -S done
  File "/app/fit_peaks.py", line 1
    import json\nimport numpy as np\nfrom scipy.optimize import curve_fit\n\ndef lorentzian(x, x0, gamma, amplitude, offset):\n    return offset + amplitude * (
gamma**2) / ((x - x0)**2 + gamma**2)\n\n# Load your spectrum data here (replace with actual path)\ndata = np.loadtxt("spectrum.txt")\nx = data[:, 0]  # Assume f
irst column is x values\ny = data[:, 1]  # Assume second column is y values\n\n# Fit G peak\ng_params, _ = curve_fit(lorentzian, x, y, p0=[1580, 10, 1, 0])\n\n#
 Fit 2D peak\nd_params, _ = curve_fit(lorentzian, x, y, p0=[2700, 10, 1, 0])\n\nresults = {\n    G: {\n        x0: g_params[0],\n        gamma: g_params[1],\n
      amplitude: g_params[2],\n        offset: g_params[3]\n    },\n    2D: {\n        x0: d_params[0],\n        gamma: d_params[1],\n        amplitude: d_param
s[2],\n        offset: d_params[3]\n    }\n}\n\nwith open("results.json", "w") as f:\n    json.dump(results, f, indent=4)\n
                ^
SyntaxError: unexpected character after line continuation character
root@5fbb4ba5bebd:/app# echo 'import json\nimport numpy as np\nfrom scipy.optimize import curve_fit\n\ndef lorentzian(x, x0, gamma, amplitude, offset):\n    ret
urn offset + amplitude * (gamma**2) / ((x - x0)**2 + gamma**2)\n\n# Load your spectrum data here (replace with actual path)\ndata = np.loadtxt("spectrum.txt")\n
x = data[:, 0]  # Assume first column is x values\ny = data[:, 1]  # Assume second column is y values\n\n# Fit G peak\ng_params, _ = curve_fit(lorentzian, x, y,
 p0=[1580, 10, 1, 0])\n\n# Fit 2D peak\nd_params, _ = curve_fit(lorentzian, x, y, p0=[2700, 10, 1, 0])\n\nresults = {\n    'G': {\n        'x0': g_params[0],\n
       'gamma': g_params[1],\n        'amplitude': g_params[2],\n        'offset': g_params[3]\n    },\n    '2D': {\n        'x0': d_params[0],\n        'gamma'
: d_params[1],\n        'amplitude': d_params[2],\n        'offset': d_params[3]\n    }\n}\n\nwith open("results.json", "w") as f:\n    json.dump(results, f, in
dent=4)\n' > fit_peaks.py
root@5fbb4ba5bebd:/app# python3 fit_peaks.py; tmux wait -S done
  File "/app/fit_peaks.py", line 1
    import json\nimport numpy as np\nfrom scipy.optimize import curve_fit\n\ndef lorentzian(x, x0, gamma, amplitude, offset):\n    return offset + amplitude * (
gamma**2) / ((x - x0)**2 + gamma**2)\n\n# Load your spectrum data here (replace with actual path)\ndata = np.loadtxt("spectrum.txt")\nx = data[:, 0]  # Assume f
irst column is x values\ny = data[:, 1]  # Assume second column is y values\n\n# Fit G peak\ng_params, _ = curve_fit(lorentzian, x, y, p0=[1580, 10, 1, 0])\n\n#
 Fit 2D peak\nd_params, _ = curve_fit(lorentzian, x, y, p0=[2700, 10, 1, 0])\n\nresults = {\n    G: {\n        x0: g_params[0],\n        gamma: g_params[1],\n
      amplitude: g_params[2],\n        offset: g_params[3]\n    },\n    2D: {\n        x0: d_params[0],\n        gamma: d_params[1],\n        amplitude: d_param
s[2],\n        offset: d_params[3]\n    }\n}\n\nwith open("results.json", "w") as f:\n    json.dump(results, f, indent=4)\n
                ^
SyntaxError: unexpected character after line continuation character
root@5fbb4ba5bebd:/app# echo 'import json\nimport numpy as np\nfrom scipy.optimize import curve_fit\n\ndef lorentzian(x, x0, gamma, amplitude, offset):\n    ret
urn offset + amplitude * (gamma**2) / ((x - x0)**2 + gamma**2)\n\n# Load your spectrum data here (replace with actual path)\ndata = np.loadtxt("spectrum.txt")\n
x = data[:, 0]  # Assume first column is x values\ny = data[:, 1]  # Assume second column is y values\n\n# Fit G peak\ng_params, _ = curve_fit(lorentzian, x, y,
 p0=[1580, 10, 1, 0])\n\n# Fit 2D peak\nd_params, _ = curve_fit(lorentzian, x, y, p0=[2700, 10, 1, 0])\n\nresults = {\n    'G': {\n        'x0': g_params[0],\n
       'gamma': g_params[1],\n        'amplitude': g_params[2],\n        'offset': g_params[3]\n    },\n    '2D': {\n        'x0': d_params[0],\n        'gamma'
: d_params[1],\n        'amplitude': d_params[2],\n        'offset': d_params[3]\n    }\n}\n\nwith open("results.json", "w") as f:\n    json.dump(results, f, in
dent=4)\n' > fit_peaks.py
root@5fbb4ba5bebd:/app# python3 fit_peaks.py; tmux wait -S done
  File "/app/fit_peaks.py", line 1
    import json\nimport numpy as np\nfrom scipy.optimize import curve_fit\n\ndef lorentzian(x, x0, gamma, amplitude, offset):\n    return offset + amplitude * (
gamma**2) / ((x - x0)**2 + gamma**2)\n\n# Load your spectrum data here (replace with actual path)\ndata = np.loadtxt("spectrum.txt")\nx = data[:, 0]  # Assume f
irst column is x values\ny = data[:, 1]  # Assume second column is y values\n\n# Fit G peak\ng_params, _ = curve_fit(lorentzian, x, y, p0=[1580, 10, 1, 0])\n\n#
 Fit 2D peak\nd_params, _ = curve_fit(lorentzian, x, y, p0=[2700, 10, 1, 0])\n\nresults = {\n    G: {\n        x0: g_params[0],\n        gamma: g_params[1],\n
      amplitude: g_params[2],\n        offset: g_params[3]\n    },\n    2D: {\n        x0: d_params[0],\n        gamma: d_params[1],\n        amplitude: d_param
s[2],\n        offset: d_params[3]\n    }\n}\n\nwith open("results.json", "w") as f:\n    json.dump(results, f, indent=4)\n
                ^
SyntaxError: unexpected character after line continuation character
root@5fbb4ba5bebd:/app# echo 'import json\nimport numpy as np\nfrom scipy.optimize import curve_fit\n\ndef lorentzian(x, x0, gamma, amplitude, offset):\n    ret
urn offset + amplitude * (gamma**2) / ((x - x0)**2 + gamma**2)\n\n# Load your spectrum data here (replace with actual path)\ndata = np.loadtxt("spectrum.txt")\n
x = data[:, 0]  # Assume first column is x values\ny = data[:, 1]  # Assume second column is y values\n\n# Fit G peak\ng_params, _ = curve_fit(lorentzian, x, y,
 p0=[1580, 10, 1, 0])\n\n# Fit 2D peak\nd_params, _ = curve_fit(lorentzian, x, y, p0=[2700, 10, 1, 0])\n\nresults = {\n    'G': {\n        'x0': g_params[0],\n
       'gamma': g_params[1],\n        'amplitude': g_params[2],\n        'offset': g_params[3]\n    },\n    '2D': {\n        'x0': d_params[0],\n        'gamma'
: d_params[1],\n        'amplitude': d_params[2],\n        'offset': d_params[3]\n    }\n}\n\nwith open("results.json", "w") as f:\n    json.dump(results, f, in
dent=4)\n' > fit_peaks.py
root@5fbb4ba5bebd:/app# python3 fit_peaks.py; tmux wait -S done
  File "/app/fit_peaks.py", line 1
    import json\nimport numpy as np\nfrom scipy.optimize import curve_fit\n\ndef lorentzian(x, x0, gamma, amplitude, offset):\n    return offset + amplitude * (
gamma**2) / ((x - x0)**2 + gamma**2)\n\n# Load your spectrum data here (replace with actual path)\ndata = np.loadtxt("spectrum.txt")\nx = data[:, 0]  # Assume f
irst column is x values\ny = data[:, 1]  # Assume second column is y values\n\n# Fit G peak\ng_params, _ = curve_fit(lorentzian, x, y, p0=[1580, 10, 1, 0])\n\n#
 Fit 2D peak\nd_params, _ = curve_fit(lorentzian, x, y, p0=[2700, 10, 1, 0])\n\nresults = {\n    G: {\n        x0: g_params[0],\n        gamma: g_params[1],\n
      amplitude: g_params[2],\n        offset: g_params[3]\n    },\n    2D: {\n        x0: d_params[0],\n        gamma: d_params[1],\n        amplitude: d_param
s[2],\n        offset: d_params[3]\n    }\n}\n\nwith open("results.json", "w") as f:\n    json.dump(results, f, indent=4)\n
                ^
SyntaxError: unexpected character after line continuation character
root@5fbb4ba5bebd:/app# echo 'import json\nimport numpy as np\nfrom scipy.optimize import curve_fit\n\ndef lorentzian(x, x0, gamma, amplitude, offset):\n    ret
urn offset + amplitude * (gamma**2) / ((x - x0)**2 + gamma**2)\n\n# Load your spectrum data here (replace with actual path)\ndata = np.loadtxt("spectrum.txt")\n
x = data[:, 0]  # Assume first column is x values\ny = data[:, 1]  # Assume second column is y values\n\n# Fit G peak\ng_params, _ = curve_fit(lorentzian, x, y,
 p0=[1580, 10, 1, 0])\n\n# Fit 2D peak\nd_params, _ = curve_fit(lorentzian, x, y, p0=[2700, 10, 1, 0])\n\nresults = {\n    'G': {\n        'x0': g_params[0],\n
       'gamma': g_params[1],\n        'amplitude': g_params[2],\n        'offset': g_params[3]\n    },\n    '2D': {\n        'x0': d_params[0],\n        'gamma'
: d_params[1],\n        'amplitude': d_params[2],\n        'offset': d_params[3]\n    }\n}\n\nwith open("results.json", "w") as f:\n    json.dump(results, f, in
dent=4)\n' > fit_peaks.py
root@5fbb4ba5bebd:/app# python3 fit_peaks.py; tmux wait -S done
  File "/app/fit_peaks.py", line 1
    import json\nimport numpy as np\nfrom scipy.optimize import curve_fit\n\ndef lorentzian(x, x0, gamma, amplitude, offset):\n    return offset + amplitude * (
gamma**2) / ((x - x0)**2 + gamma**2)\n\n# Load your spectrum data here (replace with actual path)\ndata = np.loadtxt("spectrum.txt")\nx = data[:, 0]  # Assume f
irst column is x values\ny = data[:, 1]  # Assume second column is y values\n\n# Fit G peak\ng_params, _ = curve_fit(lorentzian, x, y, p0=[1580, 10, 1, 0])\n\n#
 Fit 2D peak\nd_params, _ = curve_fit(lorentzian, x, y, p0=[2700, 10, 1, 0])\n\nresults = {\n    G: {\n        x0: g_params[0],\n        gamma: g_params[1],\n
      amplitude: g_params[2],\n        offset: g_params[3]\n    },\n    2D: {\n        x0: d_params[0],\n        gamma: d_params[1],\n        amplitude: d_param
s[2],\n        offset: d_params[3]\n    }\n}\n\nwith open("results.json", "w") as f:\n    json.dump(results, f, indent=4)\n
                ^
SyntaxError: unexpected character after line continuation character
root@5fbb4ba5bebd:/app# echo 'import json\nimport numpy as np\nfrom scipy.optimize import curve_fit\n\ndef lorentzian(x, x0, gamma, amplitude, offset):\n    ret
urn offset + amplitude * (gamma**2) / ((x - x0)**2 + gamma**2)\n\n# Load your spectrum data here (replace with actual path)\ndata = np.loadtxt("spectrum.txt")\n
x = data[:, 0]  # Assume first column is x values\ny = data[:, 1]  # Assume second column is y values\n\n# Fit G peak\ng_params, _ = curve_fit(lorentzian, x, y,
 p0=[1580, 10, 1, 0])\n\n# Fit 2D peak\nd_params, _ = curve_fit(lorentzian, x, y, p0=[2700, 10, 1, 0])\n\nresults = {\n    'G': {\n        'x0': g_params[0],\n
       'gamma': g_params[1],\n        'amplitude': g_params[2],\n        'offset': g_params[3]\n    },\n    '2D': {\n        'x0': d_params[0],\n        'gamma'
: d_params[1],\n        'amplitude': d_params[2],\n        'offset': d_params[3]\n    }\n}\n\nwith open("results.json", "w") as f:\n    json.dump(results, f, in
dent=4)\n' > fit_peaks.py
root@5fbb4ba5bebd:/app# python3 fit_peaks.py; tmux wait -S done
  File "/app/fit_peaks.py", line 1
    import json\nimport numpy as np\nfrom scipy.optimize import curve_fit\n\ndef lorentzian(x, x0, gamma, amplitude, offset):\n    return offset + amplitude * (
gamma**2) / ((x - x0)**2 + gamma**2)\n\n# Load your spectrum data here (replace with actual path)\ndata = np.loadtxt("spectrum.txt")\nx = data[:, 0]  # Assume f
irst column is x values\ny = data[:, 1]  # Assume second column is y values\n\n# Fit G peak\ng_params, _ = curve_fit(lorentzian, x, y, p0=[1580, 10, 1, 0])\n\n#
 Fit 2D peak\nd_params, _ = curve_fit(lorentzian, x, y, p0=[2700, 10, 1, 0])\n\nresults = {\n    G: {\n        x0: g_params[0],\n        gamma: g_params[1],\n
      amplitude: g_params[2],\n        offset: g_params[3]\n    },\n    2D: {\n        x0: d_params[0],\n        gamma: d_params[1],\n        amplitude: d_param
s[2],\n        offset: d_params[3]\n    }\n}\n\nwith open("results.json", "w") as f:\n    json.dump(results, f, indent=4)\n
                ^
SyntaxError: unexpected character after line continuation character
root@5fbb4ba5bebd:/app# echo 'import json\nimport numpy as np\nfrom scipy.optimize import curve_fit\n\ndef lorentzian(x, x0, gamma, amplitude, offset):\n    ret
urn offset + amplitude * (gamma**2) / ((x - x0)**2 + gamma**2)\n\n# Load your spectrum data here (replace with actual path)\ndata = np.loadtxt("spectrum.txt")\n
x = data[:, 0]  # Assume first column is x values\ny = data[:, 1]  # Assume second column is y values\n\n# Fit G peak\ng_params, _ = curve_fit(lorentzian, x, y,
 p0=[1580, 10, 1, 0])\n\n# Fit 2D peak\nd_params, _ = curve_fit(lorentzian, x, y, p0=[2700, 10, 1, 0])\n\nresults = {\n    'G': {\n        'x0': g_params[0],\n
       'gamma': g_params[1],\n        'amplitude': g_params[2],\n        'offset': g_params[3]\n    },\n    '2D': {\n        'x0': d_params[0],\n        'gamma'
: d_params[1],\n        'amplitude': d_params[2],\n        'offset': d_params[3]\n    }\n}\n\nwith open("results.json", "w") as f:\n    json.dump(results, f, in
dent=4)\n' > fit_peaks.py
root@5fbb4ba5bebd:/app# python3 fit_peaks.py; tmux wait -S done
  File "/app/fit_peaks.py", line 1
    import json\nimport numpy as np\nfrom scipy.optimize import curve_fit\n\ndef lorentzian(x, x0, gamma, amplitude, offset):\n    return offset + amplitude * (
gamma**2) / ((x - x0)**2 + gamma**2)\n\n# Load your spectrum data here (replace with actual path)\ndata = np.loadtxt("spectrum.txt")\nx = data[:, 0]  # Assume f
irst column is x values\ny = data[:, 1]  # Assume second column is y values\n\n# Fit G peak\ng_params, _ = curve_fit(lorentzian, x, y, p0=[1580, 10, 1, 0])\n\n#
 Fit 2D peak\nd_params, _ = curve_fit(lorentzian, x, y, p0=[2700, 10, 1, 0])\n\nresults = {\n    G: {\n        x0: g_params[0],\n        gamma: g_params[1],\n
      amplitude: g_params[2],\n        offset: g_params[3]\n    },\n    2D: {\n        x0: d_params[0],\n        gamma: d_params[1],\n        amplitude: d_param
s[2],\n        offset: d_params[3]\n    }\n}\n\nwith open("results.json", "w") as f:\n    json.dump(results, f, indent=4)\n
                ^
SyntaxError: unexpected character after line continuation character
root@5fbb4ba5bebd:/app# echo 'import json\nimport numpy as np\nfrom scipy.optimize import curve_fit\n\ndef lorentzian(x, x0, gamma, amplitude, offset):\n    ret
urn offset + amplitude * (gamma**2) / ((x - x0)**2 + gamma**2)\n\n# Load your spectrum data here (replace with actual path)\ndata = np.loadtxt("spectrum.txt")\n
x = data[:, 0]  # Assume first column is x values\ny = data[:, 1]  # Assume second column is y values\n\n# Fit G peak\ng_params, _ = curve_fit(lorentzian, x, y,
 p0=[1580, 10, 1, 0])\n\n# Fit 2D peak\nd_params, _ = curve_fit(lorentzian, x, y, p0=[2700, 10, 1, 0])\n\nresults = {\n    'G': {\n        'x0': g_params[0],\n
       'gamma': g_params[1],\n        'amplitude': g_params[2],\n        'offset': g_params[3]\n    },\n    '2D': {\n        'x0': d_params[0],\n        'gamma'
: d_params[1],\n        'amplitude': d_params[2],\n        'offset': d_params[3]\n    }\n}\n\nwith open("results.json", "w") as f:\n    json.dump(results, f, in
dent=4)\n' > fit_peaks.py
root@5fbb4ba5bebd:/app# python3 fit_peaks.py; tmux wait -S done
  File "/app/fit_peaks.py", line 1
    import json\nimport numpy as np\nfrom scipy.optimize import curve_fit\n\ndef lorentzian(x, x0, gamma, amplitude, offset):\n    return offset + amplitude * (
gamma**2) / ((x - x0)**2 + gamma**2)\n\n# Load your spectrum data here (replace with actual path)\ndata = np.loadtxt("spectrum.txt")\nx = data[:, 0]  # Assume f
irst column is x values\ny = data[:, 1]  # Assume second column is y values\n\n# Fit G peak\ng_params, _ = curve_fit(lorentzian, x, y, p0=[1580, 10, 1, 0])\n\n#
 Fit 2D peak\nd_params, _ = curve_fit(lorentzian, x, y, p0=[2700, 10, 1, 0])\n\nresults = {\n    G: {\n        x0: g_params[0],\n        gamma: g_params[1],\n
      amplitude: g_params[2],\n        offset: g_params[3]\n    },\n    2D: {\n        x0: d_params[0],\n        gamma: d_params[1],\n        amplitude: d_param
s[2],\n        offset: d_params[3]\n    }\n}\n\nwith open("results.json", "w") as f:\n    json.dump(results, f, indent=4)\n
                ^
SyntaxError: unexpected character after line continuation character
root@5fbb4ba5bebd:/app# echo 'import json\nimport numpy as np\nfrom scipy.optimize import curve_fit\n\ndef lorentzian(x, x0, gamma, amplitude, offset):\n    ret
urn offset + amplitude * (gamma**2) / ((x - x0)**2 + gamma**2)\n\n# Load your spectrum data here (replace with actual path)\ndata = np.loadtxt("spectrum.txt")\n
x = data[:, 0]  # Assume first column is x values\ny = data[:, 1]  # Assume second column is y values\n\n# Fit G peak\ng_params, _ = curve_fit(lorentzian, x, y,
 p0=[1580, 10, 1, 0])\n\n# Fit 2D peak\nd_params, _ = curve_fit(lorentzian, x, y, p0=[2700, 10, 1, 0])\n\nresults = {\n    'G': {\n        'x0': g_params[0],\n
       'gamma': g_params[1],\n        'amplitude': g_params[2],\n        'offset': g_params[3]\n    },\n    '2D': {\n        'x0': d_params[0],\n        'gamma'
: d_params[1],\n        'amplitude': d_params[2],\n        'offset': d_params[3]\n    }\n}\n\nwith open("results.json", "w") as f:\n    json.dump(results, f, in
dent=4)\n' > fit_peaks.py
root@5fbb4ba5bebd:/app# python3 fit_peaks.py; tmux wait -S done
  File "/app/fit_peaks.py", line 1
    import json\nimport numpy as np\nfrom scipy.optimize import curve_fit\n\ndef lorentzian(x, x0, gamma, amplitude, offset):\n    return offset + amplitude * (
gamma**2) / ((x - x0)**2 + gamma**2)\n\n# Load your spectrum data here (replace with actual path)\ndata = np.loadtxt("spectrum.txt")\nx = data[:, 0]  # Assume f
irst column is x values\ny = data[:, 1]  # Assume second column is y values\n\n# Fit G peak\ng_params, _ = curve_fit(lorentzian, x, y, p0=[1580, 10, 1, 0])\n\n#
 Fit 2D peak\nd_params, _ = curve_fit(lorentzian, x, y, p0=[2700, 10, 1, 0])\n\nresults = {\n    G: {\n        x0: g_params[0],\n        gamma: g_params[1],\n
      amplitude: g_params[2],\n        offset: g_params[3]\n    },\n    2D: {\n        x0: d_params[0],\n        gamma: d_params[1],\n        amplitude: d_param
s[2],\n        offset: d_params[3]\n    }\n}\n\nwith open("results.json", "w") as f:\n    json.dump(results, f, indent=4)\n
                ^
SyntaxError: unexpected character after line continuation character
root@5fbb4ba5bebd:/app# echo 'import json\nimport numpy as np\nfrom scipy.optimize import curve_fit\n\ndef lorentzian(x, x0, gamma, amplitude, offset):\n    ret
urn offset + amplitude * (gamma**2) / ((x - x0)**2 + gamma**2)\n\n# Load your spectrum data here (replace with actual path)\ndata = np.loadtxt("spectrum.txt")\n
x = data[:, 0]  # Assume first column is x values\ny = data[:, 1]  # Assume second column is y values\n\n# Fit G peak\ng_params, _ = curve_fit(lorentzian, x, y,
 p0=[1580, 10, 1, 0])\n\n# Fit 2D peak\nd_params, _ = curve_fit(lorentzian, x, y, p0=[2700, 10, 1, 0])\n\nresults = {\n    'G': {\n        'x0': g_params[0],\n
       'gamma': g_params[1],\n        'amplitude': g_params[2],\n        'offset': g_params[3]\n    },\n    '2D': {\n        'x0': d_params[0],\n        'gamma'
: d_params[1],\n        'amplitude': d_params[2],\n        'offset': d_params[3]\n    }\n}\n\nwith open("results.json", "w") as f:\n    json.dump(results, f, in
dent=4)\n' > fit_peaks.py
root@5fbb4ba5bebd:/app# python3 fit_peaks.py; tmux wait -S done
  File "/app/fit_peaks.py", line 1
    import json\nimport numpy as np\nfrom scipy.optimize import curve_fit\n\ndef lorentzian(x, x0, gamma, amplitude, offset):\n    return offset + amplitude * (
gamma**2) / ((x - x0)**2 + gamma**2)\n\n# Load your spectrum data here (replace with actual path)\ndata = np.loadtxt("spectrum.txt")\nx = data[:, 0]  # Assume f
irst column is x values\ny = data[:, 1]  # Assume second column is y values\n\n# Fit G peak\ng_params, _ = curve_fit(lorentzian, x, y, p0=[1580, 10, 1, 0])\n\n#
 Fit 2D peak\nd_params, _ = curve_fit(lorentzian, x, y, p0=[2700, 10, 1, 0])\n\nresults = {\n    G: {\n        x0: g_params[0],\n        gamma: g_params[1],\n
      amplitude: g_params[2],\n        offset: g_params[3]\n    },\n    2D: {\n        x0: d_params[0],\n        gamma: d_params[1],\n        amplitude: d_param
s[2],\n        offset: d_params[3]\n    }\n}\n\nwith open("results.json", "w") as f:\n    json.dump(results, f, indent=4)\n
                ^
SyntaxError: unexpected character after line continuation character
root@5fbb4ba5bebd:/app# echo 'import json\nimport numpy as np\nfrom scipy.optimize import curve_fit\n\ndef lorentzian(x, x0, gamma, amplitude, offset):\n    ret
urn offset + amplitude * (gamma**2) / ((x - x0)**2 + gamma**2)\n\n# Load your spectrum data here (replace with actual path)\ndata = np.loadtxt("spectrum.txt")\n
x = data[:, 0]  # Assume first column is x values\ny = data[:, 1]  # Assume second column is y values\n\n# Fit G peak\ng_params, _ = curve_fit(lorentzian, x, y,
 p0=[1580, 10, 1, 0])\n\n# Fit 2D peak\nd_params, _ = curve_fit(lorentzian, x, y, p0=[2700, 10, 1, 0])\n\nresults = {\n    'G': {\n        'x0': g_params[0],\n
       'gamma': g_params[1],\n        'amplitude': g_params[2],\n        'offset': g_params[3]\n    },\n    '2D': {\n        'x0': d_params[0],\n        'gamma'
: d_params[1],\n        'amplitude': d_params[2],\n        'offset': d_params[3]\n    }\n}\n\nwith open("results.json", "w") as f:\n    json.dump(results, f, in
dent=4)\n' > fit_peaks.py
root@5fbb4ba5bebd:/app# python3 fit_peaks.py; tmux wait -S done
  File "/app/fit_peaks.py", line 1
    import json\nimport numpy as np\nfrom scipy.optimize import curve_fit\n\ndef lorentzian(x, x0, gamma, amplitude, offset):\n    return offset + amplitude * (
gamma**2) / ((x - x0)**2 + gamma**2)\n\n# Load your spectrum data here (replace with actual path)\ndata = np.loadtxt("spectrum.txt")\nx = data[:, 0]  # Assume f
irst column is x values\ny = data[:, 1]  # Assume second column is y values\n\n# Fit G peak\ng_params, _ = curve_fit(lorentzian, x, y, p0=[1580, 10, 1, 0])\n\n#
 Fit 2D peak\nd_params, _ = curve_fit(lorentzian, x, y, p0=[2700, 10, 1, 0])\n\nresults = {\n    G: {\n        x0: g_params[0],\n        gamma: g_params[1],\n
      amplitude: g_params[2],\n        offset: g_params[3]\n    },\n    2D: {\n        x0: d_params[0],\n        gamma: d_params[1],\n        amplitude: d_param
s[2],\n        offset: d_params[3]\n    }\n}\n\nwith open("results.json", "w") as f:\n    json.dump(results, f, indent=4)\n
                ^
SyntaxError: unexpected character after line continuation character
root@5fbb4ba5bebd:/app# echo 'import json\nimport numpy as np\nfrom scipy.optimize import curve_fit\n\ndef lorentzian(x, x0, gamma, amplitude, offset):\n    ret
urn offset + amplitude * (gamma**2) / ((x - x0)**2 + gamma**2)\n\n# Load your spectrum data here (replace with actual path)\ndata = np.loadtxt("spectrum.txt")\n
x = data[:, 0]  # Assume first column is x values\ny = data[:, 1]  # Assume second column is y values\n\n# Fit G peak\ng_params, _ = curve_fit(lorentzian, x, y,
 p0=[1580, 10, 1, 0])\n\n# Fit 2D peak\nd_params, _ = curve_fit(lorentzian, x, y, p0=[2700, 10, 1, 0])\n\nresults = {\n    'G': {\n        'x0': g_params[0],\n
       'gamma': g_params[1],\n        'amplitude': g_params[2],\n        'offset': g_params[3]\n    },\n    '2D': {\n        'x0': d_params[0],\n        'gamma'
: d_params[1],\n        'amplitude': d_params[2],\n        'offset': d_params[3]\n    }\n}\n\nwith open("results.json", "w") as f:\n    json.dump(results, f, in
dent=4)\n' > fit_peaks.py
root@5fbb4ba5bebd:/app# python3 fit_peaks.py; tmux wait -S done
  File "/app/fit_peaks.py", line 1
    import json\nimport numpy as np\nfrom scipy.optimize import curve_fit\n\ndef lorentzian(x, x0, gamma, amplitude, offset):\n    return offset + amplitude * (
gamma**2) / ((x - x0)**2 + gamma**2)\n\n# Load your spectrum data here (replace with actual path)\ndata = np.loadtxt("spectrum.txt")\nx = data[:, 0]  # Assume f
irst column is x values\ny = data[:, 1]  # Assume second column is y values\n\n# Fit G peak\ng_params, _ = curve_fit(lorentzian, x, y, p0=[1580, 10, 1, 0])\n\n#
 Fit 2D peak\nd_params, _ = curve_fit(lorentzian, x, y, p0=[2700, 10, 1, 0])\n\nresults = {\n    G: {\n        x0: g_params[0],\n        gamma: g_params[1],\n
      amplitude: g_params[2],\n        offset: g_params[3]\n    },\n    2D: {\n        x0: d_params[0],\n        gamma: d_params[1],\n        amplitude: d_param
s[2],\n        offset: d_params[3]\n    }\n}\n\nwith open("results.json", "w") as f:\n    json.dump(results, f, indent=4)\n
                ^
SyntaxError: unexpected character after line continuation character
root@5fbb4ba5bebd:/app# echo 'import json\nimport numpy as np\nfrom scipy.optimize import curve_fit\n\ndef lorentzian(x, x0, gamma, amplitude, offset):\n    ret
urn offset + amplitude * (gamma**2) / ((x - x0)**2 + gamma**2)\n\n# Load your spectrum data here (replace with actual path)\ndata = np.loadtxt("spectrum.txt")\n
x = data[:, 0]  # Assume first column is x values\ny = data[:, 1]  # Assume second column is y values\n\n# Fit G peak\ng_params, _ = curve_fit(lorentzian, x, y,
 p0=[1580, 10, 1, 0])\n\n# Fit 2D peak\nd_params, _ = curve_fit(lorentzian, x, y, p0=[2700, 10, 1, 0])\n\nresults = {\n    'G': {\n        'x0': g_params[0],\n
       'gamma': g_params[1],\n        'amplitude': g_params[2],\n        'offset': g_params[3]\n    },\n    '2D': {\n        'x0': d_params[0],\n        'gamma'
: d_params[1],\n        'amplitude': d_params[2],\n        'offset': d_params[3]\n    }\n}\n\nwith open("results.json", "w") as f:\n    json.dump(results, f, in
dent=4)\n' > fit_peaks.py
root@5fbb4ba5bebd:/app# python3 fit_peaks.py; tmux wait -S done
  File "/app/fit_peaks.py", line 1
    import json\nimport numpy as np\nfrom scipy.optimize import curve_fit\n\ndef lorentzian(x, x0, gamma, amplitude, offset):\n    return offset + amplitude * (
gamma**2) / ((x - x0)**2 + gamma**2)\n\n# Load your spectrum data here (replace with actual path)\ndata = np.loadtxt("spectrum.txt")\nx = data[:, 0]  # Assume f
irst column is x values\ny = data[:, 1]  # Assume second column is y values\n\n# Fit G peak\ng_params, _ = curve_fit(lorentzian, x, y, p0=[1580, 10, 1, 0])\n\n#
 Fit 2D peak\nd_params, _ = curve_fit(lorentzian, x, y, p0=[2700, 10, 1, 0])\n\nresults = {\n    G: {\n        x0: g_params[0],\n        gamma: g_params[1],\n
      amplitude: g_params[2],\n        offset: g_params[3]\n    },\n    2D: {\n        x0: d_params[0],\n        gamma: d_params[1],\n        amplitude: d_param
s[2],\n        offset: d_params[3]\n    }\n}\n\nwith open("results.json", "w") as f:\n    json.dump(results, f, indent=4)\n
                ^
SyntaxError: unexpected character after line continuation character
root@5fbb4ba5bebd:/app# echo 'import json\nimport numpy as np\nfrom scipy.optimize import curve_fit\n\ndef lorentzian(x, x0, gamma, amplitude, offset):\n    ret
urn offset + amplitude * (gamma**2) / ((x - x0)**2 + gamma**2)\n\n# Load your spectrum data here (replace with actual path)\ndata = np.loadtxt("spectrum.txt")\n
x = data[:, 0]  # Assume first column is x values\ny = data[:, 1]  # Assume second column is y values\n\n# Fit G peak\ng_params, _ = curve_fit(lorentzian, x, y,
 p0=[1580, 10, 1, 0])\n\n# Fit 2D peak\nd_params, _ = curve_fit(lorentzian, x, y, p0=[2700, 10, 1, 0])\n\nresults = {\n    'G': {\n        'x0': g_params[0],\n
       'gamma': g_params[1],\n        'amplitude': g_params[2],\n        'offset': g_params[3]\n    },\n    '2D': {\n        'x0': d_params[0],\n        'gamma'
: d_params[1],\n        'amplitude': d_params[2],\n        'offset': d_params[3]\n    }\n}\n\nwith open("results.json", "w") as f:\n    json.dump(results, f, in
dent=4)\n' > fit_peaks.py
root@5fbb4ba5bebd:/app# python3 fit_peaks.py; tmux wait -S done
  File "/app/fit_peaks.py", line 1
    import json\nimport numpy as np\nfrom scipy.optimize import curve_fit\n\ndef lorentzian(x, x0, gamma, amplitude, offset):\n    return offset + amplitude * (
gamma**2) / ((x - x0)**2 + gamma**2)\n\n# Load your spectrum data here (replace with actual path)\ndata = np.loadtxt("spectrum.txt")\nx = data[:, 0]  # Assume f
irst column is x values\ny = data[:, 1]  # Assume second column is y values\n\n# Fit G peak\ng_params, _ = curve_fit(lorentzian, x, y, p0=[1580, 10, 1, 0])\n\n#
 Fit 2D peak\nd_params, _ = curve_fit(lorentzian, x, y, p0=[2700, 10, 1, 0])\n\nresults = {\n    G: {\n        x0: g_params[0],\n        gamma: g_params[1],\n
      amplitude: g_params[2],\n        offset: g_params[3]\n    },\n    2D: {\n        x0: d_params[0],\n        gamma: d_params[1],\n        amplitude: d_param
s[2],\n        offset: d_params[3]\n    }\n}\n\nwith open("results.json", "w") as f:\n    json.dump(results, f, indent=4)\n
                ^
SyntaxError: unexpected character after line continuation character
root@5fbb4ba5bebd:/app# echo 'import json\nimport numpy as np\nfrom scipy.optimize import curve_fit\n\ndef lorentzian(x, x0, gamma, amplitude, offset):\n    ret
urn offset + amplitude * (gamma**2) / ((x - x0)**2 + gamma**2)\n\n# Load your spectrum data here (replace with actual path)\ndata = np.loadtxt("spectrum.txt")\n
x = data[:, 0]  # Assume first column is x values\ny = data[:, 1]  # Assume second column is y values\n\n# Fit G peak\ng_params, _ = curve_fit(lorentzian, x, y,
 p0=[1580, 10, 1, 0])\n\n# Fit 2D peak\nd_params, _ = curve_fit(lorentzian, x, y, p0=[2700, 10, 1, 0])\n\nresults = {\n    'G': {\n        'x0': g_params[0],\n
       'gamma': g_params[1],\n        'amplitude': g_params[2],\n        'offset': g_params[3]\n    },\n    '2D': {\n        'x0': d_params[0],\n        'gamma'
: d_params[1],\n        'amplitude': d_params[2],\n        'offset': d_params[3]\n    }\n}\n\nwith open("results.json", "w") as f:\n    json.dump(results, f, in
dent=4)\n' > fit_peaks.py
root@5fbb4ba5bebd:/app# python3 fit_peaks.py; tmux wait -S done
  File "/app/fit_peaks.py", line 1
    import json\nimport numpy as np\nfrom scipy.optimize import curve_fit\n\ndef lorentzian(x, x0, gamma, amplitude, offset):\n    return offset + amplitude * (
gamma**2) / ((x - x0)**2 + gamma**2)\n\n# Load your spectrum data here (replace with actual path)\ndata = np.loadtxt("spectrum.txt")\nx = data[:, 0]  # Assume f
irst column is x values\ny = data[:, 1]  # Assume second column is y values\n\n# Fit G peak\ng_params, _ = curve_fit(lorentzian, x, y, p0=[1580, 10, 1, 0])\n\n#
 Fit 2D peak\nd_params, _ = curve_fit(lorentzian, x, y, p0=[2700, 10, 1, 0])\n\nresults = {\n    G: {\n        x0: g_params[0],\n        gamma: g_params[1],\n
      amplitude: g_params[2],\n        offset: g_params[3]\n    },\n    2D: {\n        x0: d_params[0],\n        gamma: d_params[1],\n        amplitude: d_param
s[2],\n        offset: d_params[3]\n    }\n}\n\nwith open("results.json", "w") as f:\n    json.dump(results, f, indent=4)\n
                ^
SyntaxError: unexpected character after line continuation character
root@5fbb4ba5bebd:/app# echo 'import json\nimport numpy as np\nfrom scipy.optimize import curve_fit\n\ndef lorentzian(x, x0, gamma, amplitude, offset):\n    ret
urn offset + amplitude * (gamma**2) / ((x - x0)**2 + gamma**2)\n\n# Load your spectrum data here (replace with actual path)\ndata = np.loadtxt("spectrum.txt")\n
x = data[:, 0]  # Assume first column is x values\ny = data[:, 1]  # Assume second column is y values\n\n# Fit G peak\ng_params, _ = curve_fit(lorentzian, x, y,
 p0=[1580, 10, 1, 0])\n\n# Fit 2D peak\nd_params, _ = curve_fit(lorentzian, x, y, p0=[2700, 10, 1, 0])\n\nresults = {\n    'G': {\n        'x0': g_params[0],\n
       'gamma': g_params[1],\n        'amplitude': g_params[2],\n        'offset': g_params[3]\n    },\n    '2D': {\n        'x0': d_params[0],\n        'gamma'
: d_params[1],\n        'amplitude': d_params[2],\n        'offset': d_params[3]\n    }\n}\n\nwith open("results.json", "w") as f:\n    json.dump(results, f, in
dent=4)\n' > fit_peaks.py
root@5fbb4ba5bebd:/app# python3 fit_peaks.py; tmux wait -S done
  File "/app/fit_peaks.py", line 1
    import json\nimport numpy as np\nfrom scipy.optimize import curve_fit\n\ndef lorentzian(x, x0, gamma, amplitude, offset):\n    return offset + amplitude * (
gamma**2) / ((x - x0)**2 + gamma**2)\n\n# Load your spectrum data here (replace with actual path)\ndata = np.loadtxt("spectrum.txt")\nx = data[:, 0]  # Assume f
irst column is x values\ny = data[:, 1]  # Assume second column is y values\n\n# Fit G peak\ng_params, _ = curve_fit(lorentzian, x, y, p0=[1580, 10, 1, 0])\n\n#
 Fit 2D peak\nd_params, _ = curve_fit(lorentzian, x, y, p0=[2700, 10, 1, 0])\n\nresults = {\n    G: {\n        x0: g_params[0],\n        gamma: g_params[1],\n
      amplitude: g_params[2],\n        offset: g_params[3]\n    },\n    2D: {\n        x0: d_params[0],\n        gamma: d_params[1],\n        amplitude: d_param
s[2],\n        offset: d_params[3]\n    }\n}\n\nwith open("results.json", "w") as f:\n    json.dump(results, f, indent=4)\n
                ^
SyntaxError: unexpected character after line continuation character
root@5fbb4ba5bebd:/app# echo 'import json\nimport numpy as np\nfrom scipy.optimize import curve_fit\n\ndef lorentzian(x, x0, gamma, amplitude, offset):\n    ret
urn offset + amplitude * (gamma**2) / ((x - x0)**2 + gamma**2)\n\n# Load your spectrum data here (replace with actual path)\ndata = np.loadtxt("spectrum.txt")\n
x = data[:, 0]  # Assume first column is x values\ny = data[:, 1]  # Assume second column is y values\n\n# Fit G peak\ng_params, _ = curve_fit(lorentzian, x, y,
 p0=[1580, 10, 1, 0])\n\n# Fit 2D peak\nd_params, _ = curve_fit(lorentzian, x, y, p0=[2700, 10, 1, 0])\n\nresults = {\n    'G': {\n        'x0': g_params[0],\n
       'gamma': g_params[1],\n        'amplitude': g_params[2],\n        'offset': g_params[3]\n    },\n    '2D': {\n        'x0': d_params[0],\n        'gamma'
: d_params[1],\n        'amplitude': d_params[2],\n        'offset': d_params[3]\n    }\n}\n\nwith open("results.json", "w") as f:\n    json.dump(results, f, in
dent=4)\n' > fit_peaks.py
root@5fbb4ba5bebd:/app# python3 fit_peaks.py; tmux wait -S done
  File "/app/fit_peaks.py", line 1
    import json\nimport numpy as np\nfrom scipy.optimize import curve_fit\n\ndef lorentzian(x, x0, gamma, amplitude, offset):\n    return offset + amplitude * (
gamma**2) / ((x - x0)**2 + gamma**2)\n\n# Load your spectrum data here (replace with actual path)\ndata = np.loadtxt("spectrum.txt")\nx = data[:, 0]  # Assume f
irst column is x values\ny = data[:, 1]  # Assume second column is y values\n\n# Fit G peak\ng_params, _ = curve_fit(lorentzian, x, y, p0=[1580, 10, 1, 0])\n\n#
 Fit 2D peak\nd_params, _ = curve_fit(lorentzian, x, y, p0=[2700, 10, 1, 0])\n\nresults = {\n    G: {\n        x0: g_params[0],\n        gamma: g_params[1],\n
      amplitude: g_params[2],\n        offset: g_params[3]\n    },\n    2D: {\n        x0: d_params[0],\n        gamma: d_params[1],\n        amplitude: d_param
s[2],\n        offset: d_params[3]\n    }\n}\n\nwith open("results.json", "w") as f:\n    json.dump(results, f, indent=4)\n
                ^
SyntaxError: unexpected character after line continuation character
root@5fbb4ba5bebd:/app# echo 'import json\nimport numpy as np\nfrom scipy.optimize import curve_fit\n\ndef lorentzian(x, x0, gamma, amplitude, offset):\n    ret
urn offset + amplitude * (gamma**2) / ((x - x0)**2 + gamma**2)\n\n# Load your spectrum data here (replace with actual path)\ndata = np.loadtxt("spectrum.txt")\n
x = data[:, 0]  # Assume first column is x values\ny = data[:, 1]  # Assume second column is y values\n\n# Fit G peak\ng_params, _ = curve_fit(lorentzian, x, y,
 p0=[1580, 10, 1, 0])\n\n# Fit 2D peak\nd_params, _ = curve_fit(lorentzian, x, y, p0=[2700, 10, 1, 0])\n\nresults = {\n    'G': {\n        'x0': g_params[0],\n
       'gamma': g_params[1],\n        'amplitude': g_params[2],\n        'offset': g_params[3]\n    },\n    '2D': {\n        'x0': d_params[0],\n        'gamma'
: d_params[1],\n        'amplitude': d_params[2],\n        'offset': d_params[3]\n    }\n}\n\nwith open("results.json", "w") as f:\n    json.dump(results, f, in
dent=4)\n' > fit_peaks.py
root@5fbb4ba5bebd:/app# python3 fit_peaks.py; tmux wait -S done
  File "/app/fit_peaks.py", line 1
    import json\nimport numpy as np\nfrom scipy.optimize import curve_fit\n\ndef lorentzian(x, x0, gamma, amplitude, offset):\n    return offset + amplitude * (
gamma**2) / ((x - x0)**2 + gamma**2)\n\n# Load your spectrum data here (replace with actual path)\ndata = np.loadtxt("spectrum.txt")\nx = data[:, 0]  # Assume f
irst column is x values\ny = data[:, 1]  # Assume second column is y values\n\n# Fit G peak\ng_params, _ = curve_fit(lorentzian, x, y, p0=[1580, 10, 1, 0])\n\n#
 Fit 2D peak\nd_params, _ = curve_fit(lorentzian, x, y, p0=[2700, 10, 1, 0])\n\nresults = {\n    G: {\n        x0: g_params[0],\n        gamma: g_params[1],\n
      amplitude: g_params[2],\n        offset: g_params[3]\n    },\n    2D: {\n        x0: d_params[0],\n        gamma: d_params[1],\n        amplitude: d_param
s[2],\n        offset: d_params[3]\n    }\n}\n\nwith open("results.json", "w") as f:\n    json.dump(results, f, indent=4)\n
                ^
SyntaxError: unexpected character after line continuation character
root@5fbb4ba5bebd:/app# echo 'import json\nimport numpy as np\nfrom scipy.optimize import curve_fit\n\ndef lorentzian(x, x0, gamma, amplitude, offset):\n    ret
urn offset + amplitude * (gamma**2) / ((x - x0)**2 + gamma**2)\n\n# Load your spectrum data here (replace with actual path)\ndata = np.loadtxt("spectrum.txt")\n
x = data[:, 0]  # Assume first column is x values\ny = data[:, 1]  # Assume second column is y values\n\n# Fit G peak\ng_params, _ = curve_fit(lorentzian, x, y,
 p0=[1580, 10, 1, 0])\n\n# Fit 2D peak\nd_params, _ = curve_fit(lorentzian, x, y, p0=[2700, 10, 1, 0])\n\nresults = {\n    'G': {\n        'x0': g_params[0],\n
       'gamma': g_params[1],\n        'amplitude': g_params[2],\n        'offset': g_params[3]\n    },\n    '2D': {\n        'x0': d_params[0],\n        'gamma'
: d_params[1],\n        'amplitude': d_params[2],\n        'offset': d_params[3]\n    }\n}\n\nwith open("results.json", "w") as f:\n    json.dump(results, f, in
dent=4)\n' > fit_peaks.py
root@5fbb4ba5bebd:/app# python3 fit_peaks.py; tmux wait -S done
  File "/app/fit_peaks.py", line 1
    import json\nimport numpy as np\nfrom scipy.optimize import curve_fit\n\ndef lorentzian(x, x0, gamma, amplitude, offset):\n    return offset + amplitude * (
gamma**2) / ((x - x0)**2 + gamma**2)\n\n# Load your spectrum data here (replace with actual path)\ndata = np.loadtxt("spectrum.txt")\nx = data[:, 0]  # Assume f
irst column is x values\ny = data[:, 1]  # Assume second column is y values\n\n# Fit G peak\ng_params, _ = curve_fit(lorentzian, x, y, p0=[1580, 10, 1, 0])\n\n#
 Fit 2D peak\nd_params, _ = curve_fit(lorentzian, x, y, p0=[2700, 10, 1, 0])\n\nresults = {\n    G: {\n        x0: g_params[0],\n        gamma: g_params[1],\n
      amplitude: g_params[2],\n        offset: g_params[3]\n    },\n    2D: {\n        x0: d_params[0],\n        gamma: d_params[1],\n        amplitude: d_param
s[2],\n        offset: d_params[3]\n    }\n}\n\nwith open("results.json", "w") as f:\n    json.dump(results, f, indent=4)\n
                ^
SyntaxError: unexpected character after line continuation character
root@5fbb4ba5bebd:/app# echo 'import json\nimport numpy as np\nfrom scipy.optimize import curve_fit\n\ndef lorentzian(x, x0, gamma, amplitude, offset):\n    ret
urn offset + amplitude * (gamma**2) / ((x - x0)**2 + gamma**2)\n\n# Load your spectrum data here (replace with actual path)\ndata = np.loadtxt("spectrum.txt")\n
x = data[:, 0]  # Assume first column is x values\ny = data[:, 1]  # Assume second column is y values\n\n# Fit G peak\ng_params, _ = curve_fit(lorentzian, x, y,
 p0=[1580, 10, 1, 0])\n\n# Fit 2D peak\nd_params, _ = curve_fit(lorentzian, x, y, p0=[2700, 10, 1, 0])\n\nresults = {\n    'G': {\n        'x0': g_params[0],\n
       'gamma': g_params[1],\n        'amplitude': g_params[2],\n        'offset': g_params[3]\n    },\n    '2D': {\n        'x0': d_params[0],\n        'gamma'
: d_params[1],\n        'amplitude': d_params[2],\n        'offset': d_params[3]\n    }\n}\n\nwith open("results.json", "w") as f:\n    json.dump(results, f, in
dent=4)\n' > fit_peaks.py
root@5fbb4ba5bebd:/app# python3 fit_peaks.py; tmux wait -S done
  File "/app/fit_peaks.py", line 1
    import json\nimport numpy as np\nfrom scipy.optimize import curve_fit\n\ndef lorentzian(x, x0, gamma, amplitude, offset):\n    return offset + amplitude * (
gamma**2) / ((x - x0)**2 + gamma**2)\n\n# Load your spectrum data here (replace with actual path)\ndata = np.loadtxt("spectrum.txt")\nx = data[:, 0]  # Assume f
irst column is x values\ny = data[:, 1]  # Assume second column is y values\n\n# Fit G peak\ng_params, _ = curve_fit(lorentzian, x, y, p0=[1580, 10, 1, 0])\n\n#
 Fit 2D peak\nd_params, _ = curve_fit(lorentzian, x, y, p0=[2700, 10, 1, 0])\n\nresults = {\n    G: {\n        x0: g_params[0],\n        gamma: g_params[1],\n
      amplitude: g_params[2],\n        offset: g_params[3]\n    },\n    2D: {\n        x0: d_params[0],\n        gamma: d_params[1],\n        amplitude: d_param
s[2],\n        offset: d_params[3]\n    }\n}\n\nwith open("results.json", "w") as f:\n    json.dump(results, f, indent=4)\n
                ^
SyntaxError: unexpected character after line continuation character
root@5fbb4ba5bebd:/app# echo 'import json\nimport numpy as np\nfrom scipy.optimize import curve_fit\n\ndef lorentzian(x, x0, gamma, amplitude, offset):\n    ret
urn offset + amplitude * (gamma**2) / ((x - x0)**2 + gamma**2)\n\n# Load your spectrum data here (replace with actual path)\ndata = np.loadtxt("spectrum.txt")\n
x = data[:, 0]  # Assume first column is x values\ny = data[:, 1]  # Assume second column is y values\n\n# Fit G peak\ng_params, _ = curve_fit(lorentzian, x, y,
 p0=[1580, 10, 1, 0])\n\n# Fit 2D peak\nd_params, _ = curve_fit(lorentzian, x, y, p0=[2700, 10, 1, 0])\n\nresults = {\n    'G': {\n        'x0': g_params[0],\n
       'gamma': g_params[1],\n        'amplitude': g_params[2],\n        'offset': g_params[3]\n    },\n    '2D': {\n        'x0': d_params[0],\n        'gamma'
: d_params[1],\n        'amplitude': d_params[2],\n        'offset': d_params[3]\n    }\n}\n\nwith open("results.json", "w") as f:\n    json.dump(results, f, in
dent=4)\n' > fit_peaks.py
root@5fbb4ba5bebd:/app# python3 fit_peaks.py; tmux wait -S done
  File "/app/fit_peaks.py", line 1
    import json\nimport numpy as np\nfrom scipy.optimize import curve_fit\n\ndef lorentzian(x, x0, gamma, amplitude, offset):\n    return offset + amplitude * (
gamma**2) / ((x - x0)**2 + gamma**2)\n\n# Load your spectrum data here (replace with actual path)\ndata = np.loadtxt("spectrum.txt")\nx = data[:, 0]  # Assume f
irst column is x values\ny = data[:, 1]  # Assume second column is y values\n\n# Fit G peak\ng_params, _ = curve_fit(lorentzian, x, y, p0=[1580, 10, 1, 0])\n\n#
 Fit 2D peak\nd_params, _ = curve_fit(lorentzian, x, y, p0=[2700, 10, 1, 0])\n\nresults = {\n    G: {\n        x0: g_params[0],\n        gamma: g_params[1],\n
      amplitude: g_params[2],\n        offset: g_params[3]\n    },\n    2D: {\n        x0: d_params[0],\n        gamma: d_params[1],\n        amplitude: d_param
s[2],\n        offset: d_params[3]\n    }\n}\n\nwith open("results.json", "w") as f:\n    json.dump(results, f, indent=4)\n
                ^
SyntaxError: unexpected character after line continuation character
root@5fbb4ba5bebd:/app#
