root@de96430129e2:/app# pip install pypdf scikit-learn; tmux wait -S done
Requirement already satisfied: pypdf in /usr/local/lib/python3.13/site-packages (5.6.1)
Requirement already satisfied: scikit-learn in /usr/local/lib/python3.13/site-packages (1.7.0)
Requirement already satisfied: numpy>=1.22.0 in /usr/local/lib/python3.13/site-packages (from scikit-learn) (2.3.1)
Requirement already satisfied: scipy>=1.8.0 in /usr/local/lib/python3.13/site-packages (from scikit-learn) (1.16.0)
Requirement already satisfied: joblib>=1.2.0 in /usr/local/lib/python3.13/site-packages (from scikit-learn) (1.5.1)
Requirement already satisfied: threadpoolctl>=3.1.0 in /usr/local/lib/python3.13/site-packages (from scikit-learn) (3.6.0)
WARNING: Running pip as the 'root' user can result in broken permissions and conflicting behaviour with the system package manager, possibly rendering your syst
em unusable.It is recommended to use a virtual environment instead: https://pip.pypa.io/warnings/venv. Use the --root-user-action option if you know what you ar
e doing and want to suppress this warning.

[notice] A new release of pip is available: 24.3.1 -> 25.1.1
[notice] To update, run: pip install --upgrade pip
root@de96430129e2:/app# touch form_filler.py; tmux wait -S done
root@de96430129e2:/app# echo "import json
> import re
> from pypdf import PdfReader
> from sklearn.feature_extraction.text import TfidfVectorizer
> " > form_filler.py
root@de96430129e2:/app# echo "def analyze_pdf(pdf_path):\n    reader = PdfReader(pdf_path)\n    fields = {field.get('/T'): field for page in reader.pages for fi
eld in page.get('/Annots', [])}  \n    return fields\n\ndef extract_information(doc_path):\n    with open(doc_path, 'r') as file:\n        text = file.read()\n
   return text\n\ndef map_fields(pdf_fields, extracted_info):\n    # Implement logic to map fields based on extracted information\n    pass\n\ndef main():\n
pdf_fields = analyze_pdf('/app/fillable_form.pdf')\n    documents = ['/app/documents/sample_resume.txt', '/app/documents/sample_application.txt', '/app/document
s/sample_personal_info.txt']\n    extracted_data = {doc: extract_information(doc) for doc in documents}\n    # Call map_fields to perform the mapping and create
 JSON report\n\nif __name__ == '__main__':\n    main()" >> form_filler.py
root@de96430129e2:/app# echo "def map_fields(pdf_fields, extracted_info):\n    field_mapping = {}\n    unmapped_fields = []\n    rag_stats = {'documents_process
ed': 0, 'total_chars_processed': 0, 'retrieval_method': 'TF-IDF'}\n\n    vectorizer = TfidfVectorizer()\n    for doc_name, text in extracted_info.items():\n
    rag_stats['documents_processed'] += 1\n        rag_stats['total_chars_processed'] += len(text)\n        corpus = [text] + list(pdf_fields.keys())\n        t
fidf_matrix = vectorizer.fit_transform(corpus)\n        for i, field_id in enumerate(pdf_fields.keys()):\n            match_index = tfidf_matrix[0].argmax()\n
          if tfidf_matrix[1:, match_index].max() > 0:\n                field_mapping[field_id] = {\n                    'field_name': field_id,\n
     'value': text,\n                    'source': doc_name.split('/')[-1].replace('.txt', '')\n                }\n            else:\n                unmapped_f
ields.append(field_id)\n    return field_mapping, unmapped_fields, rag_stats\n\ndef main():\n    pdf_fields = analyze_pdf('/app/fillable_form.pdf')\n    documen
ts = ['/app/documents/sample_resume.txt', '/app/documents/sample_application.txt', '/app/documents/sample_personal_info.txt']\n    extracted_data = {doc: extrac
t_information(doc) for doc in documents}\n    field_mapping, unmapped_fields, rag_stats = map_fields(pdf_fields, extracted_data)\n    report = {\n        'pdf_f
ile': 'fillable_form.pdf',\n        'mapped_fields': field_mapping,\n        'unmapped_fields': unmapped_fields,\n        'total_mapped': len(field_mapping),\n
       'total_unmapped': len(unmapped_fields),\n        'rag_stats': rag_stats\n    }\n    with open('field_mapping.json', 'w') as json_file:\n        json.dump
(report, json_file, indent=4)" >> form_filler.py
root@de96430129e2:/app# python3 form_filler.py; tmux wait -S done
  File "/app/form_filler.py", line 6
    def analyze_pdf(pdf_path):\n    reader = PdfReader(pdf_path)\n    fields = {field.get('/T'): field for page in reader.pages for field in page.get('/Annots',
 [])}  \n    return fields\n\ndef extract_information(doc_path):\n    with open(doc_path, 'r') as file:\n        text = file.read()\n    return text\n\ndef map_
fields(pdf_fields, extracted_info):\n    # Implement logic to map fields based on extracted information\n    pass\n\ndef main():\n    pdf_fields = analyze_pdf('
/app/fillable_form.pdf')\n    documents = ['/app/documents/sample_resume.txt', '/app/documents/sample_application.txt', '/app/documents/sample_personal_info.txt
']\n    extracted_data = {doc: extract_information(doc) for doc in documents}\n    # Call map_fields to perform the mapping and create JSON report\n\nif __name_
_ == '__main__':\n    main()
                               ^
SyntaxError: unexpected character after line continuation character
root@de96430129e2:/app# echo "def analyze_pdf(pdf_path):\n    reader = PdfReader(pdf_path)\n    fields = {field.get('/T'): field for page in reader.pages for fi
eld in page.get('/Annots', [])}  \n    return fields" > form_filler.py; tmux wait -S done
root@de96430129e2:/app# echo "def extract_information(doc_path):\n    with open(doc_path, 'r') as file:\n        text = file.read()\n    return text" >> form_fi
ller.py; tmux wait -S done
root@de96430129e2:/app# echo "def map_fields(pdf_fields, extracted_info):\n    field_mapping = {}\n    unmapped_fields = []\n    rag_stats = {'documents_process
ed': 0, 'total_chars_processed': 0, 'retrieval_method': 'TF-IDF'}\n\n    vectorizer = TfidfVectorizer()\n    for doc_name, text in extracted_info.items():\n
    rag_stats['documents_processed'] += 1\n        rag_stats['total_chars_processed'] += len(text)\n        corpus = [text] + list(pdf_fields.keys())\n        t
fidf_matrix = vectorizer.fit_transform(corpus)\n        for i, field_id in enumerate(pdf_fields.keys()):\n            match_index = tfidf_matrix[0].argmax()\n
          if tfidf_matrix[1:, match_index].max() > 0:\n                field_mapping[field_id] = {\n                    'field_name': field_id,\n
     'value': text,\n                    'source': doc_name.split('/')[-1].replace('.txt', '')\n                }\n            else:\n                unmapped_f
ields.append(field_id)\n    return field_mapping, unmapped_fields, rag_stats" >> form_filler.py; tmux wait -S done
root@de96430129e2:/app# echo "def main():\n    pdf_fields = analyze_pdf('/app/fillable_form.pdf')\n    documents = ['/app/documents/sample_resume.txt', '/app/do
cuments/sample_application.txt', '/app/documents/sample_personal_info.txt']\n    extracted_data = {doc: extract_information(doc) for doc in documents}\n    fiel
d_mapping, unmapped_fields, rag_stats = map_fields(pdf_fields, extracted_data)\n    report = {\n        'pdf_file': 'fillable_form.pdf',\n        'mapped_fields
': field_mapping,\n        'unmapped_fields': unmapped_fields,\n        'total_mapped': len(field_mapping),\n        'total_unmapped': len(unmapped_fields),\n
      'rag_stats': rag_stats\n    }\n    with open('field_mapping.json', 'w') as json_file:\n        json.dump(report, json_file, indent=4)" >> form_filler.py;
tmux wait -S done
root@de96430129e2:/app# echo "if __name__ == '__main__':\n    main()" >> form_filler.py; tmux wait -S done
root@de96430129e2:/app# python3 form_filler.py; tmux wait -S done
  File "/app/form_filler.py", line 1
    def analyze_pdf(pdf_path):\n    reader = PdfReader(pdf_path)\n    fields = {field.get('/T'): field for page in reader.pages for field in page.get('/Annots',
 [])}  \n    return fields
                               ^
SyntaxError: unexpected character after line continuation character
root@de96430129e2:/app# echo "def analyze_pdf(pdf_path):\n    reader = PdfReader(pdf_path)\n    fields = {field.get('/T'): field for page in reader.pages for fi
eld in page.get('/Annots', [])}  \n    return fields" > form_filler.py; tmux wait -S done
root@de96430129e2:/app# echo "def extract_information(doc_path):\n    with open(doc_path, 'r') as file:\n        text = file.read()\n    return text" >> form_fi
ller.py; tmux wait -S done
root@de96430129e2:/app# echo "def map_fields(pdf_fields, extracted_info):\n    field_mapping = {}\n    unmapped_fields = []\n    rag_stats = {'documents_process
ed': 0, 'total_chars_processed': 0, 'retrieval_method': 'TF-IDF'}\n\n    vectorizer = TfidfVectorizer()\n    for doc_name, text in extracted_info.items():\n
    rag_stats['documents_processed'] += 1\n        rag_stats['total_chars_processed'] += len(text)\n        corpus = [text] + list(pdf_fields.keys())\n        t
fidf_matrix = vectorizer.fit_transform(corpus)\n        for i, field_id in enumerate(pdf_fields.keys()):\n            match_index = tfidf_matrix[0].argmax()\n
          if tfidf_matrix[1:, match_index].max() > 0:\n                field_mapping[field_id] = {\n                    'field_name': field_id,\n
     'value': text,\n                    'source': doc_name.split('/')[-1].replace('.txt', '')\n                }\n            else:\n                unmapped_f
ields.append(field_id)\n    return field_mapping, unmapped_fields, rag_stats" >> form_filler.py; tmux wait -S done
root@de96430129e2:/app# echo "def main():\n    pdf_fields = analyze_pdf('/app/fillable_form.pdf')\n    documents = ['/app/documents/sample_resume.txt', '/app/do
cuments/sample_application.txt', '/app/documents/sample_personal_info.txt']\n    extracted_data = {doc: extract_information(doc) for doc in documents}\n    fiel
d_mapping, unmapped_fields, rag_stats = map_fields(pdf_fields, extracted_data)\n    report = {\n        'pdf_file': 'fillable_form.pdf',\n        'mapped_fields
': field_mapping,\n        'unmapped_fields': unmapped_fields,\n        'total_mapped': len(field_mapping),\n        'total_unmapped': len(unmapped_fields),\n
      'rag_stats': rag_stats\n    }\n    with open('field_mapping.json', 'w') as json_file:\n        json.dump(report, json_file, indent=4)" >> form_filler.py;
tmux wait -S done
root@de96430129e2:/app# echo "if __name__ == '__main__':\n    main()" >> form_filler.py; tmux wait -S done
root@de96430129e2:/app# python3 form_filler.py; tmux wait -S done
  File "/app/form_filler.py", line 1
    def analyze_pdf(pdf_path):\n    reader = PdfReader(pdf_path)\n    fields = {field.get('/T'): field for page in reader.pages for field in page.get('/Annots',
 [])}  \n    return fields
                               ^
SyntaxError: unexpected character after line continuation character
root@de96430129e2:/app# echo "import json\nimport re\nfrom pypdf import PdfReader\nfrom sklearn.feature_extraction.text import TfidfVectorizer\n\ndef analyze_pd
f(pdf_path):\n    reader = PdfReader(pdf_path)\n    fields = {field.get('/T'): field for page in reader.pages for field in page.get('/Annots', [])}  \n    retur
n fields\n\ndef extract_information(doc_path):\n    with open(doc_path, 'r') as file:\n        text = file.read()\n    return text\n\ndef map_fields(pdf_fields,
 extracted_info):\n    field_mapping = {}\n    unmapped_fields = []\n    rag_stats = {'documents_processed': 0, 'total_chars_processed': 0, 'retrieval_method':
'TF-IDF'}\n\n    vectorizer = TfidfVectorizer()\n    for doc_name, text in extracted_info.items():\n        rag_stats['documents_processed'] += 1\n        rag_s
tats['total_chars_processed'] += len(text)\n        corpus = [text] + list(pdf_fields.keys())\n        tfidf_matrix = vectorizer.fit_transform(corpus)\n
for i, field_id in enumerate(pdf_fields.keys()):\n            match_index = tfidf_matrix[0].argmax()\n            if tfidf_matrix[1:, match_index].max() > 0:\n
               field_mapping[field_id] = {\n                    'field_name': field_id,\n                    'value': text,\n                    'source': doc_n
ame.split('/')[-1].replace('.txt', '')\n                }\n            else:\n                unmapped_fields.append(field_id)\n    return field_mapping, unmapp
ed_fields, rag_stats\n\ndef main():\n    pdf_fields = analyze_pdf('/app/fillable_form.pdf')\n    documents = ['/app/documents/sample_resume.txt', '/app/document
s/sample_application.txt', '/app/documents/sample_personal_info.txt']\n    extracted_data = {doc: extract_information(doc) for doc in documents}\n    field_mapp
ing, unmapped_fields, rag_stats = map_fields(pdf_fields, extracted_data)\n    report = {\n        'pdf_file': 'fillable_form.pdf',\n        'mapped_fields': fie
ld_mapping,\n        'unmapped_fields': unmapped_fields,\n        'total_mapped': len(field_mapping),\n        'total_unmapped': len(unmapped_fields),\n
'rag_stats': rag_stats\n    }\n    with open('field_mapping.json', 'w') as json_file:\n        json.dump(report, json_file, indent=4)\n\nif __name__ == '__main_
_':\n    main()" > form_filler.py; tmux wait -S done
root@de96430129e2:/app# python3 form_filler.py; tmux wait -S done
  File "/app/form_filler.py", line 1
    import json\nimport re\nfrom pypdf import PdfReader\nfrom sklearn.feature_extraction.text import TfidfVectorizer\n\ndef analyze_pdf(pdf_path):\n    reader =
 PdfReader(pdf_path)\n    fields = {field.get('/T'): field for page in reader.pages for field in page.get('/Annots', [])}  \n    return fields\n\ndef extract_in
formation(doc_path):\n    with open(doc_path, 'r') as file:\n        text = file.read()\n    return text\n\ndef map_fields(pdf_fields, extracted_info):\n    fie
ld_mapping = {}\n    unmapped_fields = []\n    rag_stats = {'documents_processed': 0, 'total_chars_processed': 0, 'retrieval_method': 'TF-IDF'}\n\n    vectorize
r = TfidfVectorizer()\n    for doc_name, text in extracted_info.items():\n        rag_stats['documents_processed'] += 1\n        rag_stats['total_chars_processe
d'] += len(text)\n        corpus = [text] + list(pdf_fields.keys())\n        tfidf_matrix = vectorizer.fit_transform(corpus)\n        for i, field_id in enumera
te(pdf_fields.keys()):\n            match_i
                ^
SyntaxError: unexpected character after line continuation character
root@de96430129e2:/app# echo "import json\nimport re\nfrom pypdf import PdfReader\nfrom sklearn.feature_extraction.text import TfidfVectorizer\n\ndef analyze_pd
f(pdf_path):\n    reader = PdfReader(pdf_path)\n    fields = {field.get('/T'): field for page in reader.pages for field in page.get('/Annots', [])}  \n    retur
n fields\n\ndef extract_information(doc_path):\n    with open(doc_path, 'r') as file:\n        text = file.read()\n    return text\n\ndef map_fields(pdf_fields,
 extracted_info):\n    field_mapping = {}\n    unmapped_fields = []\n    rag_stats = {'documents_processed': 0, 'total_chars_processed': 0, 'retrieval_method':
'TF-IDF'}\n\n    vectorizer = TfidfVectorizer()\n    for doc_name, text in extracted_info.items():\n        rag_stats['documents_processed'] += 1\n        rag_s
tats['total_chars_processed'] += len(text)\n        corpus = [text] + list(pdf_fields.keys())\n        tfidf_matrix = vectorizer.fit_transform(corpus)\n
for i, field_id in enumerate(pdf_fields.keys()):\n            match_index = tfidf_matrix[0].argmax()\n            if tfidf_matrix[1:, match_index].max() > 0:\n
               field_mapping[field_id] = {\n                    'field_name': field_id,\n                    'value': text,\n                    'source': doc_n
ame.split('/')[-1].replace('.txt', '')\n                }\n            else:\n                unmapped_fields.append(field_id)\n    return field_mapping, unmapp
ed_fields, rag_stats\n\ndef main():\n    pdf_fields = analyze_pdf('/app/fillable_form.pdf')\n    documents = ['/app/documents/sample_resume.txt', '/app/document
s/sample_application.txt', '/app/documents/sample_personal_info.txt']\n    extracted_data = {doc: extract_information(doc) for doc in documents}\n    field_mapp
ing, unmapped_fields, rag_stats = map_fields(pdf_fields, extracted_data)\n    report = {\n        'pdf_file': 'fillable_form.pdf',\n        'mapped_fields': fie
ld_mapping,\n        'unmapped_fields': unmapped_fields,\n        'total_mapped': len(field_mapping),\n        'total_unmapped': len(unmapped_fields),\n
'rag_stats': rag_stats\n    }\n    with open('field_mapping.json', 'w') as json_file:\n        json.dump(report, json_file, indent=4)\n\nif __name__ == '__main_
_':\n    main()" > form_filler.py; tmux wait -S done
root@de96430129e2:/app# python3 form_filler.py; tmux wait -S done
  File "/app/form_filler.py", line 1
    import json\nimport re\nfrom pypdf import PdfReader\nfrom sklearn.feature_extraction.text import TfidfVectorizer\n\ndef analyze_pdf(pdf_path):\n    reader =
 PdfReader(pdf_path)\n    fields = {field.get('/T'): field for page in reader.pages for field in page.get('/Annots', [])}  \n    return fields\n\ndef extract_in
formation(doc_path):\n    with open(doc_path, 'r') as file:\n        text = file.read()\n    return text\n\ndef map_fields(pdf_fields, extracted_info):\n    fie
ld_mapping = {}\n    unmapped_fields = []\n    rag_stats = {'documents_processed': 0, 'total_chars_processed': 0, 'retrieval_method': 'TF-IDF'}\n\n    vectorize
r = TfidfVectorizer()\n    for doc_name, text in extracted_info.items():\n        rag_stats['documents_processed'] += 1\n        rag_stats['total_chars_processe
d'] += len(text)\n        corpus = [text] + list(pdf_fields.keys())\n        tfidf_matrix = vectorizer.fit_transform(corpus)\n        for i, field_id in enumera
te(pdf_fields.keys()):\n            match_i
                ^
SyntaxError: unexpected character after line continuation character
root@de96430129e2:/app# echo "import json\nimport re\nfrom pypdf import PdfReader\nfrom sklearn.feature_extraction.text import TfidfVectorizer\n\ndef analyze_pd
f(pdf_path):\n    reader = PdfReader(pdf_path)\n    fields = {field.get('/T'): field for page in reader.pages for field in page.get('/Annots', [])}  \n    retur
n fields\n\ndef extract_information(doc_path):\n    with open(doc_path, 'r') as file:\n        text = file.read()\n    return text\n\ndef map_fields(pdf_fields,
 extracted_info):\n    field_mapping = {}\n    unmapped_fields = []\n    rag_stats = {'documents_processed': 0, 'total_chars_processed': 0, 'retrieval_method':
'TF-IDF'}\n\n    vectorizer = TfidfVectorizer()\n    for doc_name, text in extracted_info.items():\n        rag_stats['documents_processed'] += 1\n        rag_s
tats['total_chars_processed'] += len(text)\n        corpus = [text] + list(pdf_fields.keys())\n        tfidf_matrix = vectorizer.fit_transform(corpus)\n
for i, field_id in enumerate(pdf_fields.keys()):\n            match_index = tfidf_matrix[0].argmax()\n            if tfidf_matrix[1:, match_index].max() > 0:\n
               field_mapping[field_id] = {\n                    'field_name': field_id,\n                    'value': text,\n                    'source': doc_n
ame.split('/')[-1].replace('.txt', '')\n                }\n            else:\n                unmapped_fields.append(field_id)\n    return field_mapping, unmapp
ed_fields, rag_stats\n\ndef main():\n    pdf_fields = analyze_pdf('/app/fillable_form.pdf')\n    documents = ['/app/documents/sample_resume.txt', '/app/document
s/sample_application.txt', '/app/documents/sample_personal_info.txt']\n    extracted_data = {doc: extract_information(doc) for doc in documents}\n    field_mapp
ing, unmapped_fields, rag_stats = map_fields(pdf_fields, extracted_data)\n    report = {\n        'pdf_file': 'fillable_form.pdf',\n        'mapped_fields': fie
ld_mapping,\n        'unmapped_fields': unmapped_fields,\n        'total_mapped': len(field_mapping),\n        'total_unmapped': len(unmapped_fields),\n
'rag_stats': rag_stats\n    }\n    with open('field_mapping.json', 'w') as json_file:\n        json.dump(report, json_file, indent=4)\n\nif __name__ == '__main_
_':\n    main()" > form_filler.py; tmux wait -S done
root@de96430129e2:/app# python3 form_filler.py; tmux wait -S done
  File "/app/form_filler.py", line 1
    import json\nimport re\nfrom pypdf import PdfReader\nfrom sklearn.feature_extraction.text import TfidfVectorizer\n\ndef analyze_pdf(pdf_path):\n    reader =
 PdfReader(pdf_path)\n    fields = {field.get('/T'): field for page in reader.pages for field in page.get('/Annots', [])}  \n    return fields\n\ndef extract_in
formation(doc_path):\n    with open(doc_path, 'r') as file:\n        text = file.read()\n    return text\n\ndef map_fields(pdf_fields, extracted_info):\n    fie
ld_mapping = {}\n    unmapped_fields = []\n    rag_stats = {'documents_processed': 0, 'total_chars_processed': 0, 'retrieval_method': 'TF-IDF'}\n\n    vectorize
r = TfidfVectorizer()\n    for doc_name, text in extracted_info.items():\n        rag_stats['documents_processed'] += 1\n        rag_stats['total_chars_processe
d'] += len(text)\n        corpus = [text] + list(pdf_fields.keys())\n        tfidf_matrix = vectorizer.fit_transform(corpus)\n        for i, field_id in enumera
te(pdf_fields.keys()):\n            match_i
                ^
SyntaxError: unexpected character after line continuation character
root@de96430129e2:/app# echo "import json\nimport re\nfrom pypdf import PdfReader\nfrom sklearn.feature_extraction.text import TfidfVectorizer\n\ndef analyze_pd
f(pdf_path):\n    reader = PdfReader(pdf_path)\n    fields = {field.get('/T'): field for page in reader.pages for field in page.get('/Annots', [])}  \n    retur
n fields\n\ndef extract_information(doc_path):\n    with open(doc_path, 'r') as file:\n        text = file.read()\n    return text\n\ndef map_fields(pdf_fields,
 extracted_info):\n    field_mapping = {}\n    unmapped_fields = []\n    rag_stats = {'documents_processed': 0, 'total_chars_processed': 0, 'retrieval_method':
'TF-IDF'}\n\n    vectorizer = TfidfVectorizer()\n    for doc_name, text in extracted_info.items():\n        rag_stats['documents_processed'] += 1\n        rag_s
tats['total_chars_processed'] += len(text)\n        corpus = [text] + list(pdf_fields.keys())\n        tfidf_matrix = vectorizer.fit_transform(corpus)\n
for i, field_id in enumerate(pdf_fields.keys()):\n            match_index = tfidf_matrix[0].argmax()\n            if tfidf_matrix[1:, match_index].max() > 0:\n
               field_mapping[field_id] = {\n                    'field_name': field_id,\n                    'value': text,\n                    'source': doc_n
ame.split('/')[-1].replace('.txt', '')\n                }\n            else:\n                unmapped_fields.append(field_id)\n    return field_mapping, unmapp
ed_fields, rag_stats\n\ndef main():\n    pdf_fields = analyze_pdf('/app/fillable_form.pdf')\n    documents = ['/app/documents/sample_resume.txt', '/app/document
s/sample_application.txt', '/app/documents/sample_personal_info.txt']\n    extracted_data = {doc: extract_information(doc) for doc in documents}\n    field_mapp
ing, unmapped_fields, rag_stats = map_fields(pdf_fields, extracted_data)\n    report = {\n        'pdf_file': 'fillable_form.pdf',\n        'mapped_fields': fie
ld_mapping,\n        'unmapped_fields': unmapped_fields,\n        'total_mapped': len(field_mapping),\n        'total_unmapped': len(unmapped_fields),\n
'rag_stats': rag_stats\n    }\n    with open('field_mapping.json', 'w') as json_file:\n        json.dump(report, json_file, indent=4)\n\nif __name__ == '__main_
_':\n    main()" > form_filler.py; tmux wait -S done
root@de96430129e2:/app# python3 form_filler.py; tmux wait -S done
  File "/app/form_filler.py", line 1
    import json\nimport re\nfrom pypdf import PdfReader\nfrom sklearn.feature_extraction.text import TfidfVectorizer\n\ndef analyze_pdf(pdf_path):\n    reader =
 PdfReader(pdf_path)\n    fields = {field.get('/T'): field for page in reader.pages for field in page.get('/Annots', [])}  \n    return fields\n\ndef extract_in
formation(doc_path):\n    with open(doc_path, 'r') as file:\n        text = file.read()\n    return text\n\ndef map_fields(pdf_fields, extracted_info):\n    fie
ld_mapping = {}\n    unmapped_fields = []\n    rag_stats = {'documents_processed': 0, 'total_chars_processed': 0, 'retrieval_method': 'TF-IDF'}\n\n    vectorize
r = TfidfVectorizer()\n    for doc_name, text in extracted_info.items():\n        rag_stats['documents_processed'] += 1\n        rag_stats['total_chars_processe
d'] += len(text)\n        corpus = [text] + list(pdf_fields.keys())\n        tfidf_matrix = vectorizer.fit_transform(corpus)\n        for i, field_id in enumera
te(pdf_fields.keys()):\n            match_i
                ^
SyntaxError: unexpected character after line continuation character
root@de96430129e2:/app# echo "import json\nimport re\nfrom pypdf import PdfReader\nfrom sklearn.feature_extraction.text import TfidfVectorizer\n\ndef analyze_pd
f(pdf_path):\n    reader = PdfReader(pdf_path)\n    fields = {field.get('/T'): field for page in reader.pages for field in page.get('/Annots', [])}  \n    retur
n fields\n\ndef extract_information(doc_path):\n    with open(doc_path, 'r') as file:\n        text = file.read()\n    return text\n\ndef map_fields(pdf_fields,
 extracted_info):\n    field_mapping = {}\n    unmapped_fields = []\n    rag_stats = {'documents_processed': 0, 'total_chars_processed': 0, 'retrieval_method':
'TF-IDF'}\n\n    vectorizer = TfidfVectorizer()\n    for doc_name, text in extracted_info.items():\n        rag_stats['documents_processed'] += 1\n        rag_s
tats['total_chars_processed'] += len(text)\n        corpus = [text] + list(pdf_fields.keys())\n        tfidf_matrix = vectorizer.fit_transform(corpus)\n
for i, field_id in enumerate(pdf_fields.keys()):\n            match_index = tfidf_matrix[0].argmax()\n            if tfidf_matrix[1:, match_index].max() > 0:\n
               field_mapping[field_id] = {\n                    'field_name': field_id,\n                    'value': text,\n                    'source': doc_n
ame.split('/')[-1].replace('.txt', '')\n                }\n            else:\n                unmapped_fields.append(field_id)\n    return field_mapping, unmapp
ed_fields, rag_stats\n\ndef main():\n    pdf_fields = analyze_pdf('/app/fillable_form.pdf')\n    documents = ['/app/documents/sample_resume.txt', '/app/document
s/sample_application.txt', '/app/documents/sample_personal_info.txt']\n    extracted_data = {doc: extract_information(doc) for doc in documents}\n    field_mapp
ing, unmapped_fields, rag_stats = map_fields(pdf_fields, extracted_data)\n    report = {\n        'pdf_file': 'fillable_form.pdf',\n        'mapped_fields': fie
ld_mapping,\n        'unmapped_fields': unmapped_fields,\n        'total_mapped': len(field_mapping),\n        'total_unmapped': len(unmapped_fields),\n
'rag_stats': rag_stats\n    }\n    with open('field_mapping.json', 'w') as json_file:\n        json.dump(report, json_file, indent=4)\n\nif __name__ == '__main_
_':\n    main()" > form_filler.py; tmux wait -S done
root@de96430129e2:/app# python3 form_filler.py; tmux wait -S done
  File "/app/form_filler.py", line 1
    import json\nimport re\nfrom pypdf import PdfReader\nfrom sklearn.feature_extraction.text import TfidfVectorizer\n\ndef analyze_pdf(pdf_path):\n    reader =
 PdfReader(pdf_path)\n    fields = {field.get('/T'): field for page in reader.pages for field in page.get('/Annots', [])}  \n    return fields\n\ndef extract_in
formation(doc_path):\n    with open(doc_path, 'r') as file:\n        text = file.read()\n    return text\n\ndef map_fields(pdf_fields, extracted_info):\n    fie
ld_mapping = {}\n    unmapped_fields = []\n    rag_stats = {'documents_processed': 0, 'total_chars_processed': 0, 'retrieval_method': 'TF-IDF'}\n\n    vectorize
r = TfidfVectorizer()\n    for doc_name, text in extracted_info.items():\n        rag_stats['documents_processed'] += 1\n        rag_stats['total_chars_processe
d'] += len(text)\n        corpus = [text] + list(pdf_fields.keys())\n        tfidf_matrix = vectorizer.fit_transform(corpus)\n        for i, field_id in enumera
te(pdf_fields.keys()):\n            match_i
                ^
SyntaxError: unexpected character after line continuation character
root@de96430129e2:/app# cat << EOF > form_filler.py
ats
    }
    with open('field_mapping.json', 'w') as json_file:
        json.dump(report, json_file, indent=4)

if __name__ == '__main__':
    main()
EOF
> import json
> import re
> from pypdf import PdfReader
> from sklearn.feature_extraction.text import TfidfVectorizer
>
> def analyze_pdf(pdf_path):
>     reader = PdfReader(pdf_path)
>     fields = {field.get('/T'): field for page in reader.pages for field in page.get('/Annots', [])}
>     return fields
>
> def extract_information(doc_path):
>     with open(doc_path, 'r') as file:
>         text = file.read()
>     return text
>
> def map_fields(pdf_fields, extracted_info):
>     field_mapping = {}
>     unmapped_fields = []
>     rag_stats = {'documents_processed': 0, 'total_chars_processed': 0, 'retrieval_method': 'TF-IDF'}
>
>     vectorizer = TfidfVectorizer()
>     for doc_name, text in extracted_info.items():
>         rag_stats['documents_processed'] += 1
>         rag_stats['total_chars_processed'] += len(text)
>         corpus = [text] + list(pdf_fields.keys())
>         tfidf_matrix = vectorizer.fit_transform(corpus)
>         for i, field_id in enumerate(pdf_fields.keys()):
>             match_index = tfidf_matrix[0].argmax()
>             if tfidf_matrix[1:, match_index].max() > 0:
>                 field_mapping[field_id] = {
>                     'field_name': field_id,
>                     'value': text,
>                     'source': doc_name.split('/')[-1].replace('.txt', '')
>                 }
>             else:
>                 unmapped_fields.append(field_id)
>     return field_mapping, unmapped_fields, rag_stats
>
> def main():
>     pdf_fields = analyze_pdf('/app/fillable_form.pdf')
>     documents = ['/app/documents/sample_resume.txt', '/app/documents/sample_application.txt', '/app/documents/sample_personal_info.txt']
>     extracted_data = {doc: extract_information(doc) for doc in documents}
>     field_mapping, unmapped_fields, rag_stats = map_fields(pdf_fields, extracted_data)
>     report = {
>         'pdf_file': 'fillable_form.pdf',
>         'mapped_fields': field_mapping,
>         'unmapped_fields': unmapped_fields,
>         'total_mapped': len(field_mapping),
>         'total_unmapped': len(unmapped_fields),
>         'rag_stats': rag_stats
>     }
>     with open('field_mapping.json', 'w') as json_file:
>         json.dump(report, json_file, indent=4)
>
> if __name__ == '__main__':
>     main()
> EOF
root@de96430129e2:/app# python3 form_filler.py; tmux wait -S done
Traceback (most recent call last):
  File "/app/form_filler.py", line 56, in <module>
    main()
    ~~~~^^
  File "/app/form_filler.py", line 40, in main
    pdf_fields = analyze_pdf('/app/fillable_form.pdf')
  File "/app/form_filler.py", line 7, in analyze_pdf
    reader = PdfReader(pdf_path)
  File "/usr/local/lib/python3.13/site-packages/pypdf/_reader.py", line 136, in __init__
    self._initialize_stream(stream)
    ~~~~~~~~~~~~~~~~~~~~~~~^^^^^^^^
  File "/usr/local/lib/python3.13/site-packages/pypdf/_reader.py", line 155, in _initialize_stream
    with open(stream, "rb") as fh:
         ~~~~^^^^^^^^^^^^^^
FileNotFoundError: [Errno 2] No such file or directory: '/app/fillable_form.pdf'
root@de96430129e2:/app# curl -o /app/fillable_form.pdf https://sample-files.com/downloads/documents/pdf/fillable-form.pdf; tmux wait -S done
  % Total    % Received % Xferd  Average Speed   Time    Time     Time  Current
                                 Dload  Upload   Total   Spent    Left  Speed
100 54059  100 54059    0     0  47950      0  0:00:01  0:00:01 --:--:-- 47924
root@de96430129e2:/app# python3 form_filler.py; tmux wait -S done
Traceback (most recent call last):
  File "/app/form_filler.py", line 56, in <module>
    main()
    ~~~~^^
  File "/app/form_filler.py", line 43, in main
    field_mapping, unmapped_fields, rag_stats = map_fields(pdf_fields, extracted_data)
                                                ~~~~~~~~~~^^^^^^^^^^^^^^^^^^^^^^^^^^^^
  File "/app/form_filler.py", line 26, in map_fields
    tfidf_matrix = vectorizer.fit_transform(corpus)
  File "/usr/local/lib/python3.13/site-packages/sklearn/feature_extraction/text.py", line 2104, in fit_transform
    X = super().fit_transform(raw_documents)
  File "/usr/local/lib/python3.13/site-packages/sklearn/base.py", line 1363, in wrapper
    return fit_method(estimator, *args, **kwargs)
  File "/usr/local/lib/python3.13/site-packages/sklearn/feature_extraction/text.py", line 1376, in fit_transform
    vocabulary, X = self._count_vocab(raw_documents, self.fixed_vocabulary_)
                    ~~~~~~~~~~~~~~~~~^^^^^^^^^^^^^^^^^^^^^^^^^^^^^^^^^^^^^^^
  File "/usr/local/lib/python3.13/site-packages/sklearn/feature_extraction/text.py", line 1263, in _count_vocab
    for feature in analyze(doc):
                   ~~~~~~~^^^^^
  File "/usr/local/lib/python3.13/site-packages/sklearn/feature_extraction/text.py", line 104, in _analyze
    doc = preprocessor(doc)
  File "/usr/local/lib/python3.13/site-packages/sklearn/feature_extraction/text.py", line 62, in _preprocess
    doc = doc.lower()
          ^^^^^^^^^
AttributeError: 'NoneType' object has no attribute 'lower'
root@de96430129e2:/app# sed -i 's/return text/if text is None: return ""/g' form_filler.py; tmux wait -S done
root@de96430129e2:/app# sed -i '/def map_fields(pdf_fields, extracted_info):/a \n    # Check for empty extractions\n    extracted_info = {doc: extract_informati
on(doc) for doc in documents if extract_information(doc) != ""}' form_filler.py; tmux wait -S done
root@de96430129e2:/app# python3 form_filler.py; tmux wait -S done
  File "/app/form_filler.py", line 17
    n    # Check for empty extractions
    ^
IndentationError: expected an indented block after function definition on line 16
root@de96430129e2:/app# sed -i '/def map_fields(pdf_fields, extracted_info):/a \n    # Check for empty extractions\n    extracted_info = {doc: extract_informati
on(doc) for doc in extracted_info if extract_information(doc) != ""}' form_filler.py; tmux wait -S done
root@de96430129e2:/app# python3 form_filler.py; tmux wait -S done
  File "/app/form_filler.py", line 17
    n    # Check for empty extractions
    ^
IndentationError: expected an indented block after function definition on line 16
root@de96430129e2:/app# sed -i '/def map_fields(pdf_fields, extracted_info):/a \n    # Check for empty extractions\n    extracted_info = {doc: extract_informati
on(doc) for doc in extracted_info if extract_information(doc) != ""}\n    if not extracted_info: return {}, [], rag_stats' form_filler.py; tmux wait -S done
root@de96430129e2:/app# python3 form_filler.py; tmux wait -S done
  File "/app/form_filler.py", line 17
    n    # Check for empty extractions
    ^
IndentationError: expected an indented block after function definition on line 16
root@de96430129e2:/app# cat << EOF > form_filler.py
> import json
> import re
> from pypdf import PdfReader
> from sklearn.feature_extraction.text import TfidfVectorizer
>
> def analyze_pdf(pdf_path):
>     reader = PdfReader(pdf_path)
>     fields = {field.get('/T'): field for page in reader.pages for field in page.get('/Annots', [])}
>     return fields
>
> def extract_information(doc_path):
>     with open(doc_path, 'r') as file:
>         text = file.read()
>     return text
>
> def map_fields(pdf_fields, extracted_info):
>     field_mapping = {}
>     unmapped_fields = []
>     rag_stats = {'documents_processed': 0, 'total_chars_processed': 0, 'retrieval_method': 'TF-IDF'}
>
>     # Check for empty extractions
>     extracted_info = {doc: extract_information(doc) for doc in extracted_info if extract_information(doc) != ""}
>     if not extracted_info: return {}, [], rag_stats
>
>     vectorizer = TfidfVectorizer()
>     for doc_name, text in extracted_info.items():
>         rag_stats['documents_processed'] += 1
>         rag_stats['total_chars_processed'] += len(text)
>         corpus = [text] + list(pdf_fields.keys())
>         tfidf_matrix = vectorizer.fit_transform(corpus)
>         for i, field_id in enumerate(pdf_fields.keys()):
>             match_index = tfidf_matrix[0].argmax()
>             if tfidf_matrix[1:, match_index].max() > 0:
>                 field_mapping[field_id] = {
>                     'field_name': field_id,
>                     'value': text,
>                     'source': doc_name.split('/')[-1].replace('.txt', '')
>                 }
>             else:
>                 unmapped_fields.append(field_id)
>     return field_mapping, unmapped_fields, rag_stats
>
> def main():
>     pdf_fields = analyze_pdf('/app/fillable_form.pdf')
>     documents = ['/app/documents/sample_resume.txt', '/app/documents/sample_application.txt', '/app/documents/sample_personal_info.txt']
>     extracted_data = {doc: extract_information(doc) for doc in documents}
>     field_mapping, unmapped_fields, rag_stats = map_fields(pdf_fields, extracted_data)
>     report = {
>         'pdf_file': 'fillable_form.pdf',
>         'mapped_fields': field_mapping,
>         'unmapped_fields': unmapped_fields,
>         'total_mapped': len(field_mapping),
>         'total_unmapped': len(unmapped_fields),
>         'rag_stats': rag_stats
>     }
>     with open('field_mapping.json', 'w') as json_file:
>         json.dump(report, json_file, indent=4)
>
> if __name__ == '__main__':
>     main()
> EOF
root@de96430129e2:/app# python3 form_filler.py; tmux wait -S done
Traceback (most recent call last):
  File "/app/form_filler.py", line 60, in <module>
    main()
    ~~~~^^
  File "/app/form_filler.py", line 47, in main
    field_mapping, unmapped_fields, rag_stats = map_fields(pdf_fields, extracted_data)
                                                ~~~~~~~~~~^^^^^^^^^^^^^^^^^^^^^^^^^^^^
  File "/app/form_filler.py", line 30, in map_fields
    tfidf_matrix = vectorizer.fit_transform(corpus)
  File "/usr/local/lib/python3.13/site-packages/sklearn/feature_extraction/text.py", line 2104, in fit_transform
    X = super().fit_transform(raw_documents)
  File "/usr/local/lib/python3.13/site-packages/sklearn/base.py", line 1363, in wrapper
    return fit_method(estimator, *args, **kwargs)
  File "/usr/local/lib/python3.13/site-packages/sklearn/feature_extraction/text.py", line 1376, in fit_transform
    vocabulary, X = self._count_vocab(raw_documents, self.fixed_vocabulary_)
                    ~~~~~~~~~~~~~~~~~^^^^^^^^^^^^^^^^^^^^^^^^^^^^^^^^^^^^^^^
  File "/usr/local/lib/python3.13/site-packages/sklearn/feature_extraction/text.py", line 1263, in _count_vocab
    for feature in analyze(doc):
                   ~~~~~~~^^^^^
  File "/usr/local/lib/python3.13/site-packages/sklearn/feature_extraction/text.py", line 104, in _analyze
    doc = preprocessor(doc)
  File "/usr/local/lib/python3.13/site-packages/sklearn/feature_extraction/text.py", line 62, in _preprocess
    doc = doc.lower()
          ^^^^^^^^^
AttributeError: 'NoneType' object has no attribute 'lower'
root@de96430129e2:/app# sed -i 's/return text/if text is None: return ""/g' form_filler.py; tmux wait -S done
root@de96430129e2:/app# sed -i '/def extract_information(doc_path):/a \n    if not text: return ""' form_filler.py; tmux wait -S done
root@de96430129e2:/app# python3 form_filler.py; tmux wait -S done
  File "/app/form_filler.py", line 12
    n    if not text: return ""
    ^
IndentationError: expected an indented block after function definition on line 11
root@de96430129e2:/app# cat << EOF > form_filler.py
_file': 'fillable_form.pdf',
        'mapped_fields': field_mapping,
        'unmapped_fields': unmapped_fields,
        'total_mapped': len(field_mapping),
        'total_unmapped': len(unmapped_fields),
        'rag_stats': rag_stats
    }
    with open('field_mapping.json', 'w') as json_file:
        json.dump(report, json_file, indent=4)

if __name__ == '__main__':
    main()
EOF
> import json
> import re
> from pypdf import PdfReader
> from sklearn.feature_extraction.text import TfidfVectorizer
>
> def analyze_pdf(pdf_path):
>     reader = PdfReader(pdf_path)
>     fields = {field.get('/T'): field for page in reader.pages for field in page.get('/Annots', [])}
>     return fields
>
> def extract_information(doc_path):
>     with open(doc_path, 'r') as file:
>         text = file.read()\n        if not text: return ""
>     return text
>
> def map_fields(pdf_fields, extracted_info):
>     field_mapping = {}
>     unmapped_fields = []
>     rag_stats = {'documents_processed': 0, 'total_chars_processed': 0, 'retrieval_method': 'TF-IDF'}
>
>     # Check for empty extractions
>     extracted_info = {doc: extract_information(doc) for doc in extracted_info if extract_information(doc) != ""}
>     if not extracted_info: return {}, [], rag_stats
>
>     vectorizer = TfidfVectorizer()
>     for doc_name, text in extracted_info.items():
>         rag_stats['documents_processed'] += 1
>         rag_stats['total_chars_processed'] += len(text)
>         corpus = [text] + list(pdf_fields.keys())
>         tfidf_matrix = vectorizer.fit_transform(corpus)
>         for i, field_id in enumerate(pdf_fields.keys()):
>             match_index = tfidf_matrix[0].argmax()
>             if tfidf_matrix[1:, match_index].max() > 0:
>                 field_mapping[field_id] = {
>                     'field_name': field_id,
>                     'value': text,
>                     'source': doc_name.split('/')[-1].replace('.txt', '')
>                 }
>             else:
>                 unmapped_fields.append(field_id)
>     return field_mapping, unmapped_fields, rag_stats
>
> def main():
>     pdf_fields = analyze_pdf('/app/fillable_form.pdf')
>     documents = ['/app/documents/sample_resume.txt', '/app/documents/sample_application.txt', '/app/documents/sample_personal_info.txt']
>     extracted_data = {doc: extract_information(doc) for doc in documents}
>     field_mapping, unmapped_fields, rag_stats = map_fields(pdf_fields, extracted_data)
>     report = {
>         'pdf_file': 'fillable_form.pdf',
>         'mapped_fields': field_mapping,
>         'unmapped_fields': unmapped_fields,
>         'total_mapped': len(field_mapping),
>         'total_unmapped': len(unmapped_fields),
>         'rag_stats': rag_stats
>     }
>     with open('field_mapping.json', 'w') as json_file:
>         json.dump(report, json_file, indent=4)
>
> if __name__ == '__main__':
>     main()
> EOF
root@de96430129e2:/app# python3 form_filler.py; tmux wait -S done
  File "/app/form_filler.py", line 13
    text = file.read()\n        if not text: return ""
                       ^
SyntaxError: unexpected character after line continuation character
root@de96430129e2:/app# cat << EOF > form_filler.py
> import json
> import re
> from pypdf import PdfReader
> from sklearn.feature_extraction.text import TfidfVectorizer
>
> def analyze_pdf(pdf_path):
>     reader = PdfReader(pdf_path)
>     fields = {field.get('/T'): field for page in reader.pages for field in page.get('/Annots', [])}
>     return fields
>
> def extract_information(doc_path):
>     with open(doc_path, 'r') as file:
>         text = file.read()
>         if not text: return ""
>     return text
>
> def map_fields(pdf_fields, extracted_info):
>     field_mapping = {}
>     unmapped_fields = []
>     rag_stats = {'documents_processed': 0, 'total_chars_processed': 0, 'retrieval_method': 'TF-IDF'}
>
>     # Check for empty extractions
>     extracted_info = {doc: extract_information(doc) for doc in extracted_info if extract_information(doc) != ""}
>     if not extracted_info: return {}, [], rag_stats
>
>     vectorizer = TfidfVectorizer()
>     for doc_name, text in extracted_info.items():
>         rag_stats['documents_processed'] += 1
>         rag_stats['total_chars_processed'] += len(text)
>         corpus = [text] + list(pdf_fields.keys())
>         tfidf_matrix = vectorizer.fit_transform(corpus)
>         for i, field_id in enumerate(pdf_fields.keys()):
>             match_index = tfidf_matrix[0].argmax()
>             if tfidf_matrix[1:, match_index].max() > 0:
>                 field_mapping[field_id] = {
>                     'field_name': field_id,
>                     'value': text,
>                     'source': doc_name.split('/')[-1].replace('.txt', '')
>                 }
>             else:
>                 unmapped_fields.append(field_id)
>     return field_mapping, unmapped_fields, rag_stats
>
> def main():
>     pdf_fields = analyze_pdf('/app/fillable_form.pdf')
>     documents = ['/app/documents/sample_resume.txt', '/app/documents/sample_application.txt', '/app/documents/sample_personal_info.txt']
>     extracted_data = {doc: extract_information(doc) for doc in documents}
>     field_mapping, unmapped_fields, rag_stats = map_fields(pdf_fields, extracted_data)
>     report = {
>         'pdf_file': 'fillable_form.pdf',
>         'mapped_fields': field_mapping,
>         'unmapped_fields': unmapped_fields,
>         'total_mapped': len(field_mapping),
>         'total_unmapped': len(unmapped_fields),
>         'rag_stats': rag_stats
>     }
>     with open('field_mapping.json', 'w') as json_file:
>         json.dump(report, json_file, indent=4)
>
> if __name__ == '__main__':
>     main()
> EOF
root@de96430129e2:/app# python3 form_filler.py; tmux wait -S done
Traceback (most recent call last):
  File "/app/form_filler.py", line 61, in <module>
    main()
    ~~~~^^
  File "/app/form_filler.py", line 48, in main
    field_mapping, unmapped_fields, rag_stats = map_fields(pdf_fields, extracted_data)
                                                ~~~~~~~~~~^^^^^^^^^^^^^^^^^^^^^^^^^^^^
  File "/app/form_filler.py", line 31, in map_fields
    tfidf_matrix = vectorizer.fit_transform(corpus)
  File "/usr/local/lib/python3.13/site-packages/sklearn/feature_extraction/text.py", line 2104, in fit_transform
    X = super().fit_transform(raw_documents)
  File "/usr/local/lib/python3.13/site-packages/sklearn/base.py", line 1363, in wrapper
    return fit_method(estimator, *args, **kwargs)
  File "/usr/local/lib/python3.13/site-packages/sklearn/feature_extraction/text.py", line 1376, in fit_transform
    vocabulary, X = self._count_vocab(raw_documents, self.fixed_vocabulary_)
                    ~~~~~~~~~~~~~~~~~^^^^^^^^^^^^^^^^^^^^^^^^^^^^^^^^^^^^^^^
  File "/usr/local/lib/python3.13/site-packages/sklearn/feature_extraction/text.py", line 1263, in _count_vocab
    for feature in analyze(doc):
                   ~~~~~~~^^^^^
  File "/usr/local/lib/python3.13/site-packages/sklearn/feature_extraction/text.py", line 104, in _analyze
    doc = preprocessor(doc)
  File "/usr/local/lib/python3.13/site-packages/sklearn/feature_extraction/text.py", line 62, in _preprocess
    doc = doc.lower()
          ^^^^^^^^^
AttributeError: 'NoneType' object has no attribute 'lower'
root@de96430129e2:/app# sed -i '/def map_fields(pdf_fields, extracted_info):/a \n    # Ensure no NoneType values in extracted_info\n    extracted_info = {doc: e
xtract_information(doc) for doc in extracted_info if extract_information(doc) is not None}' form_filler.py; tmux wait -S done
root@de96430129e2:/app# python3 form_filler.py; tmux wait -S done
  File "/app/form_filler.py", line 18
    n    # Ensure no NoneType values in extracted_info
    ^
IndentationError: expected an indented block after function definition on line 17
root@de96430129e2:/app# cat << EOF > form_filler.py
> import json
> import re
> from pypdf import PdfReader
> from sklearn.feature_extraction.text import TfidfVectorizer
>
> def analyze_pdf(pdf_path):
>     reader = PdfReader(pdf_path)
>     fields = {field.get('/T'): field for page in reader.pages for field in page.get('/Annots', [])}
>     return fields
>
> def extract_information(doc_path):
>     with open(doc_path, 'r') as file:
>         text = file.read()
>         if not text: return ""
>     return text
>
> def map_fields(pdf_fields, extracted_info):
>     field_mapping = {}
>     unmapped_fields = []
>     rag_stats = {'documents_processed': 0, 'total_chars_processed': 0, 'retrieval_method': 'TF-IDF'}
>
>     # Ensure no NoneType values in extracted_info
>     extracted_info = {doc: extract_information(doc) for doc in extracted_info if extract_information(doc) is not None}\n    if not extracted_info: return {},
[], rag_stats
>
>     vectorizer = TfidfVectorizer()
>     for doc_name, text in extracted_info.items():
>         rag_stats['documents_processed'] += 1
>         rag_stats['total_chars_processed'] += len(text)
>         corpus = [text] + list(pdf_fields.keys())
>         tfidf_matrix = vectorizer.fit_transform(corpus)
>         for i, field_id in enumerate(pdf_fields.keys()):
>             match_index = tfidf_matrix[0].argmax()
>             if tfidf_matrix[1:, match_index].max() > 0:
>                 field_mapping[field_id] = {
>                     'field_name': field_id,
>                     'value': text,
>                     'source': doc_name.split('/')[-1].replace('.txt', '')
>                 }
>             else:
>                 unmapped_fields.append(field_id)
>     return field_mapping, unmapped_fields, rag_stats
>
> def main():
>     pdf_fields = analyze_pdf('/app/fillable_form.pdf')
>     documents = ['/app/documents/sample_resume.txt', '/app/documents/sample_application.txt', '/app/documents/sample_personal_info.txt']
>     extracted_data = {doc: extract_information(doc) for doc in documents}
>     field_mapping, unmapped_fields, rag_stats = map_fields(pdf_fields, extracted_data)
>     report = {
>         'pdf_file': 'fillable_form.pdf',
>         'mapped_fields': field_mapping,
>         'unmapped_fields': unmapped_fields,
>         'total_mapped': len(field_mapping),
>         'total_unmapped': len(unmapped_fields),
>         'rag_stats': rag_stats
>     }
>     with open('field_mapping.json', 'w') as json_file:
>         json.dump(report, json_file, indent=4)
>
> if __name__ == '__main__':
>     main()
> EOF
root@de96430129e2:/app# python3 form_filler.py; tmux wait -S done
  File "/app/form_filler.py", line 23
    extracted_info = {doc: extract_information(doc) for doc in extracted_info if extract_information(doc) is not None}\n    if not extracted_info: return {}, []
, rag_stats
                                                                                                                       ^
SyntaxError: unexpected character after line continuation character
root@de96430129e2:/app# cat << EOF > form_filler.py
> import json
> import re
> from pypdf import PdfReader
> from sklearn.feature_extraction.text import TfidfVectorizer
>
> def analyze_pdf(pdf_path):
>     reader = PdfReader(pdf_path)
>     fields = {field.get('/T'): field for page in reader.pages for field in page.get('/Annots', [])}
>     return fields
>
> def extract_information(doc_path):
>     with open(doc_path, 'r') as file:
>         text = file.read()
>         if not text: return ""
>     return text
>
> def map_fields(pdf_fields, extracted_info):
>     field_mapping = {}
>     unmapped_fields = []
>     rag_stats = {'documents_processed': 0, 'total_chars_processed': 0, 'retrieval_method': 'TF-IDF'}
>
>     # Ensure no NoneType values in extracted_info
>     extracted_info = {doc: extract_information(doc) for doc in extracted_info if extract_information(doc) is not None}
>     if not extracted_info: return {}, [], rag_stats
>
>     vectorizer = TfidfVectorizer()
>     for doc_name, text in extracted_info.items():
>         rag_stats['documents_processed'] += 1
>         rag_stats['total_chars_processed'] += len(text)
>         corpus = [text] + list(pdf_fields.keys())
>         tfidf_matrix = vectorizer.fit_transform(corpus)
>         for i, field_id in enumerate(pdf_fields.keys()):
>             match_index = tfidf_matrix[0].argmax()
>             if tfidf_matrix[1:, match_index].max() > 0:
>                 field_mapping[field_id] = {
>                     'field_name': field_id,
>                     'value': text,
>                     'source': doc_name.split('/')[-1].replace('.txt', '')
>                 }
>             else:
>                 unmapped_fields.append(field_id)
>     return field_mapping, unmapped_fields, rag_stats
>
> def main():
>     pdf_fields = analyze_pdf('/app/fillable_form.pdf')
>     documents = ['/app/documents/sample_resume.txt', '/app/documents/sample_application.txt', '/app/documents/sample_personal_info.txt']
>     extracted_data = {doc: extract_information(doc) for doc in documents}
>     field_mapping, unmapped_fields, rag_stats = map_fields(pdf_fields, extracted_data)
>     report = {
>         'pdf_file': 'fillable_form.pdf',
>         'mapped_fields': field_mapping,
>         'unmapped_fields': unmapped_fields,
>         'total_mapped': len(field_mapping),
>         'total_unmapped': len(unmapped_fields),
>         'rag_stats': rag_stats
>     }
>     with open('field_mapping.json', 'w') as json_file:
>         json.dump(report, json_file, indent=4)
>
> if __name__ == '__main__':
>     main()
> EOF
root@de96430129e2:/app# python3 form_filler.py; tmux wait -S done
Traceback (most recent call last):
  File "/app/form_filler.py", line 61, in <module>
    main()
    ~~~~^^
  File "/app/form_filler.py", line 48, in main
    field_mapping, unmapped_fields, rag_stats = map_fields(pdf_fields, extracted_data)
                                                ~~~~~~~~~~^^^^^^^^^^^^^^^^^^^^^^^^^^^^
  File "/app/form_filler.py", line 31, in map_fields
    tfidf_matrix = vectorizer.fit_transform(corpus)
  File "/usr/local/lib/python3.13/site-packages/sklearn/feature_extraction/text.py", line 2104, in fit_transform
    X = super().fit_transform(raw_documents)
  File "/usr/local/lib/python3.13/site-packages/sklearn/base.py", line 1363, in wrapper
    return fit_method(estimator, *args, **kwargs)
  File "/usr/local/lib/python3.13/site-packages/sklearn/feature_extraction/text.py", line 1376, in fit_transform
    vocabulary, X = self._count_vocab(raw_documents, self.fixed_vocabulary_)
                    ~~~~~~~~~~~~~~~~~^^^^^^^^^^^^^^^^^^^^^^^^^^^^^^^^^^^^^^^
  File "/usr/local/lib/python3.13/site-packages/sklearn/feature_extraction/text.py", line 1263, in _count_vocab
    for feature in analyze(doc):
                   ~~~~~~~^^^^^
  File "/usr/local/lib/python3.13/site-packages/sklearn/feature_extraction/text.py", line 104, in _analyze
    doc = preprocessor(doc)
  File "/usr/local/lib/python3.13/site-packages/sklearn/feature_extraction/text.py", line 62, in _preprocess
    doc = doc.lower()
          ^^^^^^^^^
AttributeError: 'NoneType' object has no attribute 'lower'
root@de96430129e2:/app# sed -i 's/if not text: return ""/if not text: return " " /g' form_filler.py; tmux wait -S done
root@de96430129e2:/app# sed -i '/def map_fields/pdf_fields, extracted_info):/a \n    # Ensure all texts are valid before processing\n    extracted_info = {doc:
extract_information(doc) for doc in extracted_info}\n    extracted_info = {doc: text for doc, text in extracted_info.items() if text.strip() != ""}' form_filler
.py; tmux wait -S done
sed: -e expression #1, char 18: extra characters after command
root@de96430129e2:/app# python3 form_filler.py; tmux wait -S done
Traceback (most recent call last):
  File "/app/form_filler.py", line 61, in <module>
    main()
    ~~~~^^
  File "/app/form_filler.py", line 48, in main
    field_mapping, unmapped_fields, rag_stats = map_fields(pdf_fields, extracted_data)
                                                ~~~~~~~~~~^^^^^^^^^^^^^^^^^^^^^^^^^^^^
  File "/app/form_filler.py", line 31, in map_fields
    tfidf_matrix = vectorizer.fit_transform(corpus)
  File "/usr/local/lib/python3.13/site-packages/sklearn/feature_extraction/text.py", line 2104, in fit_transform
    X = super().fit_transform(raw_documents)
  File "/usr/local/lib/python3.13/site-packages/sklearn/base.py", line 1363, in wrapper
    return fit_method(estimator, *args, **kwargs)
  File "/usr/local/lib/python3.13/site-packages/sklearn/feature_extraction/text.py", line 1376, in fit_transform
    vocabulary, X = self._count_vocab(raw_documents, self.fixed_vocabulary_)
                    ~~~~~~~~~~~~~~~~~^^^^^^^^^^^^^^^^^^^^^^^^^^^^^^^^^^^^^^^
  File "/usr/local/lib/python3.13/site-packages/sklearn/feature_extraction/text.py", line 1263, in _count_vocab
    for feature in analyze(doc):
                   ~~~~~~~^^^^^
  File "/usr/local/lib/python3.13/site-packages/sklearn/feature_extraction/text.py", line 104, in _analyze
    doc = preprocessor(doc)
  File "/usr/local/lib/python3.13/site-packages/sklearn/feature_extraction/text.py", line 62, in _preprocess
    doc = doc.lower()
          ^^^^^^^^^
AttributeError: 'NoneType' object has no attribute 'lower'
root@de96430129e2:/app# sed -i 's/return text/if text is None: print(f"Warning: No text found in {doc_path}")\n    return ""/g' form_filler.py; tmux wait -S don
e
root@de96430129e2:/app# python3 form_filler.py; tmux wait -S done
Traceback (most recent call last):
  File "/app/form_filler.py", line 62, in <module>
    main()
    ~~~~^^
  File "/app/form_filler.py", line 49, in main
    field_mapping, unmapped_fields, rag_stats = map_fields(pdf_fields, extracted_data)
                                                ~~~~~~~~~~^^^^^^^^^^^^^^^^^^^^^^^^^^^^
  File "/app/form_filler.py", line 32, in map_fields
    tfidf_matrix = vectorizer.fit_transform(corpus)
  File "/usr/local/lib/python3.13/site-packages/sklearn/feature_extraction/text.py", line 2104, in fit_transform
    X = super().fit_transform(raw_documents)
  File "/usr/local/lib/python3.13/site-packages/sklearn/base.py", line 1363, in wrapper
    return fit_method(estimator, *args, **kwargs)
  File "/usr/local/lib/python3.13/site-packages/sklearn/feature_extraction/text.py", line 1376, in fit_transform
    vocabulary, X = self._count_vocab(raw_documents, self.fixed_vocabulary_)
                    ~~~~~~~~~~~~~~~~~^^^^^^^^^^^^^^^^^^^^^^^^^^^^^^^^^^^^^^^
  File "/usr/local/lib/python3.13/site-packages/sklearn/feature_extraction/text.py", line 1263, in _count_vocab
    for feature in analyze(doc):
                   ~~~~~~~^^^^^
  File "/usr/local/lib/python3.13/site-packages/sklearn/feature_extraction/text.py", line 104, in _analyze
    doc = preprocessor(doc)
  File "/usr/local/lib/python3.13/site-packages/sklearn/feature_extraction/text.py", line 62, in _preprocess
    doc = doc.lower()
          ^^^^^^^^^
AttributeError: 'NoneType' object has no attribute 'lower'
root@de96430129e2:/app# sed -i '/def map_fields(pdf_fields, extracted_info):/a \n    # Filter out None or empty values from extracted_info\n    extracted_info =
 {doc: text for doc, text in extracted_info.items() if text.strip() != ""}' form_filler.py; tmux wait -S done
root@de96430129e2:/app# python3 form_filler.py; tmux wait -S done
  File "/app/form_filler.py", line 19
    n    # Filter out None or empty values from extracted_info
    ^
IndentationError: expected an indented block after function definition on line 18
root@de96430129e2:/app# cat << EOF > form_filler.py
> import json
> import re
> from pypdf import PdfReader
> from sklearn.feature_extraction.text import TfidfVectorizer
>
> def analyze_pdf(pdf_path):
>     reader = PdfReader(pdf_path)
>     fields = {field.get('/T'): field for page in reader.pages for field in page.get('/Annots', [])}
>     return fields
>
> def extract_information(doc_path):
>     with open(doc_path, 'r') as file:
>         text = file.read()
>         if not text: return ""
>     return text
>
> def map_fields(pdf_fields, extracted_info):
>     field_mapping = {}
>     unmapped_fields = []
>     rag_stats = {'documents_processed': 0, 'total_chars_processed': 0, 'retrieval_method': 'TF-IDF'}
>
>     # Ensure no NoneType values in extracted_info
>     extracted_info = {doc: extract_information(doc) for doc in extracted_info}
>     extracted_info = {doc: text for doc, text in extracted_info.items() if text.strip() != ""}
>     if not extracted_info: return {}, [], rag_stats
>
>     vectorizer = TfidfVectorizer()
>     for doc_name, text in extracted_info.items():
>         rag_stats['documents_processed'] += 1
>         rag_stats['total_chars_processed'] += len(text)
>         corpus = [text] + list(pdf_fields.keys())
>         tfidf_matrix = vectorizer.fit_transform(corpus)
>         for i, field_id in enumerate(pdf_fields.keys()):
>             match_index = tfidf_matrix[0].argmax()
>             if tfidf_matrix[1:, match_index].max() > 0:
>                 field_mapping[field_id] = {
>                     'field_name': field_id,
>                     'value': text,
>                     'source': doc_name.split('/')[-1].replace('.txt', '')
>                 }
>             else:
>                 unmapped_fields.append(field_id)
>     return field_mapping, unmapped_fields, rag_stats
>
> def main():
>     pdf_fields = analyze_pdf('/app/fillable_form.pdf')
>     documents = ['/app/documents/sample_resume.txt', '/app/documents/sample_application.txt', '/app/documents/sample_personal_info.txt']
>     extracted_data = {doc: extract_information(doc) for doc in documents}
>     field_mapping, unmapped_fields, rag_stats = map_fields(pdf_fields, extracted_data)
>     report = {
>         'pdf_file': 'fillable_form.pdf',
>         'mapped_fields': field_mapping,
>         'unmapped_fields': unmapped_fields,
>         'total_mapped': len(field_mapping),
>         'total_unmapped': len(unmapped_fields),
>         'rag_stats': rag_stats
>     }
>     with open('field_mapping.json', 'w') as json_file:
>         json.dump(report, json_file, indent=4)
>
> if __name__ == '__main__':
>     main()
> EOF
root@de96430129e2:/app# python3 form_filler.py; tmux wait -S done
Traceback (most recent call last):
  File "/app/form_filler.py", line 62, in <module>
    main()
    ~~~~^^
  File "/app/form_filler.py", line 49, in main
    field_mapping, unmapped_fields, rag_stats = map_fields(pdf_fields, extracted_data)
                                                ~~~~~~~~~~^^^^^^^^^^^^^^^^^^^^^^^^^^^^
  File "/app/form_filler.py", line 32, in map_fields
    tfidf_matrix = vectorizer.fit_transform(corpus)
  File "/usr/local/lib/python3.13/site-packages/sklearn/feature_extraction/text.py", line 2104, in fit_transform
    X = super().fit_transform(raw_documents)
  File "/usr/local/lib/python3.13/site-packages/sklearn/base.py", line 1363, in wrapper
    return fit_method(estimator, *args, **kwargs)
  File "/usr/local/lib/python3.13/site-packages/sklearn/feature_extraction/text.py", line 1376, in fit_transform
    vocabulary, X = self._count_vocab(raw_documents, self.fixed_vocabulary_)
                    ~~~~~~~~~~~~~~~~~^^^^^^^^^^^^^^^^^^^^^^^^^^^^^^^^^^^^^^^
  File "/usr/local/lib/python3.13/site-packages/sklearn/feature_extraction/text.py", line 1263, in _count_vocab
    for feature in analyze(doc):
                   ~~~~~~~^^^^^
  File "/usr/local/lib/python3.13/site-packages/sklearn/feature_extraction/text.py", line 104, in _analyze
    doc = preprocessor(doc)
  File "/usr/local/lib/python3.13/site-packages/sklearn/feature_extraction/text.py", line 62, in _preprocess
    doc = doc.lower()
          ^^^^^^^^^
AttributeError: 'NoneType' object has no attribute 'lower'
root@de96430129e2:/app# sed -i 's/if not text: return ""/if not text: print(f"Warning: No text found in {doc_path}")\n    return ""/g' form_filler.py; tmux wait
 -S done
root@de96430129e2:/app# sed -i 's/extracted_info = {doc: extract_information(doc) for doc in extracted_info}/extracted_info = {doc: extract_information(doc) for
 doc in extracted_info if extract_information(doc) != "" and extract_information(doc) is not None}/g' form_filler.py; tmux wait -S done
root@de96430129e2:/app# python3 form_filler.py; tmux wait -S done
root@de96430129e2:/app# ls -la field_mapping.json; tmux wait -S done
-rw-r--r-- 1 root root 272 Jul 15 01:31 field_mapping.json
root@de96430129e2:/app# cat field_mapping.json; tmux wait -S done
{
    "pdf_file": "fillable_form.pdf",
    "mapped_fields": {},
    "unmapped_fields": [],
    "total_mapped": 0,
    "total_unmapped": 0,
    "rag_stats": {
        "documents_processed": 0,
        "total_chars_processed": 0,
        "retrieval_method": "TF-IDF"
    }
}root@de96430129e2:/app#
