root@9893678f722d:/app# glpsol --mip --write solution.txt /app/question.mps; tmux wait -S done
bash: glpsol: command not found
root@9893678f722d:/app# grep 'Objective value' solution.txt | awk '{print int($3)}' > answer.txt; tmux wait -S done
grep: solution.txt: No such file or directory
root@9893678f722d:/app# apt-get update && apt-get install -y glpk-utils; tmux wait -S done
Get:1 http://security.ubuntu.com/ubuntu noble-security InRelease [126 kB]
Get:2 http://archive.ubuntu.com/ubuntu noble InRelease [256 kB]
Get:3 http://security.ubuntu.com/ubuntu noble-security/multiverse amd64 Packages [23.0 kB]
Get:4 http://security.ubuntu.com/ubuntu noble-security/universe amd64 Packages [1126 kB]
Get:5 http://security.ubuntu.com/ubuntu noble-security/main amd64 Packages [1241 kB]
Get:6 http://security.ubuntu.com/ubuntu noble-security/restricted amd64 Packages [1742 kB]
Get:7 http://archive.ubuntu.com/ubuntu noble-updates InRelease [126 kB]
Get:8 http://archive.ubuntu.com/ubuntu noble-backports InRelease [126 kB]
Get:9 http://archive.ubuntu.com/ubuntu noble/restricted amd64 Packages [117 kB]
Get:10 http://archive.ubuntu.com/ubuntu noble/main amd64 Packages [1808 kB]
Get:11 http://archive.ubuntu.com/ubuntu noble/universe amd64 Packages [19.3 MB]
Get:12 http://archive.ubuntu.com/ubuntu noble/multiverse amd64 Packages [331 kB]
Get:13 http://archive.ubuntu.com/ubuntu noble-updates/universe amd64 Packages [1436 kB]
Get:14 http://archive.ubuntu.com/ubuntu noble-updates/multiverse amd64 Packages [28.1 kB]
Get:15 http://archive.ubuntu.com/ubuntu noble-updates/main amd64 Packages [1567 kB]
Get:16 http://archive.ubuntu.com/ubuntu noble-updates/restricted amd64 Packages [1800 kB]
Get:17 http://archive.ubuntu.com/ubuntu noble-backports/universe amd64 Packages [33.0 kB]
Get:18 http://archive.ubuntu.com/ubuntu noble-backports/main amd64 Packages [48.8 kB]
Fetched 31.3 MB in 3s (10.3 MB/s)
Reading package lists... Done
Reading package lists... Done
Building dependency tree... Done
Reading state information... Done
The following additional packages will be installed:
  libamd3 libcolamd3 libglpk40 libgomp1 libltdl7 libsuitesparseconfig7
Suggested packages:
  libiodbc2-dev default-libmysqlclient-dev
The following NEW packages will be installed:
  glpk-utils libamd3 libcolamd3 libglpk40 libgomp1 libltdl7 libsuitesparseconfig7
0 upgraded, 7 newly installed, 0 to remove and 27 not upgraded.
Need to get 843 kB of archives.
After this operation, 2901 kB of additional disk space will be used.
Get:1 http://archive.ubuntu.com/ubuntu noble-updates/main amd64 libgomp1 amd64 14.2.0-4ubuntu2~24.04 [148 kB]
Get:2 http://archive.ubuntu.com/ubuntu noble/main amd64 libsuitesparseconfig7 amd64 1:7.6.1+dfsg-1build1 [12.9 kB]
Get:3 http://archive.ubuntu.com/ubuntu noble/universe amd64 libamd3 amd64 1:7.6.1+dfsg-1build1 [27.2 kB]
Get:4 http://archive.ubuntu.com/ubuntu noble/main amd64 libcolamd3 amd64 1:7.6.1+dfsg-1build1 [19.4 kB]
Get:5 http://archive.ubuntu.com/ubuntu noble/main amd64 libltdl7 amd64 2.4.7-7build1 [40.3 kB]
Get:6 http://archive.ubuntu.com/ubuntu noble/universe amd64 libglpk40 amd64 5.0-1build2 [369 kB]
Get:7 http://archive.ubuntu.com/ubuntu noble/universe amd64 glpk-utils amd64 5.0-1build2 [227 kB]
Fetched 843 kB in 0s (2824 kB/s)
debconf: delaying package configuration, since apt-utils is not installed
Selecting previously unselected package libgomp1:amd64.
(Reading database ... 6337 files and directories currently installed.)
Preparing to unpack .../0-libgomp1_14.2.0-4ubuntu2~24.04_amd64.deb ...
Unpacking libgomp1:amd64 (14.2.0-4ubuntu2~24.04) ...
Selecting previously unselected package libsuitesparseconfig7:amd64.
Preparing to unpack .../1-libsuitesparseconfig7_1%3a7.6.1+dfsg-1build1_amd64.deb ...
Unpacking libsuitesparseconfig7:amd64 (1:7.6.1+dfsg-1build1) ...
Selecting previously unselected package libamd3:amd64.
Preparing to unpack .../2-libamd3_1%3a7.6.1+dfsg-1build1_amd64.deb ...
Unpacking libamd3:amd64 (1:7.6.1+dfsg-1build1) ...
Selecting previously unselected package libcolamd3:amd64.
Preparing to unpack .../3-libcolamd3_1%3a7.6.1+dfsg-1build1_amd64.deb ...
Unpacking libcolamd3:amd64 (1:7.6.1+dfsg-1build1) ...
Selecting previously unselected package libltdl7:amd64.
Preparing to unpack .../4-libltdl7_2.4.7-7build1_amd64.deb ...
Unpacking libltdl7:amd64 (2.4.7-7build1) ...
Selecting previously unselected package libglpk40:amd64.
Preparing to unpack .../5-libglpk40_5.0-1build2_amd64.deb ...
Unpacking libglpk40:amd64 (5.0-1build2) ...
Selecting previously unselected package glpk-utils.
Preparing to unpack .../6-glpk-utils_5.0-1build2_amd64.deb ...
Unpacking glpk-utils (5.0-1build2) ...
Setting up libgomp1:amd64 (14.2.0-4ubuntu2~24.04) ...
Setting up libltdl7:amd64 (2.4.7-7build1) ...
Setting up libsuitesparseconfig7:amd64 (1:7.6.1+dfsg-1build1) ...
Setting up libamd3:amd64 (1:7.6.1+dfsg-1build1) ...
Setting up libcolamd3:amd64 (1:7.6.1+dfsg-1build1) ...
Setting up libglpk40:amd64 (5.0-1build2) ...
Setting up glpk-utils (5.0-1build2) ...
Processing triggers for libc-bin (2.39-0ubuntu8.4) ...
root@9893678f722d:/app# glpsol --mip --write solution.txt /app/question.mps; tmux wait -S done
Invalid option '--mip'; try glpsol --help
root@9893678f722d:/app# grep 'Objective value' solution.txt | awk '{print int($3)}' > answer.txt; tmux wait -S done
grep: solution.txt: No such file or directory
root@9893678f722d:/app# glpsol --write solution.txt /app/question.mps; tmux wait -S done
GLPSOL--GLPK LP/MIP Solver 5.0
Parameter(s) specified in the command line:
 --write solution.txt /app/question.mps
Reading problem data from '/app/question.mps'...
Problem: neos-1456979
Objective: R6771
6771 rows, 4605 columns, 40685 non-zeros
4425 integer variables, 4245 of which are binary
58834 records were read
One free row was removed
GLPK Integer Optimizer 5.0
6770 rows, 4605 columns, 36440 non-zeros
4425 integer variables, 4245 of which are binary
Preprocessing...
2475 constraint coefficient(s) were reduced
6770 rows, 4605 columns, 36440 non-zeros
4425 integer variables, 4245 of which are binary
Scaling...
 A: min|aij| =  1.000e+00  max|aij| =  4.740e+02  ratio =  4.740e+02
GM: min|aij| =  2.809e-01  max|aij| =  3.559e+00  ratio =  1.267e+01
EQ: min|aij| =  8.128e-02  max|aij| =  1.000e+00  ratio =  1.230e+01
2N: min|aij| =  4.688e-02  max|aij| =  1.734e+00  ratio =  3.700e+01
Constructing initial basis...
Size of triangular part is 6765
Solving LP relaxation...
GLPK Simplex Optimizer 5.0
6770 rows, 4605 columns, 36440 non-zeros
      0: obj =   3.750000000e+02 inf =   1.979e+02 (55)
    303: obj =   4.543537128e+02 inf =   7.772e-15 (0) 1
*  1072: obj =   1.540000000e+02 inf =   3.733e-14 (0) 6
OPTIMAL LP SOLUTION FOUND
Integer optimization begins...
Long-step dual simplex will be used
+  1072: mip =     not found yet >=              -inf        (1; 0)
+  9253: mip =     not found yet >=   1.560000000e+02        (112; 5)
+ 16464: mip =     not found yet >=   1.560000000e+02        (249; 10)
+ 23195: >>>>>   2.100000000e+02 >=   1.560000000e+02  25.7% (365; 14)
+ 31335: mip =   2.100000000e+02 >=   1.560000000e+02  25.7% (456; 90)
+ 38568: mip =   2.100000000e+02 >=   1.560000000e+02  25.7% (593; 95)
+ 46796: mip =   2.100000000e+02 >=   1.560000000e+02  25.7% (698; 102)
+ 54101: mip =   2.100000000e+02 >=   1.560000000e+02  25.7% (827; 108)
+ 61774: mip =   2.100000000e+02 >=   1.560000000e+02  25.7% (954; 113)
+ 65928: >>>>>   1.990000000e+02 >=   1.560000000e+02  21.6% (1019; 115)
+ 74636: mip =   1.990000000e+02 >=   1.560000000e+02  21.6% (1036; 304)
+ 82377: mip =   1.990000000e+02 >=   1.560000000e+02  21.6% (1153; 309)
+ 89873: mip =   1.990000000e+02 >=   1.560000000e+02  21.6% (1262; 315)
+ 92559: >>>>>   1.910000000e+02 >=   1.560000000e+02  18.3% (1311; 316)
Time used: 60.0 secs.  Memory used: 24.2 Mb.
+100515: mip =   1.910000000e+02 >=   1.560000000e+02  18.3% (1325; 534)
grep 'Objective value' solution.txt | awk '{print int($3)}' > answer.txt; tmux wait -S done
+108021: mip =   1.910000000e+02 >=   1.560000000e+02  18.3% (1460; 541)
+115534: mip =   1.910000000e+02 >=   1.560000000e+02  18.3% (1595; 547)
+123981: mip =   1.910000000e+02 >=   1.560000000e+02  18.3% (1704; 552)
+131846: mip =   1.910000000e+02 >=   1.560000000e+02  18.3% (1826; 558)
+140163: mip =   1.910000000e+02 >=   1.560000000e+02  18.3% (1945; 565)
+149783: mip =   1.910000000e+02 >=   1.560000000e+02  18.3% (2053; 573)
+157724: mip =   1.910000000e+02 >=   1.560000000e+02  18.3% (2189; 580)
+165720: mip =   1.910000000e+02 >=   1.560000000e+02  18.3% (2303; 588)
+173572: mip =   1.910000000e+02 >=   1.560000000e+02  18.3% (2415; 593)
+181162: mip =   1.910000000e+02 >=   1.560000000e+02  18.3% (2533; 599)
+189426: mip =   1.910000000e+02 >=   1.560000000e+02  18.3% (2651; 606)
Time used: 120.0 secs.  Memory used: 45.6 Mb.
+196695: mip =   1.910000000e+02 >=   1.560000000e+02  18.3% (2760; 613)
+204165: mip =   1.910000000e+02 >=   1.560000000e+02  18.3% (2879; 618)
+212529: mip =   1.910000000e+02 >=   1.560000000e+02  18.3% (2991; 626)
+219862: mip =   1.910000000e+02 >=   1.560000000e+02  18.3% (3088; 631)
+227901: mip =   1.910000000e+02 >=   1.560000000e+02  18.3% (3186; 637)
+236306: mip =   1.910000000e+02 >=   1.560000000e+02  18.3% (3288; 644)
+243983: mip =   1.910000000e+02 >=   1.560000000e+02  18.3% (3404; 650)
+253120: mip =   1.910000000e+02 >=   1.560000000e+02  18.3% (3513; 658)
+261838: mip =   1.910000000e+02 >=   1.560000000e+02  18.3% (3626; 665)
+269358: mip =   1.910000000e+02 >=   1.560000000e+02  18.3% (3760; 673)
+278250: mip =   1.910000000e+02 >=   1.560000000e+02  18.3% (3867; 680)
+286645: mip =   1.910000000e+02 >=   1.560000000e+02  18.3% (3982; 688)
Time used: 180.1 secs.  Memory used: 67.5 Mb.
+294669: mip =   1.910000000e+02 >=   1.560000000e+02  18.3% (4092; 696)
+302568: mip =   1.910000000e+02 >=   1.560000000e+02  18.3% (4194; 702)
+310736: mip =   1.910000000e+02 >=   1.560000000e+02  18.3% (4306; 709)

