root@cc795f2d9489:/app# pip install flask requests solana; tmux wait -S done
Collecting flask
  Downloading flask-3.1.1-py3-none-any.whl.metadata (3.0 kB)
Collecting requests
  Downloading requests-2.32.4-py3-none-any.whl.metadata (4.9 kB)
Collecting solana
  Downloading solana-0.36.7-py3-none-any.whl.metadata (5.3 kB)
Collecting blinker>=1.9.0 (from flask)
  Downloading blinker-1.9.0-py3-none-any.whl.metadata (1.6 kB)
Collecting click>=8.1.3 (from flask)
  Downloading click-8.2.1-py3-none-any.whl.metadata (2.5 kB)
Collecting itsdangerous>=2.2.0 (from flask)
  Downloading itsdangerous-2.2.0-py3-none-any.whl.metadata (1.9 kB)
Collecting jinja2>=3.1.2 (from flask)
  Downloading jinja2-3.1.6-py3-none-any.whl.metadata (2.9 kB)
Collecting markupsafe>=2.1.1 (from flask)
  Downloading MarkupSafe-3.0.2-cp313-cp313-manylinux_2_17_x86_64.manylinux2014_x86_64.whl.metadata (4.0 kB)
Collecting werkzeug>=3.1.0 (from flask)
  Downloading werkzeug-3.1.3-py3-none-any.whl.metadata (3.7 kB)
Collecting charset_normalizer<4,>=2 (from requests)
  Downloading charset_normalizer-3.4.2-cp313-cp313-manylinux_2_17_x86_64.manylinux2014_x86_64.whl.metadata (35 kB)
Collecting idna<4,>=2.5 (from requests)
  Downloading idna-3.10-py3-none-any.whl.metadata (10 kB)
Collecting urllib3<3,>=1.21.1 (from requests)
  Downloading urllib3-2.5.0-py3-none-any.whl.metadata (6.5 kB)
Collecting certifi>=2017.4.17 (from requests)
  Downloading certifi-2025.7.14-py3-none-any.whl.metadata (2.4 kB)
Collecting construct-typing<0.7.0,>=0.6.2 (from solana)
  Downloading construct_typing-0.6.2-py3-none-any.whl.metadata (7.1 kB)
Collecting httpx>=0.23.0 (from solana)
  Downloading httpx-0.28.1-py3-none-any.whl.metadata (7.1 kB)
Collecting solders<0.27,>=0.23 (from solana)
  Downloading solders-0.26.0-cp37-abi3-manylinux_2_17_x86_64.manylinux2014_x86_64.whl.metadata (3.6 kB)
Collecting typing-extensions>=4.2.0 (from solana)
  Downloading typing_extensions-4.14.1-py3-none-any.whl.metadata (3.0 kB)
Collecting websockets<=15.0.1,>=9.0 (from solana)
  Downloading websockets-15.0.1-cp313-cp313-manylinux_2_5_x86_64.manylinux1_x86_64.manylinux_2_17_x86_64.manylinux2014_x86_64.whl.metadata (6.8 kB)
Collecting construct==2.10.68 (from construct-typing<0.7.0,>=0.6.2->solana)
  Downloading construct-2.10.68.tar.gz (57 kB)
  Installing build dependencies ... done
  Getting requirements to build wheel ... done
  Preparing metadata (pyproject.toml) ... done
Collecting anyio (from httpx>=0.23.0->solana)
  Downloading anyio-4.9.0-py3-none-any.whl.metadata (4.7 kB)
Collecting httpcore==1.* (from httpx>=0.23.0->solana)
  Downloading httpcore-1.0.9-py3-none-any.whl.metadata (21 kB)
Collecting h11>=0.16 (from httpcore==1.*->httpx>=0.23.0->solana)
  Downloading h11-0.16.0-py3-none-any.whl.metadata (8.3 kB)
Collecting jsonalias==0.1.1 (from solders<0.27,>=0.23->solana)
  Downloading jsonalias-0.1.1-py3-none-any.whl.metadata (469 bytes)
Collecting sniffio>=1.1 (from anyio->httpx>=0.23.0->solana)
  Downloading sniffio-1.3.1-py3-none-any.whl.metadata (3.9 kB)
Downloading flask-3.1.1-py3-none-any.whl (103 kB)
Downloading requests-2.32.4-py3-none-any.whl (64 kB)
Downloading solana-0.36.7-py3-none-any.whl (62 kB)
Downloading blinker-1.9.0-py3-none-any.whl (8.5 kB)
Downloading certifi-2025.7.14-py3-none-any.whl (162 kB)
Downloading charset_normalizer-3.4.2-cp313-cp313-manylinux_2_17_x86_64.manylinux2014_x86_64.whl (148 kB)
Downloading click-8.2.1-py3-none-any.whl (102 kB)
Downloading construct_typing-0.6.2-py3-none-any.whl (23 kB)
Downloading httpx-0.28.1-py3-none-any.whl (73 kB)
Downloading httpcore-1.0.9-py3-none-any.whl (78 kB)
Downloading idna-3.10-py3-none-any.whl (70 kB)
Downloading itsdangerous-2.2.0-py3-none-any.whl (16 kB)
Downloading jinja2-3.1.6-py3-none-any.whl (134 kB)
Downloading MarkupSafe-3.0.2-cp313-cp313-manylinux_2_17_x86_64.manylinux2014_x86_64.whl (23 kB)
Downloading solders-0.26.0-cp37-abi3-manylinux_2_17_x86_64.manylinux2014_x86_64.whl (13.5 MB)
   ━━━━━━━━━━━━━━━━━━━━━━━━━━━━━━━━━━━━━━━━ 13.5/13.5 MB 110.9 MB/s eta 0:00:00
Downloading jsonalias-0.1.1-py3-none-any.whl (1.3 kB)
Downloading typing_extensions-4.14.1-py3-none-any.whl (43 kB)
Downloading urllib3-2.5.0-py3-none-any.whl (129 kB)
Downloading websockets-15.0.1-cp313-cp313-manylinux_2_5_x86_64.manylinux1_x86_64.manylinux_2_17_x86_64.manylinux2014_x86_64.whl (182 kB)
Downloading werkzeug-3.1.3-py3-none-any.whl (224 kB)
Downloading anyio-4.9.0-py3-none-any.whl (100 kB)
Downloading h11-0.16.0-py3-none-any.whl (37 kB)
Downloading sniffio-1.3.1-py3-none-any.whl (10 kB)
Building wheels for collected packages: construct
  Building wheel for construct (pyproject.toml) ... done
  Created wheel for construct: filename=construct-2.10.68-py3-none-any.whl size=59317 sha256=5cf5cc82137af922096df03910335005269cd3c4d959918fdffe1dfbc6c37165
  Stored in directory: /root/.cache/pip/wheels/9f/6c/84/97b0d63d17aeee1b0638247eca150d5ac452cc6b711ea91304
Successfully built construct
Installing collected packages: websockets, urllib3, typing-extensions, sniffio, markupsafe, jsonalias, itsdangerous, idna, h11, construct, click, charset_normal
izer, certifi, blinker, werkzeug, solders, requests, jinja2, httpcore, construct-typing, anyio, httpx, flask, solana
Successfully installed anyio-4.9.0 blinker-1.9.0 certifi-2025.7.14 charset_normalizer-3.4.2 click-8.2.1 construct-2.10.68 construct-typing-0.6.2 flask-3.1.1 h11
-0.16.0 httpcore-1.0.9 httpx-0.28.1 idna-3.10 itsdangerous-2.2.0 jinja2-3.1.6 jsonalias-0.1.1 markupsafe-3.0.2 requests-2.32.4 sniffio-1.3.1 solana-0.36.7 solde
rs-0.26.0 typing-extensions-4.14.1 urllib3-2.5.0 websockets-15.0.1 werkzeug-3.1.3
WARNING: Running pip as the 'root' user can result in broken permissions and conflicting behaviour with the system package manager, possibly rendering your syst
em unusable.It is recommended to use a virtual environment instead: https://pip.pypa.io/warnings/venv. Use the --root-user-action option if you know what you ar
e doing and want to suppress this warning.

[notice] A new release of pip is available: 24.3.1 -> 25.1.1
[notice] To update, run: pip install --upgrade pip
root@cc795f2d9489:/app# echo "from flask import Flask, jsonify\nimport requests\n\napp = Flask(__name__)\n\n@app.route('/status', methods=['GET'])\ndef status()
:\n    # Connect to the Solana blockchain and retrieve status\n    return jsonify({'status': 'online', 'network': 'devnet', 'current_slot': 12345, 'node_count':
 10, 'version': '1.10.32'})\n\n@app.route('/block/<slot_number>', methods=['GET'])\ndef block(slot_number):\n    # Implement logic to get block details\n    ret
urn jsonify({'blockhash': 'example_hash', 'parent_slot': 12344, 'previous_blockhash': 'previous_hash', 'block_height': 100, 'block_time': '2023-10-03T00:00:00Z'
})\n\n@app.route('/transaction/<signature>', methods=['GET'])\ndef transaction(signature):\n    # Implement logic to get transaction details\n    return jsonify
({'signature': signature, 'slot': 12345, 'block_time': '2023-10-03T00:00:00Z', 'success': true, 'fee': 1000, 'token_transfers': []})\n\n@app.route('/account/<ad
dress>', methods=['GET'])\ndef account(address):\n    # Implement logic to get account details\n    return jsonify({'address': address, 'executable': false, 'la
mports': 1000000, 'owner': 'owner_address', 'rent_epoch': 123})\n\n@app.route('/program/<program_id>/accounts', methods=['GET'])\ndef program_accounts(program_i
d):\n    # Implement logic to get accounts owned by a program\n    return jsonify({'program_id': program_id, 'total_accounts': 100, 'limit': 10, 'offset': 0, 'a
ccounts': []})\n\nif __name__ == '__main__':\n    app.run(host='0.0.0.0', port=5000)" > server.py
root@cc795f2d9489:/app# python server.py &
[1] 102
root@cc795f2d9489:/app#   File "/app/server.py", line 1
    from flask import Flask, jsonify\nimport requests\n\napp = Flask(__name__)\n\n@app.route('/status', methods=['GET'])\ndef status():\n    # Connect to the So
lana blockchain and retrieve status\n    return jsonify({'status': 'online', 'network': 'devnet', 'current_slot': 12345, 'node_count': 10, 'version': '1.10.32'}
)\n\n@app.route('/block/<slot_number>', methods=['GET'])\ndef block(slot_number):\n    # Implement logic to get block details\n    return jsonify({'blockhash':
'example_hash', 'parent_slot': 12344, 'previous_blockhash': 'previous_hash', 'block_height': 100, 'block_time': '2023-10-03T00:00:00Z'})\n\n@app.route('/transac
tion/<signature>', methods=['GET'])\ndef transaction(signature):\n    # Implement logic to get transaction details\n    return jsonify({'signature': signature,
'slot': 12345, 'block_time': '2023-10-03T00:00:00Z', 'success': true, 'fee': 1000, 'token_transfers': []})\n\n@app.route('/account/<address>', methods=['GET'])\
ndef account(address):\n    # Implement log
                                     ^
SyntaxError: unexpected character after line continuation character
rm server.py; tmux wait -S done
[1]+  Exit 1                  python server.py
root@cc795f2d9489:/app# echo "from flask import Flask, jsonify\nimport requests\n\napp = Flask(__name__)\n\n@app.route('/status', methods=['GET'])\ndef status()
:\n    # Connect to the Solana blockchain and retrieve status\n    return jsonify({'status': 'online', 'network': 'devnet', 'current_slot': 12345, 'node_count':
 10, 'version': '1.10.32'})\n\n@app.route('/block/<slot_number>', methods=['GET'])\ndef block(slot_number):\n    # Implement logic to get block details\n    ret
urn jsonify({'blockhash': 'example_hash', 'parent_slot': 12344, 'previous_blockhash': 'previous_hash', 'block_height': 100, 'block_time': '2023-10-03T00:00:00Z'
})\n\n@app.route('/transaction/<signature>', methods=['GET'])\ndef transaction(signature):\n    # Implement logic to get transaction details\n    return jsonify
({'signature': signature, 'slot': 12345, 'block_time': '2023-10-03T00:00:00Z', 'success': true, 'fee': 1000, 'token_transfers': []})\n\n@app.route('/account/<ad
dress>', methods=['GET'])\ndef account(address):\n    # Implement logic to get account details\n    return jsonify({'address': address, 'executable': false, 'la
mports': 1000000, 'owner': 'owner_address', 'rent_epoch': 123})\n\n@app.route('/program/<program_id>/accounts', methods=['GET'])\ndef program_accounts(program_i
d):\n    # Implement logic to get accounts owned by a program\n    return jsonify({'program_id': program_id, 'total_accounts': 100, 'limit': 10, 'offset': 0, 'a
ccounts': []})\n\nif __name__ == '__main__':\n    app.run(host='0.0.0.0', port=5000)" > server.py
root@cc795f2d9489:/app# python server.py &
[1] 136
root@cc795f2d9489:/app#   File "/app/server.py", line 1
    from flask import Flask, jsonify\nimport requests\n\napp = Flask(__name__)\n\n@app.route('/status', methods=['GET'])\ndef status():\n    # Connect to the So
lana blockchain and retrieve status\n    return jsonify({'status': 'online', 'network': 'devnet', 'current_slot': 12345, 'node_count': 10, 'version': '1.10.32'}
)\n\n@app.route('/block/<slot_number>', methods=['GET'])\ndef block(slot_number):\n    # Implement logic to get block details\n    return jsonify({'blockhash':
'example_hash', 'parent_slot': 12344, 'previous_blockhash': 'previous_hash', 'block_height': 100, 'block_time': '2023-10-03T00:00:00Z'})\n\n@app.route('/transac
tion/<signature>', methods=['GET'])\ndef transaction(signature):\n    # Implement logic to get transaction details\n    return jsonify({'signature': signature,
'slot': 12345, 'block_time': '2023-10-03T00:00:00Z', 'success': true, 'fee': 1000, 'token_transfers': []})\n\n@app.route('/account/<address>', methods=['GET'])\
ndef account(address):\n    # Implement log
                                     ^
SyntaxError: unexpected character after line continuation character
rm server.py; tmux wait -S done
[1]+  Exit 1                  python server.py
root@cc795f2d9489:/app# cat <<EOF > server.py
> from flask import Flask, jsonify
> import requests
>
> app = Flask(__name__)
>
> @app.route('/status', methods=['GET'])
> def status():
>     # Connect to the Solana blockchain and retrieve status
>     return jsonify({'status': 'online', 'network': 'devnet', 'current_slot': 12345, 'node_count': 10, 'version': '1.10.32'})
>
> @app.route('/block/<slot_number>', methods=['GET'])
> def block(slot_number):
>     # Implement logic to get block details
>     return jsonify({'blockhash': 'example_hash', 'parent_slot': 12344, 'previous_blockhash': 'previous_hash', 'block_height': 100, 'block_time': '2023-10-03T0
0:00:00Z'})
>
> @app.route('/transaction/<signature>', methods=['GET'])
> def transaction(signature):
>     # Implement logic to get transaction details
>     return jsonify({'signature': signature, 'slot': 12345, 'block_time': '2023-10-03T00:00:00Z', 'success': true, 'fee': 1000, 'token_transfers': []})
>
> @app.route('/account/<address>', methods=['GET'])
> def account(address):
>     # Implement logic to get account details
>     return jsonify({'address': address, 'executable': false, 'lamports': 1000000, 'owner': 'owner_address', 'rent_epoch': 123})
>
> @app.route('/program/<program_id>/accounts', methods=['GET'])
> def program_accounts(program_id):
>     # Implement logic to get accounts owned by a program
>     return jsonify({'program_id': program_id, 'total_accounts': 100, 'limit': 10, 'offset': 0, 'accounts': []})
>
> if __name__ == '__main__':
>     app.run(host='0.0.0.0', port=5000)
> EOF
root@cc795f2d9489:/app# python server.py &
[1] 171
root@cc795f2d9489:/app# curl -s http://localhost:5000/status; tmux wait -S done
bash: curl: command not found
root@cc795f2d9489:/app#  * Serving Flask app 'server'
 * Debug mode: off
WARNING: This is a development server. Do not use it in a production deployment. Use a production WSGI server instead.
 * Running on all addresses (0.0.0.0)
 * Running on http://127.0.0.1:5000
 * Running on http://192.168.48.2:5000
Press CTRL+C to quit
apt-get update && apt-get install -y curl; tmux wait -S done
Get:1 http://deb.debian.org/debian bookworm InRelease [151 kB]
Get:2 http://deb.debian.org/debian bookworm-updates InRelease [55.4 kB]
Get:3 http://deb.debian.org/debian-security bookworm-security InRelease [48.0 kB]
Get:4 http://deb.debian.org/debian bookworm/main amd64 Packages [8793 kB]
Get:5 http://deb.debian.org/debian bookworm-updates/main amd64 Packages [756 B]
Get:6 http://deb.debian.org/debian-security bookworm-security/main amd64 Packages [272 kB]
Fetched 9320 kB in 1s (8827 kB/s)
Reading package lists... Done
Reading package lists... Done
Building dependency tree... Done
Reading state information... Done
The following additional packages will be installed:
  libbrotli1 libcurl4 libldap-2.5-0 libldap-common libnghttp2-14 libpsl5 librtmp1 libsasl2-2 libsasl2-modules libsasl2-modules-db libssh2-1 publicsuffix
Suggested packages:
  libsasl2-modules-gssapi-mit | libsasl2-modules-gssapi-heimdal libsasl2-modules-ldap libsasl2-modules-otp libsasl2-modules-sql
The following NEW packages will be installed:
  curl libbrotli1 libcurl4 libldap-2.5-0 libldap-common libnghttp2-14 libpsl5 librtmp1 libsasl2-2 libsasl2-modules libsasl2-modules-db libssh2-1 publicsuffix
0 upgraded, 13 newly installed, 0 to remove and 30 not upgraded.
Need to get 1839 kB of archives.
After this operation, 4550 kB of additional disk space will be used.
Get:1 http://deb.debian.org/debian bookworm/main amd64 libbrotli1 amd64 1.0.9-2+b6 [275 kB]
Get:2 http://deb.debian.org/debian bookworm/main amd64 libsasl2-modules-db amd64 2.1.28+dfsg-10 [20.3 kB]
Get:3 http://deb.debian.org/debian bookworm/main amd64 libsasl2-2 amd64 2.1.28+dfsg-10 [59.7 kB]
Get:4 http://deb.debian.org/debian bookworm/main amd64 libldap-2.5-0 amd64 2.5.13+dfsg-5 [183 kB]
Get:5 http://deb.debian.org/debian bookworm/main amd64 libnghttp2-14 amd64 1.52.0-1+deb12u2 [73.0 kB]
Get:6 http://deb.debian.org/debian bookworm/main amd64 libpsl5 amd64 0.21.2-1 [58.7 kB]
Get:7 http://deb.debian.org/debian bookworm/main amd64 librtmp1 amd64 2.4+20151223.gitfa8646d.1-2+b2 [60.8 kB]
Get:8 http://deb.debian.org/debian bookworm/main amd64 libssh2-1 amd64 1.10.0-3+b1 [179 kB]
Get:9 http://deb.debian.org/debian bookworm/main amd64 libcurl4 amd64 7.88.1-10+deb12u12 [391 kB]
Get:10 http://deb.debian.org/debian bookworm/main amd64 curl amd64 7.88.1-10+deb12u12 [315 kB]
Get:11 http://deb.debian.org/debian bookworm/main amd64 libldap-common all 2.5.13+dfsg-5 [29.3 kB]
Get:12 http://deb.debian.org/debian bookworm/main amd64 libsasl2-modules amd64 2.1.28+dfsg-10 [66.6 kB]
Get:13 http://deb.debian.org/debian bookworm/main amd64 publicsuffix all 20230209.2326-1 [126 kB]
Fetched 1839 kB in 0s (16.4 MB/s)
debconf: delaying package configuration, since apt-utils is not installed
Selecting previously unselected package libbrotli1:amd64.
(Reading database ... 7590 files and directories currently installed.)
Preparing to unpack .../00-libbrotli1_1.0.9-2+b6_amd64.deb ...
Unpacking libbrotli1:amd64 (1.0.9-2+b6) ...
Selecting previously unselected package libsasl2-modules-db:amd64.
Preparing to unpack .../01-libsasl2-modules-db_2.1.28+dfsg-10_amd64.deb ...
Unpacking libsasl2-modules-db:amd64 (2.1.28+dfsg-10) ...
Selecting previously unselected package libsasl2-2:amd64.
Preparing to unpack .../02-libsasl2-2_2.1.28+dfsg-10_amd64.deb ...
Unpacking libsasl2-2:amd64 (2.1.28+dfsg-10) ...
Selecting previously unselected package libldap-2.5-0:amd64.
Preparing to unpack .../03-libldap-2.5-0_2.5.13+dfsg-5_amd64.deb ...
Unpacking libldap-2.5-0:amd64 (2.5.13+dfsg-5) ...
Selecting previously unselected package libnghttp2-14:amd64.
Preparing to unpack .../04-libnghttp2-14_1.52.0-1+deb12u2_amd64.deb ...
Unpacking libnghttp2-14:amd64 (1.52.0-1+deb12u2) ...
Selecting previously unselected package libpsl5:amd64.
Preparing to unpack .../05-libpsl5_0.21.2-1_amd64.deb ...
Unpacking libpsl5:amd64 (0.21.2-1) ...
Selecting previously unselected package librtmp1:amd64.
Preparing to unpack .../06-librtmp1_2.4+20151223.gitfa8646d.1-2+b2_amd64.deb ...
Unpacking librtmp1:amd64 (2.4+20151223.gitfa8646d.1-2+b2) ...
Selecting previously unselected package libssh2-1:amd64.
Preparing to unpack .../07-libssh2-1_1.10.0-3+b1_amd64.deb ...
Unpacking libssh2-1:amd64 (1.10.0-3+b1) ...
Selecting previously unselected package libcurl4:amd64.
Preparing to unpack .../08-libcurl4_7.88.1-10+deb12u12_amd64.deb ...
Unpacking libcurl4:amd64 (7.88.1-10+deb12u12) ...
Selecting previously unselected package curl.
Preparing to unpack .../09-curl_7.88.1-10+deb12u12_amd64.deb ...
Unpacking curl (7.88.1-10+deb12u12) ...
Selecting previously unselected package libldap-common.
Preparing to unpack .../10-libldap-common_2.5.13+dfsg-5_all.deb ...
Unpacking libldap-common (2.5.13+dfsg-5) ...
Selecting previously unselected package libsasl2-modules:amd64.
Preparing to unpack .../11-libsasl2-modules_2.1.28+dfsg-10_amd64.deb ...
Unpacking libsasl2-modules:amd64 (2.1.28+dfsg-10) ...
Selecting previously unselected package publicsuffix.
Preparing to unpack .../12-publicsuffix_20230209.2326-1_all.deb ...
Unpacking publicsuffix (20230209.2326-1) ...
Setting up libpsl5:amd64 (0.21.2-1) ...
Setting up libbrotli1:amd64 (1.0.9-2+b6) ...
Setting up libsasl2-modules:amd64 (2.1.28+dfsg-10) ...
Setting up libnghttp2-14:amd64 (1.52.0-1+deb12u2) ...
Setting up libldap-common (2.5.13+dfsg-5) ...
Setting up libsasl2-modules-db:amd64 (2.1.28+dfsg-10) ...
Setting up librtmp1:amd64 (2.4+20151223.gitfa8646d.1-2+b2) ...
Setting up libsasl2-2:amd64 (2.1.28+dfsg-10) ...
Setting up libssh2-1:amd64 (1.10.0-3+b1) ...
Setting up publicsuffix (20230209.2326-1) ...
Setting up libldap-2.5-0:amd64 (2.5.13+dfsg-5) ...
Setting up libcurl4:amd64 (7.88.1-10+deb12u12) ...
Setting up curl (7.88.1-10+deb12u12) ...
Processing triggers for libc-bin (2.36-9+deb12u9) ...
root@cc795f2d9489:/app# curl -s http://localhost:5000/status; tmux wait -S done
127.0.0.1 - - [15/Jul/2025 02:14:07] "GET /status HTTP/1.1" 200 -
{"current_slot":12345,"network":"devnet","node_count":10,"status":"online","version":"1.10.32"}
root@cc795f2d9489:/app#
