root@98c3639e317a:/app# asciinema rec --stdin /logs/agent.cast
asciinema: recording asciicast to /logs/agent.cast
asciinema: press <ctrl-d> or type "exit" when you're done
root@98c3639e317a:/app# clear
root@98c3639e317a:/app# qemu-system-x86_64 -m 512 -nographic -hda alpine.iso -net nic -net user,hostfwd=tcp::6665-:23 &
[1] 85
root@98c3639e317a:/app# WARNING: Image format was not specified for 'alpine.iso' and probing guessed raw.
         Automatically detecting the format is dangerous for raw images, write operations on block 0 will be restricted.
         Specify the 'raw' format explicitly to remove the restrictions.
netstat -tuln | grep 6665; tmux wait -S done
bash: netstat: command not found

[1]+  Stopped                 qemu-system-x86_64 -m 512 -nographic -hda alpine.iso -net nic -net user,hostfwd=tcp::6665-:23
root@98c3639e317a:/app# apk add --no-cache net-tools; tmux wait -S done
bash: apk: command not found
root@98c3639e317a:/app# qemu-system-x86_64 -m 512 -nographic -hda alpine.iso -net nic -net user,hostfwd=tcp::6665-:23 -drive format=raw,file=alpine.iso &
[2] 156
root@98c3639e317a:/app# WARNING: Image format was not specified for 'alpine.iso' and probing guessed raw.
         Automatically detecting the format is dangerous for raw images, write operations on block 0 will be restricted.
         Specify the 'raw' format explicitly to remove the restrictions.
qemu-system-x86_64: Could not set up host forwarding rule 'tcp::6665-:23'
netstat -tuln | grep 6665; tmux wait -S done
bash: netstat: command not found
[2]-  Exit 1                  qemu-system-x86_64 -m 512 -nographic -hda alpine.iso -net nic -net user,hostfwd=tcp::6665-:23 -drive format=raw,file=alpine.iso
root@98c3639e317a:/app# qemu-system-x86_64 -m 512 -nographic -hda alpine.iso -net nic -net user &
[2] 197
root@98c3639e317a:/app# WARNING: Image format was not specified for 'alpine.iso' and probing guessed raw.
         Automatically detecting the format is dangerous for raw images, write operations on block 0 will be restricted.
         Specify the 'raw' format explicitly to remove the restrictions.
ss -tuln | grep LISTEN; tmux wait -S done
bash: ss: command not found

[2]+  Stopped                 qemu-system-x86_64 -m 512 -nographic -hda alpine.iso -net nic -net user
root@98c3639e317a:/app# qemu-system-x86_64 -m 512 -nographic -hda alpine.iso -drive format=raw,file=alpine.iso &
[3] 238
root@98c3639e317a:/app# WARNING: Image format was not specified for 'alpine.iso' and probing guessed raw.
         Automatically detecting the format is dangerous for raw images, write operations on block 0 will be restricted.
         Specify the 'raw' format explicitly to remove the restrictions.
ps aux | grep qemu; tmux wait -S done
bash: ps: command not found

[3]+  Stopped                 qemu-system-x86_64 -m 512 -nographic -hda alpine.iso -drive format=raw,file=alpine.iso
root@98c3639e317a:/app# qemu-system-x86_64 -m 512 -nographic -hda alpine.iso -drive format=raw,file=alpine.iso &
[4] 279
root@98c3639e317a:/app# WARNING: Image format was not specified for 'alpine.iso' and probing guessed raw.
         Automatically detecting the format is dangerous for raw images, write operations on block 0 will be restricted.
         Specify the 'raw' format explicitly to remove the restrictions.
echo 'QEMU should be running now, check manually if necessary.'
QEMU should be running now, check manually if necessary.

[4]+  Stopped                 qemu-system-x86_64 -m 512 -nographic -hda alpine.iso -drive format=raw,file=alpine.iso
root@98c3639e317a:/app# qemu-system-x86_64 -m 512 -nographic -hda alpine.iso -drive format=raw,file=alpine.iso -net none &
[5] 310
root@98c3639e317a:/app# WARNING: Image format was not specified for 'alpine.iso' and probing guessed raw.
         Automatically detecting the format is dangerous for raw images, write operations on block 0 will be restricted.
         Specify the 'raw' format explicitly to remove the restrictions.
echo 'Attempting to start QEMU without networking.'
Attempting to start QEMU without networking.

[5]+  Stopped                 qemu-system-x86_64 -m 512 -nographic -hda alpine.iso -drive format=raw,file=alpine.iso -net none
root@98c3639e317a:/app# file alpine.iso; tmux wait -S done
bash: file: command not found
root@98c3639e317a:/app# qemu-system-x86_64 -m 512 -nographic -hda alpine.iso -drive format=raw,file=alpine.iso -net none &
[6] 355
root@98c3639e317a:/app# WARNING: Image format was not specified for 'alpine.iso' and probing guessed raw.
         Automatically detecting the format is dangerous for raw images, write operations on block 0 will be restricted.
         Specify the 'raw' format explicitly to remove the restrictions.
qemu-system-x86_64 -m 512 -nographic -cdrom alpine.iso -boot d &
[7] 380

[6]+  Stopped                 qemu-system-x86_64 -m 512 -nographic -hda alpine.iso -drive format=raw,file=alpine.iso -net none
root@98c3639e317a:/app# echo 'Attempting to boot QEMU with the CD-ROM option.'
Attempting to boot QEMU with the CD-ROM option.

[7]+  Stopped                 qemu-system-x86_64 -m 512 -nographic -cdrom alpine.iso -boot d
root@98c3639e317a:/app# qemu-system-x86_64 -m 512 -nographic &
[8] 410
root@98c3639e317a:/app# echo 'Attempting to start QEMU with no image attached.'
Attempting to start QEMU with no image attached.

[8]+  Stopped                 qemu-system-x86_64 -m 512 -nographic
root@98c3639e317a:/app# qemu-system-x86_64 -m 512 -nographic -bios /usr/share/qemu/bios.bin &
[9] 439
root@98c3639e317a:/app# echo 'Attempting to start QEMU with BIOS only.'
Attempting to start QEMU with BIOS only.

[9]+  Stopped                 qemu-system-x86_64 -m 512 -nographic -bios /usr/share/qemu/bios.bin
root@98c3639e317a:/app# ls -la; tmux wait -S done
total 980176
drwxr-xr-x 1 root root       4096 Jul 11 19:52 .
drwxr-xr-x 1 root root       4096 Jul 15 00:15 ..
-rw-r--r-- 1 root root     197120 Jul 11 19:52 alpine-disk.qcow2
-rw-r--r-- 1 root root 1003487232 Dec  7  2023 alpine.iso
root@98c3639e317a:/app# qemu-system-x86_64 -m 512 -nographic -hda alpine-disk.qcow2 &
[10] 500
root@98c3639e317a:/app# echo 'Attempting to start QEMU with the QCOW2 disk image.'
Attempting to start QEMU with the QCOW2 disk image.

[10]+  Stopped                 qemu-system-x86_64 -m 512 -nographic -hda alpine-disk.qcow2
root@98c3639e317a:/app# qemu-system-x86_64 -m 512 -nographic -no-reboot -no-shutdown &
[11] 530
root@98c3639e317a:/app# echo 'Attempting to start QEMU with no images attached and without rebooting or shutting down.'
Attempting to start QEMU with no images attached and without rebooting or shutting down.

[11]+  Stopped                 qemu-system-x86_64 -m 512 -nographic -no-reboot -no-shutdown
root@98c3639e317a:/app# qemu-system-x86_64 --version; tmux wait -S done
QEMU emulator version 5.2.0 (Debian 1:5.2+dfsg-11+deb11u4)
Copyright (c) 2003-2020 Fabrice Bellard and the QEMU Project developers
root@98c3639e317a:/app# free -m; tmux wait -S done
bash: free: command not found
root@98c3639e317a:/app# lscpu; tmux wait -S done
Architecture:                            x86_64
CPU op-mode(s):                          32-bit, 64-bit
Byte Order:                              Little Endian
Address sizes:                           48 bits physical, 48 bits virtual
CPU(s):                                  16
On-line CPU(s) list:                     0-15
Thread(s) per core:                      2
Core(s) per socket:                      8
Socket(s):                               1
NUMA node(s):                            1
Vendor ID:                               AuthenticAMD
CPU family:                              23
Model:                                   49
Model name:                              AMD EPYC 7B12
Stepping:                                0
CPU MHz:                                 2249.998
BogoMIPS:                                4499.99
Hypervisor vendor:                       KVM
Virtualization type:                     full
L1d cache:                               256 KiB
L1i cache:                               256 KiB
L2 cache:                                4 MiB
L3 cache:                                32 MiB
NUMA node0 CPU(s):                       0-15
Vulnerability Gather data sampling:      Not affected
Vulnerability Indirect target selection: Not affected
Vulnerability Itlb multihit:             Not affected
Vulnerability L1tf:                      Not affected
Vulnerability Mds:                       Not affected
Vulnerability Meltdown:                  Not affected
Vulnerability Mmio stale data:           Not affected
Vulnerability Reg file data sampling:    Not affected
Vulnerability Retbleed:                  Mitigation; untrained return thunk; SMT enabled with STIBP protection
Vulnerability Spec rstack overflow:      Mitigation; safe RET
Vulnerability Spec store bypass:         Mitigation; Speculative Store Bypass disabled via prctl
Vulnerability Spectre v1:                Mitigation; usercopy/swapgs barriers and __user pointer sanitization
Vulnerability Spectre v2:                Mitigation; Retpolines; IBPB conditional; STIBP always-on; RSB filling; PBRSB-eIBRS Not affected; BHI Not affected
Vulnerability Srbds:                     Not affected
Vulnerability Tsx async abort:           Not affected
Flags:                                   fpu vme de pse tsc msr pae mce cx8 apic sep mtrr pge mca cmov pat pse36 clflush mmx fxsr sse sse2 ht syscall nx mmxext
                                         fxsr_opt pdpe1gb rdtscp lm constant_tsc rep_good nopl nonstop_tsc cpuid extd_apicid tsc_known_freq pni pclmulqdq ssse3
                                         fma cx16 sse4_1 sse4_2 x2apic movbe popcnt aes xsave avx f16c rdrand hypervisor lahf_lm cmp_legacy cr8_legacy abm sse4a
                                          misalignsse 3dnowprefetch osvw topoext ssbd ibrs ibpb stibp vmmcall fsgsbase tsc_adjust bmi1 avx2 smep bmi2 rdseed adx
                                          smap clflushopt clwb sha_ni xsaveopt xsavec xgetbv1 clzero xsaveerptr arat npt nrip_save umip rdpid
root@98c3639e317a:/app# qemu-system-x86_64 -m 512 -nographic -kernel /path/to/your/kernel -append "console=ttyS0"; tmux wait -S done
qemu: could not open kernel file '/path/to/your/kernel': No such file or directory
root@98c3639e317a:/app# echo 'Attempting to start QEMU with a minimal kernel approach.'
Attempting to start QEMU with a minimal kernel approach.
root@98c3639e317a:/app# qemu-system-x86_64 -m 512 -nographic -hda alpine-disk.qcow2 -monitor stdio -serial stdio &
[12] 676
root@98c3639e317a:/app# echo 'Attempting to start QEMU with logging enabled for monitoring.'
Attempting to start QEMU with logging enabled for monitoring.

[12]+  Stopped                 qemu-system-x86_64 -m 512 -nographic -hda alpine-disk.qcow2 -monitor stdio -serial stdio
root@98c3639e317a:/app# qemu-system-x86_64 -m 512 -nographic -hda alpine-disk.qcow2 -boot d -display none -serial stdio &
[13] 706
root@98c3639e317a:/app# echo 'Attempting to run QEMU with minimal boot command and no display.'
Attempting to run QEMU with minimal boot command and no display.

[13]+  Stopped                 qemu-system-x86_64 -m 512 -nographic -hda alpine-disk.qcow2 -boot d -display none -serial stdio
root@98c3639e317a:/app# qemu-system-x86_64 -m 512 -nographic -hda alpine-disk.qcow2 -boot d -D qemu.log &
[14] 736
root@98c3639e317a:/app# qemu-system-x86_64: -hda alpine-disk.qcow2: Failed to get "write" lock
Is another process using the image [alpine-disk.qcow2]?
echo 'Attempting to run QEMU with logging to qemu.log for troubleshooting.'
Attempting to run QEMU with logging to qemu.log for troubleshooting.
[14]   Exit 1                  qemu-system-x86_64 -m 512 -nographic -hda alpine-disk.qcow2 -boot d -D qemu.log
root@98c3639e317a:/app# ps aux | grep qemu; tmux wait -S done
bash: ps: command not found
root@98c3639e317a:/app# pkill qemu
bash: pkill: command not found
root@98c3639e317a:/app# mkdir /tmp/qemu-test; tmux wait -S done
root@98c3639e317a:/app# cp alpine-disk.qcow2 /tmp/qemu-test/ ; tmux wait -S done
root@98c3639e317a:/app# cd /tmp/qemu-test; tmux wait -S done
root@98c3639e317a:/tmp/qemu-test# qemu-system-x86_64 -m 512 -nographic -hda alpine-disk.qcow2 -boot d -D qemu.log &
[14] 848
root@98c3639e317a:/tmp/qemu-test# echo 'Attempting to run QEMU from a new directory to avoid locking issues.'
Attempting to run QEMU from a new directory to avoid locking issues.

[14]+  Stopped                 qemu-system-x86_64 -m 512 -nographic -hda alpine-disk.qcow2 -boot d -D qemu.log
root@98c3639e317a:/tmp/qemu-test# qemu-system-x86_64 -m 512 -hda alpine-disk.qcow2 &
[15] 879
root@98c3639e317a:/tmp/qemu-test# echo 'Attempting to run QEMU with the QCOW2 image in default mode.'
Attempting to run QEMU with the QCOW2 image in default mode.
root@98c3639e317a:/tmp/qemu-test# Unable to init server: Could not connect: Connection refused
qemu-system-x86_64: -hda alpine-disk.qcow2: Failed to get "write" lock
Is another process using the image [alpine-disk.qcow2]?
qemu-img create -f qcow2 /tmp/qemu-test/new-alpine.qcow2 512M; tmux wait -S done
Formatting '/tmp/qemu-test/new-alpine.qcow2', fmt=qcow2 cluster_size=65536 extended_l2=off compression_type=zlib size=536870912 lazy_refcounts=off refcount_bits
=16
[15]   Exit 1                  qemu-system-x86_64 -m 512 -hda alpine-disk.qcow2
root@98c3639e317a:/tmp/qemu-test# echo 'Creating a new QCOW2 image for testing.'
Creating a new QCOW2 image for testing.
root@98c3639e317a:/tmp/qemu-test# qemu-system-x86_64 -m 512 -nographic -hda /tmp/qemu-test/new-alpine.qcow2 -boot d &
[15] 949
root@98c3639e317a:/tmp/qemu-test# echo 'Attempting to run QEMU with the newly created QCOW2 image.'
Attempting to run QEMU with the newly created QCOW2 image.

[15]+  Stopped                 qemu-system-x86_64 -m 512 -nographic -hda /tmp/qemu-test/new-alpine.qcow2 -boot d
root@98c3639e317a:/tmp/qemu-test# qemu-system-x86_64 -m 512 -enable-kvm -hda /tmp/qemu-test/new-alpine.qcow2 -boot d &
[16] 980
root@98c3639e317a:/tmp/qemu-test# Unable to init server: Could not connect: Connection refused
qemu-system-x86_64: -hda /tmp/qemu-test/new-alpine.qcow2: Failed to get "write" lock
Is another process using the image [/tmp/qemu-test/new-alpine.qcow2]?
echo 'Attempting to run QEMU with KVM enabled.'
Attempting to run QEMU with KVM enabled.
[16]   Exit 1                  qemu-system-x86_64 -m 512 -enable-kvm -hda /tmp/qemu-test/new-alpine.qcow2 -boot d
root@98c3639e317a:/tmp/qemu-test# echo 'Please consider restarting the terminal session or the container to clear any locks on the image files.'
Please consider restarting the terminal session or the container to clear any locks on the image files.
root@98c3639e317a:/tmp/qemu-test# echo 'If possible, restart the terminal session or the container to clear any locks on the image files.'
If possible, restart the terminal session or the container to clear any locks on the image files.
root@98c3639e317a:/tmp/qemu-test# echo 'Please consider restarting the terminal session or the container to clear any locks on the image files.'
Please consider restarting the terminal session or the container to clear any locks on the image files.
root@98c3639e317a:/tmp/qemu-test# echo 'Please consider restarting the terminal session or the container to clear any locks on the image files.'
Please consider restarting the terminal session or the container to clear any locks on the image files.
root@98c3639e317a:/tmp/qemu-test# echo 'Please restart your terminal session or the container to resolve locking issues with QEMU images.'
Please restart your terminal session or the container to resolve locking issues with QEMU images.
root@98c3639e317a:/tmp/qemu-test# echo 'Please restart your terminal session or the container to clear any locks on the image files.'
Please restart your terminal session or the container to clear any locks on the image files.
root@98c3639e317a:/tmp/qemu-test# echo 'If possible, restart the terminal session or the container to clear any locks on the image files.'
If possible, restart the terminal session or the container to clear any locks on the image files.
root@98c3639e317a:/tmp/qemu-test# echo 'Consider using a different environment for running QEMU if the issue persists.'
Consider using a different environment for running QEMU if the issue persists.
root@98c3639e317a:/tmp/qemu-test# echo 'Please restart your terminal session or the container to clear any locks on the image files.'
Please restart your terminal session or the container to clear any locks on the image files.
root@98c3639e317a:/tmp/qemu-test# echo 'If possible, restart the terminal session or the container to clear any locks on the image files.'
If possible, restart the terminal session or the container to clear any locks on the image files.
root@98c3639e317a:/tmp/qemu-test# echo 'Consider using a different environment for running QEMU if the issue persists.'
Consider using a different environment for running QEMU if the issue persists.
root@98c3639e317a:/tmp/qemu-test# echo 'Please restart your terminal session or the container to clear any locks on the image files.'
Please restart your terminal session or the container to clear any locks on the image files.
root@98c3639e317a:/tmp/qemu-test# echo 'If possible, restart the terminal session or the container to clear any locks on the image files.'
If possible, restart the terminal session or the container to clear any locks on the image files.
root@98c3639e317a:/tmp/qemu-test# echo 'Consider using a different environment for running QEMU if the issue persists.'
Consider using a different environment for running QEMU if the issue persists.
root@98c3639e317a:/tmp/qemu-test# echo 'Please restart your terminal session or the container to clear any locks on the image files.'
Please restart your terminal session or the container to clear any locks on the image files.
root@98c3639e317a:/tmp/qemu-test# echo 'If possible, restart the terminal session or the container to clear any locks on the image files.'
If possible, restart the terminal session or the container to clear any locks on the image files.
root@98c3639e317a:/tmp/qemu-test# echo 'Consider using a different environment for running QEMU if the issue persists.'
Consider using a different environment for running QEMU if the issue persists.
root@98c3639e317a:/tmp/qemu-test# echo 'Please restart your terminal session or the container to clear any locks on the image files.'
Please restart your terminal session or the container to clear any locks on the image files.
root@98c3639e317a:/tmp/qemu-test# echo 'If possible, restart the terminal session or the container to clear any locks on the image files.'
If possible, restart the terminal session or the container to clear any locks on the image files.
root@98c3639e317a:/tmp/qemu-test# echo 'Consider using a different environment for running QEMU if the issue persists.'
Consider using a different environment for running QEMU if the issue persists.
root@98c3639e317a:/tmp/qemu-test# echo 'Please restart your terminal session or the container to clear any locks on the image files.'
Please restart your terminal session or the container to clear any locks on the image files.
root@98c3639e317a:/tmp/qemu-test# echo 'If possible, restart the terminal session or the container to clear any locks on the image files.'
If possible, restart the terminal session or the container to clear any locks on the image files.
root@98c3639e317a:/tmp/qemu-test# echo 'Consider using a different environment for running QEMU if the issue persists.'
Consider using a different environment for running QEMU if the issue persists.
root@98c3639e317a:/tmp/qemu-test# echo 'Please restart your terminal session or the container to clear any locks on the image files.'
Please restart your terminal session or the container to clear any locks on the image files.
root@98c3639e317a:/tmp/qemu-test# echo 'If possible, restart the terminal session or the container to clear any locks on the image files.'
If possible, restart the terminal session or the container to clear any locks on the image files.
root@98c3639e317a:/tmp/qemu-test# echo 'Consider using a different environment for running QEMU if the issue persists.'
Consider using a different environment for running QEMU if the issue persists.
root@98c3639e317a:/tmp/qemu-test# echo 'Please restart your terminal session or the container to clear any locks on the image files.'
Please restart your terminal session or the container to clear any locks on the image files.
root@98c3639e317a:/tmp/qemu-test# echo 'If possible, restart the terminal session or the container to clear any locks on the image files.'
If possible, restart the terminal session or the container to clear any locks on the image files.
root@98c3639e317a:/tmp/qemu-test# echo 'Consider using a different environment for running QEMU if the issue persists.'
Consider using a different environment for running QEMU if the issue persists.
root@98c3639e317a:/tmp/qemu-test# echo 'Please restart your terminal session or the container to clear any locks on the image files.'
Please restart your terminal session or the container to clear any locks on the image files.
root@98c3639e317a:/tmp/qemu-test# echo 'If possible, restart the terminal session or the container to clear any locks on the image files.'
If possible, restart the terminal session or the container to clear any locks on the image files.
root@98c3639e317a:/tmp/qemu-test# echo 'Consider using a different environment for running QEMU if the issue persists.'
Consider using a different environment for running QEMU if the issue persists.
root@98c3639e317a:/tmp/qemu-test# echo 'Please restart your terminal session or the container to clear any locks on the image files.'
Please restart your terminal session or the container to clear any locks on the image files.
root@98c3639e317a:/tmp/qemu-test# echo 'If possible, restart the terminal session or the container to clear any locks on the image files.'
If possible, restart the terminal session or the container to clear any locks on the image files.
root@98c3639e317a:/tmp/qemu-test# echo 'Consider using a different environment for running QEMU if the issue persists.'
Consider using a different environment for running QEMU if the issue persists.
root@98c3639e317a:/tmp/qemu-test# echo 'Please consider restarting the terminal session or the container to clear any locks on the image files.'
Please consider restarting the terminal session or the container to clear any locks on the image files.
root@98c3639e317a:/tmp/qemu-test# echo 'If possible, restart the terminal session or the container to clear any locks on the image files.'
If possible, restart the terminal session or the container to clear any locks on the image files.
root@98c3639e317a:/tmp/qemu-test# echo 'Consider using a different environment for running QEMU if the issue persists.'
Consider using a different environment for running QEMU if the issue persists.
root@98c3639e317a:/tmp/qemu-test# echo 'Please restart your terminal session or the container to clear any locks on the image files.'
Please restart your terminal session or the container to clear any locks on the image files.
root@98c3639e317a:/tmp/qemu-test# echo 'If possible, restart the terminal session or the container to clear any locks on the image files.'
If possible, restart the terminal session or the container to clear any locks on the image files.
root@98c3639e317a:/tmp/qemu-test# echo 'Consider using a different environment for running QEMU if the issue persists.'
Consider using a different environment for running QEMU if the issue persists.
root@98c3639e317a:/tmp/qemu-test# echo 'Please restart your terminal session or the container to clear any locks on the image files.'
Please restart your terminal session or the container to clear any locks on the image files.
root@98c3639e317a:/tmp/qemu-test# echo 'If possible, restart the terminal session or the container to clear any locks on the image files.'
If possible, restart the terminal session or the container to clear any locks on the image files.
root@98c3639e317a:/tmp/qemu-test# echo 'Consider using a different environment for running QEMU if the issue persists.'
Consider using a different environment for running QEMU if the issue persists.
root@98c3639e317a:/tmp/qemu-test# echo 'Please restart your terminal session or the container to clear any locks on the image files.'
Please restart your terminal session or the container to clear any locks on the image files.
root@98c3639e317a:/tmp/qemu-test# echo 'If possible, restart the terminal session or the container to clear any locks on the image files.'
If possible, restart the terminal session or the container to clear any locks on the image files.
root@98c3639e317a:/tmp/qemu-test# echo 'Consider using a different environment for running QEMU if the issue persists.'
Consider using a different environment for running QEMU if the issue persists.
root@98c3639e317a:/tmp/qemu-test# echo 'Please restart your terminal session or the container to clear any locks on the image files.'
Please restart your terminal session or the container to clear any locks on the image files.
root@98c3639e317a:/tmp/qemu-test# echo 'If possible, restart the terminal session or the container to clear any locks on the image files.'
If possible, restart the terminal session or the container to clear any locks on the image files.
root@98c3639e317a:/tmp/qemu-test# echo 'Consider using a different environment for running QEMU if the issue persists.'
Consider using a different environment for running QEMU if the issue persists.
root@98c3639e317a:/tmp/qemu-test# echo 'Please restart your terminal session or the container to clear any locks on the image files.'
Please restart your terminal session or the container to clear any locks on the image files.
root@98c3639e317a:/tmp/qemu-test# echo 'If possible, restart the terminal session or the container to clear any locks on the image files.'
If possible, restart the terminal session or the container to clear any locks on the image files.
root@98c3639e317a:/tmp/qemu-test# echo 'Consider using a different environment for running QEMU if the issue persists.'
Consider using a different environment for running QEMU if the issue persists.
root@98c3639e317a:/tmp/qemu-test# echo 'Please restart your terminal session or the container to clear any locks on the image files.'
Please restart your terminal session or the container to clear any locks on the image files.
root@98c3639e317a:/tmp/qemu-test# echo 'If possible, restart the terminal session or the container to clear any locks on the image files.'
If possible, restart the terminal session or the container to clear any locks on the image files.
root@98c3639e317a:/tmp/qemu-test# echo 'Consider using a different environment for running QEMU if the issue persists.'
Consider using a different environment for running QEMU if the issue persists.
root@98c3639e317a:/tmp/qemu-test# echo 'Please restart your terminal session or the container to clear any locks on the image files.'
Please restart your terminal session or the container to clear any locks on the image files.
root@98c3639e317a:/tmp/qemu-test# echo 'If possible, restart the terminal session or the container to clear any locks on the image files.'
If possible, restart the terminal session or the container to clear any locks on the image files.
root@98c3639e317a:/tmp/qemu-test# echo 'Consider using a different environment for running QEMU if the issue persists.'
Consider using a different environment for running QEMU if the issue persists.
root@98c3639e317a:/tmp/qemu-test# echo 'Please restart your terminal session or the container to clear any locks on the image files.'
Please restart your terminal session or the container to clear any locks on the image files.
root@98c3639e317a:/tmp/qemu-test# echo 'If possible, restart the terminal session or the container to clear any locks on the image files.'
If possible, restart the terminal session or the container to clear any locks on the image files.
root@98c3639e317a:/tmp/qemu-test# echo 'Consider using a different environment for running QEMU if the issue persists.'
Consider using a different environment for running QEMU if the issue persists.
root@98c3639e317a:/tmp/qemu-test#
