root@9b8861356185:/app# ls -la; tmux wait -S done
total 24
drwxr-xr-x 1 root root 4096 Jul 15 01:00 .
drwxr-xr-x 1 root root 4096 Jul 15 01:00 ..
--wx--x--x 1 root root  271 Jul 14 23:22 collect_data.sh
-rwxr-xr-x 1 root root  501 Jul 15 01:00 generate_report.sh
-rw-r--r-- 1 root root  340 Jul 15 01:00 process_data.sh
-rw-r--r-- 1 root root  548 Jul 14 23:22 run_pipeline.sh
root@9b8861356185:/app# cat run_pipeline.sh; tmux wait -S done
#!/bin/bash
# Main pipeline script that orchestrates the data processing workflow

echo "Starting the data pipeline..."

# Step 1: Collect data
./collect_data.sh
if [ $? -ne 0 ]; then
    echo "Error: Data collection failed!"
    exit 1
fi

# Step 2: Process the collected data
./process_data.sh
if [ $? -ne 0 ]; then
    echo "Error: Data processing failed!"
    exit 1
fi

# Step 3: Generate final report
./generate_report.sh
if [ $? -ne 0 ]; then
    echo "Error: Report generation failed!"
    exit 1
fi

echo "Pipeline completed successfully!"root@9b8861356185:/app# chmod a+x collect_data.sh; tmux wait -S done
root@9b8861356185:/app# ./run_pipeline.sh; tmux wait -S done
bash: ./run_pipeline.sh: Permission denied
root@9b8861356185:/app# chmod a+x run_pipeline.sh; tmux wait -S done
root@9b8861356185:/app# ./run_pipeline.sh; tmux wait -S done
Starting the data pipeline...
Data collected successfully!
./run_pipeline.sh: line 14: ./process_data.sh: Permission denied
Error: Data processing failed!
root@9b8861356185:/app# chmod a+x process_data.sh; tmux wait -S done
root@9b8861356185:/app# ./run_pipeline.sh; tmux wait -S done
Starting the data pipeline...
Data collected successfully!
./run_pipeline.sh: line 14: ./process_data.sh: cannot execute: required file not found
Error: Data processing failed!
root@9b8861356185:/app# ls -la process_data.sh; tmux wait -S done
-rwxr-xr-x 1 root root 340 Jul 15 01:00 process_data.sh
root@9b8861356185:/app# cat process_data.sh; tmux wait -S done
#!/bin/bash
# Data processing script

# Check if input data exists
if [ -f "/data/output/raw_data.txt" ]; then
    # Process the data
    cat /data/output/raw_data.txt | tr 'a-z' 'A-Z' > /data/output/processed_data.txt
    echo "Data processed successfully!"
    exit 0
else
    echo "Error: Input data not found!"
    exit 1
firoot@9b8861356185:/app# ls -la /data/output/; tmux wait -S done
total 16
d--------- 1 root root 4096 Jul 15 01:00 .
drwxr-xr-x 1 root root 4096 Jul 15 01:00 ..
-rw-r--r-- 1 root root   10 Jul 15 01:00 raw_data.txt
root@9b8861356185:/app# chmod 755 /data/output/; tmux wait -S done
root@9b8861356185:/app# ./run_pipeline.sh; tmux wait -S done
Starting the data pipeline...
Data collected successfully!
./run_pipeline.sh: line 14: ./process_data.sh: cannot execute: required file not found
Error: Data processing failed!
root@9b8861356185:/app# ls -la /data/output/raw_data.txt; tmux wait -S done
-rw-r--r-- 1 root root 10 Jul 15 01:01 /data/output/raw_data.txt
root@9b8861356185:/app# chmod 644 /data/output/raw_data.txt; tmux wait -S done
root@9b8861356185:/app# ./run_pipeline.sh; tmux wait -S done
Starting the data pipeline...
Data collected successfully!
./run_pipeline.sh: line 14: ./process_data.sh: cannot execute: required file not found
Error: Data processing failed!
root@9b8861356185:/app# cat process_data.sh | head -n 1; tmux wait -S done
#!/bin/bash
root@9b8861356185:/app# ./process_data.sh; tmux wait -S done
bash: ./process_data.sh: cannot execute: required file not found
root@9b8861356185:/app# bash -x ./process_data.sh; tmux wait -S done
+ $'\r'
./process_data.sh: line 3: $'\r': command not found
./process_data.sh: line 13: syntax error near unexpected token `fi'
./process_data.sh: line 13: `fi'
root@9b8861356185:/app# dos2unix process_data.sh; tmux wait -S done
dos2unix: converting file process_data.sh to Unix format...
root@9b8861356185:/app# ./run_pipeline.sh; tmux wait -S done
Starting the data pipeline...
Data collected successfully!
Data processed successfully!
./run_pipeline.sh: line 21: ./generate_report.sh: cannot execute: required file not found
Error: Report generation failed!
root@9b8861356185:/app# ls -la generate_report.sh; tmux wait -S done
-rwxr-xr-x 1 root root 501 Jul 15 01:00 generate_report.sh
root@9b8861356185:/app# cat generate_report.sh; tmux wait -S done
#!/bin/nonexistent
# Report generation script

# Check if processed data exists
if [ -f "/data/output/processed_data.txt" ]; then
    # Generate the report
    echo "=== ANALYSIS REPORT ===" > /data/output/final_report.txt
    echo "Generated on: $(date)" >> /data/output/final_report.txt
    echo "Data summary: $(cat /data/output/processed_data.txt)" >> /data/output/final_report.txt
    echo "Report generated successfully!"
    exit 0
else
    echo "Error: Processed data not found!"
    exit 1
firoot@9b8861356185:/app# sed -i '1s|^.*$|#!/bin/bash|' generate_report.sh; tmux wait -S done
root@9b8861356185:/app# ./run_pipeline.sh; tmux wait -S done
Starting the data pipeline...
Data collected successfully!
Data processed successfully!
Report generated successfully!
Pipeline completed successfully!
root@9b8861356185:/app#
