root@8130e9ff7179:/app# echo "import torch\nimport torch.nn as nn\n\nclass RecoveredModel(nn.Module):\n    def __init__(self):\n        super(RecoveredModel, se
lf).__init__()\n        # Define the architecture based on /app/weights.pt here\n        self.output_layer = nn.Linear(in_features=..., out_features=...)  # Fil
l in the correct dimensions\n\n    def forward(self, x):\n        # Implement the forward pass\n        return self.output_layer(x)\n\nmodel = RecoveredModel()\
nmodel.load_state_dict(torch.load('/app/weights.pt'))\n\n# Load dataset\ndataset = torch.load('/app/dataset.pt')\ninputs, targets = dataset['inputs'], dataset['
targets']\n\n# Compute initial MSE loss\ncriterion = nn.MSELoss()\noutputs = model(inputs)\ninitial_loss = criterion(outputs, targets)\nprint('Initial MSE Loss:
', initial_loss.item())\n\n# Freeze all layers except the output layer\nfor param in model.parameters():\n    param.requires_grad = False\nfor param in model.ou
tput_layer.parameters():\n    param.requires_grad = True\n\n# Tuning the output layer here (use an optimizer and training loop)\n# Example: optimizer = torch.op
tim.SGD(model.output_layer.parameters(), lr=0.01)\n# optimizer.step()\n\n# Compute new MSE loss after tuning\nnew_outputs = model(inputs)\nnew_loss = criterion(
new_outputs, targets)\nprint('New MSE Loss:', new_loss.item())\n\n# Save the updated model\ntorch.jit.save(torch.jit.script(model), '/app/model.pt')" > /app/rec
over_and_tune.py
root@8130e9ff7179:/app# python3 /app/recover_and_tune.py; tmux wait -S done
  File "/app/recover_and_tune.py", line 1
    import torch\nimport torch.nn as nn\n\nclass RecoveredModel(nn.Module):\n    def __init__(self):\n        super(RecoveredModel, self).__init__()\n        #
Define the architecture based on /app/weights.pt here\n        self.output_layer = nn.Linear(in_features=..., out_features=...)  # Fill in the correct dimension
s\n\n    def forward(self, x):\n        # Implement the forward pass\n        return self.output_layer(x)\n\nmodel = RecoveredModel()\nmodel.load_state_dict(tor
ch.load('/app/weights.pt'))\n\n# Load dataset\ndataset = torch.load('/app/dataset.pt')\ninputs, targets = dataset['inputs'], dataset['targets']\n\n# Compute ini
tial MSE loss\ncriterion = nn.MSELoss()\noutputs = model(inputs)\ninitial_loss = criterion(outputs, targets)\nprint('Initial MSE Loss:', initial_loss.item())\n\
n# Freeze all layers except the output layer\nfor param in model.parameters():\n    param.requires_grad = False\nfor param in model.output_layer.parameters():\n
    param.requires_grad = True\n\n# Tuning
                 ^
SyntaxError: unexpected character after line continuation character
root@8130e9ff7179:/app# echo "import torch\nimport torch.nn as nn\n\nclass RecoveredModel(nn.Module):\n    def __init__(self):\n        super(RecoveredModel, se
lf).__init__()\n        # Define the architecture based on /app/weights.pt here\n        self.output_layer = nn.Linear(in_features=..., out_features=...)  # Fil
l in the correct dimensions\n\n    def forward(self, x):\n        # Implement the forward pass\n        return self.output_layer(x)\n\nmodel = RecoveredModel()\
nmodel.load_state_dict(torch.load('/app/weights.pt'))\n\n# Load dataset\ndataset = torch.load('/app/dataset.pt')\ninputs, targets = dataset['inputs'], dataset['
targets']\n\n# Compute initial MSE loss\ncriterion = nn.MSELoss()\noutputs = model(inputs)\ninitial_loss = criterion(outputs, targets)\nprint('Initial MSE Loss:
', initial_loss.item())\n\n# Freeze all layers except the output layer\nfor param in model.parameters():\n    param.requires_grad = False\nfor param in model.ou
tput_layer.parameters():\n    param.requires_grad = True\n\n# Tuning the output layer here (use an optimizer and training loop)\n# Example: optimizer = torch.op
tim.SGD(model.output_layer.parameters(), lr=0.01)\n# optimizer.step()\n\n# Compute new MSE loss after tuning\nnew_outputs = model(inputs)\nnew_loss = criterion(
new_outputs, targets)\nprint('New MSE Loss:', new_loss.item())\n\n# Save the updated model\ntorch.jit.save(torch.jit.script(model), '/app/model.pt')" > /app/rec
over_and_tune.py
root@8130e9ff7179:/app# python3 /app/recover_and_tune.py; tmux wait -S done; tmux wait -S done
  File "/app/recover_and_tune.py", line 1
    import torch\nimport torch.nn as nn\n\nclass RecoveredModel(nn.Module):\n    def __init__(self):\n        super(RecoveredModel, self).__init__()\n        #
Define the architecture based on /app/weights.pt here\n        self.output_layer = nn.Linear(in_features=..., out_features=...)  # Fill in the correct dimension
s\n\n    def forward(self, x):\n        # Implement the forward pass\n        return self.output_layer(x)\n\nmodel = RecoveredModel()\nmodel.load_state_dict(tor
ch.load('/app/weights.pt'))\n\n# Load dataset\ndataset = torch.load('/app/dataset.pt')\ninputs, targets = dataset['inputs'], dataset['targets']\n\n# Compute ini
tial MSE loss\ncriterion = nn.MSELoss()\noutputs = model(inputs)\ninitial_loss = criterion(outputs, targets)\nprint('Initial MSE Loss:', initial_loss.item())\n\
n# Freeze all layers except the output layer\nfor param in model.parameters():\n    param.requires_grad = False\nfor param in model.output_layer.parameters():\n
    param.requires_grad = True\n\n# Tuning
                 ^
SyntaxError: unexpected character after line continuation character
root@8130e9ff7179:/app# echo "import torch\nimport torch.nn as nn\n\nclass RecoveredModel(nn.Module):\n    def __init__(self):\n        super(RecoveredModel, se
lf).__init__()\n        # Define the architecture based on /app/weights.pt here\n        self.output_layer = nn.Linear(in_features=..., out_features=...)  # Fil
l in the correct dimensions\n\n    def forward(self, x):\n        # Implement the forward pass\n        return self.output_layer(x)\n\nmodel = RecoveredModel()\
nmodel.load_state_dict(torch.load('/app/weights.pt'))\n\n# Load dataset\ndataset = torch.load('/app/dataset.pt')\ninputs, targets = dataset['inputs'], dataset['
targets']\n\n# Compute initial MSE loss\ncriterion = nn.MSELoss()\noutputs = model(inputs)\ninitial_loss = criterion(outputs, targets)\nprint('Initial MSE Loss:
', initial_loss.item())\n\n# Freeze all layers except the output layer\nfor param in model.parameters():\n    param.requires_grad = False\nfor param in model.ou
tput_layer.parameters():\n    param.requires_grad = True\n\n# Tuning the output layer here (use an optimizer and training loop)\n# Example: optimizer = torch.op
tim.SGD(model.output_layer.parameters(), lr=0.01)\n# optimizer.step()\n\n# Compute new MSE loss after tuning\nnew_outputs = model(inputs)\nnew_loss = criterion(
new_outputs, targets)\nprint('New MSE Loss:', new_loss.item())\n\n# Save the updated model\ntorch.jit.save(torch.jit.script(model), '/app/model.pt')" > /app/rec
over_and_tune.py
root@8130e9ff7179:/app# python3 /app/recover_and_tune.py; tmux wait -S done; tmux wait -S done
  File "/app/recover_and_tune.py", line 1
    import torch\nimport torch.nn as nn\n\nclass RecoveredModel(nn.Module):\n    def __init__(self):\n        super(RecoveredModel, self).__init__()\n        #
Define the architecture based on /app/weights.pt here\n        self.output_layer = nn.Linear(in_features=..., out_features=...)  # Fill in the correct dimension
s\n\n    def forward(self, x):\n        # Implement the forward pass\n        return self.output_layer(x)\n\nmodel = RecoveredModel()\nmodel.load_state_dict(tor
ch.load('/app/weights.pt'))\n\n# Load dataset\ndataset = torch.load('/app/dataset.pt')\ninputs, targets = dataset['inputs'], dataset['targets']\n\n# Compute ini
tial MSE loss\ncriterion = nn.MSELoss()\noutputs = model(inputs)\ninitial_loss = criterion(outputs, targets)\nprint('Initial MSE Loss:', initial_loss.item())\n\
n# Freeze all layers except the output layer\nfor param in model.parameters():\n    param.requires_grad = False\nfor param in model.output_layer.parameters():\n
    param.requires_grad = True\n\n# Tuning
                 ^
SyntaxError: unexpected character after line continuation character
root@8130e9ff7179:/app# echo "import torch\nimport torch.nn as nn\n\nclass RecoveredModel(nn.Module):\n    def __init__(self):\n        super(RecoveredModel, se
lf).__init__()\n        # Define the architecture based on /app/weights.pt here\n        self.output_layer = nn.Linear(in_features=..., out_features=...)  # Fil
l in the correct dimensions\n\n    def forward(self, x):\n        # Implement the forward pass\n        return self.output_layer(x)\n\nmodel = RecoveredModel()\
nmodel.load_state_dict(torch.load('/app/weights.pt'))\n\n# Load dataset\ndataset = torch.load('/app/dataset.pt')\ninputs, targets = dataset['inputs'], dataset['
targets']\n\n# Compute initial MSE loss\ncriterion = nn.MSELoss()\noutputs = model(inputs)\ninitial_loss = criterion(outputs, targets)\nprint('Initial MSE Loss:
', initial_loss.item())\n\n# Freeze all layers except the output layer\nfor param in model.parameters():\n    param.requires_grad = False\nfor param in model.ou
tput_layer.parameters():\n    param.requires_grad = True\n\n# Tuning the output layer here (use an optimizer and training loop)\n# Example: optimizer = torch.op
tim.SGD(model.output_layer.parameters(), lr=0.01)\n# optimizer.step()\n\n# Compute new MSE loss after tuning\nnew_outputs = model(inputs)\nnew_loss = criterion(
new_outputs, targets)\nprint('New MSE Loss:', new_loss.item())\n\n# Save the updated model\ntorch.jit.save(torch.jit.script(model), '/app/model.pt')" > /app/rec
over_and_tune.py
root@8130e9ff7179:/app# python3 /app/recover_and_tune.py; tmux wait -S done; tmux wait -S done
  File "/app/recover_and_tune.py", line 1
    import torch\nimport torch.nn as nn\n\nclass RecoveredModel(nn.Module):\n    def __init__(self):\n        super(RecoveredModel, self).__init__()\n        #
Define the architecture based on /app/weights.pt here\n        self.output_layer = nn.Linear(in_features=..., out_features=...)  # Fill in the correct dimension
s\n\n    def forward(self, x):\n        # Implement the forward pass\n        return self.output_layer(x)\n\nmodel = RecoveredModel()\nmodel.load_state_dict(tor
ch.load('/app/weights.pt'))\n\n# Load dataset\ndataset = torch.load('/app/dataset.pt')\ninputs, targets = dataset['inputs'], dataset['targets']\n\n# Compute ini
tial MSE loss\ncriterion = nn.MSELoss()\noutputs = model(inputs)\ninitial_loss = criterion(outputs, targets)\nprint('Initial MSE Loss:', initial_loss.item())\n\
n# Freeze all layers except the output layer\nfor param in model.parameters():\n    param.requires_grad = False\nfor param in model.output_layer.parameters():\n
    param.requires_grad = True\n\n# Tuning
                 ^
SyntaxError: unexpected character after line continuation character
root@8130e9ff7179:/app# echo "import torch\nimport torch.nn as nn\n\nclass RecoveredModel(nn.Module):\n    def __init__(self):\n        super(RecoveredModel, se
lf).__init__()\n        self.output_layer = nn.Linear(in_features=..., out_features=...)  # Define the correct dimensions\n\n    def forward(self, x):\n
# Forward pass\n        return self.output_layer(x)\n\nmodel = RecoveredModel()\nmodel.load_state_dict(torch.load('/app/weights.pt'))\n\n# Load dataset\ndataset
 = torch.load('/app/dataset.pt')\ninputs, targets = dataset['inputs'], dataset['targets']\n\n# Compute initial MSE loss\ncriterion = nn.MSELoss()\noutputs = mod
el(inputs)\ninitial_loss = criterion(outputs, targets)\nprint('Initial MSE Loss:', initial_loss.item())\n\n# Freeze all layers except the output layer\nfor para
m in model.parameters():\n    param.requires_grad = False\nfor param in model.output_layer.parameters():\n    param.requires_grad = True\n\n# Define an optimize
r\noptimizer = torch.optim.SGD(model.output_layer.parameters(), lr=0.01)\n# Training loop stub (you need to implement the actual training loop here)\n# optimize
r.step()\n\n# Compute new MSE loss after tuning\nnew_outputs = model(inputs)\nnew_loss = criterion(new_outputs, targets)\nprint('New MSE Loss:', new_loss.item()
)\n\n# Save the updated model\ntorch.jit.save(torch.jit.script(model), '/app/model.pt')" > /app/recover_and_tune.py
root@8130e9ff7179:/app# python3 /app/recover_and_tune.py; tmux wait -S done; tmux wait -S done
  File "/app/recover_and_tune.py", line 1
    import torch\nimport torch.nn as nn\n\nclass RecoveredModel(nn.Module):\n    def __init__(self):\n        super(RecoveredModel, self).__init__()\n        se
lf.output_layer = nn.Linear(in_features=..., out_features=...)  # Define the correct dimensions\n\n    def forward(self, x):\n        # Forward pass\n        re
turn self.output_layer(x)\n\nmodel = RecoveredModel()\nmodel.load_state_dict(torch.load('/app/weights.pt'))\n\n# Load dataset\ndataset = torch.load('/app/datase
t.pt')\ninputs, targets = dataset['inputs'], dataset['targets']\n\n# Compute initial MSE loss\ncriterion = nn.MSELoss()\noutputs = model(inputs)\ninitial_loss =
 criterion(outputs, targets)\nprint('Initial MSE Loss:', initial_loss.item())\n\n# Freeze all layers except the output layer\nfor param in model.parameters():\n
    param.requires_grad = False\nfor param in model.output_layer.parameters():\n    param.requires_grad = True\n\n# Define an optimizer\noptimizer = torch.optim
.SGD(model.output_layer.parameters(), lr=0.
                 ^
SyntaxError: unexpected character after line continuation character
root@8130e9ff7179:/app# echo "import torch\nimport torch.nn as nn\n\nclass RecoveredModel(nn.Module):\n    def __init__(self):\n        super(RecoveredModel, se
lf).__init__()\n        self.output_layer = nn.Linear(in_features=..., out_features=...)  # Define the correct dimensions\n\n    def forward(self, x):\n
# Forward pass\n        return self.output_layer(x)\n\nmodel = RecoveredModel()\nmodel.load_state_dict(torch.load('/app/weights.pt'))\n\n# Load dataset\ndataset
 = torch.load('/app/dataset.pt')\ninputs, targets = dataset['inputs'], dataset['targets']\n\n# Compute initial MSE loss\ncriterion = nn.MSELoss()\noutputs = mod
el(inputs)\ninitial_loss = criterion(outputs, targets)\nprint('Initial MSE Loss:', initial_loss.item())\n\n# Freeze all layers except the output layer\nfor para
m in model.parameters():\n    param.requires_grad = False\nfor param in model.output_layer.parameters():\n    param.requires_grad = True\n\n# Define an optimize
r\noptimizer = torch.optim.SGD(model.output_layer.parameters(), lr=0.01)\n# Training loop stub (you need to implement the actual training loop here)\n# optimize
r.step()\n\n# Compute new MSE loss after tuning\nnew_outputs = model(inputs)\nnew_loss = criterion(new_outputs, targets)\nprint('New MSE Loss:', new_loss.item()
)\n\n# Save the updated model\ntorch.jit.save(torch.jit.script(model), '/app/model.pt')" > /app/recover_and_tune.py
root@8130e9ff7179:/app# python3 /app/recover_and_tune.py; tmux wait -S done; tmux wait -S done
  File "/app/recover_and_tune.py", line 1
    import torch\nimport torch.nn as nn\n\nclass RecoveredModel(nn.Module):\n    def __init__(self):\n        super(RecoveredModel, self).__init__()\n        se
lf.output_layer = nn.Linear(in_features=..., out_features=...)  # Define the correct dimensions\n\n    def forward(self, x):\n        # Forward pass\n        re
turn self.output_layer(x)\n\nmodel = RecoveredModel()\nmodel.load_state_dict(torch.load('/app/weights.pt'))\n\n# Load dataset\ndataset = torch.load('/app/datase
t.pt')\ninputs, targets = dataset['inputs'], dataset['targets']\n\n# Compute initial MSE loss\ncriterion = nn.MSELoss()\noutputs = model(inputs)\ninitial_loss =
 criterion(outputs, targets)\nprint('Initial MSE Loss:', initial_loss.item())\n\n# Freeze all layers except the output layer\nfor param in model.parameters():\n
    param.requires_grad = False\nfor param in model.output_layer.parameters():\n    param.requires_grad = True\n\n# Define an optimizer\noptimizer = torch.optim
.SGD(model.output_layer.parameters(), lr=0.
                 ^
SyntaxError: unexpected character after line continuation character
root@8130e9ff7179:/app# echo "import torch\nimport torch.nn as nn\n\nclass RecoveredModel(nn.Module):\n    def __init__(self):\n        super(RecoveredModel, se
lf).__init__()\n        # Define the architecture based on the state dictionary\n        self.output_layer = nn.Linear(in_features=..., out_features=...)  # Fil
l in correct dimensions\n\n    def forward(self, x):\n        # Implement the forward pass\n        return self.output_layer(x)\n\nmodel = RecoveredModel()\nmod
el.load_state_dict(torch.load('/app/weights.pt'))\n\n# Load dataset\ndataset = torch.load('/app/dataset.pt')\ninputs, targets = dataset['inputs'], dataset['targ
ets']\n\n# Compute initial MSE loss\ncriterion = nn.MSELoss()\noutputs = model(inputs)\ninitial_loss = criterion(outputs, targets)\nprint('Initial MSE Loss:', i
nitial_loss.item())\n\n# Freeze all layers except the output layer\nfor param in model.parameters():\n    param.requires_grad = False\nfor param in model.output
_layer.parameters():\n    param.requires_grad = True\n\n# Define an optimizer\noptimizer = torch.optim.SGD(model.output_layer.parameters(), lr=0.01)\n# Placehol
der for the training loop\n# for epoch in range(num_epochs):\n#     optimizer.zero_grad()\n#     outputs = model(inputs)\n#     loss = criterion(outputs, target
s)\n#     loss.backward()\n#     optimizer.step()\n\n# Compute new MSE loss after tuning\nnew_outputs = model(inputs)\nnew_loss = criterion(new_outputs, targets
)\nprint('New MSE Loss:', new_loss.item())\n\n# Save the updated model\ntorch.jit.save(torch.jit.script(model), '/app/model.pt')" > /app/recover_and_tune.py
root@8130e9ff7179:/app# python3 /app/recover_and_tune.py; tmux wait -S done; tmux wait -S done
  File "/app/recover_and_tune.py", line 1
    import torch\nimport torch.nn as nn\n\nclass RecoveredModel(nn.Module):\n    def __init__(self):\n        super(RecoveredModel, self).__init__()\n        #
Define the architecture based on the state dictionary\n        self.output_layer = nn.Linear(in_features=..., out_features=...)  # Fill in correct dimensions\n\
n    def forward(self, x):\n        # Implement the forward pass\n        return self.output_layer(x)\n\nmodel = RecoveredModel()\nmodel.load_state_dict(torch.l
oad('/app/weights.pt'))\n\n# Load dataset\ndataset = torch.load('/app/dataset.pt')\ninputs, targets = dataset['inputs'], dataset['targets']\n\n# Compute initial
 MSE loss\ncriterion = nn.MSELoss()\noutputs = model(inputs)\ninitial_loss = criterion(outputs, targets)\nprint('Initial MSE Loss:', initial_loss.item())\n\n# F
reeze all layers except the output layer\nfor param in model.parameters():\n    param.requires_grad = False\nfor param in model.output_layer.parameters():\n
param.requires_grad = True\n\n# Define an o
                 ^
SyntaxError: unexpected character after line continuation character
root@8130e9ff7179:/app# echo "import torch\nimport torch.nn as nn\n\nclass RecoveredModel(nn.Module):\n    def __init__(self):\n        super(RecoveredModel, se
lf).__init__()\n        # Define the architecture based on the state dictionary\n        self.output_layer = nn.Linear(in_features=..., out_features=...)  # Fil
l in correct dimensions\n\n    def forward(self, x):\n        # Implement the forward pass\n        return self.output_layer(x)\n\nmodel = RecoveredModel()\nmod
el.load_state_dict(torch.load('/app/weights.pt'))\n\n# Load dataset\ndataset = torch.load('/app/dataset.pt')\ninputs, targets = dataset['inputs'], dataset['targ
ets']\n\n# Compute initial MSE loss\ncriterion = nn.MSELoss()\noutputs = model(inputs)\ninitial_loss = criterion(outputs, targets)\nprint('Initial MSE Loss:', i
nitial_loss.item())\n\n# Freeze all layers except the output layer\nfor param in model.parameters():\n    param.requires_grad = False\nfor param in model.output
_layer.parameters():\n    param.requires_grad = True\n\n# Define an optimizer\noptimizer = torch.optim.SGD(model.output_layer.parameters(), lr=0.01)\n# Placehol
der for the training loop\n# for epoch in range(num_epochs):\n#     optimizer.zero_grad()\n#     outputs = model(inputs)\n#     loss = criterion(outputs, target
s)\n#     loss.backward()\n#     optimizer.step()\n\n# Compute new MSE loss after tuning\nnew_outputs = model(inputs)\nnew_loss = criterion(new_outputs, targets
)\nprint('New MSE Loss:', new_loss.item())\n\n# Save the updated model\ntorch.jit.save(torch.jit.script(model), '/app/model.pt')" > /app/recover_and_tune.py
root@8130e9ff7179:/app# python3 /app/recover_and_tune.py; tmux wait -S done; tmux wait -S done
  File "/app/recover_and_tune.py", line 1
    import torch\nimport torch.nn as nn\n\nclass RecoveredModel(nn.Module):\n    def __init__(self):\n        super(RecoveredModel, self).__init__()\n        #
Define the architecture based on the state dictionary\n        self.output_layer = nn.Linear(in_features=..., out_features=...)  # Fill in correct dimensions\n\
n    def forward(self, x):\n        # Implement the forward pass\n        return self.output_layer(x)\n\nmodel = RecoveredModel()\nmodel.load_state_dict(torch.l
oad('/app/weights.pt'))\n\n# Load dataset\ndataset = torch.load('/app/dataset.pt')\ninputs, targets = dataset['inputs'], dataset['targets']\n\n# Compute initial
 MSE loss\ncriterion = nn.MSELoss()\noutputs = model(inputs)\ninitial_loss = criterion(outputs, targets)\nprint('Initial MSE Loss:', initial_loss.item())\n\n# F
reeze all layers except the output layer\nfor param in model.parameters():\n    param.requires_grad = False\nfor param in model.output_layer.parameters():\n
param.requires_grad = True\n\n# Define an o
                 ^
SyntaxError: unexpected character after line continuation character
root@8130e9ff7179:/app# echo "import torch\nimport torch.nn as nn\n\nclass RecoveredModel(nn.Module):\n    def __init__(self):\n        super(RecoveredModel, se
lf).__init__()\n        # Define the architecture based on the state dictionary\n        self.output_layer = nn.Linear(in_features=..., out_features=...)  # Fil
l in correct dimensions\n\n    def forward(self, x):\n        # Implement the forward pass\n        return self.output_layer(x)\n\nmodel = RecoveredModel()\nmod
el.load_state_dict(torch.load('/app/weights.pt'))\n\n# Load dataset\ndataset = torch.load('/app/dataset.pt')\ninputs, targets = dataset['inputs'], dataset['targ
ets']\n\n# Compute initial MSE loss\ncriterion = nn.MSELoss()\noutputs = model(inputs)\ninitial_loss = criterion(outputs, targets)\nprint('Initial MSE Loss:', i
nitial_loss.item())\n\n# Freeze all layers except the output layer\nfor param in model.parameters():\n    param.requires_grad = False\nfor param in model.output
_layer.parameters():\n    param.requires_grad = True\n\n# Define an optimizer\noptimizer = torch.optim.SGD(model.output_layer.parameters(), lr=0.01)\n# Placehol
der for the training loop\n# for epoch in range(num_epochs):\n#     optimizer.zero_grad()\n#     outputs = model(inputs)\n#     loss = criterion(outputs, target
s)\n#     loss.backward()\n#     optimizer.step()\n\n# Compute new MSE loss after tuning\nnew_outputs = model(inputs)\nnew_loss = criterion(new_outputs, targets
)\nprint('New MSE Loss:', new_loss.item())\n\n# Save the updated model\ntorch.jit.save(torch.jit.script(model), '/app/model.pt')" > /app/recover_and_tune.py
root@8130e9ff7179:/app# python3 /app/recover_and_tune.py; tmux wait -S done; tmux wait -S done
  File "/app/recover_and_tune.py", line 1
    import torch\nimport torch.nn as nn\n\nclass RecoveredModel(nn.Module):\n    def __init__(self):\n        super(RecoveredModel, self).__init__()\n        #
Define the architecture based on the state dictionary\n        self.output_layer = nn.Linear(in_features=..., out_features=...)  # Fill in correct dimensions\n\
n    def forward(self, x):\n        # Implement the forward pass\n        return self.output_layer(x)\n\nmodel = RecoveredModel()\nmodel.load_state_dict(torch.l
oad('/app/weights.pt'))\n\n# Load dataset\ndataset = torch.load('/app/dataset.pt')\ninputs, targets = dataset['inputs'], dataset['targets']\n\n# Compute initial
 MSE loss\ncriterion = nn.MSELoss()\noutputs = model(inputs)\ninitial_loss = criterion(outputs, targets)\nprint('Initial MSE Loss:', initial_loss.item())\n\n# F
reeze all layers except the output layer\nfor param in model.parameters():\n    param.requires_grad = False\nfor param in model.output_layer.parameters():\n
param.requires_grad = True\n\n# Define an o
                 ^
SyntaxError: unexpected character after line continuation character
root@8130e9ff7179:/app# echo "import torch\nimport torch.nn as nn\n\nclass RecoveredModel(nn.Module):\n    def __init__(self):\n        super(RecoveredModel, se
lf).__init__()\n        # Define the architecture based on the state dictionary\n        self.output_layer = nn.Linear(in_features=..., out_features=...)  # Fil
l in correct dimensions\n\n    def forward(self, x):\n        # Implement the forward pass\n        return self.output_layer(x)\n\nmodel = RecoveredModel()\nmod
el.load_state_dict(torch.load('/app/weights.pt'))\n\n# Load dataset\ndataset = torch.load('/app/dataset.pt')\ninputs, targets = dataset['inputs'], dataset['targ
ets']\n\n# Compute initial MSE loss\ncriterion = nn.MSELoss()\noutputs = model(inputs)\ninitial_loss = criterion(outputs, targets)\nprint('Initial MSE Loss:', i
nitial_loss.item())\n\n# Freeze all layers except the output layer\nfor param in model.parameters():\n    param.requires_grad = False\nfor param in model.output
_layer.parameters():\n    param.requires_grad = True\n\n# Define an optimizer\noptimizer = torch.optim.SGD(model.output_layer.parameters(), lr=0.01)\n# Placehol
der for the training loop\n# for epoch in range(num_epochs):\n#     optimizer.zero_grad()\n#     outputs = model(inputs)\n#     loss = criterion(outputs, target
s)\n#     loss.backward()\n#     optimizer.step()\n\n# Compute new MSE loss after tuning\nnew_outputs = model(inputs)\nnew_loss = criterion(new_outputs, targets
)\nprint('New MSE Loss:', new_loss.item())\n\n# Save the updated model\ntorch.jit.save(torch.jit.script(model), '/app/model.pt')" > /app/recover_and_tune.py
root@8130e9ff7179:/app# python3 /app/recover_and_tune.py; tmux wait -S done; tmux wait -S done
  File "/app/recover_and_tune.py", line 1
    import torch\nimport torch.nn as nn\n\nclass RecoveredModel(nn.Module):\n    def __init__(self):\n        super(RecoveredModel, self).__init__()\n        #
Define the architecture based on the state dictionary\n        self.output_layer = nn.Linear(in_features=..., out_features=...)  # Fill in correct dimensions\n\
n    def forward(self, x):\n        # Implement the forward pass\n        return self.output_layer(x)\n\nmodel = RecoveredModel()\nmodel.load_state_dict(torch.l
oad('/app/weights.pt'))\n\n# Load dataset\ndataset = torch.load('/app/dataset.pt')\ninputs, targets = dataset['inputs'], dataset['targets']\n\n# Compute initial
 MSE loss\ncriterion = nn.MSELoss()\noutputs = model(inputs)\ninitial_loss = criterion(outputs, targets)\nprint('Initial MSE Loss:', initial_loss.item())\n\n# F
reeze all layers except the output layer\nfor param in model.parameters():\n    param.requires_grad = False\nfor param in model.output_layer.parameters():\n
param.requires_grad = True\n\n# Define an o
                 ^
SyntaxError: unexpected character after line continuation character
root@8130e9ff7179:/app#
