root@847998f312ca:/app# mkdir -p /tmp/initramfs; tmux wait -S done
root@847998f312ca:/app# cd /tmp/initramfs; tmux wait -S done
root@847998f312ca:/tmp/initramfs# mkdir -p bin dev etc proc sys; tmux wait -S done
root@847998f312ca:/tmp/initramfs# cp /bin/busybox bin/; tmux wait -S done
cp: cannot stat '/bin/busybox': No such file or directory
root@847998f312ca:/tmp/initramfs# cd bin; tmux wait -S done
root@847998f312ca:/tmp/initramfs/bin# ln -s busybox sh; tmux wait -S done
root@847998f312ca:/tmp/initramfs/bin# cd /tmp/initramfs; tmux wait -S done
root@847998f312ca:/tmp/initramfs# find . | cpio -H newc -o | gzip > ../initramfs.cpio.gz; tmux wait -S done
2 blocks
root@847998f312ca:/tmp/initramfs# cd /app; tmux wait -S done
root@847998f312ca:/app# which busybox; tmux wait -S done
root@847998f312ca:/app# dpkg -l | grep busybox; tmux wait -S done
root@847998f312ca:/app# apt-get update; tmux wait -S done
Hit:1 http://archive.ubuntu.com/ubuntu noble InRelease
Get:2 http://archive.ubuntu.com/ubuntu noble-updates InRelease [126 kB]
Get:3 http://security.ubuntu.com/ubuntu noble-security InRelease [126 kB]
Get:4 http://archive.ubuntu.com/ubuntu noble-backports InRelease [126 kB]
Get:5 http://archive.ubuntu.com/ubuntu noble-updates/restricted amd64 Packages [1800 kB]
Get:6 http://archive.ubuntu.com/ubuntu noble-updates/main amd64 Packages [1567 kB]
Get:7 http://archive.ubuntu.com/ubuntu noble-updates/universe amd64 Packages [1436 kB]
Get:8 http://archive.ubuntu.com/ubuntu noble-updates/multiverse amd64 Packages [28.1 kB]
Get:9 http://archive.ubuntu.com/ubuntu noble-backports/universe amd64 Packages [33.0 kB]
Get:10 http://archive.ubuntu.com/ubuntu noble-backports/main amd64 Packages [48.8 kB]
Get:11 http://security.ubuntu.com/ubuntu noble-security/restricted amd64 Packages [1742 kB]
Get:12 http://security.ubuntu.com/ubuntu noble-security/main amd64 Packages [1241 kB]
Get:13 http://security.ubuntu.com/ubuntu noble-security/multiverse amd64 Packages [23.0 kB]
Get:14 http://security.ubuntu.com/ubuntu noble-security/universe amd64 Packages [1126 kB]
Fetched 9424 kB in 2s (6071 kB/s)
Reading package lists... Done
root@847998f312ca:/app# apt-get install -y busybox; tmux wait -S done
Reading package lists... Done
Building dependency tree... Done
Reading state information... Done
The following NEW packages will be installed:
  busybox
0 upgraded, 1 newly installed, 0 to remove and 46 not upgraded.
Need to get 475 kB of archives.
After this operation, 872 kB of additional disk space will be used.
Get:1 http://archive.ubuntu.com/ubuntu noble-updates/universe amd64 busybox amd64 1:1.36.1-6ubuntu3.1 [475 kB]
Fetched 475 kB in 0s (1928 kB/s)
debconf: delaying package configuration, since apt-utils is not installed
Selecting previously unselected package busybox.
(Reading database ... 35623 files and directories currently installed.)
Preparing to unpack .../busybox_1%3a1.36.1-6ubuntu3.1_amd64.deb ...
Unpacking busybox (1:1.36.1-6ubuntu3.1) ...
Setting up busybox (1:1.36.1-6ubuntu3.1) ...
root@847998f312ca:/app# cp /bin/busybox /tmp/initramfs/bin/; tmux wait -S done
root@847998f312ca:/app# cd /tmp/initramfs/bin; tmux wait -S done
root@847998f312ca:/tmp/initramfs/bin# ln -sf busybox sh; tmux wait -S done
root@847998f312ca:/tmp/initramfs/bin# cd /tmp/initramfs; tmux wait -S done
root@847998f312ca:/tmp/initramfs# find . | cpio -H newc -o | gzip > ../initramfs.cpio.gz; tmux wait -S done
1656 blocks
root@847998f312ca:/tmp/initramfs# cd /app; tmux wait -S done
root@847998f312ca:/app# qemu-system-x86_64 -kernel ./linux-6.9/arch/x86/boot/bzImage -initrd ramfs/initramfs.cpio.gz -append "console=ttyS0" -nographic; tmux wa
it -S done
qemu: error reading initrd ramfs/initramfs.cpio.gz: Failed to open file “ramfs/initramfs.cpio.gz”: open() failed: No such file or directory
root@847998f312ca:/app# ls -l ../initramfs.cpio.gz; tmux wait -S done
ls: cannot access '../initramfs.cpio.gz': No such file or directory
root@847998f312ca:/app# mv ../initramfs.cpio.gz ./ramfs/initramfs.cpio.gz; tmux wait -S done
mv: cannot stat '../initramfs.cpio.gz': No such file or directory
root@847998f312ca:/app# ls -l ramfs/; tmux wait -S done
ls: cannot access 'ramfs/': No such file or directory
root@847998f312ca:/app# qemu-system-x86_64 -kernel ./linux-6.9/arch/x86/boot/bzImage -initrd ./ramfs/initramfs.cpio.gz -append "console=ttyS0" -nographic; tmux
wait -S done
qemu: error reading initrd ./ramfs/initramfs.cpio.gz: Failed to open file “./ramfs/initramfs.cpio.gz”: open() failed: No such file or directory
root@847998f312ca:/app# mkdir -p ramfs; tmux wait -S done
root@847998f312ca:/app# cp ../initramfs.cpio.gz ramfs/initramfs.cpio.gz; tmux wait -S done
cp: cannot stat '../initramfs.cpio.gz': No such file or directory
root@847998f312ca:/app# ls -l ramfs/; tmux wait -S done
total 0
root@847998f312ca:/app# qemu-system-x86_64 -kernel ./linux-6.9/arch/x86/boot/bzImage -initrd ramfs/initramfs.cpio.gz -append "console=ttyS0" -nographic; tmux wa
it -S done
qemu: error reading initrd ramfs/initramfs.cpio.gz: Failed to open file “ramfs/initramfs.cpio.gz”: open() failed: No such file or directory
root@847998f312ca:/app# ls -l /tmp/initramfs/initramfs.cpio.gz; tmux wait -S done
ls: cannot access '/tmp/initramfs/initramfs.cpio.gz': No such file or directory
root@847998f312ca:/app# cp /tmp/initramfs/initramfs.cpio.gz ramfs/initramfs.cpio.gz; tmux wait -S done
cp: cannot stat '/tmp/initramfs/initramfs.cpio.gz': No such file or directory
root@847998f312ca:/app# ls -l ramfs/; tmux wait -S done
total 0
root@847998f312ca:/app# qemu-system-x86_64 -kernel ./linux-6.9/arch/x86/boot/bzImage -initrd ramfs/initramfs.cpio.gz -append "console=ttyS0" -nographic; tmux wa
it -S done
qemu: error reading initrd ramfs/initramfs.cpio.gz: Failed to open file “ramfs/initramfs.cpio.gz”: open() failed: No such file or directory
root@847998f312ca:/app# mkdir -p /tmp/initramfs; tmux wait -S done
root@847998f312ca:/app# cd /tmp/initramfs; tmux wait -S done
root@847998f312ca:/tmp/initramfs# mkdir -p bin dev etc proc sys; tmux wait -S done
root@847998f312ca:/tmp/initramfs# cp /bin/busybox bin/; tmux wait -S done
root@847998f312ca:/tmp/initramfs# cd bin; tmux wait -S done
root@847998f312ca:/tmp/initramfs/bin# ln -s busybox sh; tmux wait -S done
ln: failed to create symbolic link 'sh': File exists
root@847998f312ca:/tmp/initramfs/bin# cd /tmp/initramfs; tmux wait -S done
root@847998f312ca:/tmp/initramfs# find . | cpio -H newc -o | gzip > initramfs.cpio.gz; tmux wait -S done
1656 blocks
root@847998f312ca:/tmp/initramfs# mkdir -p /app/ramfs; tmux wait -S done
root@847998f312ca:/tmp/initramfs# cp initramfs.cpio.gz /app/ramfs/initramfs.cpio.gz; tmux wait -S done
root@847998f312ca:/tmp/initramfs# cd /app; tmux wait -S done
root@847998f312ca:/app# qemu-system-x86_64 -kernel ./linux-6.9/arch/x86/boot/bzImage -initrd ramfs/initramfs.cpio.gz -append "console=ttyS0" -nographic; tmux wa
it -S done
SeaBIOS (version 1.16.3-debian-1.16.3-2)


iPXE (https://ipxe.org) 00:03.0 CA00 PCI2.10 PnP PMM+06FCAE00+06F0AE00 CA00



Booting from ROM..
[    0.000000] Linux version 6.9.0 (root@buildkitsandbox) (gcc (Ubuntu 13.3.0-6ubuntu2~24.04) 13.3.0, GNU ld (GNU Binutils for Ubuntu) 2.42) #1 SMP PREEMPT_DYN5
[    0.000000] Command line: console=ttyS0
[    0.000000] BIOS-provided physical RAM map:
[    0.000000] BIOS-e820: [mem 0x0000000000000000-0x000000000009fbff] usable
[    0.000000] BIOS-e820: [mem 0x000000000009fc00-0x000000000009ffff] reserved
[    0.000000] BIOS-e820: [mem 0x00000000000f0000-0x00000000000fffff] reserved
[    0.000000] BIOS-e820: [mem 0x0000000000100000-0x0000000007fdffff] usable
[    0.000000] BIOS-e820: [mem 0x0000000007fe0000-0x0000000007ffffff] reserved
[    0.000000] BIOS-e820: [mem 0x00000000fffc0000-0x00000000ffffffff] reserved
[    0.000000] BIOS-e820: [mem 0x000000fd00000000-0x000000ffffffffff] reserved
[    0.000000] NX (Execute Disable) protection: active
[    0.000000] APIC: Static calls initialized
[    0.000000] SMBIOS 3.0.0 present.
[    0.000000] DMI: QEMU Ubuntu 24.04 PC (i440FX + PIIX, 1996), BIOS 1.16.3-debian-1.16.3-2 04/01/2014
[    0.000000] tsc: Fast TSC calibration using PIT
[    0.000000] tsc: Detected 2249.999 MHz processor
[    0.009101] last_pfn = 0x7fe0 max_arch_pfn = 0x400000000
[    0.009716] MTRR map: 4 entries (3 fixed + 1 variable; max 19), built from 8 variable MTRRs
[    0.009879] x86/PAT: Configuration [0-7]: WB  WC  UC- UC  WB  WP  UC- WT
[    0.028025] found SMP MP-table at [mem 0x000f5480-0x000f548f]
[    0.032838] RAMDISK: [mem 0x07f65000-0x07fdffff]
[    0.033283] ACPI: Early table checksum verification disabled
[    0.033628] ACPI: RSDP 0x00000000000F52A0 000014 (v00 BOCHS )
[    0.033917] ACPI: RSDT 0x0000000007FE1C40 000034 (v01 BOCHS  BXPC     00000001 BXPC 00000001)
[    0.034483] ACPI: FACP 0x0000000007FE1AF4 000074 (v01 BOCHS  BXPC     00000001 BXPC 00000001)
[    0.035094] ACPI: DSDT 0x0000000007FE0040 001AB4 (v01 BOCHS  BXPC     00000001 BXPC 00000001)
[    0.035182] ACPI: FACS 0x0000000007FE0000 000040
[    0.035238] ACPI: APIC 0x0000000007FE1B68 000078 (v03 BOCHS  BXPC     00000001 BXPC 00000001)
[    0.035267] ACPI: HPET 0x0000000007FE1BE0 000038 (v01 BOCHS  BXPC     00000001 BXPC 00000001)
[    0.035299] ACPI: WAET 0x0000000007FE1C18 000028 (v01 BOCHS  BXPC     00000001 BXPC 00000001)
[    0.035383] ACPI: Reserving FACP table memory at [mem 0x7fe1af4-0x7fe1b67]
[    0.035425] ACPI: Reserving DSDT table memory at [mem 0x7fe0040-0x7fe1af3]
[    0.035435] ACPI: Reserving FACS table memory at [mem 0x7fe0000-0x7fe003f]
[    0.035442] ACPI: Reserving APIC table memory at [mem 0x7fe1b68-0x7fe1bdf]
[    0.035448] ACPI: Reserving HPET table memory at [mem 0x7fe1be0-0x7fe1c17]
[    0.035455] ACPI: Reserving WAET table memory at [mem 0x7fe1c18-0x7fe1c3f]
[    0.037483] No NUMA configuration found
[    0.037508] Faking a node at [mem 0x0000000000000000-0x0000000007fdffff]
[    0.038021] NODE_DATA(0) allocated [mem 0x07f61000-0x07f64fff]
[    0.039974] Zone ranges:
[    0.039999]   DMA      [mem 0x0000000000001000-0x0000000000ffffff]
[    0.040069]   DMA32    [mem 0x0000000001000000-0x0000000007fdffff]
[    0.040081]   Normal   empty
[    0.040104] Movable zone start for each node
[    0.040131] Early memory node ranges
[    0.040161]   node   0: [mem 0x0000000000001000-0x000000000009efff]
[    0.040315]   node   0: [mem 0x0000000000100000-0x0000000007fdffff]
[    0.040511] Initmem setup node 0 [mem 0x0000000000001000-0x0000000007fdffff]
[    0.041464] On node 0, zone DMA: 1 pages in unavailable ranges
[    0.041706] On node 0, zone DMA: 97 pages in unavailable ranges
[    0.042342] On node 0, zone DMA32: 32 pages in unavailable ranges
[    0.042757] ACPI: PM-Timer IO Port: 0x608
[    0.043040] ACPI: LAPIC_NMI (acpi_id[0xff] dfl dfl lint[0x1])
[    0.043419] IOAPIC[0]: apic_id 0, version 32, address 0xfec00000, GSI 0-23
[    0.043542] ACPI: INT_SRC_OVR (bus 0 bus_irq 0 global_irq 2 dfl dfl)
[    0.043782] ACPI: INT_SRC_OVR (bus 0 bus_irq 5 global_irq 5 high level)
[    0.043834] ACPI: INT_SRC_OVR (bus 0 bus_irq 9 global_irq 9 high level)
[    0.043917] ACPI: INT_SRC_OVR (bus 0 bus_irq 10 global_irq 10 high level)
[    0.043928] ACPI: INT_SRC_OVR (bus 0 bus_irq 11 global_irq 11 high level)
[    0.044112] ACPI: Using ACPI (MADT) for SMP configuration information
[    0.044152] ACPI: HPET id: 0x8086a201 base: 0xfed00000
[    0.044494] CPU topo: Max. logical packages:   1
[    0.044508] CPU topo: Max. logical dies:       1
[    0.044519] CPU topo: Max. dies per package:   1
[    0.044580] CPU topo: Max. threads per core:   1
[    0.044737] CPU topo: Num. cores per package:     1
[    0.044754] CPU topo: Num. threads per package:   1
[    0.044764] CPU topo: Allowing 1 present CPUs plus 0 hotplug CPUs
[    0.045572] PM: hibernation: Registered nosave memory: [mem 0x00000000-0x00000fff]
[    0.045614] PM: hibernation: Registered nosave memory: [mem 0x0009f000-0x0009ffff]
[    0.045641] PM: hibernation: Registered nosave memory: [mem 0x000a0000-0x000effff]
[    0.045648] PM: hibernation: Registered nosave memory: [mem 0x000f0000-0x000fffff]
[    0.045756] [mem 0x08000000-0xfffbffff] available for PCI devices
[    0.045806] Booting paravirtualized kernel on bare hardware
[    0.046079] clocksource: refined-jiffies: mask: 0xffffffff max_cycles: 0xffffffff, max_idle_ns: 1910969940391419 ns
[    0.059769] setup_percpu: NR_CPUS:64 nr_cpumask_bits:1 nr_cpu_ids:1 nr_node_ids:1
[    0.061211] percpu: Embedded 56 pages/cpu s191656 r8192 d29528 u2097152
[    0.063044] Hello, this is a custom kernel
[    0.063058] Kernel command line: console=ttyS0
[    0.064103] Dentry cache hash table entries: 16384 (order: 5, 131072 bytes, linear)
[    0.064227] Inode-cache hash table entries: 8192 (order: 4, 65536 bytes, linear)
[    0.066893] Fallback order for Node 0: 0
[    0.067281] Built 1 zonelists, mobility grouping on.  Total pages: 31968
[    0.067305] Policy zone: DMA32
[    0.067560] mem auto-init: stack:all(zero), heap alloc:off, heap free:off
[    0.071534] Memory: 87660K/130552K available (18432K kernel code, 2792K rwdata, 6704K rodata, 2704K init, 1292K bss, 42632K reserved, 0K cma-reserved)
[    0.074702] SLUB: HWalign=64, Order=0-3, MinObjects=0, CPUs=1, Nodes=1
[    0.085434] Dynamic Preempt: voluntary
[    0.089050] rcu: Preemptible hierarchical RCU implementation.
[    0.089065] rcu:     RCU event tracing is enabled.
[    0.089090] rcu:     RCU restricting CPUs from NR_CPUS=64 to nr_cpu_ids=1.
[    0.089205]  Trampoline variant of Tasks RCU enabled.
[    0.089296] rcu: RCU calculated value of scheduler-enlistment delay is 100 jiffies.
[    0.089325] rcu: Adjusting geometry for rcu_fanout_leaf=16, nr_cpu_ids=1
[    0.090346] RCU Tasks: Setting shift to 0 and lim to 1 rcu_task_cb_adjust=1.
[    0.103402] NR_IRQS: 4352, nr_irqs: 256, preallocated irqs: 16
[    0.112253] rcu: srcu_init: Setting srcu_struct sizes based on contention.
[    0.117903] Console: colour VGA+ 80x25
[    0.119595] printk: legacy console [ttyS0] enabled
[    0.142529] ACPI: Core revision 20230628
[    0.147519] clocksource: hpet: mask: 0xffffffff max_cycles: 0xffffffff, max_idle_ns: 19112604467 ns
[    0.152761] APIC: Switch to symmetric I/O mode setup
[    0.157967] ..TIMER: vector=0x30 apic1=0 pin1=2 apic2=-1 pin2=-1
[    0.163257] clocksource: tsc-early: mask: 0xffffffffffffffff max_cycles: 0x206eb318167, max_idle_ns: 440795302656 ns
[    0.164132] Calibrating delay loop (skipped), value calculated using timer frequency.. 4499.99 BogoMIPS (lpj=2249999)
[    0.169050] Last level iTLB entries: 4KB 512, 2MB 255, 4MB 127
[    0.169273] Last level dTLB entries: 4KB 512, 2MB 255, 4MB 127, 1GB 0
[    0.169838] Spectre V1 : Mitigation: usercopy/swapgs barriers and __user pointer sanitization
[    0.170249] Spectre V2 : Mitigation: Retpolines
[    0.170425] Spectre V2 : Spectre v2 / SpectreRSB mitigation: Filling RSB on context switch
[    0.170714] Spectre V2 : Spectre v2 / SpectreRSB : Filling RSB on VMEXIT
[    0.171492] x86/fpu: x87 FPU will use FXSAVE
[    0.536720] Freeing SMP alternatives memory: 48K
[    0.537812] pid_max: default: 32768 minimum: 301
[    0.542565] LSM: initializing lsm=capability,selinux
[    0.543282] SELinux:  Initializing.
[    0.549129] Mount-cache hash table entries: 512 (order: 0, 4096 bytes, linear)
[    0.549589] Mountpoint-cache hash table entries: 512 (order: 0, 4096 bytes, linear)
[    0.681773] smpboot: CPU0: AMD QEMU Virtual CPU version 2.5+ (family: 0xf, model: 0x6b, stepping: 0x1)
[    0.689836] Performance Events: PMU not available due to virtualization, using software events only.
[    0.691377] signal: max sigframe size: 1440
[    0.692806] rcu: Hierarchical SRCU implementation.
[    0.693040] rcu:     Max phase no-delay instances is 400.
[    0.699239] smp: Bringing up secondary CPUs ...
[    0.701268] smp: Brought up 1 node, 1 CPU
[    0.701558] smpboot: Total of 1 processors activated (4499.99 BogoMIPS)
[    0.715994] devtmpfs: initialized
[    0.725817] clocksource: jiffies: mask: 0xffffffff max_cycles: 0xffffffff, max_idle_ns: 1911260446275000 ns
[    0.726615] futex hash table entries: 256 (order: 2, 16384 bytes, linear)
[    0.729889] PM: RTC time: 01:43:30, date: 2025-07-15
[    0.735147] NET: Registered PF_NETLINK/PF_ROUTE protocol family
[    0.738712] audit: initializing netlink subsys (disabled)
[    0.742163] audit: type=2000 audit(1752543809.589:1): state=initialized audit_enabled=0 res=1
[    0.745435] thermal_sys: Registered thermal governor 'step_wise'
[    0.745823] thermal_sys: Registered thermal governor 'user_space'
[    0.746524] cpuidle: using governor menu
[    0.750698] PCI: Using configuration type 1 for base access
[    0.753364] kprobes: kprobe jump-optimization is enabled. All kprobes are optimized if possible.
[    0.759004] HugeTLB: registered 2.00 MiB page size, pre-allocated 0 pages
[    0.759347] HugeTLB: 28 KiB vmemmap can be freed for a 2.00 MiB page
[    0.765152] Demotion targets for Node 0: null
[    0.776089] ACPI: Added _OSI(Module Device)
[    0.776323] ACPI: Added _OSI(Processor Device)
[    0.776498] ACPI: Added _OSI(3.0 _SCP Extensions)
[    0.776684] ACPI: Added _OSI(Processor Aggregator Device)
[    0.804270] ACPI: 1 ACPI AML tables successfully acquired and loaded
[    0.835600] ACPI: _OSC evaluation for CPUs failed, trying _PDC
[    0.840482] ACPI: Interpreter enabled
[    0.841697] ACPI: PM: (supports S0 S3 S4 S5)
[    0.843665] ACPI: Using IOAPIC for interrupt routing
[    0.844228] PCI: Using host bridge windows from ACPI; if necessary, use "pci=nocrs" and report a bug
[    0.844609] PCI: Using E820 reservations for host bridge windows
[    0.848018] ACPI: Enabled 2 GPEs in block 00 to 0F
[    0.912004] ACPI: PCI Root Bridge [PCI0] (domain 0000 [bus 00-ff])
[    0.914317] acpi PNP0A03:00: _OSC: OS supports [ASPM ClockPM Segments MSI HPX-Type3]
[    0.914835] acpi PNP0A03:00: _OSC: not requesting OS control; OS requires [ExtendedConfig ASPM ClockPM MSI]
[    0.917994] acpi PNP0A03:00: fail to add MMCONFIG information, can't access extended configuration space under this bridge
[    0.931157] PCI host bridge to bus 0000:00
[    0.931520] pci_bus 0000:00: root bus resource [io  0x0000-0x0cf7 window]
[    0.931822] pci_bus 0000:00: root bus resource [io  0x0d00-0xffff window]
[    0.932076] pci_bus 0000:00: root bus resource [mem 0x000a0000-0x000bffff window]
[    0.932371] pci_bus 0000:00: root bus resource [mem 0x08000000-0xfebfffff window]
[    0.932790] pci_bus 0000:00: root bus resource [mem 0x100000000-0x17fffffff window]
[    0.933232] pci_bus 0000:00: root bus resource [bus 00-ff]
[    0.935029] pci 0000:00:00.0: [8086:1237] type 00 class 0x060000 conventional PCI endpoint
[    0.957734] pci 0000:00:01.0: [8086:7000] type 00 class 0x060100 conventional PCI endpoint
[    0.958760] pci 0000:00:01.1: [8086:7010] type 00 class 0x010180 conventional PCI endpoint
[    0.961198] pci 0000:00:01.1: BAR 4 [io  0xc040-0xc04f]
[    0.962831] pci 0000:00:01.1: BAR 0 [io  0x01f0-0x01f7]: legacy IDE quirk
[    0.963160] pci 0000:00:01.1: BAR 1 [io  0x03f6]: legacy IDE quirk
[    0.963422] pci 0000:00:01.1: BAR 2 [io  0x0170-0x0177]: legacy IDE quirk
[    0.963809] pci 0000:00:01.1: BAR 3 [io  0x0376]: legacy IDE quirk
[    0.964905] pci 0000:00:01.3: [8086:7113] type 00 class 0x068000 conventional PCI endpoint
[    0.965590] pci 0000:00:01.3: quirk: [io  0x0600-0x063f] claimed by PIIX4 ACPI
[    0.965829] pci 0000:00:01.3: quirk: [io  0x0700-0x070f] claimed by PIIX4 SMB
[    0.966578] pci 0000:00:02.0: [1234:1111] type 00 class 0x030000 conventional PCI endpoint
[    0.967795] pci 0000:00:02.0: BAR 0 [mem 0xfd000000-0xfdffffff pref]
[    0.969800] pci 0000:00:02.0: BAR 2 [mem 0xfebb0000-0xfebb0fff]
[    0.972794] pci 0000:00:02.0: ROM [mem 0xfeba0000-0xfebaffff pref]
[    0.986290] pci 0000:00:02.0: Video device with shadowed ROM at [mem 0x000c0000-0x000dffff]
[    0.987294] pci 0000:00:03.0: [8086:100e] type 00 class 0x020000 conventional PCI endpoint
[    0.988002] pci 0000:00:03.0: BAR 0 [mem 0xfeb80000-0xfeb9ffff]
[    0.988620] pci 0000:00:03.0: BAR 1 [io  0xc000-0xc03f]
[    0.991796] pci 0000:00:03.0: ROM [mem 0xfeb00000-0xfeb7ffff pref]
[    1.012500] ACPI: PCI: Interrupt link LNKA configured for IRQ 10
[    1.013309] ACPI: PCI: Interrupt link LNKB configured for IRQ 10
[    1.014014] ACPI: PCI: Interrupt link LNKC configured for IRQ 11
[    1.014561] ACPI: PCI: Interrupt link LNKD configured for IRQ 11
[    1.014952] ACPI: PCI: Interrupt link LNKS configured for IRQ 9
[    1.018478] iommu: Default domain type: Translated
[    1.018681] iommu: DMA domain TLB invalidation policy: lazy mode
[    1.020107] SCSI subsystem initialized
[    1.021889] ACPI: bus type USB registered
[    1.022432] usbcore: registered new interface driver usbfs
[    1.022955] usbcore: registered new interface driver hub
[    1.023286] usbcore: registered new device driver usb
[    1.036481] pps_core: LinuxPPS API ver. 1 registered
[    1.036691] pps_core: Software ver. 5.3.6 - Copyright 2005-2007 Rodolfo Giometti <giometti@linux.it>
[    1.036879] PTP clock support registered
[    1.039313] Advanced Linux Sound Architecture Driver Initialized.
[    1.073743] NetLabel: Initializing
[    1.074000] NetLabel:  domain hash size = 128
[    1.074199] NetLabel:  protocols = UNLABELED CIPSOv4 CALIPSO
[    1.075626] NetLabel:  unlabeled traffic allowed by default
[    1.080720] PCI: Using ACPI for IRQ routing
[    1.083379] pci 0000:00:02.0: vgaarb: setting as boot VGA device
[    1.083696] pci 0000:00:02.0: vgaarb: bridge control possible
[    1.083773] pci 0000:00:02.0: vgaarb: VGA device added: decodes=io+mem,owns=io+mem,locks=none
[    1.083820] vgaarb: loaded
[    1.101312] hpet: 3 channels of 0 reserved for per-cpu timers
[    1.101909] hpet0: at MMIO 0xfed00000, IRQs 2, 8, 0
[    1.102316] hpet0: 3 comparators, 64-bit 100.000000 MHz counter
[    1.106292] clocksource: Switched to clocksource tsc-early
[    1.108702] VFS: Disk quotas dquot_6.6.0
[    1.109089] VFS: Dquot-cache hash table entries: 512 (order 0, 4096 bytes)
[    1.111363] pnp: PnP ACPI init
[    1.132579] pnp: PnP ACPI: found 6 devices
[    1.216425] clocksource: acpi_pm: mask: 0xffffff max_cycles: 0xffffff, max_idle_ns: 2085701024 ns
[    1.219616] NET: Registered PF_INET protocol family
[    1.237279] IP idents hash table entries: 2048 (order: 2, 16384 bytes, linear)
[    1.243479] tcp_listen_portaddr_hash hash table entries: 256 (order: 0, 4096 bytes, linear)
[    1.244052] Table-perturb hash table entries: 65536 (order: 6, 262144 bytes, linear)
[    1.244388] TCP established hash table entries: 1024 (order: 1, 8192 bytes, linear)
[    1.244770] TCP bind hash table entries: 1024 (order: 3, 32768 bytes, linear)
[    1.245261] TCP: Hash tables configured (established 1024 bind 1024)
[    1.246787] UDP hash table entries: 256 (order: 1, 8192 bytes, linear)
[    1.247311] UDP-Lite hash table entries: 256 (order: 1, 8192 bytes, linear)
[    1.249207] NET: Registered PF_UNIX/PF_LOCAL protocol family
[    1.252606] RPC: Registered named UNIX socket transport module.
[    1.252903] RPC: Registered udp transport module.
[    1.253158] RPC: Registered tcp transport module.
[    1.253346] RPC: Registered tcp-with-tls transport module.
[    1.253542] RPC: Registered tcp NFSv4.1 backchannel transport module.
[    1.275345] pci_bus 0000:00: resource 4 [io  0x0000-0x0cf7 window]
[    1.275628] pci_bus 0000:00: resource 5 [io  0x0d00-0xffff window]
[    1.275838] pci_bus 0000:00: resource 6 [mem 0x000a0000-0x000bffff window]
[    1.276185] pci_bus 0000:00: resource 7 [mem 0x08000000-0xfebfffff window]
[    1.276411] pci_bus 0000:00: resource 8 [mem 0x100000000-0x17fffffff window]
[    1.277310] pci 0000:00:01.0: PIIX3: Enabling Passive Release
[    1.277653] pci 0000:00:00.0: Limiting direct PCI/PCI transfers
[    1.278014] PCI: CLS 0 bytes, default 64
[    1.299879] Unpacking initramfs...
[    1.351461] Freeing initrd memory: 492K
[    2.069707] Initialise system trusted keyrings
[    2.074407] workingset: timestamp_bits=56 max_order=15 bucket_order=0
[    2.077620] NFS: Registering the id_resolver key type
[    2.078231] Key type id_resolver registered
[    2.078431] Key type id_legacy registered
[    2.079424] 9p: Installing v9fs 9p2000 file system support
[    2.188071] Key type asymmetric registered
[    2.188376] Asymmetric key parser 'x509' registered
[    2.188905] Block layer SCSI generic (bsg) driver version 0.4 loaded (major 251)
[    2.189660] io scheduler mq-deadline registered
[    2.189902] io scheduler kyber registered
[    2.193457] input: Power Button as /devices/LNXSYSTM:00/LNXPWRBN:00/input/input0
[    2.198057] ACPI: button: Power Button [PWRF]
[    2.202571] Serial: 8250/16550 driver, 4 ports, IRQ sharing enabled
[    2.206332] 00:04: ttyS0 at I/O 0x3f8 (irq = 4, base_baud = 115200) is a 16550A
[    2.212606] Non-volatile memory driver v1.3
[    2.212843] Linux agpgart interface v0.103
[    2.214710] ACPI: bus type drm_connector registered
[    2.231670] loop: module loaded
[    2.241280] scsi host0: ata_piix
[    2.243097] scsi host1: ata_piix
[    2.243616] ata1: PATA max MWDMA2 cmd 0x1f0 ctl 0x3f6 bmdma 0xc040 irq 14 lpm-pol 0
[    2.243956] ata2: PATA max MWDMA2 cmd 0x170 ctl 0x376 bmdma 0xc048 irq 15 lpm-pol 0
[    2.250443] e100: Intel(R) PRO/100 Network Driver
[    2.250655] e100: Copyright(c) 1999-2006 Intel Corporation
[    2.250913] e1000: Intel(R) PRO/1000 Network Driver
[    2.251173] e1000: Copyright (c) 1999-2006 Intel Corporation.
[    2.295258] tsc: Refined TSC clocksource calibration: 2250.004 MHz
[    2.295911] clocksource: tsc: mask: 0xffffffffffffffff max_cycles: 0x206eb7f92d3, max_idle_ns: 440795318214 ns
[    2.296551] clocksource: Switched to clocksource tsc
[    2.379728] ACPI: \_SB_.LNKC: Enabled at IRQ 11
[    2.405876] ata2: found unknown device (class 0)
[    2.409886] ata2.00: ATAPI: QEMU DVD-ROM, 2.5+, max UDMA/100
[    2.431968] scsi 1:0:0:0: CD-ROM            QEMU     QEMU DVD-ROM     2.5+ PQ: 0 ANSI: 5
[    2.465754] sr 1:0:0:0: [sr0] scsi3-mmc drive: 4x/4x cd/rw xa/form2 tray
[    2.466374] cdrom: Uniform CD-ROM driver Revision: 3.20
[    2.486317] sr 1:0:0:0: Attached scsi generic sg0 type 5
[    2.703499] e1000 0000:00:03.0 eth0: (PCI:33MHz:32-bit) 52:54:00:12:34:56
[    2.704193] e1000 0000:00:03.0 eth0: Intel(R) PRO/1000 Network Connection
[    2.704888] e1000e: Intel(R) PRO/1000 Network Driver
[    2.705195] e1000e: Copyright(c) 1999 - 2015 Intel Corporation.
[    2.705554] sky2: driver version 1.30
[    2.707647] usbcore: registered new interface driver usblp
[    2.707978] usbcore: registered new interface driver usb-storage
[    2.709084] i8042: PNP: PS/2 Controller [PNP0303:KBD,PNP0f13:MOU] at 0x60,0x64 irq 1,12
[    2.712421] serio: i8042 KBD port at 0x60,0x64 irq 1
[    2.712783] serio: i8042 AUX port at 0x60,0x64 irq 12
[    2.716255] rtc_cmos 00:05: RTC can wake from S4
[    2.718537] input: AT Translated Set 2 keyboard as /devices/platform/i8042/serio0/input/input1
[    2.722108] rtc_cmos 00:05: registered as rtc0
[    2.723108] rtc_cmos 00:05: alarms up to one day, y3k, 242 bytes nvram, hpet irqs
[    2.725407] fail to initialize ptp_kvm
[    2.727277] device-mapper: ioctl: 4.48.0-ioctl (2023-03-01) initialised: dm-devel@lists.linux.dev
[    2.728155] amd_pstate: the _CPC object is not present in SBIOS or ACPI disabled
[    2.729438] hid: raw HID events driver (C) Jiri Kosina
[    2.731158] usbcore: registered new interface driver usbhid
[    2.731375] usbhid: USB HID core driver
[    2.739057] Initializing XFRM netlink socket
[    2.739580] NET: Registered PF_INET6 protocol family
[    2.746781] Segment Routing with IPv6
[    2.747215] In-situ OAM (IOAM) with IPv6
[    2.748383] sit: IPv6, IPv4 and MPLS over IPv4 tunneling driver
[    2.751208] NET: Registered PF_PACKET protocol family
[    2.752601] 9pnet: Installing 9P2000 support
[    2.753107] Key type dns_resolver registered
[    2.755183] IPI shorthand broadcast: enabled
[    2.778387] sched_clock: Marking stable (2740078414, 37975345)->(2784642471, -6588712)
[    2.780769] registered taskstats version 1
[    2.781118] Loading compiled-in X.509 certificates
[    2.794401] PM:   Magic number: 1:919:710
[    2.795341] printk: legacy console [netcon0] enabled
[    2.795601] netconsole: network logging started
[    2.796773] cfg80211: Loading compiled-in X.509 certificates for regulatory database
[    2.805217] kworker/u4:0 (47) used greatest stack depth: 15000 bytes left
[    2.814904] Loaded X.509 cert 'sforshee: 00b28ddf47aef9cea7'
[    2.815835] Loaded X.509 cert 'wens: 61c038651aabdcf94bd0ac7ff06c7248db18c600'
[    2.817919] platform regulatory.0: Direct firmware load for regulatory.db failed with error -2
[    2.818938] ALSA device list:
[    2.819383]   No soundcards found.
[    2.820330] cfg80211: failed to load regulatory.db
[    3.353081] input: ImExPS/2 Generic Explorer Mouse as /devices/platform/i8042/serio1/input/input3
[    3.354574] md: Waiting for all devices to be available before autodetect
[    3.354827] md: If you don't use raid, use raid=noautodetect
[    3.355184] md: Autodetecting RAID arrays.
[    3.355354] md: autorun ...
[    3.355490] md: ... autorun DONE.
[    3.357665] /dev/root: Can't open blockdev
[    3.358362] VFS: Cannot open root device "" or unknown-block(0,0): error -6
[    3.358618] Please append a correct "root=" boot option; here are the available partitions:
[    3.359223] 0b00         1048575 sr0
[    3.359318]  driver: sr
[    3.359584] List of all bdev filesystems:
[    3.359736]  ext3
[    3.359776]  ext2
[    3.359868]  ext4
[    3.359951]  vfat
[    3.360019]  msdos
[    3.360192]  iso9660
[    3.360300]
[    3.360586] Kernel panic - not syncing: VFS: Unable to mount root fs on unknown-block(0,0)
[    3.361141] CPU: 0 PID: 1 Comm: swapper/0 Not tainted 6.9.0 #1
[    3.361378] Hardware name: QEMU Ubuntu 24.04 PC (i440FX + PIIX, 1996), BIOS 1.16.3-debian-1.16.3-2 04/01/2014
[    3.361839] Call Trace:
[    3.362517]  <TASK>
[    3.362795]  panic+0x31d/0x350
[    3.363197]  mount_root_generic+0x2b3/0x310
[    3.363407]  prepare_namespace+0x64/0x280
[    3.363586]  kernel_init_freeable+0x286/0x2d0
[    3.363766]  ? __pfx_kernel_init+0x10/0x10
[    3.363940]  kernel_init+0x15/0x1b0
[    3.364069]  ret_from_fork+0x2f/0x50
[    3.364207]  ? __pfx_kernel_init+0x10/0x10
[    3.364338]  ret_from_fork_asm+0x1a/0x30
[    3.364520]  </TASK>
[    3.365006] Kernel Offset: 0x4e00000 from 0xffffffff81000000 (relocation range: 0xffffffff80000000-0xffffffffbfffffff)
[    3.365578] ---[ end Kernel panic - not syncing: VFS: Unable to mount root fs on unknown-block(0,0) ]---

