root@89dc8df6256c:/app# apt-get update; tmux wait -S done
Hit:1 http://archive.ubuntu.com/ubuntu noble InRelease
Get:2 http://security.ubuntu.com/ubuntu noble-security InRelease [126 kB]
Get:3 http://archive.ubuntu.com/ubuntu noble-updates InRelease [126 kB]
Get:4 http://archive.ubuntu.com/ubuntu noble-backports InRelease [126 kB]
Get:5 http://security.ubuntu.com/ubuntu noble-security/multiverse amd64 Packages [23.0 kB]
Get:6 http://security.ubuntu.com/ubuntu noble-security/main amd64 Packages [1241 kB]
Get:7 http://archive.ubuntu.com/ubuntu noble-updates/main amd64 Packages [1567 kB]
Get:8 http://security.ubuntu.com/ubuntu noble-security/universe amd64 Packages [1126 kB]
Get:9 http://security.ubuntu.com/ubuntu noble-security/restricted amd64 Packages [1742 kB]
Get:10 http://archive.ubuntu.com/ubuntu noble-updates/restricted amd64 Packages [1800 kB]
Get:11 http://archive.ubuntu.com/ubuntu noble-updates/universe amd64 Packages [1436 kB]
Get:12 http://archive.ubuntu.com/ubuntu noble-updates/multiverse amd64 Packages [28.1 kB]
Get:13 http://archive.ubuntu.com/ubuntu noble-backports/main amd64 Packages [48.8 kB]
Get:14 http://archive.ubuntu.com/ubuntu noble-backports/universe amd64 Packages [33.0 kB]
Fetched 9424 kB in 1s (12.0 MB/s)
Reading package lists... Done
root@89dc8df6256c:/app# apt-get install -y tcc; tmux wait -S done
Reading package lists... Done
Building dependency tree... Done
Reading state information... Done
The following NEW packages will be installed:
  tcc
0 upgraded, 1 newly installed, 0 to remove and 46 not upgraded.
Need to get 278 kB of archives.
After this operation, 824 kB of additional disk space will be used.
Get:1 http://archive.ubuntu.com/ubuntu noble/universe amd64 tcc amd64 0.9.27+git20200814.62c30a4a-1 [278 kB]
Fetched 278 kB in 1s (379 kB/s)
debconf: delaying package configuration, since apt-utils is not installed
Selecting previously unselected package tcc.
(Reading database ... 35623 files and directories currently installed.)
Preparing to unpack .../tcc_0.9.27+git20200814.62c30a4a-1_amd64.deb ...
Unpacking tcc (0.9.27+git20200814.62c30a4a-1) ...
Setting up tcc (0.9.27+git20200814.62c30a4a-1) ...
root@89dc8df6256c:/app# mkdir -p /tmp/tcc_iso; tmux wait -S done
root@89dc8df6256c:/app# cp $(which tcc) /tmp/tcc_iso/; tmux wait -S done
root@89dc8df6256c:/app# genisoimage -o /tmp/tcc.iso -R -J /tmp/tcc_iso; tmux wait -S done
bash: genisoimage: command not found
root@89dc8df6256c:/app# rm -rf /tmp/tcc_iso; tmux wait -S done
root@89dc8df6256c:/app# apt-get install -y genisoimage; tmux wait -S done
Reading package lists... Done
Building dependency tree... Done
Reading state information... Done
The following additional packages will be installed:
  libmagic-mgc libmagic1t64
Suggested packages:
  wodim cdrkit-doc file
The following NEW packages will be installed:
  genisoimage libmagic-mgc libmagic1t64
0 upgraded, 3 newly installed, 0 to remove and 46 not upgraded.
Need to get 772 kB of archives.
After this operation, 10.5 MB of additional disk space will be used.
Get:1 http://archive.ubuntu.com/ubuntu noble/main amd64 libmagic-mgc amd64 1:5.45-3build1 [307 kB]
Get:2 http://archive.ubuntu.com/ubuntu noble/main amd64 libmagic1t64 amd64 1:5.45-3build1 [87.2 kB]
Get:3 http://archive.ubuntu.com/ubuntu noble/main amd64 genisoimage amd64 9:1.1.11-3.5 [378 kB]
Fetched 772 kB in 1s (774 kB/s)
debconf: delaying package configuration, since apt-utils is not installed
Selecting previously unselected package libmagic-mgc.
(Reading database ... 35656 files and directories currently installed.)
Preparing to unpack .../libmagic-mgc_1%3a5.45-3build1_amd64.deb ...
Unpacking libmagic-mgc (1:5.45-3build1) ...
Selecting previously unselected package libmagic1t64:amd64.
Preparing to unpack .../libmagic1t64_1%3a5.45-3build1_amd64.deb ...
Unpacking libmagic1t64:amd64 (1:5.45-3build1) ...
Selecting previously unselected package genisoimage.
Preparing to unpack .../genisoimage_9%3a1.1.11-3.5_amd64.deb ...
Unpacking genisoimage (9:1.1.11-3.5) ...
Setting up libmagic-mgc (1:5.45-3build1) ...
Setting up libmagic1t64:amd64 (1:5.45-3build1) ...
Setting up genisoimage (9:1.1.11-3.5) ...
Processing triggers for libc-bin (2.39-0ubuntu8.4) ...
root@89dc8df6256c:/app# genisoimage -o /tmp/tcc.iso -R -J /tmp/tcc_iso; tmux wait -S done
I: -input-charset not specified, using utf-8 (detected in locale settings)
genisoimage: No such file or directory. Invalid node - '/tmp/tcc_iso'.
root@89dc8df6256c:/app# mkdir -p /tmp/tcc_iso; tmux wait -S done
root@89dc8df6256c:/app# cp $(which tcc) /tmp/tcc_iso/; tmux wait -S done
root@89dc8df6256c:/app# genisoimage -o /tmp/tcc.iso -R -J /tmp/tcc_iso; tmux wait -S done
I: -input-charset not specified, using utf-8 (detected in locale settings)
Total translation table size: 0
Total rockridge attributes bytes: 244
Total directory bytes: 0
Path table size(bytes): 10
Max brk space used 0
323 extents written (0 MB)
root@89dc8df6256c:/app# ls -lh /tmp/tcc.iso; tmux wait -S done
-rw-r--r-- 1 root root 646K Jul 15 02:04 /tmp/tcc.iso
root@89dc8df6256c:/app# qemu-system-x86_64 -kernel ./linux-6.9/arch/x86/boot/bzImage -initrd ramfs/initramfs.cpio.gz -append "console=ttyS0" -nographic -cdrom /
tmp/tcc.iso
SeaBIOS (version 1.16.3-debian-1.16.3-2)


iPXE (https://ipxe.org) 00:03.0 CA00 PCI2.10 PnP PMM+06FCAE00+06F0AE00 CA00



Booting from ROM..
[    0.000000] Linux version 6.9.0 (root@buildkitsandbox) (gcc (Ubuntu 13.3.0-6ubuntu2~24.04) 13.3.0, GNU ld (GNU Binutils for Ubuntu) 2.42) #1 SMP PREEMPT_DYN5
[    0.000000] Command line: console=ttyS0
[    0.000000] BIOS-provided physical RAM map:
[    0.000000] BIOS-e820: [mem 0x0000000000000000-0x000000000009fbff] usable
[    0.000000] BIOS-e820: [mem 0x000000000009fc00-0x000000000009ffff] reserved
[    0.000000] BIOS-e820: [mem 0x00000000000f0000-0x00000000000fffff] reserved
[    0.000000] BIOS-e820: [mem 0x0000000000100000-0x0000000007fdffff] usable
[    0.000000] BIOS-e820: [mem 0x0000000007fe0000-0x0000000007ffffff] reserved
[    0.000000] BIOS-e820: [mem 0x00000000fffc0000-0x00000000ffffffff] reserved
[    0.000000] BIOS-e820: [mem 0x000000fd00000000-0x000000ffffffffff] reserved
[    0.000000] NX (Execute Disable) protection: active
[    0.000000] APIC: Static calls initialized
[    0.000000] SMBIOS 3.0.0 present.
[    0.000000] DMI: QEMU Ubuntu 24.04 PC (i440FX + PIIX, 1996), BIOS 1.16.3-debian-1.16.3-2 04/01/2014
[    0.000000] tsc: Fast TSC calibration using PIT
[    0.000000] tsc: Detected 2250.014 MHz processor
[    0.009220] last_pfn = 0x7fe0 max_arch_pfn = 0x400000000
[    0.010055] MTRR map: 4 entries (3 fixed + 1 variable; max 19), built from 8 variable MTRRs
[    0.010380] x86/PAT: Configuration [0-7]: WB  WC  UC- UC  WB  WP  UC- WT
[    0.028396] found SMP MP-table at [mem 0x000f5480-0x000f548f]
[    0.033146] RAMDISK: [mem 0x07f3d000-0x07fdffff]
[    0.033626] ACPI: Early table checksum verification disabled
[    0.034000] ACPI: RSDP 0x00000000000F52A0 000014 (v00 BOCHS )
[    0.034356] ACPI: RSDT 0x0000000007FE1C40 000034 (v01 BOCHS  BXPC     00000001 BXPC 00000001)
[    0.035031] ACPI: FACP 0x0000000007FE1AF4 000074 (v01 BOCHS  BXPC     00000001 BXPC 00000001)
[    0.035717] ACPI: DSDT 0x0000000007FE0040 001AB4 (v01 BOCHS  BXPC     00000001 BXPC 00000001)
[    0.035810] ACPI: FACS 0x0000000007FE0000 000040
[    0.035869] ACPI: APIC 0x0000000007FE1B68 000078 (v03 BOCHS  BXPC     00000001 BXPC 00000001)
[    0.035898] ACPI: HPET 0x0000000007FE1BE0 000038 (v01 BOCHS  BXPC     00000001 BXPC 00000001)
[    0.035928] ACPI: WAET 0x0000000007FE1C18 000028 (v01 BOCHS  BXPC     00000001 BXPC 00000001)
[    0.036015] ACPI: Reserving FACP table memory at [mem 0x7fe1af4-0x7fe1b67]
[    0.036039] ACPI: Reserving DSDT table memory at [mem 0x7fe0040-0x7fe1af3]
[    0.036049] ACPI: Reserving FACS table memory at [mem 0x7fe0000-0x7fe003f]
[    0.036056] ACPI: Reserving APIC table memory at [mem 0x7fe1b68-0x7fe1bdf]
[    0.036063] ACPI: Reserving HPET table memory at [mem 0x7fe1be0-0x7fe1c17]
[    0.036070] ACPI: Reserving WAET table memory at [mem 0x7fe1c18-0x7fe1c3f]
[    0.038109] No NUMA configuration found
[    0.038136] Faking a node at [mem 0x0000000000000000-0x0000000007fdffff]
[    0.038649] NODE_DATA(0) allocated [mem 0x07f39000-0x07f3cfff]
[    0.040562] Zone ranges:
[    0.040589]   DMA      [mem 0x0000000000001000-0x0000000000ffffff]
[    0.040659]   DMA32    [mem 0x0000000001000000-0x0000000007fdffff]
[    0.040672]   Normal   empty
[    0.040696] Movable zone start for each node
[    0.040722] Early memory node ranges
[    0.040752]   node   0: [mem 0x0000000000001000-0x000000000009efff]
[    0.040915]   node   0: [mem 0x0000000000100000-0x0000000007fdffff]
[    0.041112] Initmem setup node 0 [mem 0x0000000000001000-0x0000000007fdffff]
[    0.042156] On node 0, zone DMA: 1 pages in unavailable ranges
[    0.042410] On node 0, zone DMA: 97 pages in unavailable ranges
[    0.043040] On node 0, zone DMA32: 32 pages in unavailable ranges
[    0.043445] ACPI: PM-Timer IO Port: 0x608
[    0.043765] ACPI: LAPIC_NMI (acpi_id[0xff] dfl dfl lint[0x1])
[    0.044140] IOAPIC[0]: apic_id 0, version 32, address 0xfec00000, GSI 0-23
[    0.044530] ACPI: INT_SRC_OVR (bus 0 bus_irq 0 global_irq 2 dfl dfl)
[    0.044783] ACPI: INT_SRC_OVR (bus 0 bus_irq 5 global_irq 5 high level)
[    0.044846] ACPI: INT_SRC_OVR (bus 0 bus_irq 9 global_irq 9 high level)
[    0.044940] ACPI: INT_SRC_OVR (bus 0 bus_irq 10 global_irq 10 high level)
[    0.044951] ACPI: INT_SRC_OVR (bus 0 bus_irq 11 global_irq 11 high level)
[    0.045137] ACPI: Using ACPI (MADT) for SMP configuration information
[    0.045177] ACPI: HPET id: 0x8086a201 base: 0xfed00000
[    0.045533] CPU topo: Max. logical packages:   1
[    0.045553] CPU topo: Max. logical dies:       1
[    0.045563] CPU topo: Max. dies per package:   1
[    0.045617] CPU topo: Max. threads per core:   1
[    0.045809] CPU topo: Num. cores per package:     1
[    0.045834] CPU topo: Num. threads per package:   1
[    0.045844] CPU topo: Allowing 1 present CPUs plus 0 hotplug CPUs
[    0.046931] PM: hibernation: Registered nosave memory: [mem 0x00000000-0x00000fff]
[    0.046998] PM: hibernation: Registered nosave memory: [mem 0x0009f000-0x0009ffff]
[    0.047038] PM: hibernation: Registered nosave memory: [mem 0x000a0000-0x000effff]
[    0.047054] PM: hibernation: Registered nosave memory: [mem 0x000f0000-0x000fffff]
[    0.047241] [mem 0x08000000-0xfffbffff] available for PCI devices
[    0.047344] Booting paravirtualized kernel on bare hardware
[    0.047808] clocksource: refined-jiffies: mask: 0xffffffff max_cycles: 0xffffffff, max_idle_ns: 1910969940391419 ns
[    0.063221] setup_percpu: NR_CPUS:64 nr_cpumask_bits:1 nr_cpu_ids:1 nr_node_ids:1
[    0.064793] percpu: Embedded 56 pages/cpu s191656 r8192 d29528 u2097152
[    0.066876] Hello, this is a custom kernel
[    0.066890] Kernel command line: console=ttyS0
[    0.068278] Dentry cache hash table entries: 16384 (order: 5, 131072 bytes, linear)
[    0.068446] Inode-cache hash table entries: 8192 (order: 4, 65536 bytes, linear)
[    0.071723] Fallback order for Node 0: 0
[    0.072149] Built 1 zonelists, mobility grouping on.  Total pages: 31968
[    0.072179] Policy zone: DMA32
[    0.072432] mem auto-init: stack:all(zero), heap alloc:off, heap free:off
[    0.076668] Memory: 87500K/130552K available (18432K kernel code, 2792K rwdata, 6704K rodata, 2704K init, 1292K bss, 42792K reserved, 0K cma-reserved)
[    0.080283] SLUB: HWalign=64, Order=0-3, MinObjects=0, CPUs=1, Nodes=1
[    0.093501] Dynamic Preempt: voluntary
[    0.097065] rcu: Preemptible hierarchical RCU implementation.
[    0.097083] rcu:     RCU event tracing is enabled.
[    0.097108] rcu:     RCU restricting CPUs from NR_CPUS=64 to nr_cpu_ids=1.
[    0.097224]  Trampoline variant of Tasks RCU enabled.
[    0.097342] rcu: RCU calculated value of scheduler-enlistment delay is 100 jiffies.
[    0.097373] rcu: Adjusting geometry for rcu_fanout_leaf=16, nr_cpu_ids=1
[    0.098450] RCU Tasks: Setting shift to 0 and lim to 1 rcu_task_cb_adjust=1.
[    0.112454] NR_IRQS: 4352, nr_irqs: 256, preallocated irqs: 16
[    0.121555] rcu: srcu_init: Setting srcu_struct sizes based on contention.
[    0.127487] Console: colour VGA+ 80x25
[    0.129281] printk: legacy console [ttyS0] enabled
[    0.162482] ACPI: Core revision 20230628
[    0.168062] clocksource: hpet: mask: 0xffffffff max_cycles: 0xffffffff, max_idle_ns: 19112604467 ns
[    0.174311] APIC: Switch to symmetric I/O mode setup
[    0.179845] ..TIMER: vector=0x30 apic1=0 pin1=2 apic2=-1 pin2=-1
[    0.186122] clocksource: tsc-early: mask: 0xffffffffffffffff max_cycles: 0x206ec137e31, max_idle_ns: 440795242817 ns
[    0.187231] Calibrating delay loop (skipped), value calculated using timer frequency.. 4500.02 BogoMIPS (lpj=2250014)
[    0.191021] Last level iTLB entries: 4KB 512, 2MB 255, 4MB 127
[    0.191278] Last level dTLB entries: 4KB 512, 2MB 255, 4MB 127, 1GB 0
[    0.191831] Spectre V1 : Mitigation: usercopy/swapgs barriers and __user pointer sanitization
[    0.192467] Spectre V2 : Mitigation: Retpolines
[    0.192670] Spectre V2 : Spectre v2 / SpectreRSB mitigation: Filling RSB on context switch
[    0.192909] Spectre V2 : Spectre v2 / SpectreRSB : Filling RSB on VMEXIT
[    0.194216] x86/fpu: x87 FPU will use FXSAVE
[    0.620079] Freeing SMP alternatives memory: 48K
[    0.621011] pid_max: default: 32768 minimum: 301
[    0.628244] LSM: initializing lsm=capability,selinux
[    0.629985] SELinux:  Initializing.
[    0.637255] Mount-cache hash table entries: 512 (order: 0, 4096 bytes, linear)
[    0.637725] Mountpoint-cache hash table entries: 512 (order: 0, 4096 bytes, linear)
[    0.769864] smpboot: CPU0: AMD QEMU Virtual CPU version 2.5+ (family: 0xf, model: 0x6b, stepping: 0x1)
[    0.777908] Performance Events: PMU not available due to virtualization, using software events only.
[    0.779716] signal: max sigframe size: 1440
[    0.782252] rcu: Hierarchical SRCU implementation.
[    0.782524] rcu:     Max phase no-delay instances is 400.
[    0.789815] smp: Bringing up secondary CPUs ...
[    0.792211] smp: Brought up 1 node, 1 CPU
[    0.792561] smpboot: Total of 1 processors activated (4500.02 BogoMIPS)
[    0.806657] devtmpfs: initialized
[    0.816116] clocksource: jiffies: mask: 0xffffffff max_cycles: 0xffffffff, max_idle_ns: 1911260446275000 ns
[    0.816936] futex hash table entries: 256 (order: 2, 16384 bytes, linear)
[    0.820043] PM: RTC time: 02:04:43, date: 2025-07-15
[    0.826634] NET: Registered PF_NETLINK/PF_ROUTE protocol family
[    0.830588] audit: initializing netlink subsys (disabled)
[    0.833194] audit: type=2000 audit(1752545083.659:1): state=initialized audit_enabled=0 res=1
[    0.837231] thermal_sys: Registered thermal governor 'step_wise'
[    0.837269] thermal_sys: Registered thermal governor 'user_space'
[    0.838003] cpuidle: using governor menu
[    0.841928] PCI: Using configuration type 1 for base access
[    0.844316] kprobes: kprobe jump-optimization is enabled. All kprobes are optimized if possible.
[    0.849599] HugeTLB: registered 2.00 MiB page size, pre-allocated 0 pages
[    0.849927] HugeTLB: 28 KiB vmemmap can be freed for a 2.00 MiB page
[    0.855804] Demotion targets for Node 0: null
[    0.863570] ACPI: Added _OSI(Module Device)
[    0.863775] ACPI: Added _OSI(Processor Device)
[    0.867008] ACPI: Added _OSI(3.0 _SCP Extensions)
[    0.867171] ACPI: Added _OSI(Processor Aggregator Device)
[    0.893515] ACPI: 1 ACPI AML tables successfully acquired and loaded
[    0.924528] ACPI: _OSC evaluation for CPUs failed, trying _PDC
[    0.929192] ACPI: Interpreter enabled
[    0.931745] ACPI: PM: (supports S0 S3 S4 S5)
[    0.931923] ACPI: Using IOAPIC for interrupt routing
[    0.932494] PCI: Using host bridge windows from ACPI; if necessary, use "pci=nocrs" and report a bug
[    0.932905] PCI: Using E820 reservations for host bridge windows
[    0.937969] ACPI: Enabled 2 GPEs in block 00 to 0F
[    0.999683] ACPI: PCI Root Bridge [PCI0] (domain 0000 [bus 00-ff])
[    1.002815] acpi PNP0A03:00: _OSC: OS supports [ASPM ClockPM Segments MSI HPX-Type3]
[    1.003323] acpi PNP0A03:00: _OSC: not requesting OS control; OS requires [ExtendedConfig ASPM ClockPM MSI]
[    1.004522] acpi PNP0A03:00: fail to add MMCONFIG information, can't access extended configuration space under this bridge
[    1.012119] PCI host bridge to bus 0000:00
[    1.012472] pci_bus 0000:00: root bus resource [io  0x0000-0x0cf7 window]
[    1.013892] pci_bus 0000:00: root bus resource [io  0x0d00-0xffff window]
[    1.014217] pci_bus 0000:00: root bus resource [mem 0x000a0000-0x000bffff window]
[    1.014569] pci_bus 0000:00: root bus resource [mem 0x08000000-0xfebfffff window]
[    1.022134] pci_bus 0000:00: root bus resource [mem 0x100000000-0x17fffffff window]
[    1.022838] pci_bus 0000:00: root bus resource [bus 00-ff]
[    1.024892] pci 0000:00:00.0: [8086:1237] type 00 class 0x060000 conventional PCI endpoint
[    1.030504] pci 0000:00:01.0: [8086:7000] type 00 class 0x060100 conventional PCI endpoint
[    1.032457] pci 0000:00:01.1: [8086:7010] type 00 class 0x010180 conventional PCI endpoint
[    1.035299] pci 0000:00:01.1: BAR 4 [io  0xc040-0xc04f]
[    1.036923] pci 0000:00:01.1: BAR 0 [io  0x01f0-0x01f7]: legacy IDE quirk
[    1.037293] pci 0000:00:01.1: BAR 1 [io  0x03f6]: legacy IDE quirk
[    1.037873] pci 0000:00:01.1: BAR 2 [io  0x0170-0x0177]: legacy IDE quirk
[    1.038186] pci 0000:00:01.1: BAR 3 [io  0x0376]: legacy IDE quirk
[    1.057103] pci 0000:00:01.3: [8086:7113] type 00 class 0x068000 conventional PCI endpoint
[    1.057786] pci 0000:00:01.3: quirk: [io  0x0600-0x063f] claimed by PIIX4 ACPI
[    1.057926] pci 0000:00:01.3: quirk: [io  0x0700-0x070f] claimed by PIIX4 SMB
[    1.058983] pci 0000:00:02.0: [1234:1111] type 00 class 0x030000 conventional PCI endpoint
[    1.059890] pci 0000:00:02.0: BAR 0 [mem 0xfd000000-0xfdffffff pref]
[    1.061195] pci 0000:00:02.0: BAR 2 [mem 0xfebb0000-0xfebb0fff]
[    1.065304] pci 0000:00:02.0: ROM [mem 0xfeba0000-0xfebaffff pref]
[    1.065981] pci 0000:00:02.0: Video device with shadowed ROM at [mem 0x000c0000-0x000dffff]
[    1.067007] pci 0000:00:03.0: [8086:100e] type 00 class 0x020000 conventional PCI endpoint
[    1.067864] pci 0000:00:03.0: BAR 0 [mem 0xfeb80000-0xfeb9ffff]
[    1.069944] pci 0000:00:03.0: BAR 1 [io  0xc000-0xc03f]
[    1.074122] pci 0000:00:03.0: ROM [mem 0xfeb00000-0xfeb7ffff pref]
[    1.109295] ACPI: PCI: Interrupt link LNKA configured for IRQ 10
[    1.110068] ACPI: PCI: Interrupt link LNKB configured for IRQ 10
[    1.110652] ACPI: PCI: Interrupt link LNKC configured for IRQ 11
[    1.111208] ACPI: PCI: Interrupt link LNKD configured for IRQ 11
[    1.111569] ACPI: PCI: Interrupt link LNKS configured for IRQ 9
[    1.115044] iommu: Default domain type: Translated
[    1.115288] iommu: DMA domain TLB invalidation policy: lazy mode
[    1.116656] SCSI subsystem initialized
[    1.118425] ACPI: bus type USB registered
[    1.118963] usbcore: registered new interface driver usbfs
[    1.119419] usbcore: registered new interface driver hub
[    1.119722] usbcore: registered new device driver usb
[    1.132848] pps_core: LinuxPPS API ver. 1 registered
[    1.133066] pps_core: Software ver. 5.3.6 - Copyright 2005-2007 Rodolfo Giometti <giometti@linux.it>
[    1.133442] PTP clock support registered
[    1.135347] Advanced Linux Sound Architecture Driver Initialized.
[    1.175551] NetLabel: Initializing
[    1.175946] NetLabel:  domain hash size = 128
[    1.176192] NetLabel:  protocols = UNLABELED CIPSOv4 CALIPSO
[    1.177819] NetLabel:  unlabeled traffic allowed by default
[    1.184751] PCI: Using ACPI for IRQ routing
[    1.214247] pci 0000:00:02.0: vgaarb: setting as boot VGA device
[    1.214864] pci 0000:00:02.0: vgaarb: bridge control possible
[    1.214864] pci 0000:00:02.0: vgaarb: VGA device added: decodes=io+mem,owns=io+mem,locks=none
[    1.214928] vgaarb: loaded
[    1.217096] hpet: 3 channels of 0 reserved for per-cpu timers
[    1.217723] hpet0: at MMIO 0xfed00000, IRQs 2, 8, 0
[    1.218163] hpet0: 3 comparators, 64-bit 100.000000 MHz counter
[    1.224522] clocksource: Switched to clocksource tsc-early
[    1.253472] VFS: Disk quotas dquot_6.6.0
[    1.254075] VFS: Dquot-cache hash table entries: 512 (order 0, 4096 bytes)
[    1.257195] pnp: PnP ACPI init
[    1.264267] pnp: PnP ACPI: found 6 devices
[    1.351301] clocksource: acpi_pm: mask: 0xffffff max_cycles: 0xffffff, max_idle_ns: 2085701024 ns
[    1.371546] NET: Registered PF_INET protocol family
[    1.373082] IP idents hash table entries: 2048 (order: 2, 16384 bytes, linear)
[    1.381592] tcp_listen_portaddr_hash hash table entries: 256 (order: 0, 4096 bytes, linear)
[    1.382240] Table-perturb hash table entries: 65536 (order: 6, 262144 bytes, linear)
[    1.382935] TCP established hash table entries: 1024 (order: 1, 8192 bytes, linear)
[    1.383480] TCP bind hash table entries: 1024 (order: 3, 32768 bytes, linear)
[    1.384158] TCP: Hash tables configured (established 1024 bind 1024)
[    1.402985] UDP hash table entries: 256 (order: 1, 8192 bytes, linear)
[    1.403523] UDP-Lite hash table entries: 256 (order: 1, 8192 bytes, linear)
[    1.405410] NET: Registered PF_UNIX/PF_LOCAL protocol family
[    1.408936] RPC: Registered named UNIX socket transport module.
[    1.409198] RPC: Registered udp transport module.
[    1.409430] RPC: Registered tcp transport module.
[    1.409656] RPC: Registered tcp-with-tls transport module.
[    1.410063] RPC: Registered tcp NFSv4.1 backchannel transport module.
[    1.429795] pci_bus 0000:00: resource 4 [io  0x0000-0x0cf7 window]
[    1.430111] pci_bus 0000:00: resource 5 [io  0x0d00-0xffff window]
[    1.430389] pci_bus 0000:00: resource 6 [mem 0x000a0000-0x000bffff window]
[    1.431231] pci_bus 0000:00: resource 7 [mem 0x08000000-0xfebfffff window]
[    1.431584] pci_bus 0000:00: resource 8 [mem 0x100000000-0x17fffffff window]
[    1.432576] pci 0000:00:01.0: PIIX3: Enabling Passive Release
[    1.433084] pci 0000:00:00.0: Limiting direct PCI/PCI transfers
[    1.433617] PCI: CLS 0 bytes, default 64
[    1.462288] Unpacking initramfs...
[    1.536267] Freeing initrd memory: 652K
[    2.326360] Initialise system trusted keyrings
[    2.329713] workingset: timestamp_bits=56 max_order=15 bucket_order=0
[    2.334163] NFS: Registering the id_resolver key type
[    2.334852] Key type id_resolver registered
[    2.335104] Key type id_legacy registered
[    2.336166] 9p: Installing v9fs 9p2000 file system support
[    2.453274] Key type asymmetric registered
[    2.453553] Asymmetric key parser 'x509' registered
[    2.454305] Block layer SCSI generic (bsg) driver version 0.4 loaded (major 251)
[    2.455213] io scheduler mq-deadline registered
[    2.455516] io scheduler kyber registered
[    2.459086] input: Power Button as /devices/LNXSYSTM:00/LNXPWRBN:00/input/input0
[    2.463638] ACPI: button: Power Button [PWRF]
[    2.468185] Serial: 8250/16550 driver, 4 ports, IRQ sharing enabled
[    2.472126] 00:04: ttyS0 at I/O 0x3f8 (irq = 4, base_baud = 115200) is a 16550A
[    2.478364] Non-volatile memory driver v1.3
[    2.478616] Linux agpgart interface v0.103
[    2.480662] ACPI: bus type drm_connector registered
[    2.498819] loop: module loaded
[    2.509023] scsi host0: ata_piix
[    2.509978] tsc: Refined TSC clocksource calibration: 2250.004 MHz
[    2.510675] clocksource: tsc: mask: 0xffffffffffffffff max_cycles: 0x206eb7f92d3, max_idle_ns: 440795318214 ns
[    2.511358] clocksource: Switched to clocksource tsc
[    2.513009] scsi host1: ata_piix
[    2.513615] ata1: PATA max MWDMA2 cmd 0x1f0 ctl 0x3f6 bmdma 0xc040 irq 14 lpm-pol 0
[    2.514115] ata2: PATA max MWDMA2 cmd 0x170 ctl 0x376 bmdma 0xc048 irq 15 lpm-pol 0
[    2.520897] e100: Intel(R) PRO/100 Network Driver
[    2.521158] e100: Copyright(c) 1999-2006 Intel Corporation
[    2.521534] e1000: Intel(R) PRO/1000 Network Driver
[    2.521860] e1000: Copyright (c) 1999-2006 Intel Corporation.
[    2.664974] ACPI: \_SB_.LNKC: Enabled at IRQ 11
[    2.670636] ata2: found unknown device (class 0)
[    2.676173] ata2.00: ATAPI: QEMU DVD-ROM, 2.5+, max UDMA/100
[    2.694003] scsi 1:0:0:0: CD-ROM            QEMU     QEMU DVD-ROM     2.5+ PQ: 0 ANSI: 5
[    2.721614] sr 1:0:0:0: [sr0] scsi3-mmc drive: 4x/4x cd/rw xa/form2 tray
[    2.722338] cdrom: Uniform CD-ROM driver Revision: 3.20
[    2.755394] sr 1:0:0:0: Attached scsi generic sg0 type 5
[    2.994791] e1000 0000:00:03.0 eth0: (PCI:33MHz:32-bit) 52:54:00:12:34:56
[    2.996111] e1000 0000:00:03.0 eth0: Intel(R) PRO/1000 Network Connection
[    2.997494] e1000e: Intel(R) PRO/1000 Network Driver
[    2.997915] e1000e: Copyright(c) 1999 - 2015 Intel Corporation.
[    2.998477] sky2: driver version 1.30
[    3.002050] usbcore: registered new interface driver usblp
[    3.002529] usbcore: registered new interface driver usb-storage
[    3.004165] i8042: PNP: PS/2 Controller [PNP0303:KBD,PNP0f13:MOU] at 0x60,0x64 irq 1,12
[    3.008451] serio: i8042 KBD port at 0x60,0x64 irq 1
[    3.009030] serio: i8042 AUX port at 0x60,0x64 irq 12
[    3.014367] rtc_cmos 00:05: RTC can wake from S4
[    3.017540] input: AT Translated Set 2 keyboard as /devices/platform/i8042/serio0/input/input1
[    3.023691] rtc_cmos 00:05: registered as rtc0
[    3.027054] rtc_cmos 00:05: alarms up to one day, y3k, 242 bytes nvram, hpet irqs
[    3.027741] fail to initialize ptp_kvm
[    3.029658] device-mapper: ioctl: 4.48.0-ioctl (2023-03-01) initialised: dm-devel@lists.linux.dev
[    3.031472] amd_pstate: the _CPC object is not present in SBIOS or ACPI disabled
[    3.032404] hid: raw HID events driver (C) Jiri Kosina
[    3.034043] usbcore: registered new interface driver usbhid
[    3.034268] usbhid: USB HID core driver
[    3.044362] Initializing XFRM netlink socket
[    3.045266] NET: Registered PF_INET6 protocol family
[    3.053002] Segment Routing with IPv6
[    3.053488] In-situ OAM (IOAM) with IPv6
[    3.054917] sit: IPv6, IPv4 and MPLS over IPv4 tunneling driver
[    3.059046] NET: Registered PF_PACKET protocol family
[    3.061430] 9pnet: Installing 9P2000 support
[    3.062450] Key type dns_resolver registered
[    3.066345] IPI shorthand broadcast: enabled
[    3.104700] sched_clock: Marking stable (3053076570, 50699303)->(3118086168, -14310295)
[    3.108439] registered taskstats version 1
[    3.108663] Loading compiled-in X.509 certificates
[    3.126716] PM:   Magic number: 1:854:55
[    3.128403] printk: legacy console [netcon0] enabled
[    3.128884] netconsole: network logging started
[    3.130735] cfg80211: Loading compiled-in X.509 certificates for regulatory database
[    3.141179] kworker/u4:0 (47) used greatest stack depth: 15224 bytes left
[    3.156086] Loaded X.509 cert 'sforshee: 00b28ddf47aef9cea7'
[    3.157585] Loaded X.509 cert 'wens: 61c038651aabdcf94bd0ac7ff06c7248db18c600'
[    3.159658] ALSA device list:
[    3.161154]   No soundcards found.
[    3.162921] platform regulatory.0: Direct firmware load for regulatory.db failed with error -2
[    3.165044] cfg80211: failed to load regulatory.db
[    3.264596] Freeing unused kernel image (initmem) memory: 2704K
[    3.266224] Write protecting the kernel read-only data: 26624k
[    3.269323] Freeing unused kernel image (rodata/data gap) memory: 1488K
[    3.483182] x86/mm: Checked W+X mappings: passed, no W+X pages found.
pwd; tmux wait -S done
[    3.489181] Run /init as init process
[    3.586295] busybox (50) used greatest stack depth: 14288 bytes left
Starting up...
[    3.695643] input: ImExPS/2 Generic Explorer Mouse as /devices/platform/i8042/serio1/input/input3
[    3.783116] busybox (54) used greatest stack depth: 14096 bytes left
[    3.802160] busybox (55) used greatest stack depth: 13360 bytes left

Login with root and no password.

localhost login: root
login[58]: root login on 'ttyS0'
~ # tcc --version; tmux wait -S done
-sh: tcc: not found
-sh: tmux: not found
~ # ls /mnt
ls: /mnt: No such file or directory
~ # mount /dev/cdrom /mnt; tmux wait -S done
mount: mounting /dev/cdrom on /mnt failed: No such file or directory
-sh: tmux: not found
~ # mkdir /mnt; tmux wait -S done
-sh: tmux: not found
~ # mkdir /mnt
mkdir: can't create directory '/mnt': File exists
~ # mount /dev/cdrom /mnt
[   62.747480] /dev/cdrom: Can't lookup blockdev
[   62.748267] /dev/cdrom: Can't lookup blockdev
[   62.748563] /dev/cdrom: Can't lookup blockdev
mount: mounting /dev/cdrom on /mnt failed: No such file or directory
~ # ls /mnt; tmux wait -S done
-sh: tmux: not found
~ # ls /dev; tmux wait -S done
autofs           sg0              tty3             tty55
bsg              snapshot         tty30            tty56
console          snd              tty31            tty57
cpu              sr0              tty32            tty58
cpu_dma_latency  tty              tty33            tty59
full             tty0             tty34            tty6
hpet             tty1             tty35            tty60
hwrng            tty10            tty36            tty61
input            tty11            tty37            tty62
kmsg             tty12            tty38            tty63
loop-control     tty13            tty39            tty7
loop0            tty14            tty4             tty8
loop1            tty15            tty40            tty9
loop2            tty16            tty41            ttyS0
loop3            tty17            tty42            ttyS1
loop4            tty18            tty43            ttyS2
loop5            tty19            tty44            ttyS3
loop6            tty2             tty45            urandom
loop7            tty20            tty46            usbmon0
mapper           tty21            tty47            vcs
mem              tty22            tty48            vcs1
null             tty23            tty49            vcsa
nvram            tty24            tty5             vcsa1
port             tty25            tty50            vcsu
ptmx             tty26            tty51            vcsu1
random           tty27            tty52            vga_arbiter
rfkill           tty28            tty53            zero
rtc0             tty29            tty54
-sh: tmux: not found
~ # mount /dev/sr0 /mnt; tmux wait -S done
[   89.186958] /dev/sr0: Can't open blockdev
[   89.213232] /dev/sr0: Can't open blockdev
[   89.230238] /dev/sr0: Can't open blockdev
-sh: tmux: not found
~ # ls /tmp; tmux wait -S done
ls: /tmp: No such file or directory
-sh: tmux: not found
~ # pwd; tmux wait -S done
/root
-sh: tmux: not found
~ # mkdir /tmp; tmux wait -S done
-sh: tmux: not found
~ # exit

Login with root and no password.

localhost login: root
login[69]: root login on 'ttyS0'
~ # apt-get update; tmux wait -S done
-sh: apt-get: not found
-sh: tmux: not found
~ # ls /bin; tmux wait -S done
arch           echo           link           nice           setpriv
ash            ed             linux32        nuke           setserial
base64         egrep          linux64        pidof          sh
busybox        false          ln             ping           sleep
cat            fatattr        login          ping6          stat
chattr         fdflush        ls             pipe_progress  stty
chgrp          fgrep          lsattr         printenv       su
chmod          fsync          lzop           ps             sync
chown          getopt         makemime       pwd            tar
conspy         grep           mkdir          reformime      touch
cp             gunzip         mknod          resume         true
cpio           gzip           mktemp         rev            umount
cttyhack       hostname       more           rm             uname
date           hush           mount          rmdir          usleep
dd             ionice         mountpoint     rpm            vi
df             iostat         mpstat         run-parts      watch
dmesg          ipcalc         mt             scriptreplay   zcat
dnsdomainname  kbd_mode       mv             sed
dumpkmap       kill           netstat        setarch
-sh: tmux: not found
~ # mkdir /tmp; tmux wait -S done
mkdir: can't create directory '/tmp': File exists
-sh: tmux: not found
~ # mkdir /tmp/tcc_iso; tmux wait -S done
-sh: tmux: not found
~ # exit

Login with root and no password.

localhost login: mkdir /tmp/tcc_iso
Password:
cd /tmp/tcc_iso
busybox genisoimage -o /tmp/tcc.iso -R -J .
Login incorrect
localhost login: exit
Password:
[  244.695193] clocksource: timekeeping watchdog on CPU0: hpet retried 1 times before success
Login incorrect
localhost login: exit
Password:
Login incorrect
login[73]: invalid password for 'UNKNOWN' on 'ttyS0'

Login with root and no password.

localhost login: exit
Password:
Login incorrect
localhost login: exit
Password:
Login incorrect
localhost login: exit
Password:
Login incorrect
login[74]: invalid password for 'UNKNOWN' on 'ttyS0'

Login with root and no password.

localhost login: exit
Password:
Login incorrect
localhost login: exit
Password:
Login incorrect
localhost login: exit
Password:
Login incorrect
login[75]: invalid password for 'UNKNOWN' on 'ttyS0'

Login with root and no password.

localhost login: exit
Password:
Login incorrect
localhost login: exit
Password:
Login incorrect
localhost login: exit
Password:
Login incorrect
login[76]: invalid password for 'UNKNOWN' on 'ttyS0'

Login with root and no password.

localhost login: exit
Password:
qemu-system-x86_64 -kernel ./linux-6.9/arch/x86/boot/bzImage -initrd ramfs/initramfs.cpio.gz -append "console=ttyS0" -nographic -cdrom /tmp/tcc.iso
Login incorrect
localhost login: exit
Password:
qemu-system-x86_64 -kernel ./linux-6.9/arch/x86/boot/bzImage -initrd ramfs/initramfs.cpio.gz -append "console=ttyS0" -nographic -cdrom /tmp/tcc.iso
Login incorrect
localhost login: exit
Password:
qemu-system-x86_64 -kernel ./linux-6.9/arch/x86/boot/bzImage -initrd ramfs/initramfs.cpio.gz -append "console=ttyS0" -nographic -cdrom /tmp/tcc.iso
Login incorrect
login[77]: invalid password for 'UNKNOWN' on 'ttyS0'

Login with root and no password.

localhost login: exit
Password:
qemu-system-x86_64 -kernel ./linux-6.9/arch/x86/boot/bzImage -initrd ramfs/initramfs.cpio.gz -append "console=ttyS0" -nographic -cdrom /tmp/tcc.iso
Login incorrect
localhost login: exit
Password:
qemu-system-x86_64 -kernel ./linux-6.9/arch/x86/boot/bzImage -initrd ramfs/initramfs.cpio.gz -append "console=ttyS0" -nographic -cdrom /tmp/tcc.iso
Login incorrect
localhost login: exit
Password:
qemu-system-x86_64 -kernel ./linux-6.9/arch/x86/boot/bzImage -initrd ramfs/initramfs.cpio.gz -append "console=ttyS0" -nographic -cdrom /tmp/tcc.iso
Login incorrect
login[78]: invalid password for 'UNKNOWN' on 'ttyS0'

Login with root and no password.

localhost login: exit
Password:
qemu-system-x86_64 -kernel ./linux-6.9/arch/x86/boot/bzImage -initrd ramfs/initramfs.cpio.gz -append "console=ttyS0" -nographic -cdrom /tmp/tcc.iso
Login incorrect
localhost login: exit
Password:
qemu-system-x86_64 -kernel ./linux-6.9/arch/x86/boot/bzImage -initrd ramfs/initramfs.cpio.gz -append "console=ttyS0" -nographic -cdrom /tmp/tcc.iso
Login incorrect
localhost login: exit
Password:
qemu-system-x86_64 -kernel ./linux-6.9/arch/x86/boot/bzImage -initrd ramfs/initramfs.cpio.gz -append "console=ttyS0" -nographic -cdrom /tmp/tcc.iso
Login incorrect
login[79]: invalid password for 'UNKNOWN' on 'ttyS0'

Login with root and no password.

localhost login: exit
Password:
qemu-system-x86_64 -kernel ./linux-6.9/arch/x86/boot/bzImage -initrd ramfs/initramfs.cpio.gz -append "console=ttyS0" -nographic -cdrom /tmp/tcc.iso
Login incorrect
localhost login: exit
Password:
qemu-system-x86_64 -kernel ./linux-6.9/arch/x86/boot/bzImage -initrd ramfs/initramfs.cpio.gz -append "console=ttyS0" -nographic -cdrom /tmp/tcc.iso
Login incorrect
localhost login: exit
Password:
qemu-system-x86_64 -kernel ./linux-6.9/arch/x86/boot/bzImage -initrd ramfs/initramfs.cpio.gz -append "console=ttyS0" -nographic -cdrom /tmp/tcc.iso
Login incorrect
login[80]: invalid password for 'UNKNOWN' on 'ttyS0'

Login with root and no password.

localhost login: exit
Password:
qemu-system-x86_64 -kernel ./linux-6.9/arch/x86/boot/bzImage -initrd ramfs/initramfs.cpio.gz -append "console=ttyS0" -nographic -cdrom /tmp/tcc.iso
Login incorrect
localhost login: exit
Password:
qemu-system-x86_64 -kernel ./linux-6.9/arch/x86/boot/bzImage -initrd ramfs/initramfs.cpio.gz -append "console=ttyS0" -nographic -cdrom /tmp/tcc.iso
Login incorrect
localhost login: exit
Password:
qemu-system-x86_64 -kernel ./linux-6.9/arch/x86/boot/bzImage -initrd ramfs/initramfs.cpio.gz -append "console=ttyS0" -nographic -cdrom /tmp/tcc.iso
Login incorrect
login[81]: invalid password for 'UNKNOWN' on 'ttyS0'

Login with root and no password.

localhost login: exit
Password:
qemu-system-x86_64 -kernel ./linux-6.9/arch/x86/boot/bzImage -initrd ramfs/initramfs.cpio.gz -append "console=ttyS0" -nographic -cdrom /tmp/tcc.iso
Login incorrect
localhost login: exit
Password:
qemu-system-x86_64 -kernel ./linux-6.9/arch/x86/boot/bzImage -initrd ramfs/initramfs.cpio.gz -append "console=ttyS0" -nographic -cdrom /tmp/tcc.iso
Login incorrect
localhost login: exit
Password:
qemu-system-x86_64 -kernel ./linux-6.9/arch/x86/boot/bzImage -initrd ramfs/initramfs.cpio.gz -append "console=ttyS0" -nographic -cdrom /tmp/tcc.iso
Login incorrect
login[82]: invalid password for 'UNKNOWN' on 'ttyS0'

Login with root and no password.

localhost login: exit
Password:
qemu-system-x86_64 -kernel ./linux-6.9/arch/x86/boot/bzImage -initrd ramfs/initramfs.cpio.gz -append "console=ttyS0" -nographic -cdrom /tmp/tcc.iso
Login incorrect
localhost login: exit
Password:
qemu-system-x86_64 -kernel ./linux-6.9/arch/x86/boot/bzImage -initrd ramfs/initramfs.cpio.gz -append "console=ttyS0" -nographic -cdrom /tmp/tcc.iso
Login incorrect
localhost login: exit
Password:
qemu-system-x86_64 -kernel ./linux-6.9/arch/x86/boot/bzImage -initrd ramfs/initramfs.cpio.gz -append "console=ttyS0" -nographic -cdrom /tmp/tcc.iso
Login incorrect
login[83]: invalid password for 'UNKNOWN' on 'ttyS0'

Login with root and no password.

localhost login: exit
Password:
qemu-system-x86_64 -kernel ./linux-6.9/arch/x86/boot/bzImage -initrd ramfs/initramfs.cpio.gz -append "console=ttyS0" -nographic -cdrom /tmp/tcc.iso

