root@95873d400b1b:/app# echo "import json\nfrom rdkit import Chem\nfrom rdkit import Descriptors\n\ndef get_molecules_by_name(query: str, limit: int = 5) -> lis
t:\n    with open('/app/resources/test_molecules.json', 'r') as f:\n        molecules = json.load(f)\n    matched = [m for m in molecules if query.lower() in m[
'name'].lower()]\n    return matched[:limit]\n\ndef smiles_to_mol(smiles: str) -> object:\n    try:\n        return Chem.MolFromSmiles(smiles)\n    except:\n
     return None\n\ndef compute_properties(mol: object) -> dict:\n    if mol is None:\n        return {}\n    return {\n        'logp': Descriptors.MolLogP(mol)
,\n        'mw': Descriptors.MolWt(mol),\n        'donors': Descriptors.NumHDonors(mol),\n        'acceptors': Descriptors.NumHAcceptors(mol),\n        'rotatab
le_bonds': Descriptors.NumRotatableBonds(mol),\n        'tpsa': Descriptors.TPSA(mol)\n    }\n\ndef find_candidates_for_property(property_name: str, target_valu
e: float, query: str, tolerance: float = 0.5, limit: int = 10) -> list:\n    molecules = get_molecules_by_name(query)\n    candidates = []\n    for mol_data in
molecules:\n        mol = smiles_to_mol(mol_data['smiles'])\n        props = compute_properties(mol)\n        if property_name in props:\n            value = pr
ops[property_name]\n            if abs(value - target_value) <= tolerance:\n                match_quality = abs(value - target_value)\n                candidate
s.append({\n                    'name': mol_data['name'],\n                    'smiles': mol_data['smiles'],\n                    **props,**\n
  'match_quality': match_quality,\n                    'explanation': f'Property {property_name} = {value}, which is within {tolerance} of target {target_value}
'\n                })\n    return sorted(candidates, key=lambda x: x['match_quality'])[:limit]\n\nif __name__ == '__main__':\n    import argparse\n    parser =
argparse.ArgumentParser(description='Molecular Property Analysis Agent')\n    parser.add_argument('--query', type=str, required=True, help='Query molecule name
or substring')\n    parser.add_argument('--property', type=str, required=True, help='Property to analyze')\n    parser.add_argument('--target', type=float, requ
ired=True, help='Target value for the property')\n    parser.add_argument('--tolerance', type=float, default=0.5, help='Tolerance for matching')\n    args = par
ser.parse_args()\n    results = find_candidates_for_property(args.property, args.target, args.query, args.tolerance)\n    print(json.dumps(results, indent=2))"
> solution_chem_agent.py; tmux wait -S done
root@95873d400b1b:/app# python solution_chem_agent.py --query "aspirin" --property logp --target 1.5 --tolerance 0.5; tmux wait -S done
  File "/app/solution_chem_agent.py", line 1
    import json\nfrom rdkit import Chem\nfrom rdkit import Descriptors\n\ndef get_molecules_by_name(query: str, limit: int = 5) -> list:\n    with open('/app/re
sources/test_molecules.json', 'r') as f:\n        molecules = json.load(f)\n    matched = [m for m in molecules if query.lower() in m['name'].lower()]\n    retu
rn matched[:limit]\n\ndef smiles_to_mol(smiles: str) -> object:\n    try:\n        return Chem.MolFromSmiles(smiles)\n    except:\n        return None\n\ndef co
mpute_properties(mol: object) -> dict:\n    if mol is None:\n        return {}\n    return {\n        'logp': Descriptors.MolLogP(mol),\n        'mw': Descripto
rs.MolWt(mol),\n        'donors': Descriptors.NumHDonors(mol),\n        'acceptors': Descriptors.NumHAcceptors(mol),\n        'rotatable_bonds': Descriptors.Num
RotatableBonds(mol),\n        'tpsa': Descriptors.TPSA(mol)\n    }\n\ndef find_candidates_for_property(property_name: str, target_value: float, query: str, tole
rance: float = 0.5, limit: int = 10) -> lis
                ^
SyntaxError: unexpected character after line continuation character
root@95873d400b1b:/app# echo "import json\nfrom rdkit import Chem\nfrom rdkit import Descriptors\n\ndef get_molecules_by_name(query: str, limit: int = 5) -> lis
t:\n    with open('/app/resources/test_molecules.json', 'r') as f:\n        molecules = json.load(f)\n    matched = [m for m in molecules if query.lower() in m[
'name'].lower()]\n    return matched[:limit]\n\ndef smiles_to_mol(smiles: str) -> object:\n    try:\n        return Chem.MolFromSmiles(smiles)\n    except:\n
     return None\n\ndef compute_properties(mol: object) -> dict:\n    if mol is None:\n        return {}\n    return {\n        'logp': Descriptors.MolLogP(mol)
,\n        'mw': Descriptors.MolWt(mol),\n        'donors': Descriptors.NumHDonors(mol),\n        'acceptors': Descriptors.NumHAcceptors(mol),\n        'rotatab
le_bonds': Descriptors.NumRotatableBonds(mol),\n        'tpsa': Descriptors.TPSA(mol)\n    }\n\ndef find_candidates_for_property(property_name: str, target_valu
e: float, query: str, tolerance: float = 0.5, limit: int = 10) -> list:\n    molecules = get_molecules_by_name(query)\n    candidates = []\n    for mol_data in
molecules:\n        mol = smiles_to_mol(mol_data['smiles'])\n        props = compute_properties(mol)\n        if property_name in props:\n            value = pr
ops[property_name]\n            if abs(value - target_value) <= tolerance:\n                match_quality = abs(value - target_value)\n                candidate
s.append({\n                    'name': mol_data['name'],\n                    'smiles': mol_data['smiles'],\n                    **props,**\n
  'match_quality': match_quality,\n                    'explanation': f'Property {property_name} = {value}, which is within {tolerance} of target {target_value}
'\n                })\n    return sorted(candidates, key=lambda x: x['match_quality'])[:limit]\n\nif __name__ == '__main__':\n    import argparse\n    parser =
argparse.ArgumentParser(description='Molecular Property Analysis Agent')\n    parser.add_argument('--query', type=str, required=True, help='Query molecule name
or substring')\n    parser.add_argument('--property', type=str, required=True, help='Property to analyze')\n    parser.add_argument('--target', type=float, requ
ired=True, help='Target value for the property')\n    parser.add_argument('--tolerance', type=float, default=0.5, help='Tolerance for matching')\n    args = par
ser.parse_args()\n    results = find_candidates_for_property(args.property, args.target, args.query, args.tolerance)\n    print(json.dumps(results, indent=2))"
> solution_chem_agent.py; tmux wait -S done
root@95873d400b1b:/app# cat <<EOF > solution_chem_agent.py\nimport json\nfrom rdkit import Chem\nfrom rdkit import Descriptors\n\ndef get_molecules_by_name(quer
y: str, limit: int = 5) -> list:\n    with open('/app/resources/test_molecules.json', 'r') as f:\n        molecules = json.load(f)\n    matched = [m for m in mo
lecules if query.lower() in m['name'].lower()]\n    return matched[:limit]\n\ndef smiles_to_mol(smiles: str) -> object:\n    try:\n        return Chem.MolFromSm
iles(smiles)\n    except:\n        return None\n\ndef compute_properties(mol: object) -> dict:\n    if mol is None:\n        return {}\n    return {\n        'l
ogp': Descriptors.MolLogP(mol),\n        'mw': Descriptors.MolWt(mol),\n        'donors': Descriptors.NumHDonors(mol),\n        'acceptors': Descriptors.NumHAcc
eptors(mol),\n        'rotatable_bonds': Descriptors.NumRotatableBonds(mol),\n        'tpsa': Descriptors.TPSA(mol)\n    }\n\ndef find_candidates_for_property(p
roperty_name: str, target_value: float, query: str, tolerance: float = 0.5, limit: int = 10) -> list:\n    molecules = get_molecules_by_name(query)\n    candida
tes = []\n    for mol_data in molecules:\n        mol = smiles_to_mol(mol_data['smiles'])\n        props = compute_properties(mol)\n        if property_name in
props:\n            value = props[property_name]\n            if abs(value - target_value) <= tolerance:\n                match_quality = abs(value - target_val
ue)\n                candidates.append({\n                    'name': mol_data['name'],\n                    'smiles': mol_data['smiles'],\n
**props,**\n                    'match_quality': match_quality,\n                    'explanation': f'Property {property_name} = {value}, which is within {toler
ance} of target {target_value}'\n                })\n    return sorted(candidates, key=lambda x: x['match_quality'])[:limit]\n\nif __name__ == '__main__':\n
import argparse\n    parser = argparse.ArgumentParser(description='Molecular Property Analysis Agent')\n    parser.add_argument('--query', type=str, required=Tr
ue, help='Query molecule name or substring')\n    parser.add_argument('--property', type=str, required=True, help='Property to analyze')\n    parser.add_argumen
t('--target', type=float, required=True, help='Target value for the property')\n    parser.add_argument('--tolerance', type=float, default=0.5, help='Tolerance
for matching')\n    args = parser.parse_args()\n    results = find_candidates_for_property(args.property, args.target, args.query, args.tolerance)\n    print(js
on.dumps(results, indent=2))\nEOF
> cat <<EOF > solution_chem_agent.py\nimport json\nfrom rdkit import Chem\nfrom rdkit import Descriptors\n\ndef get_molecules_by_name(query: str, limit: int = 5
) -> list:\n    with open('/app/resources/test_molecules.json', 'r') as f:\n        molecules = json.load(f)\n    matched = [m for m in molecules if query.lower
() in m['name'].lower()]\n    return matched[:limit]\n\ndef smiles_to_mol(smiles: str) -> object:\n    try:\n        return Chem.MolFromSmiles(smiles)\n    exce
pt:\n        return None\n\ndef compute_properties(mol: object) -> dict:\n    if mol is None:\n        return {}\n    return {\n        'logp': Descriptors.MolL
ogP(mol),\n        'mw': Descriptors.MolWt(mol),\n        'donors': Descriptors.NumHDonors(mol),\n        'acceptors': Descriptors.NumHAcceptors(mol),\n
'rotatable_bonds': Descriptors.NumRotatableBonds(mol),\n        'tpsa': Descriptors.TPSA(mol)\n    }\n\ndef find_candidates_for_property(property_name: str, tar
get_value: float, query: str, tolerance: float = 0.5, limit: int = 10) -> list:\n    molecules = get_molecules_by_name(query)\n    candidates = []\n    for mol_
data in molecules:\n        mol = smiles_to_mol(mol_data['smiles'])\n        props = compute_properties(mol)\n        if property_name in props:\n            va
lue = props[property_name]\n            if abs(value - target_value) <= tolerance:\n                match_quality = abs(value - target_value)\n                c
andidates.append({\n                    'name': mol_data['name'],\n                    'smiles': mol_data['smiles'],\n                    **props,**\n
          'match_quality': match_quality,\n                    'explanation': f'Property {property_name} = {value}, which is within {tolerance} of target {targe
t_value}'\n                })\n    return sorted(candidates, key=lambda x: x['match_quality'])[:limit]\n\nif __name__ == '__main__':\n    import argparse\n    p
arser = argparse.ArgumentParser(description='Molecular Property Analysis Agent')\n    parser.add_argument('--query', type=str, required=True, help='Query molecu
le name or substring')\n    parser.add_argument('--property', type=str, required=True, help='Property to analyze')\n    parser.add_argument('--target', type=flo
at, required=True, help='Target value for the property')\n    parser.add_argument('--tolerance', type=float, default=0.5, help='Tolerance for matching')\n    ar
gs = parser.parse_args()\n    results = find_candidates_for_property(args.property, args.target, args.query, args.tolerance)\n    print(json.dumps(results, inde
nt=2))\nEOF
> rm -f solution_chem_agent.py; tmux wait -S done
> ls -la; tmux wait -S done
> cat <<EOF > solution_chem_agent.py\nimport json\nfrom rdkit import Chem\nfrom rdkit import Descriptors\n\ndef get_molecules_by_name(query: str, limit: int = 5
) -> list:\n    with open('/app/resources/test_molecules.json', 'r') as f:\n        molecules = json.load(f)\n    matched = [m for m in molecules if query.lower
() in m['name'].lower()]\n    return matched[:limit]\n\ndef smiles_to_mol(smiles: str) -> object:\n    try:\n        return Chem.MolFromSmiles(smiles)\n    exce
pt:\n        return None\n\ndef compute_properties(mol: object) -> dict:\n    if mol is None:\n        return {}\n    return {\n        'logp': Descriptors.MolL
ogP(mol),\n        'mw': Descriptors.MolWt(mol),\n        'donors': Descriptors.NumHDonors(mol),\n        'acceptors': Descriptors.NumHAcceptors(mol),\n
'rotatable_bonds': Descriptors.NumRotatableBonds(mol),\n        'tpsa': Descriptors.TPSA(mol)\n    }\n\ndef find_candidates_for_property(property_name: str, tar
get_value: float, query: str, tolerance: float = 0.5, limit: int = 10) -> list:\n    molecules = get_molecules_by_name(query)\n    candidates = []\n    for mol_
data in molecules:\n        mol = smiles_to_mol(mol_data['smiles'])\n        props = compute_properties(mol)\n        if property_name in props:\n            va
lue = props[property_name]\n            if abs(value - target_value) <= tolerance:\n                match_quality = abs(value - target_value)\n                c
andidates.append({\n                    'name': mol_data['name'],\n                    'smiles': mol_data['smiles'],\n                    **props,**\n
          'match_quality': match_quality,\n                    'explanation': f'Property {property_name} = {value}, which is within {tolerance} of target {targe
t_value}'\n                })\n    return sorted(candidates, key=lambda x: x['match_quality'])[:limit]\n\nif __name__ == '__main__':\n    import argparse\n    p
arser = argparse.ArgumentParser(description='Molecular Property Analysis Agent')\n    parser.add_argument('--query', type=str, required=True, help='Query molecu
le name or substring')\n    parser.add_argument('--property', type=str, required=True, help='Property to analyze')\n    parser.add_argument('--target', type=flo
at, required=True, help='Target value for the property')\n    parser.add_argument('--tolerance', type=float, default=0.5, help='Tolerance for matching')\n    ar
gs = parser.parse_args()\n    results = find_candidates_for_property(args.property, args.target, args.query, args.tolerance)\n    print(json.dumps(results, inde
nt=2))\nEOF
> ls -la; tmux wait -S done
> echo "import json\nfrom rdkit import Chem\nfrom rdkit import Descriptors\n\ndef get_molecules_by_name(query: str, limit: int = 5) -> list:\n    with open('/ap
p/resources/test_molecules.json', 'r') as f:\n        molecules = json.load(f)\n    matched = [m for m in molecules if query.lower() in m['name'].lower()]\n
return matched[:limit]\n\ndef smiles_to_mol(smiles: str) -> object:\n    try:\n        return Chem.MolFromSmiles(smiles)\n    except:\n        return None\n\nde
f compute_properties(mol: object) -> dict:\n    if mol is None:\n        return {}\n    return {\n        'logp': Descriptors.MolLogP(mol),\n        'mw': Descr
iptors.MolWt(mol),\n        'donors': Descriptors.NumHDonors(mol),\n        'acceptors': Descriptors.NumHAcceptors(mol),\n        'rotatable_bonds': Descriptors
.NumRotatableBonds(mol),\n        'tpsa': Descriptors.TPSA(mol)\n    }\n\ndef find_candidates_for_property(property_name: str, target_value: float, query: str,
tolerance: float = 0.5, limit: int = 10) -> list:\n    molecules = get_molecules_by_name(query)\n    candidates = []\n    for mol_data in molecules:\n        mo
l = smiles_to_mol(mol_data['smiles'])\n        props = compute_properties(mol)\n        if property_name in props:\n            value = props[property_name]\n
          if abs(value - target_value) <= tolerance:\n                match_quality = abs(value - target_value)\n                candidates.append({\n
          'name': mol_data['name'],\n                    'smiles': mol_data['smiles'],\n                    **props,**\n                    'match_quality': mat
ch_quality,\n                    'explanation': f'Property {property_name} = {value}, which is within {tolerance} of target {target_value}'\n                })\
n    return sorted(candidates, key=lambda x: x['match_quality'])[:limit]\n\nif __name__ == '__main__':\n    import argparse\n    parser = argparse.ArgumentParse
r(description='Molecular Property Analysis Agent')\n    parser.add_argument('--query', type=str, required=True, help='Query molecule name or substring')\n    pa
rser.add_argument('--property', type=str, required=True, help='Property to analyze')\n    parser.add_argument('--target', type=float, required=True, help='Targe
t value for the property')\n    parser.add_argument('--tolerance', type=float, default=0.5, help='Tolerance for matching')\n    args = parser.parse_args()\n
results = find_candidates_for_property(args.property, args.target, args.query, args.tolerance)\n    print(json.dumps(results, indent=2))" > solution_chem_agent.
py; tmux wait -S done
> cat <<EOF > solution_chem_agent.py\nimport json\nfrom rdkit import Chem\nfrom rdkit import Descriptors\n\ndef get_molecules_by_name(query: str, limit: int = 5
) -> list:\n    with open('/app/resources/test_molecules.json', 'r') as f:\n        molecules = json.load(f)\n    matched = [m for m in molecules if query.lower
() in m['name'].lower()]\n    return matched[:limit]\n\ndef smiles_to_mol(smiles: str) -> object:\n    try:\n        return Chem.MolFromSmiles(smiles)\n    exce
pt:\n        return None\n\ndef compute_properties(mol: object) -> dict:\n    if mol is None:\n        return {}\n    return {\n        'logp': Descriptors.MolL
ogP(mol),\n        'mw': Descriptors.MolWt(mol),\n        'donors': Descriptors.NumHDonors(mol),\n        'acceptors': Descriptors.NumHAcceptors(mol),\n
'rotatable_bonds': Descriptors.NumRotatableBonds(mol),\n        'tpsa': Descriptors.TPSA(mol)\n    }\n\ndef find_candidates_for_property(property_name: str, tar
get_value: float, query: str, tolerance: float = 0.5, limit: int = 10) -> list:\n    molecules = get_molecules_by_name(query)\n    candidates = []\n    for mol_
data in molecules:\n        mol = smiles_to_mol(mol_data['smiles'])\n        props = compute_properties(mol)\n        if property_name in props:\n            va
lue = props[property_name]\n            if abs(value - target_value) <= tolerance:\n                match_quality = abs(value - target_value)\n                c
andidates.append({\n                    'name': mol_data['name'],\n                    'smiles': mol_data['smiles'],\n                    **props,**\n
          'match_quality': match_quality,\n                    'explanation': f'Property {property_name} = {value}, which is within {tolerance} of target {targe
t_value}'\n                })\n    return sorted(candidates, key=lambda x: x['match_quality'])[:limit]\n\nif __name__ == '__main__':\n    import argparse\n    p
arser = argparse.ArgumentParser(description='Molecular Property Analysis Agent')\n    parser.add_argument('--query', type=str, required=True, help='Query molecu
le name or substring')\n    parser.add_argument('--property', type=str, required=True, help='Property to analyze')\n    parser.add_argument('--target', type=flo
at, required=True, help='Target value for the property')\n    parser.add_argument('--tolerance', type=float, default=0.5, help='Tolerance for matching')\n    ar
gs = parser.parse_args()\n    results = find_candidates_for_property(args.property, args.target, args.query, args.tolerance)\n    print(json.dumps(results, inde
nt=2))\nEOF
> ls -la; tmux wait -S done
> echo "import json\nfrom rdkit import Chem\nfrom rdkit import Descriptors\n\ndef get_molecules_by_name(query: str, limit: int = 5) -> list:\n    with open('/ap
p/resources/test_molecules.json', 'r') as f:\n        molecules = json.load(f)\n    matched = [m for m in molecules if query.lower() in m['name'].lower()]\n
return matched[:limit]\n\ndef smiles_to_mol(smiles: str) -> object:\n    try:\n        return Chem.MolFromSmiles(smiles)\n    except:\n        return None\n\nde
f compute_properties(mol: object) -> dict:\n    if mol is None:\n        return {}\n    return {\n        'logp': Descriptors.MolLogP(mol),\n        'mw': Descr
iptors.MolWt(mol),\n        'donors': Descriptors.NumHDonors(mol),\n        'acceptors': Descriptors.NumHAcceptors(mol),\n        'rotatable_bonds': Descriptors
.NumRotatableBonds(mol),\n        'tpsa': Descriptors.TPSA(mol)\n    }\n\ndef find_candidates_for_property(property_name: str, target_value: float, query: str,
tolerance: float = 0.5, limit: int = 10) -> list:\n    molecules = get_molecules_by_name(query)\n    candidates = []\n    for mol_data in molecules:\n        mo
l = smiles_to_mol(mol_data['smiles'])\n        props = compute_properties(mol)\n        if property_name in props:\n            value = props[property_name]\n
          if abs(value - target_value) <= tolerance:\n                match_quality = abs(value - target_value)\n                candidates.append({\n
          'name': mol_data['name'],\n                    'smiles': mol_data['smiles'],\n                    **props,**\n                    'match_quality': mat
ch_quality,\n                    'explanation': f'Property {property_name} = {value}, which is within {tolerance} of target {target_value}'\n                })\
n    return sorted(candidates, key=lambda x: x['match_quality'])[:limit]\n\nif __name__ == '__main__':\n    import argparse\n    parser = argparse.ArgumentParse
r(description='Molecular Property Analysis Agent')\n    parser.add_argument('--query', type=str, required=True, help='Query molecule name or substring')\n    pa
rser.add_argument('--property', type=str, required=True, help='Property to analyze')\n    parser.add_argument('--target', type=float, required=True, help='Targe
t value for the property')\n    parser.add_argument('--tolerance', type=float, default=0.5, help='Tolerance for matching')\n    args = parser.parse_args()\n
results = find_candidates_for_property(args.property, args.target, args.query, args.tolerance)\n    print(json.dumps(results, indent=2))" > solution_chem_agent.
py; tmux wait -S done
> cat << 'EOF' > solution_chem_agent.py
ng')
    parser.add_argument('--property', type=str, required=True, help='Property to analyze')
    parser.add_argument('--target', type=float, required=True, help='Target value for the property')
    parser.add_argument('--tolerance', type=float, default=0.5, help='Tolerance for matching')
    args = parser.parse_args()
    results = find_candidates_for_property(args.property, args.target, args.query, args.tolerance)
    print(json.dumps(results, indent=2))
EOF
> import json
> from rdkit import Chem
> from rdkit import Descriptors
>
> def get_molecules_by_name(query: str, limit: int = 5) -> list:
>     with open('/app/resources/test_molecules.json', 'r') as f:
>         molecules = json.load(f)
>     matched = [m for m in molecules if query.lower() in m['name'].lower()]
>     return matched[:limit]
>
> def smiles_to_mol(smiles: str) -> object:
>     try:
>         return Chem.MolFromSmiles(smiles)
>     except:
>         return None
>
> def compute_properties(mol: object) -> dict:
>     if mol is None:
>         return {}
>     return {
>         'logp': Descriptors.MolLogP(mol),
>         'mw': Descriptors.MolWt(mol),
>         'donors': Descriptors.NumHDonors(mol),
>         'acceptors': Descriptors.NumHAcceptors(mol),
>         'rotatable_bonds': Descriptors.NumRotatableBonds(mol),
>         'tpsa': Descriptors.TPSA(mol)
>     }
>
> def find_candidates_for_property(property_name: str, target_value: float, query: str, tolerance: float = 0.5, limit: int = 10) -> list:
>     molecules = get_molecules_by_name(query)
>     candidates = []
>     for mol_data in molecules:
>         mol = smiles_to_mol(mol_data['smiles'])
>         props = compute_properties(mol)
>         if property_name in props:
>             value = props[property_name]
>             if abs(value - target_value) <= tolerance:
>                 match_quality = abs(value - target_value)
>                 candidates.append({
>                     'name': mol_data['name'],
>                     'smiles': mol_data['smiles'],
>                     **props,**
>                     'match_quality': match_quality,
>                     'explanation': f'Property {property_name} = {value}, which is within {tolerance} of target {target_value}'
>                 })
>     return sorted(candidates, key=lambda x: x['match_quality'])[:limit]
>
> if __name__ == '__main__':
>     import argparse
>     parser = argparse.ArgumentParser(description='Molecular Property Analysis Agent')
>     parser.add_argument('--query', type=str, required=True, help='Query molecule name or substring')
>     parser.add_argument('--property', type=str, required=True, help='Property to analyze')
>     parser.add_argument('--target', type=float, required=True, help='Target value for the property')
>     parser.add_argument('--tolerance', type=float, default=0.5, help='Tolerance for matching')
>     args = parser.parse_args()
>     results = find_candidates_for_property(args.property, args.target, args.query, args.tolerance)
>     print(json.dumps(results, indent=2))
> EOF
bash: syntax error near unexpected token `('
root@95873d400b1b:/app# ls -la; tmux wait -S done
total 16
drwxr-xr-x 1 root root 4096 Jul 15 00:01 .
drwxr-xr-x 1 root root 4096 Jul 15 00:01 ..
drwxr-xr-x 1 root root 4096 Jul 11 19:41 resources
-rw-r--r-- 1 root root 2529 Jul 15 00:02 solution_chem_agent.py
root@95873d400b1b:/app# python solution_chem_agent.py --query "aspirin" --property logp --target 1.5 --tolerance 0.5; tmux wait -S done
  File "/app/solution_chem_agent.py", line 1
    import json\nfrom rdkit import Chem\nfrom rdkit import Descriptors\n\ndef get_molecules_by_name(query: str, limit: int = 5) -> list:\n    with open('/app/re
sources/test_molecules.json', 'r') as f:\n        molecules = json.load(f)\n    matched = [m for m in molecules if query.lower() in m['name'].lower()]\n    retu
rn matched[:limit]\n\ndef smiles_to_mol(smiles: str) -> object:\n    try:\n        return Chem.MolFromSmiles(smiles)\n    except:\n        return None\n\ndef co
mpute_properties(mol: object) -> dict:\n    if mol is None:\n        return {}\n    return {\n        'logp': Descriptors.MolLogP(mol),\n        'mw': Descripto
rs.MolWt(mol),\n        'donors': Descriptors.NumHDonors(mol),\n        'acceptors': Descriptors.NumHAcceptors(mol),\n        'rotatable_bonds': Descriptors.Num
RotatableBonds(mol),\n        'tpsa': Descriptors.TPSA(mol)\n    }\n\ndef find_candidates_for_property(property_name: str, target_value: float, query: str, tole
rance: float = 0.5, limit: int = 10) -> lis
                ^
SyntaxError: unexpected character after line continuation character
root@95873d400b1b:/app# cat << 'EOF' > solution_chem_agent.py
> import json
> from rdkit import Chem
> from rdkit import Descriptors
>
> def get_molecules_by_name(query: str, limit: int = 5) -> list:
>     with open('/app/resources/test_molecules.json', 'r') as f:
>         molecules = json.load(f)
>     matched = [m for m in molecules if query.lower() in m['name'].lower()]
>     return matched[:limit]
>
> def smiles_to_mol(smiles: str) -> object:
>     try:
>         return Chem.MolFromSmiles(smiles)
>     except:
>         return None
>
> def compute_properties(mol: object) -> dict:
>     if mol is None:
>         return {}
>     return {
>         'logp': Descriptors.MolLogP(mol),
>         'mw': Descriptors.MolWt(mol),
>         'donors': Descriptors.NumHDonors(mol),
>         'acceptors': Descriptors.NumHAcceptors(mol),
>         'rotatable_bonds': Descriptors.NumRotatableBonds(mol),
>         'tpsa': Descriptors.TPSA(mol)
>     }
>
> def find_candidates_for_property(property_name: str, target_value: float, query: str, tolerance: float = 0.5, limit: int = 10) -> list:
>     molecules = get_molecules_by_name(query)
>     candidates = []
>     for mol_data in molecules:
>         mol = smiles_to_mol(mol_data['smiles'])
>         props = compute_properties(mol)
>         if property_name in props:
>             value = props[property_name]
>             if abs(value - target_value) <= tolerance:
>                 match_quality = abs(value - target_value)
>                 candidates.append({
>                     'name': mol_data['name'],
>                     'smiles': mol_data['smiles'],
>                     **props,**
>                     'match_quality': match_quality,
>                     'explanation': f'Property {property_name} = {value}, which is within {tolerance} of target {target_value}'
>                 })
>     return sorted(candidates, key=lambda x: x['match_quality'])[:limit]
>
> if __name__ == '__main__':
>     import argparse
>     parser = argparse.ArgumentParser(description='Molecular Property Analysis Agent')
>     parser.add_argument('--query', type=str, required=True, help='Query molecule name or substring')
>     parser.add_argument('--property', type=str, required=True, help='Property to analyze')
>     parser.add_argument('--target', type=float, required=True, help='Target value for the property')
>     parser.add_argument('--tolerance', type=float, default=0.5, help='Tolerance for matching')
>     args = parser.parse_args()
>     results = find_candidates_for_property(args.property, args.target, args.query, args.tolerance)
>     print(json.dumps(results, indent=2))
> EOF
root@95873d400b1b:/app# python solution_chem_agent.py --query "aspirin" --property logp --target 1.5 --tolerance 0.5; tmux wait -S done
  File "/app/solution_chem_agent.py", line 43
    'match_quality': match_quality,
                   ^
SyntaxError: invalid syntax
root@95873d400b1b:/app# cat solution_chem_agent.py; tmux wait -S done
import json
from rdkit import Chem
from rdkit import Descriptors

def get_molecules_by_name(query: str, limit: int = 5) -> list:
    with open('/app/resources/test_molecules.json', 'r') as f:
        molecules = json.load(f)
    matched = [m for m in molecules if query.lower() in m['name'].lower()]
    return matched[:limit]

def smiles_to_mol(smiles: str) -> object:
    try:
        return Chem.MolFromSmiles(smiles)
    except:
        return None

def compute_properties(mol: object) -> dict:
    if mol is None:
        return {}
    return {
        'logp': Descriptors.MolLogP(mol),
        'mw': Descriptors.MolWt(mol),
        'donors': Descriptors.NumHDonors(mol),
        'acceptors': Descriptors.NumHAcceptors(mol),
        'rotatable_bonds': Descriptors.NumRotatableBonds(mol),
        'tpsa': Descriptors.TPSA(mol)
    }

def find_candidates_for_property(property_name: str, target_value: float, query: str, tolerance: float = 0.5, limit: int = 10) -> list:
    molecules = get_molecules_by_name(query)
    candidates = []
    for mol_data in molecules:
        mol = smiles_to_mol(mol_data['smiles'])
        props = compute_properties(mol)
        if property_name in props:
            value = props[property_name]
            if abs(value - target_value) <= tolerance:
                match_quality = abs(value - target_value)
                candidates.append({
                    'name': mol_data['name'],
                    'smiles': mol_data['smiles'],
                    **props,**
                    'match_quality': match_quality,
                    'explanation': f'Property {property_name} = {value}, which is within {tolerance} of target {target_value}'
                })
    return sorted(candidates, key=lambda x: x['match_quality'])[:limit]

if __name__ == '__main__':
    import argparse
    parser = argparse.ArgumentParser(description='Molecular Property Analysis Agent')
    parser.add_argument('--query', type=str, required=True, help='Query molecule name or substring')
    parser.add_argument('--property', type=str, required=True, help='Property to analyze')
    parser.add_argument('--target', type=float, required=True, help='Target value for the property')
    parser.add_argument('--tolerance', type=float, default=0.5, help='Tolerance for matching')
    args = parser.parse_args()
    results = find_candidates_for_property(args.property, args.target, args.query, args.tolerance)
    print(json.dumps(results, indent=2))
root@95873d400b1b:/app# sed -i 's/\*\*props,/props=/g' solution_chem_agent.py; tmux wait -S done
root@95873d400b1b:/app# python solution_chem_agent.py --query "aspirin" --property logp --target 1.5 --tolerance 0.5; tmux wait -S done
  File "/app/solution_chem_agent.py", line 42
    props=**
        ^
SyntaxError: ':' expected after dictionary key
root@95873d400b1b:/app# sed -i 's/props=**/props.update(/g' solution_chem_agent.py; tmux wait -S done
sed: -e expression #1, char 26: Invalid preceding regular expression
root@95873d400b1b:/app# sed -i 's/\*\*props,//g' solution_chem_agent.py; tmux wait -S done
root@95873d400b1b:/app# cat solution_chem_agent.py; tmux wait -S done
import json
from rdkit import Chem
from rdkit import Descriptors

def get_molecules_by_name(query: str, limit: int = 5) -> list:
    with open('/app/resources/test_molecules.json', 'r') as f:
        molecules = json.load(f)
    matched = [m for m in molecules if query.lower() in m['name'].lower()]
    return matched[:limit]

def smiles_to_mol(smiles: str) -> object:
    try:
        return Chem.MolFromSmiles(smiles)
    except:
        return None

def compute_properties(mol: object) -> dict:
    if mol is None:
        return {}
    return {
        'logp': Descriptors.MolLogP(mol),
        'mw': Descriptors.MolWt(mol),
        'donors': Descriptors.NumHDonors(mol),
        'acceptors': Descriptors.NumHAcceptors(mol),
        'rotatable_bonds': Descriptors.NumRotatableBonds(mol),
        'tpsa': Descriptors.TPSA(mol)
    }

def find_candidates_for_property(property_name: str, target_value: float, query: str, tolerance: float = 0.5, limit: int = 10) -> list:
    molecules = get_molecules_by_name(query)
    candidates = []
    for mol_data in molecules:
        mol = smiles_to_mol(mol_data['smiles'])
        props = compute_properties(mol)
        if property_name in props:
            value = props[property_name]
            if abs(value - target_value) <= tolerance:
                match_quality = abs(value - target_value)
                candidates.append({
                    'name': mol_data['name'],
                    'smiles': mol_data['smiles'],
                    props=**
                    'match_quality': match_quality,
                    'explanation': f'Property {property_name} = {value}, which is within {tolerance} of target {target_value}'
                })
    return sorted(candidates, key=lambda x: x['match_quality'])[:limit]

if __name__ == '__main__':
    import argparse
    parser = argparse.ArgumentParser(description='Molecular Property Analysis Agent')
    parser.add_argument('--query', type=str, required=True, help='Query molecule name or substring')
    parser.add_argument('--property', type=str, required=True, help='Property to analyze')
    parser.add_argument('--target', type=float, required=True, help='Target value for the property')
    parser.add_argument('--tolerance', type=float, default=0.5, help='Tolerance for matching')
    args = parser.parse_args()
    results = find_candidates_for_property(args.property, args.target, args.query, args.tolerance)
    print(json.dumps(results, indent=2))
root@95873d400b1b:/app# sed -i 's/props=**/props.update(/g' solution_chem_agent.py; tmux wait -S done
sed: -e expression #1, char 26: Invalid preceding regular expression
root@95873d400b1b:/app# sed -i 's/\*\*props,//g' solution_chem_agent.py; tmux wait -S done
root@95873d400b1b:/app# sed -i 's/\*\*props,//g' solution_chem_agent.py; tmux wait -S done
root@95873d400b1b:/app# sed -i 's/\*\*props,/props.update(/g' solution_chem_agent.py; tmux wait -S done
root@95873d400b1b:/app# sed -i 's/props=**/props.update(/g' solution_chem_agent.py; tmux wait -S done
sed: -e expression #1, char 26: Invalid preceding regular expression
root@95873d400b1b:/app# sed -i 's/\*\*props,//g' solution_chem_agent.py; tmux wait -S done
root@95873d400b1b:/app# sed -i 's/\*\*props,//g' solution_chem_agent.py; tmux wait -S done
root@95873d400b1b:/app# echo "import json\nfrom rdkit import Chem\nfrom rdkit import Descriptors\n\ndef get_molecules_by_name(query: str, limit: int = 5) -> lis
t:\n    with open('/app/resources/test_molecules.json', 'r') as f:\n        molecules = json.load(f)\n    matched = [m for m in molecules if query.lower() in m[
'name'].lower()]\n    return matched[:limit]\n\ndef smiles_to_mol(smiles: str) -> object:\n    try:\n        return Chem.MolFromSmiles(smiles)\n    except:\n
     return None\n\ndef compute_properties(mol: object) -> dict:\n    if mol is None:\n        return {}\n    return {\n        'logp': Descriptors.MolLogP(mol)
,\n        'mw': Descriptors.MolWt(mol),\n        'donors': Descriptors.NumHDonors(mol),\n        'acceptors': Descriptors.NumHAcceptors(mol),\n        'rotatab
le_bonds': Descriptors.NumRotatableBonds(mol),\n        'tpsa': Descriptors.TPSA(mol)\n    }\n\ndef find_candidates_for_property(property_name: str, target_valu
e: float, query: str, tolerance: float = 0.5, limit: int = 10) -> list:\n    molecules = get_molecules_by_name(query)\n    candidates = []\n    for mol_data in
molecules:\n        mol = smiles_to_mol(mol_data['smiles'])\n        props = compute_properties(mol)\n        if property_name in props:\n            value = pr
ops[property_name]\n            if abs(value - target_value) <= tolerance:\n                match_quality = abs(value - target_value)\n                candidate
s.append({\n                    'name': mol_data['name'],\n                    'smiles': mol_data['smiles'],\n                    'logp': props['logp'],\n
              'mw': props['mw'],\n                    'donors': props['donors'],\n                    'acceptors': props['acceptors'],\n                    'rot
atable_bonds': props['rotatable_bonds'],\n                    'tpsa': props['tpsa'],\n                    'match_quality': match_quality,\n                    '
explanation': f'Property {property_name} = {value}, which is within {tolerance} of target {target_value}'\n                })\n    return sorted(candidates, key
=lambda x: x['match_quality'])[:limit]\n\nif __name__ == '__main__':\n    import argparse\n    parser = argparse.ArgumentParser(description='Molecular Property
Analysis Agent')\n    parser.add_argument('--query', type=str, required=True, help='Query molecule name or substring')\n    parser.add_argument('--property', ty
pe=str, required=True, help='Property to analyze')\n    parser.add_argument('--target', type=float, required=True, help='Target value for the property')\n    pa
rser.add_argument('--tolerance', type=float, default=0.5, help='Tolerance for matching')\n    args = parser.parse_args()\n    results = find_candidates_for_prop
erty(args.property, args.target, args.query, args.tolerance)\n    print(json.dumps(results, indent=2))" > solution_chem_agent.py; tmux wait -S done
root@95873d400b1b:/app# python solution_chem_agent.py --query "aspirin" --property logp --target 1.5 --tolerance 0.5; tmux wait -S done
  File "/app/solution_chem_agent.py", line 1
    import json\nfrom rdkit import Chem\nfrom rdkit import Descriptors\n\ndef get_molecules_by_name(query: str, limit: int = 5) -> list:\n    with open('/app/re
sources/test_molecules.json', 'r') as f:\n        molecules = json.load(f)\n    matched = [m for m in molecules if query.lower() in m['name'].lower()]\n    retu
rn matched[:limit]\n\ndef smiles_to_mol(smiles: str) -> object:\n    try:\n        return Chem.MolFromSmiles(smiles)\n    except:\n        return None\n\ndef co
mpute_properties(mol: object) -> dict:\n    if mol is None:\n        return {}\n    return {\n        'logp': Descriptors.MolLogP(mol),\n        'mw': Descripto
rs.MolWt(mol),\n        'donors': Descriptors.NumHDonors(mol),\n        'acceptors': Descriptors.NumHAcceptors(mol),\n        'rotatable_bonds': Descriptors.Num
RotatableBonds(mol),\n        'tpsa': Descriptors.TPSA(mol)\n    }\n\ndef find_candidates_for_property(property_name: str, target_value: float, query: str, tole
rance: float = 0.5, limit: int = 10) -> lis
                ^
SyntaxError: unexpected character after line continuation character
root@95873d400b1b:/app# cat << 'EOF' > solution_chem_agent.py
s = get_molecules_by_name(query)
    candidates = []
    for mol_data in molecules:
        mol = smiles_to_mol(mol_data['smiles'])
        props = compute_properties(mol)
        if property_name in props:
            value = props[property_name]
            if abs(value - target_value) <= tolerance:
                match_quality = abs(value - target_value)
                candidates.append({
                    'name': mol_data['name'],
                    'smiles': mol_data['smiles'],
                    'logp': props['logp'],
                    'mw': props['mw'],
                    'donors': props['donors'],
                    'acceptors': props['acceptors'],
                    'rotatable_bonds': props['rotatable_bonds'],
                    'tpsa': props['tpsa'],
                    'match_quality': match_quality,
                    'explanation': f'Property {property_name} = {value}, which is within {tolerance} of target {target_value}'
                })
    return sorted(candidates, key=lambda x: x['match_quality'])[:limit]

if __name__ == '__main__':
    import argparse
    parser = argparse.ArgumentParser(description='Molecular Property Analysis Agent')
    parser.add_argument('--query', type=str, required=True, help='Query molecule name or substring')
    parser.add_argument('--property', type=str, required=True, help='Property to analyze')
    parser.add_argument('--target', type=float, required=True, help='Target value for the property')
    parser.add_argument('--tolerance', type=float, default=0.5, help='Tolerance for matching')
    args = parser.parse_args()
    results = find_candidates_for_property(args.property, args.target, args.query, args.tolerance)
    print(json.dumps(results, indent=2))
EOF
> import json
> from rdkit import Chem
> from rdkit import Descriptors
>
> def get_molecules_by_name(query: str, limit: int = 5) -> list:
>     with open('/app/resources/test_molecules.json', 'r') as f:
>         molecules = json.load(f)
>     matched = [m for m in molecules if query.lower() in m['name'].lower()]
>     return matched[:limit]
>
> def smiles_to_mol(smiles: str) -> object:
>     try:
>         return Chem.MolFromSmiles(smiles)
>     except:
>         return None
>
> def compute_properties(mol: object) -> dict:
>     if mol is None:
>         return {}
>     return {
>         'logp': Descriptors.MolLogP(mol),
>         'mw': Descriptors.MolWt(mol),
>         'donors': Descriptors.NumHDonors(mol),
>         'acceptors': Descriptors.NumHAcceptors(mol),
>         'rotatable_bonds': Descriptors.NumRotatableBonds(mol),
>         'tpsa': Descriptors.TPSA(mol)
>     }
>
> def find_candidates_for_property(property_name: str, target_value: float, query: str, tolerance: float = 0.5, limit: int = 10) -> list:
>     molecules = get_molecules_by_name(query)
>     candidates = []
>     for mol_data in molecules:
>         mol = smiles_to_mol(mol_data['smiles'])
>         props = compute_properties(mol)
>         if property_name in props:
>             value = props[property_name]
>             if abs(value - target_value) <= tolerance:
>                 match_quality = abs(value - target_value)
>                 candidates.append({
>                     'name': mol_data['name'],
>                     'smiles': mol_data['smiles'],
>                     'logp': props['logp'],
>                     'mw': props['mw'],
>                     'donors': props['donors'],
>                     'acceptors': props['acceptors'],
>                     'rotatable_bonds': props['rotatable_bonds'],
>                     'tpsa': props['tpsa'],
>                     'match_quality': match_quality,
>                     'explanation': f'Property {property_name} = {value}, which is within {tolerance} of target {target_value}'
>                 })
>     return sorted(candidates, key=lambda x: x['match_quality'])[:limit]
>
> if __name__ == '__main__':
>     import argparse
>     parser = argparse.ArgumentParser(description='Molecular Property Analysis Agent')
>     parser.add_argument('--query', type=str, required=True, help='Query molecule name or substring')
>     parser.add_argument('--property', type=str, required=True, help='Property to analyze')
>     parser.add_argument('--target', type=float, required=True, help='Target value for the property')
>     parser.add_argument('--tolerance', type=float, default=0.5, help='Tolerance for matching')
>     args = parser.parse_args()
>     results = find_candidates_for_property(args.property, args.target, args.query, args.tolerance)
>     print(json.dumps(results, indent=2))
> EOF
root@95873d400b1b:/app# python solution_chem_agent.py --query "aspirin" --property logp --target 1.5 --tolerance 0.5; tmux wait -S done
Traceback (most recent call last):
  File "/app/solution_chem_agent.py", line 2, in <module>
    from rdkit import Chem
ModuleNotFoundError: No module named 'rdkit'
root@95873d400b1b:/app# conda install -c conda-forge rdkit -y; tmux wait -S done
bash: conda: command not found
root@95873d400b1b:/app# python solution_chem_agent.py --query "aspirin" --property logp --target 1.5 --tolerance 0.5; tmux wait -S done
Traceback (most recent call last):
  File "/app/solution_chem_agent.py", line 2, in <module>
    from rdkit import Chem
ModuleNotFoundError: No module named 'rdkit'
root@95873d400b1b:/app# pip install rdkit-pypi; tmux wait -S done
ERROR: Could not find a version that satisfies the requirement rdkit-pypi (from versions: none)

[notice] A new release of pip is available: 24.3.1 -> 25.1.1
[notice] To update, run: pip install --upgrade pip
ERROR: No matching distribution found for rdkit-pypi
root@95873d400b1b:/app# python solution_chem_agent.py --query "aspirin" --property logp --target 1.5 --tolerance 0.5; tmux wait -S done
Traceback (most recent call last):
  File "/app/solution_chem_agent.py", line 2, in <module>
    from rdkit import Chem
ModuleNotFoundError: No module named 'rdkit'
root@95873d400b1b:/app# pip list; tmux wait -S done
Package Version
------- -------
pip     24.3.1
root@95873d400b1b:/app# apt update && apt install -y python3-rdkit; tmux wait -S done
Get:1 http://deb.debian.org/debian bookworm InRelease [151 kB]
Get:2 http://deb.debian.org/debian bookworm-updates InRelease [55.4 kB]
Get:3 http://deb.debian.org/debian-security bookworm-security InRelease [48.0 kB]
Get:4 http://deb.debian.org/debian bookworm/main amd64 Packages [8793 kB]
Get:5 http://deb.debian.org/debian bookworm-updates/main amd64 Packages [756 B]
Get:6 http://deb.debian.org/debian-security bookworm-security/main amd64 Packages [272 kB]
Fetched 9320 kB in 1s (8508 kB/s)
Reading package lists... Done
Building dependency tree... Done
Reading state information... Done
30 packages can be upgraded. Run 'apt list --upgradable' to see them.
Reading package lists... Done
Building dependency tree... Done
Reading state information... Done
The following additional packages will be installed:
  fontconfig-config fonts-freefont-ttf gcc-12-base libblas3 libboost-iostreams1.74.0 libboost-python1.74.0 libboost-serialization1.74.0 libbrotli1 libbsd0
  libcairo2 libcoordgen3 libfontconfig1 libfreetype6 libgcc-s1 libgfortran5 liblapack3 libmaeparser1 libpixman-1-0 libpng16-16 libpython3.11
  libpython3.11-minimal libpython3.11-stdlib libquadmath0 librdkit1 libstdc++6 libx11-6 libx11-data libxau6 libxcb-render0 libxcb-shm0 libxcb1 libxdmcp6
  libxext6 libxrender1 python3-numpy python3.11 python3.11-minimal rdkit-data
Suggested packages:
  gcc gfortran python3-dev python3-pytest rdkit-doc python3.11-venv python3.11-doc binutils binfmt-support
The following NEW packages will be installed:
  fontconfig-config fonts-freefont-ttf libblas3 libboost-iostreams1.74.0 libboost-python1.74.0 libboost-serialization1.74.0 libbrotli1 libbsd0 libcairo2
  libcoordgen3 libfontconfig1 libfreetype6 libgfortran5 liblapack3 libmaeparser1 libpixman-1-0 libpng16-16 libpython3.11 libquadmath0 librdkit1 libx11-6
  libx11-data libxau6 libxcb-render0 libxcb-shm0 libxcb1 libxdmcp6 libxext6 libxrender1 python3-numpy python3-rdkit rdkit-data
The following packages will be upgraded:
  gcc-12-base libgcc-s1 libpython3.11-minimal libpython3.11-stdlib libstdc++6 python3.11 python3.11-minimal
7 upgraded, 32 newly installed, 0 to remove and 23 not upgraded.
Need to get 46.2 MB of archives.
After this operation, 182 MB of additional disk space will be used.
Get:1 http://deb.debian.org/debian bookworm/main amd64 python3.11 amd64 3.11.2-6+deb12u6 [573 kB]
Get:2 http://deb.debian.org/debian bookworm/main amd64 libpython3.11-stdlib amd64 3.11.2-6+deb12u6 [1798 kB]
Get:3 http://deb.debian.org/debian bookworm/main amd64 python3.11-minimal amd64 3.11.2-6+deb12u6 [2064 kB]
Get:4 http://deb.debian.org/debian bookworm/main amd64 libpython3.11-minimal amd64 3.11.2-6+deb12u6 [817 kB]
Get:5 http://deb.debian.org/debian bookworm/main amd64 gcc-12-base amd64 12.2.0-14+deb12u1 [37.6 kB]
Get:6 http://deb.debian.org/debian bookworm/main amd64 libstdc++6 amd64 12.2.0-14+deb12u1 [613 kB]
Get:7 http://deb.debian.org/debian bookworm/main amd64 libgcc-s1 amd64 12.2.0-14+deb12u1 [49.9 kB]
Get:8 http://deb.debian.org/debian bookworm/main amd64 fonts-freefont-ttf all 20120503-10 [2552 kB]
Get:9 http://deb.debian.org/debian bookworm/main amd64 fontconfig-config amd64 2.14.1-4 [315 kB]
Get:10 http://deb.debian.org/debian bookworm/main amd64 libblas3 amd64 3.11.0-2 [149 kB]
Get:11 http://deb.debian.org/debian bookworm/main amd64 libboost-iostreams1.74.0 amd64 1.74.0+ds1-21 [240 kB]
Get:12 http://deb.debian.org/debian bookworm/main amd64 libboost-python1.74.0 amd64 1.74.0+ds1-21 [289 kB]
Get:13 http://deb.debian.org/debian bookworm/main amd64 libboost-serialization1.74.0 amd64 1.74.0+ds1-21 [317 kB]
Get:14 http://deb.debian.org/debian bookworm/main amd64 libbrotli1 amd64 1.0.9-2+b6 [275 kB]
Get:15 http://deb.debian.org/debian bookworm/main amd64 libbsd0 amd64 0.11.7-2 [117 kB]
Get:16 http://deb.debian.org/debian bookworm/main amd64 libpng16-16 amd64 1.6.39-2 [276 kB]
Get:17 http://deb.debian.org/debian bookworm/main amd64 libfreetype6 amd64 2.12.1+dfsg-5+deb12u4 [398 kB]
Get:18 http://deb.debian.org/debian bookworm/main amd64 libfontconfig1 amd64 2.14.1-4 [386 kB]
Get:19 http://deb.debian.org/debian bookworm/main amd64 libpixman-1-0 amd64 0.42.2-1 [546 kB]
Get:20 http://deb.debian.org/debian bookworm/main amd64 libxau6 amd64 1:1.0.9-1 [19.7 kB]
Get:21 http://deb.debian.org/debian bookworm/main amd64 libxdmcp6 amd64 1:1.1.2-3 [26.3 kB]
Get:22 http://deb.debian.org/debian bookworm/main amd64 libxcb1 amd64 1.15-1 [144 kB]
Get:23 http://deb.debian.org/debian bookworm/main amd64 libx11-data all 2:1.8.4-2+deb12u2 [292 kB]
Get:24 http://deb.debian.org/debian bookworm/main amd64 libx11-6 amd64 2:1.8.4-2+deb12u2 [760 kB]
Get:25 http://deb.debian.org/debian bookworm/main amd64 libxcb-render0 amd64 1.15-1 [115 kB]
Get:26 http://deb.debian.org/debian bookworm/main amd64 libxcb-shm0 amd64 1.15-1 [105 kB]
Get:27 http://deb.debian.org/debian bookworm/main amd64 libxext6 amd64 2:1.3.4-1+b1 [52.9 kB]
Get:28 http://deb.debian.org/debian bookworm/main amd64 libxrender1 amd64 1:0.9.10-1.1 [33.2 kB]
Get:29 http://deb.debian.org/debian bookworm/main amd64 libcairo2 amd64 1.16.0-7 [575 kB]
Get:30 http://deb.debian.org/debian bookworm/main amd64 libcoordgen3 amd64 3.0.1-1 [211 kB]
Get:31 http://deb.debian.org/debian bookworm/main amd64 libquadmath0 amd64 12.2.0-14+deb12u1 [145 kB]
Get:32 http://deb.debian.org/debian bookworm/main amd64 libgfortran5 amd64 12.2.0-14+deb12u1 [793 kB]
Get:33 http://deb.debian.org/debian bookworm/main amd64 liblapack3 amd64 3.11.0-2 [2323 kB]
Get:34 http://deb.debian.org/debian bookworm/main amd64 libmaeparser1 amd64 1.3.0-1 [88.9 kB]
Get:35 http://deb.debian.org/debian bookworm/main amd64 libpython3.11 amd64 3.11.2-6+deb12u6 [1987 kB]
Get:36 http://deb.debian.org/debian bookworm/main amd64 librdkit1 amd64 202209.3-1 [4292 kB]
Get:37 http://deb.debian.org/debian bookworm/main amd64 python3-numpy amd64 1:1.24.2-1+deb12u1 [4960 kB]
Get:38 http://deb.debian.org/debian bookworm/main amd64 rdkit-data all 202209.3-1 [13.1 MB]
Get:39 http://deb.debian.org/debian bookworm/main amd64 python3-rdkit amd64 202209.3-1 [4345 kB]
Fetched 46.2 MB in 1s (53.6 MB/s)
debconf: delaying package configuration, since apt-utils is not installed
(Reading database ... 7590 files and directories currently installed.)
Preparing to unpack .../python3.11_3.11.2-6+deb12u6_amd64.deb ...
Unpacking python3.11 (3.11.2-6+deb12u6) over (3.11.2-6+deb12u5) ...
Preparing to unpack .../libpython3.11-stdlib_3.11.2-6+deb12u6_amd64.deb ...
Unpacking libpython3.11-stdlib:amd64 (3.11.2-6+deb12u6) over (3.11.2-6+deb12u5) ...
Preparing to unpack .../python3.11-minimal_3.11.2-6+deb12u6_amd64.deb ...
Unpacking python3.11-minimal (3.11.2-6+deb12u6) over (3.11.2-6+deb12u5) ...
Preparing to unpack .../libpython3.11-minimal_3.11.2-6+deb12u6_amd64.deb ...
Unpacking libpython3.11-minimal:amd64 (3.11.2-6+deb12u6) over (3.11.2-6+deb12u5) ...
Preparing to unpack .../gcc-12-base_12.2.0-14+deb12u1_amd64.deb ...
Unpacking gcc-12-base:amd64 (12.2.0-14+deb12u1) over (12.2.0-14) ...
Setting up gcc-12-base:amd64 (12.2.0-14+deb12u1) ...
(Reading database ... 7590 files and directories currently installed.)
Preparing to unpack .../libstdc++6_12.2.0-14+deb12u1_amd64.deb ...
Unpacking libstdc++6:amd64 (12.2.0-14+deb12u1) over (12.2.0-14) ...
Setting up libstdc++6:amd64 (12.2.0-14+deb12u1) ...
(Reading database ... 7590 files and directories currently installed.)
Preparing to unpack .../libgcc-s1_12.2.0-14+deb12u1_amd64.deb ...
Unpacking libgcc-s1:amd64 (12.2.0-14+deb12u1) over (12.2.0-14) ...
Setting up libgcc-s1:amd64 (12.2.0-14+deb12u1) ...
Selecting previously unselected package fonts-freefont-ttf.
(Reading database ... 7590 files and directories currently installed.)
Preparing to unpack .../00-fonts-freefont-ttf_20120503-10_all.deb ...
Unpacking fonts-freefont-ttf (20120503-10) ...
Selecting previously unselected package fontconfig-config.
Preparing to unpack .../01-fontconfig-config_2.14.1-4_amd64.deb ...
Unpacking fontconfig-config (2.14.1-4) ...
Selecting previously unselected package libblas3:amd64.
Preparing to unpack .../02-libblas3_3.11.0-2_amd64.deb ...
Unpacking libblas3:amd64 (3.11.0-2) ...
Selecting previously unselected package libboost-iostreams1.74.0:amd64.
Preparing to unpack .../03-libboost-iostreams1.74.0_1.74.0+ds1-21_amd64.deb ...
Unpacking libboost-iostreams1.74.0:amd64 (1.74.0+ds1-21) ...
Selecting previously unselected package libboost-python1.74.0.
Preparing to unpack .../04-libboost-python1.74.0_1.74.0+ds1-21_amd64.deb ...
Unpacking libboost-python1.74.0 (1.74.0+ds1-21) ...
Selecting previously unselected package libboost-serialization1.74.0:amd64.
Preparing to unpack .../05-libboost-serialization1.74.0_1.74.0+ds1-21_amd64.deb ...
Unpacking libboost-serialization1.74.0:amd64 (1.74.0+ds1-21) ...
Selecting previously unselected package libbrotli1:amd64.
Preparing to unpack .../06-libbrotli1_1.0.9-2+b6_amd64.deb ...
Unpacking libbrotli1:amd64 (1.0.9-2+b6) ...
Selecting previously unselected package libbsd0:amd64.
Preparing to unpack .../07-libbsd0_0.11.7-2_amd64.deb ...
Unpacking libbsd0:amd64 (0.11.7-2) ...
Selecting previously unselected package libpng16-16:amd64.
Preparing to unpack .../08-libpng16-16_1.6.39-2_amd64.deb ...
Unpacking libpng16-16:amd64 (1.6.39-2) ...
Selecting previously unselected package libfreetype6:amd64.
Preparing to unpack .../09-libfreetype6_2.12.1+dfsg-5+deb12u4_amd64.deb ...
Unpacking libfreetype6:amd64 (2.12.1+dfsg-5+deb12u4) ...
Selecting previously unselected package libfontconfig1:amd64.
Preparing to unpack .../10-libfontconfig1_2.14.1-4_amd64.deb ...
Unpacking libfontconfig1:amd64 (2.14.1-4) ...
Selecting previously unselected package libpixman-1-0:amd64.
Preparing to unpack .../11-libpixman-1-0_0.42.2-1_amd64.deb ...
Unpacking libpixman-1-0:amd64 (0.42.2-1) ...
Selecting previously unselected package libxau6:amd64.
Preparing to unpack .../12-libxau6_1%3a1.0.9-1_amd64.deb ...
Unpacking libxau6:amd64 (1:1.0.9-1) ...
Selecting previously unselected package libxdmcp6:amd64.
Preparing to unpack .../13-libxdmcp6_1%3a1.1.2-3_amd64.deb ...
Unpacking libxdmcp6:amd64 (1:1.1.2-3) ...
Selecting previously unselected package libxcb1:amd64.
Preparing to unpack .../14-libxcb1_1.15-1_amd64.deb ...
Unpacking libxcb1:amd64 (1.15-1) ...
Selecting previously unselected package libx11-data.
Preparing to unpack .../15-libx11-data_2%3a1.8.4-2+deb12u2_all.deb ...
Unpacking libx11-data (2:1.8.4-2+deb12u2) ...
Selecting previously unselected package libx11-6:amd64.
Preparing to unpack .../16-libx11-6_2%3a1.8.4-2+deb12u2_amd64.deb ...
Unpacking libx11-6:amd64 (2:1.8.4-2+deb12u2) ...
Selecting previously unselected package libxcb-render0:amd64.
Preparing to unpack .../17-libxcb-render0_1.15-1_amd64.deb ...
Unpacking libxcb-render0:amd64 (1.15-1) ...
Selecting previously unselected package libxcb-shm0:amd64.
Preparing to unpack .../18-libxcb-shm0_1.15-1_amd64.deb ...
Unpacking libxcb-shm0:amd64 (1.15-1) ...
Selecting previously unselected package libxext6:amd64.
Preparing to unpack .../19-libxext6_2%3a1.3.4-1+b1_amd64.deb ...
Unpacking libxext6:amd64 (2:1.3.4-1+b1) ...
Selecting previously unselected package libxrender1:amd64.
Preparing to unpack .../20-libxrender1_1%3a0.9.10-1.1_amd64.deb ...
Unpacking libxrender1:amd64 (1:0.9.10-1.1) ...
Selecting previously unselected package libcairo2:amd64.
Preparing to unpack .../21-libcairo2_1.16.0-7_amd64.deb ...
Unpacking libcairo2:amd64 (1.16.0-7) ...
Selecting previously unselected package libcoordgen3:amd64.
Preparing to unpack .../22-libcoordgen3_3.0.1-1_amd64.deb ...
Unpacking libcoordgen3:amd64 (3.0.1-1) ...
Selecting previously unselected package libquadmath0:amd64.
Preparing to unpack .../23-libquadmath0_12.2.0-14+deb12u1_amd64.deb ...
Unpacking libquadmath0:amd64 (12.2.0-14+deb12u1) ...
Selecting previously unselected package libgfortran5:amd64.
Preparing to unpack .../24-libgfortran5_12.2.0-14+deb12u1_amd64.deb ...
Unpacking libgfortran5:amd64 (12.2.0-14+deb12u1) ...
Selecting previously unselected package liblapack3:amd64.
Preparing to unpack .../25-liblapack3_3.11.0-2_amd64.deb ...
Unpacking liblapack3:amd64 (3.11.0-2) ...
Selecting previously unselected package libmaeparser1:amd64.
Preparing to unpack .../26-libmaeparser1_1.3.0-1_amd64.deb ...
Unpacking libmaeparser1:amd64 (1.3.0-1) ...
Selecting previously unselected package libpython3.11:amd64.
Preparing to unpack .../27-libpython3.11_3.11.2-6+deb12u6_amd64.deb ...
Unpacking libpython3.11:amd64 (3.11.2-6+deb12u6) ...
Selecting previously unselected package librdkit1.
Preparing to unpack .../28-librdkit1_202209.3-1_amd64.deb ...
Unpacking librdkit1 (202209.3-1) ...
Selecting previously unselected package python3-numpy.
Preparing to unpack .../29-python3-numpy_1%3a1.24.2-1+deb12u1_amd64.deb ...
Unpacking python3-numpy (1:1.24.2-1+deb12u1) ...
Selecting previously unselected package rdkit-data.
Preparing to unpack .../30-rdkit-data_202209.3-1_all.deb ...
Unpacking rdkit-data (202209.3-1) ...
Selecting previously unselected package python3-rdkit.
Preparing to unpack .../31-python3-rdkit_202209.3-1_amd64.deb ...
Unpacking python3-rdkit (202209.3-1) ...
Setting up libpixman-1-0:amd64 (0.42.2-1) ...
Setting up libxau6:amd64 (1:1.0.9-1) ...
Setting up libboost-iostreams1.74.0:amd64 (1.74.0+ds1-21) ...
Setting up libbrotli1:amd64 (1.0.9-2+b6) ...
Setting up fonts-freefont-ttf (20120503-10) ...
Setting up rdkit-data (202209.3-1) ...
Setting up libmaeparser1:amd64 (1.3.0-1) ...
Setting up libblas3:amd64 (3.11.0-2) ...
update-alternatives: using /usr/lib/x86_64-linux-gnu/blas/libblas.so.3 to provide /usr/lib/x86_64-linux-gnu/libblas.so.3 (libblas.so.3-x86_64-linux-gnu) in auto
 mode
Setting up libx11-data (2:1.8.4-2+deb12u2) ...
Setting up libquadmath0:amd64 (12.2.0-14+deb12u1) ...
Setting up libpng16-16:amd64 (1.6.39-2) ...
Setting up libgfortran5:amd64 (12.2.0-14+deb12u1) ...
Setting up libboost-serialization1.74.0:amd64 (1.74.0+ds1-21) ...
Setting up libpython3.11-minimal:amd64 (3.11.2-6+deb12u6) ...
Setting up libcoordgen3:amd64 (3.0.1-1) ...
Setting up libboost-python1.74.0 (1.74.0+ds1-21) ...
Setting up libbsd0:amd64 (0.11.7-2) ...
Setting up python3.11-minimal (3.11.2-6+deb12u6) ...
Setting up libxdmcp6:amd64 (1:1.1.2-3) ...
Setting up liblapack3:amd64 (3.11.0-2) ...
update-alternatives: using /usr/lib/x86_64-linux-gnu/lapack/liblapack.so.3 to provide /usr/lib/x86_64-linux-gnu/liblapack.so.3 (liblapack.so.3-x86_64-linux-gnu)
 in auto mode
Setting up libxcb1:amd64 (1.15-1) ...
Setting up libxcb-render0:amd64 (1.15-1) ...
Setting up fontconfig-config (2.14.1-4) ...
debconf: unable to initialize frontend: Dialog
debconf: (No usable dialog-like program is installed, so the dialog based frontend cannot be used. at /usr/share/perl5/Debconf/FrontEnd/Dialog.pm line 78.)
debconf: falling back to frontend: Readline
debconf: unable to initialize frontend: Readline
debconf: (Can't locate Term/ReadLine.pm in @INC (you may need to install the Term::ReadLine module) (@INC contains: /etc/perl /usr/local/lib/x86_64-linux-gnu/pe
rl/5.36.0 /usr/local/share/perl/5.36.0 /usr/lib/x86_64-linux-gnu/perl5/5.36 /usr/share/perl5 /usr/lib/x86_64-linux-gnu/perl-base /usr/lib/x86_64-linux-gnu/perl/
5.36 /usr/share/perl/5.36 /usr/local/lib/site_perl) at /usr/share/perl5/Debconf/FrontEnd/Readline.pm line 7.)
debconf: falling back to frontend: Teletype
Setting up libpython3.11-stdlib:amd64 (3.11.2-6+deb12u6) ...
Setting up libxcb-shm0:amd64 (1.15-1) ...
Setting up libfreetype6:amd64 (2.12.1+dfsg-5+deb12u4) ...
Setting up libx11-6:amd64 (2:1.8.4-2+deb12u2) ...
Setting up libfontconfig1:amd64 (2.14.1-4) ...
Setting up python3.11 (3.11.2-6+deb12u6) ...
Setting up libpython3.11:amd64 (3.11.2-6+deb12u6) ...
Setting up libxrender1:amd64 (1:0.9.10-1.1) ...
Setting up libxext6:amd64 (2:1.3.4-1+b1) ...
Setting up libcairo2:amd64 (1.16.0-7) ...
Setting up python3-numpy (1:1.24.2-1+deb12u1) ...
Setting up librdkit1 (202209.3-1) ...
Setting up python3-rdkit (202209.3-1) ...
Processing triggers for libc-bin (2.36-9+deb12u9) ...
root@95873d400b1b:/app# python solution_chem_agent.py --query "aspirin" --property logp --target 1.5 --tolerance 0.5; tmux wait -S done
Traceback (most recent call last):
  File "/app/solution_chem_agent.py", line 2, in <module>
    from rdkit import Chem
ModuleNotFoundError: No module named 'rdkit'
root@95873d400b1b:/app# pip list; tmux wait -S done
Package Version
------- -------
pip     24.3.1
root@95873d400b1b:/app# python3 -m pip install rdkit-pypi --user; tmux wait -S done
ERROR: Could not find a version that satisfies the requirement rdkit-pypi (from versions: none)

[notice] A new release of pip is available: 24.3.1 -> 25.1.1
[notice] To update, run: pip install --upgrade pip
ERROR: No matching distribution found for rdkit-pypi
root@95873d400b1b:/app# apt-get install -y python3-rdkit; tmux wait -S done
Reading package lists... Done
Building dependency tree... Done
Reading state information... Done
python3-rdkit is already the newest version (202209.3-1).
0 upgraded, 0 newly installed, 0 to remove and 23 not upgraded.
root@95873d400b1b:/app# python solution_chem_agent.py --query "aspirin" --property logp --target 1.5 --tolerance 0.5; tmux wait -S done
Traceback (most recent call last):
  File "/app/solution_chem_agent.py", line 2, in <module>
    from rdkit import Chem
ModuleNotFoundError: No module named 'rdkit'
root@95873d400b1b:/app# python3 -c "import sys; print(sys.path)"; tmux wait -S done
['', '/usr/local/lib/python313.zip', '/usr/local/lib/python3.13', '/usr/local/lib/python3.13/lib-dynload', '/usr/local/lib/python3.13/site-packages']
root@95873d400b1b:/app# python3 -c "from rdkit import Chem; print('RDKit imported successfully!')"; tmux wait -S done
bash: !': event not found
root@95873d400b1b:/app# python3.11 -c "from rdkit import Chem; print('RDKit imported successfully!')"; tmux wait -S done
bash: !': event not found
root@95873d400b1b:/app# python3.11 -c "from rdkit import Chem; print('RDKit imported successfully!')"; tmux wait -S done
bash: !': event not found
root@95873d400b1b:/app# python3.11 -c "from rdkit import Chem; print('RDKit imported successfully!')"; tmux wait -S done
bash: !': event not found
root@95873d400b1b:/app# python3.11 -c "from rdkit import Chem; print('RDKit imported successfully!')"; tmux wait -S done
bash: !': event not found
root@95873d400b1b:/app# python3.11 -c "from rdkit import Chem; print('RDKit imported successfully!')"; tmux wait -S done
bash: !': event not found
root@95873d400b1b:/app# python3.11 -c "from rdkit import Chem; print('RDKit imported successfully!')"; tmux wait -S done
bash: !': event not found
root@95873d400b1b:/app# python3.11 -m pip list; tmux wait -S done
/usr/bin/python3.11: No module named pip
root@95873d400b1b:/app# apt-get install -y python3.11-distutils; tmux wait -S done
Reading package lists... Done
Building dependency tree... Done
Reading state information... Done
Note, selecting 'python3-distutils' instead of 'python3.11-distutils'
The following additional packages will be installed:
  python3-lib2to3
The following NEW packages will be installed:
  python3-distutils python3-lib2to3
0 upgraded, 2 newly installed, 0 to remove and 23 not upgraded.
Need to get 207 kB of archives.
After this operation, 1027 kB of additional disk space will be used.
Get:1 http://deb.debian.org/debian bookworm/main amd64 python3-lib2to3 all 3.11.2-3 [76.3 kB]
Get:2 http://deb.debian.org/debian bookworm/main amd64 python3-distutils all 3.11.2-3 [131 kB]
Fetched 207 kB in 2s (86.6 kB/s)
debconf: delaying package configuration, since apt-utils is not installed
Selecting previously unselected package python3-lib2to3.
(Reading database ... 9987 files and directories currently installed.)
Preparing to unpack .../python3-lib2to3_3.11.2-3_all.deb ...
Unpacking python3-lib2to3 (3.11.2-3) ...
Selecting previously unselected package python3-distutils.
Preparing to unpack .../python3-distutils_3.11.2-3_all.deb ...
Unpacking python3-distutils (3.11.2-3) ...
Setting up python3-lib2to3 (3.11.2-3) ...
Setting up python3-distutils (3.11.2-3) ...
root@95873d400b1b:/app# curl https://bootstrap.pypa.io/get-pip.py -o get-pip.py; tmux wait -S done
bash: curl: command not found
root@95873d400b1b:/app# python3.11 get-pip.py; tmux wait -S done
python3.11: can't open file '/app/get-pip.py': [Errno 2] No such file or directory
root@95873d400b1b:/app# python3.11 -m pip install rdkit-pypi; tmux wait -S done
/usr/bin/python3.11: No module named pip
root@95873d400b1b:/app# apt-get install -y wget; tmux wait -S done
Reading package lists... Done
Building dependency tree... Done
Reading state information... Done
The following additional packages will be installed:
  libpsl5 publicsuffix
The following NEW packages will be installed:
  libpsl5 publicsuffix wget
0 upgraded, 3 newly installed, 0 to remove and 23 not upgraded.
Need to get 1122 kB of archives.
After this operation, 4051 kB of additional disk space will be used.
Get:1 http://deb.debian.org/debian bookworm/main amd64 libpsl5 amd64 0.21.2-1 [58.7 kB]
Get:2 http://deb.debian.org/debian bookworm/main amd64 wget amd64 1.21.3-1+deb12u1 [937 kB]
Get:3 http://deb.debian.org/debian bookworm/main amd64 publicsuffix all 20230209.2326-1 [126 kB]
Fetched 1122 kB in 0s (11.8 MB/s)
debconf: delaying package configuration, since apt-utils is not installed
Selecting previously unselected package libpsl5:amd64.
(Reading database ... 10124 files and directories currently installed.)
Preparing to unpack .../libpsl5_0.21.2-1_amd64.deb ...
Unpacking libpsl5:amd64 (0.21.2-1) ...
Selecting previously unselected package wget.
Preparing to unpack .../wget_1.21.3-1+deb12u1_amd64.deb ...
Unpacking wget (1.21.3-1+deb12u1) ...
Selecting previously unselected package publicsuffix.
Preparing to unpack .../publicsuffix_20230209.2326-1_all.deb ...
Unpacking publicsuffix (20230209.2326-1) ...
Setting up libpsl5:amd64 (0.21.2-1) ...
Setting up wget (1.21.3-1+deb12u1) ...
Setting up publicsuffix (20230209.2326-1) ...
Processing triggers for libc-bin (2.36-9+deb12u9) ...
root@95873d400b1b:/app# wget https://bootstrap.pypa.io/get-pip.py; tmux wait -S done
--2025-07-15 00:12:31--  https://bootstrap.pypa.io/get-pip.py
Resolving bootstrap.pypa.io (bootstrap.pypa.io)... 151.101.0.175, 151.101.64.175, 151.101.128.175, ...
Connecting to bootstrap.pypa.io (bootstrap.pypa.io)|151.101.0.175|:443... connected.
HTTP request sent, awaiting response... 200 OK
Length: 2279307 (2.2M) [text/x-python]
Saving to: get-pip.py

get-pip.py                              100%[===============================================================================>]   2.17M  --.-KB/s    in 0.06s

2025-07-15 00:12:31 (34.9 MB/s) - get-pip.py saved [2279307/2279307]

root@95873d400b1b:/app# python3.11 get-pip.py; tmux wait -S done
error: externally-managed-environment

 This environment is externally managed
> To install Python packages system-wide, try apt install
    python3-xyz, where xyz is the package you are trying to
    install.

    If you wish to install a non-Debian-packaged Python package,
    create a virtual environment using python3 -m venv path/to/venv.
    Then use path/to/venv/bin/python and path/to/venv/bin/pip. Make
    sure you have python3-full installed.

    If you wish to install a non-Debian packaged Python application,
    it may be easiest to use pipx install xyz, which will manage a
    virtual environment for you. Make sure you have pipx installed.

    See /usr/share/doc/python3.11/README.venv for more information.

note: If you believe this is a mistake, please contact your Python installation or OS distribution provider. You can override this, at the risk of breaking your
 Python installation or OS, by passing --break-system-packages.
hint: See PEP 668 for the detailed specification.
root@95873d400b1b:/app# python3.11 -m pip install rdkit-pypi; tmux wait -S done
/usr/bin/python3.11: No module named pip
root@95873d400b1b:/app# python3.11 -m venv venv; tmux wait -S done
The virtual environment was not created successfully because ensurepip is not
available.  On Debian/Ubuntu systems, you need to install the python3-venv
package using the following command.

    apt install python3.11-venv

You may need to use sudo with that command.  After installing the python3-venv
package, recreate your virtual environment.

Failing command: /app/venv/bin/python3.11

root@95873d400b1b:/app# source venv/bin/activate; tmux wait -S done
bash: venv/bin/activate: No such file or directory
root@95873d400b1b:/app# pip install --upgrade pip; tmux wait -S done
Requirement already satisfied: pip in /usr/local/lib/python3.13/site-packages (24.3.1)
Collecting pip
  Downloading pip-25.1.1-py3-none-any.whl.metadata (3.6 kB)
Downloading pip-25.1.1-py3-none-any.whl (1.8 MB)
    1.8/1.8 MB 29.3 MB/s eta 0:00:00
Installing collected packages: pip
  Attempting uninstall: pip
    Found existing installation: pip 24.3.1
    Uninstalling pip-24.3.1:
      Successfully uninstalled pip-24.3.1
Successfully installed pip-25.1.1
WARNING: Running pip as the 'root' user can result in broken permissions and conflicting behaviour with the system package manager, possibly rendering your syst
em unusable.It is recommended to use a virtual environment instead: https://pip.pypa.io/warnings/venv. Use the --root-user-action option if you know what you ar
e doing and want to suppress this warning.
root@95873d400b1b:/app# pip install rdkit-pypi; tmux wait -S done
ERROR: Could not find a version that satisfies the requirement rdkit-pypi (from versions: none)
ERROR: No matching distribution found for rdkit-pypi
root@95873d400b1b:/app# python solution_chem_agent.py --query "aspirin" --property logp --target 1.5 --tolerance 0.5; tmux wait -S done
Traceback (most recent call last):
  File "/app/solution_chem_agent.py", line 2, in <module>
    from rdkit import Chem
ModuleNotFoundError: No module named 'rdkit'
root@95873d400b1b:/app# apt install -y python3.11-venv; tmux wait -S done
Reading package lists... Done
Building dependency tree... Done
Reading state information... Done
The following additional packages will be installed:
  python3-pip-whl python3-setuptools-whl
The following NEW packages will be installed:
  python3-pip-whl python3-setuptools-whl python3.11-venv
0 upgraded, 3 newly installed, 0 to remove and 23 not upgraded.
Need to get 2835 kB of archives.
After this operation, 3165 kB of additional disk space will be used.
Get:1 http://deb.debian.org/debian bookworm/main amd64 python3-pip-whl all 23.0.1+dfsg-1 [1717 kB]
Get:2 http://deb.debian.org/debian bookworm/main amd64 python3-setuptools-whl all 66.1.1-1+deb12u1 [1112 kB]
Get:3 http://deb.debian.org/debian bookworm/main amd64 python3.11-venv amd64 3.11.2-6+deb12u6 [5896 B]
Fetched 2835 kB in 0s (23.9 MB/s)
debconf: delaying package configuration, since apt-utils is not installed
Selecting previously unselected package python3-pip-whl.
(Reading database ... 10235 files and directories currently installed.)
Preparing to unpack .../python3-pip-whl_23.0.1+dfsg-1_all.deb ...
Unpacking python3-pip-whl (23.0.1+dfsg-1) ...
Selecting previously unselected package python3-setuptools-whl.
Preparing to unpack .../python3-setuptools-whl_66.1.1-1+deb12u1_all.deb ...
Unpacking python3-setuptools-whl (66.1.1-1+deb12u1) ...
Selecting previously unselected package python3.11-venv.
Preparing to unpack .../python3.11-venv_3.11.2-6+deb12u6_amd64.deb ...
Unpacking python3.11-venv (3.11.2-6+deb12u6) ...
Setting up python3-setuptools-whl (66.1.1-1+deb12u1) ...
Setting up python3-pip-whl (23.0.1+dfsg-1) ...
Setting up python3.11-venv (3.11.2-6+deb12u6) ...
root@95873d400b1b:/app# python3.11 -m venv venv; tmux wait -S done
root@95873d400b1b:/app# source venv/bin/activate; tmux wait -S done
(venv) root@95873d400b1b:/app# pip install --upgrade pip; tmux wait -S done
Requirement already satisfied: pip in ./venv/lib/python3.11/site-packages (23.0.1)
Collecting pip
  Downloading pip-25.1.1-py3-none-any.whl (1.8 MB)
      1.8/1.8 MB 12.9 MB/s eta 0:00:00
Installing collected packages: pip
  Attempting uninstall: pip
    Found existing installation: pip 23.0.1
    Uninstalling pip-23.0.1:
      Successfully uninstalled pip-23.0.1
Successfully installed pip-25.1.1
(venv) root@95873d400b1b:/app# pip install rdkit-pypi; tmux wait -S done
Collecting rdkit-pypi
  Downloading rdkit_pypi-2022.9.5-cp311-cp311-manylinux_2_17_x86_64.manylinux2014_x86_64.whl.metadata (3.9 kB)
Collecting numpy (from rdkit-pypi)
  Downloading numpy-2.3.1-cp311-cp311-manylinux_2_28_x86_64.whl.metadata (62 kB)
Collecting Pillow (from rdkit-pypi)
  Downloading pillow-11.3.0-cp311-cp311-manylinux_2_27_x86_64.manylinux_2_28_x86_64.whl.metadata (9.0 kB)
Downloading rdkit_pypi-2022.9.5-cp311-cp311-manylinux_2_17_x86_64.manylinux2014_x86_64.whl (29.4 MB)
    29.4/29.4 MB 37.6 MB/s eta 0:00:00
Downloading numpy-2.3.1-cp311-cp311-manylinux_2_28_x86_64.whl (16.9 MB)
    16.9/16.9 MB 79.0 MB/s eta 0:00:00
Downloading pillow-11.3.0-cp311-cp311-manylinux_2_27_x86_64.manylinux_2_28_x86_64.whl (6.6 MB)
    6.6/6.6 MB 86.4 MB/s eta 0:00:00
Installing collected packages: Pillow, numpy, rdkit-pypi
Successfully installed Pillow-11.3.0 numpy-2.3.1 rdkit-pypi-2022.9.5
(venv) root@95873d400b1b:/app# python solution_chem_agent.py --query "aspirin" --property logp --target 1.5 --tolerance 0.5; tmux wait -S done

A module that was compiled using NumPy 1.x cannot be run in
NumPy 2.3.1 as it may crash. To support both 1.x and 2.x
versions of NumPy, modules must be compiled with NumPy 2.0.
Some module may need to rebuild instead e.g. with 'pybind11>=2.12'.

If you are a user of the module, the easiest solution will be to
downgrade to 'numpy<2' or try to upgrade the affected module.
We expect that some modules will need time to support NumPy 2.

Traceback (most recent call last):  File "/app/solution_chem_agent.py", line 2, in <module>
    from rdkit import Chem
  File "/app/venv/lib/python3.11/site-packages/rdkit/Chem/__init__.py", line 18, in <module>
    from rdkit import DataStructs
  File "/app/venv/lib/python3.11/site-packages/rdkit/DataStructs/__init__.py", line 13, in <module>
    from rdkit.DataStructs import cDataStructs
AttributeError: _ARRAY_API not found

A module that was compiled using NumPy 1.x cannot be run in
NumPy 2.3.1 as it may crash. To support both 1.x and 2.x
versions of NumPy, modules must be compiled with NumPy 2.0.
Some module may need to rebuild instead e.g. with 'pybind11>=2.12'.

If you are a user of the module, the easiest solution will be to
downgrade to 'numpy<2' or try to upgrade the affected module.
We expect that some modules will need time to support NumPy 2.

Traceback (most recent call last):  File "/app/solution_chem_agent.py", line 2, in <module>
    from rdkit import Chem
  File "/app/venv/lib/python3.11/site-packages/rdkit/Chem/__init__.py", line 20, in <module>
    from rdkit.Chem import rdchem
AttributeError: _ARRAY_API not found

A module that was compiled using NumPy 1.x cannot be run in
NumPy 2.3.1 as it may crash. To support both 1.x and 2.x
versions of NumPy, modules must be compiled with NumPy 2.0.
Some module may need to rebuild instead e.g. with 'pybind11>=2.12'.

If you are a user of the module, the easiest solution will be to
downgrade to 'numpy<2' or try to upgrade the affected module.
We expect that some modules will need time to support NumPy 2.

Traceback (most recent call last):  File "/app/solution_chem_agent.py", line 2, in <module>
    from rdkit import Chem
  File "/app/venv/lib/python3.11/site-packages/rdkit/Chem/__init__.py", line 24, in <module>
    from rdkit.Chem.rdmolops import *
AttributeError: _ARRAY_API not found
Traceback (most recent call last):
  File "/app/solution_chem_agent.py", line 3, in <module>
    from rdkit import Descriptors
ImportError: cannot import name 'Descriptors' from 'rdkit' (/app/venv/lib/python3.11/site-packages/rdkit/__init__.py)
(venv) root@95873d400b1b:/app#
