root@84913cb2b80e:/app# printenv | grep 'MINIO'_ > /app/result.txt; tmux wait -S done
root@84913cb2b80e:/app# cat /app/result.txt; tmux wait -S done
root@84913cb2b80e:/app# printenv > /app/all_env_vars.txt; tmux wait -S done
root@84913cb2b80e:/app# cat /app/all_env_vars.txt; tmux wait -S done
SHELL=/bin/bash
TERM_PROGRAM_VERSION=3.4
ASCIINEMA_REC=1
TMUX=/tmp/tmux-0/default,33,0
HOSTNAME=84913cb2b80e
PWD=/app
HOME=/root
LS_COLORS=rs=0:di=01;34:ln=01;36:mh=00:pi=40;33:so=01;35:do=01;35:bd=40;33;01:cd=40;33;01:or=40;31;01:mi=00:su=37;41:sg=30;43:ca=00:tw=30;42:ow=34;42:st=37;44:e
x=01;32:*.tar=01;31:*.tgz=01;31:*.arc=01;31:*.arj=01;31:*.taz=01;31:*.lha=01;31:*.lz4=01;31:*.lzh=01;31:*.lzma=01;31:*.tlz=01;31:*.txz=01;31:*.tzo=01;31:*.t7z=0
1;31:*.zip=01;31:*.z=01;31:*.dz=01;31:*.gz=01;31:*.lrz=01;31:*.lz=01;31:*.lzo=01;31:*.xz=01;31:*.zst=01;31:*.tzst=01;31:*.bz2=01;31:*.bz=01;31:*.tbz=01;31:*.tbz
2=01;31:*.tz=01;31:*.deb=01;31:*.rpm=01;31:*.jar=01;31:*.war=01;31:*.ear=01;31:*.sar=01;31:*.rar=01;31:*.alz=01;31:*.ace=01;31:*.zoo=01;31:*.cpio=01;31:*.7z=01;
31:*.rz=01;31:*.cab=01;31:*.wim=01;31:*.swm=01;31:*.dwm=01;31:*.esd=01;31:*.avif=01;35:*.jpg=01;35:*.jpeg=01;35:*.mjpg=01;35:*.mjpeg=01;35:*.gif=01;35:*.bmp=01;
35:*.pbm=01;35:*.pgm=01;35:*.ppm=01;35:*.tga=01;35:*.xbm=01;35:*.xpm=01;35:*.tif=01;35:*.tiff=01;35:*.png=01;35:*.svg=01;35:*.svgz=01;35:*.mng=01;35:*.pcx=01;35
:*.mov=01;35:*.mpg=01;35:*.mpeg=01;35:*.m2v=01;35:*.mkv=01;35:*.webm=01;35:*.webp=01;35:*.ogm=01;35:*.mp4=01;35:*.m4v=01;35:*.mp4v=01;35:*.vob=01;35:*.qt=01;35:
*.nuv=01;35:*.wmv=01;35:*.asf=01;35:*.rm=01;35:*.rmvb=01;35:*.flc=01;35:*.avi=01;35:*.fli=01;35:*.flv=01;35:*.gl=01;35:*.dl=01;35:*.xcf=01;35:*.xwd=01;35:*.yuv=
01;35:*.cgm=01;35:*.emf=01;35:*.ogv=01;35:*.ogx=01;35:*.aac=00;36:*.au=00;36:*.flac=00;36:*.m4a=00;36:*.mid=00;36:*.midi=00;36:*.mka=00;36:*.mp3=00;36:*.mpc=00;
36:*.ogg=00;36:*.ra=00;36:*.wav=00;36:*.oga=00;36:*.opus=00;36:*.spx=00;36:*.xspf=00;36:*~=00;90:*#=00;90:*.bak=00;90:*.crdownload=00;90:*.dpkg-dist=00;90:*.dpk
g-new=00;90:*.dpkg-old=00;90:*.dpkg-tmp=00;90:*.old=00;90:*.orig=00;90:*.part=00;90:*.rej=00;90:*.rpmnew=00;90:*.rpmorig=00;90:*.rpmsave=00;90:*.swp=00;90:*.tmp
=00;90:*.ucf-dist=00;90:*.ucf-new=00;90:*.ucf-old=00;90:
TEST_DIR=/tests
TERM=tmux-256color
TMUX_PANE=%0
SHLVL=2
LC_CTYPE=C.UTF-8
PATH=/usr/local/sbin:/usr/local/bin:/usr/sbin:/usr/bin:/sbin:/bin
TERM_PROGRAM=tmux
_=/usr/bin/printenv
root@84913cb2b80e:/app# curl -i http://node1:9000/health; tmux wait -S done
bash: curl: command not found
root@84913cb2b80e:/app# apt-get update && apt-get install -y curl; tmux wait -S done
Get:1 http://security.ubuntu.com/ubuntu noble-security InRelease [126 kB]
Get:2 http://archive.ubuntu.com/ubuntu noble InRelease [256 kB]
Get:3 http://security.ubuntu.com/ubuntu noble-security/restricted amd64 Packages [1742 kB]
Get:4 http://archive.ubuntu.com/ubuntu noble-updates InRelease [126 kB]
Get:5 http://archive.ubuntu.com/ubuntu noble-backports InRelease [126 kB]
Get:6 http://archive.ubuntu.com/ubuntu noble/restricted amd64 Packages [117 kB]
Get:7 http://archive.ubuntu.com/ubuntu noble/universe amd64 Packages [19.3 MB]
Get:8 http://security.ubuntu.com/ubuntu noble-security/multiverse amd64 Packages [23.0 kB]
Get:9 http://security.ubuntu.com/ubuntu noble-security/universe amd64 Packages [1126 kB]
Get:10 http://security.ubuntu.com/ubuntu noble-security/main amd64 Packages [1241 kB]
Get:11 http://archive.ubuntu.com/ubuntu noble/multiverse amd64 Packages [331 kB]
Get:12 http://archive.ubuntu.com/ubuntu noble/main amd64 Packages [1808 kB]
Get:13 http://archive.ubuntu.com/ubuntu noble-updates/restricted amd64 Packages [1800 kB]
Get:14 http://archive.ubuntu.com/ubuntu noble-updates/multiverse amd64 Packages [28.1 kB]
Get:15 http://archive.ubuntu.com/ubuntu noble-updates/universe amd64 Packages [1436 kB]
Get:16 http://archive.ubuntu.com/ubuntu noble-updates/main amd64 Packages [1567 kB]
Get:17 http://archive.ubuntu.com/ubuntu noble-backports/main amd64 Packages [48.8 kB]
Get:18 http://archive.ubuntu.com/ubuntu noble-backports/universe amd64 Packages [33.0 kB]
Fetched 31.3 MB in 4s (8651 kB/s)
Reading package lists... Done
Reading package lists... Done
Building dependency tree... Done
Reading state information... Done
The following additional packages will be installed:
  krb5-locales libbrotli1 libcurl4t64 libgssapi-krb5-2 libk5crypto3 libkeyutils1 libkrb5-3 libkrb5support0 libldap-common libldap2 libnghttp2-14 libpsl5t64
  librtmp1 libsasl2-2 libsasl2-modules libsasl2-modules-db libssh-4 publicsuffix
Suggested packages:
  krb5-doc krb5-user libsasl2-modules-gssapi-mit | libsasl2-modules-gssapi-heimdal libsasl2-modules-ldap libsasl2-modules-otp libsasl2-modules-sql
The following NEW packages will be installed:
  curl krb5-locales libbrotli1 libcurl4t64 libgssapi-krb5-2 libk5crypto3 libkeyutils1 libkrb5-3 libkrb5support0 libldap-common libldap2 libnghttp2-14
  libpsl5t64 librtmp1 libsasl2-2 libsasl2-modules libsasl2-modules-db libssh-4 publicsuffix
0 upgraded, 19 newly installed, 0 to remove and 27 not upgraded.
Need to get 2405 kB of archives.
After this operation, 6886 kB of additional disk space will be used.
Get:1 http://archive.ubuntu.com/ubuntu noble-updates/main amd64 krb5-locales all 1.20.1-6ubuntu2.6 [14.8 kB]
Get:2 http://archive.ubuntu.com/ubuntu noble-updates/main amd64 libkrb5support0 amd64 1.20.1-6ubuntu2.6 [34.4 kB]
Get:3 http://archive.ubuntu.com/ubuntu noble-updates/main amd64 libk5crypto3 amd64 1.20.1-6ubuntu2.6 [82.0 kB]
Get:4 http://archive.ubuntu.com/ubuntu noble/main amd64 libkeyutils1 amd64 1.6.3-3build1 [9490 B]
Get:5 http://archive.ubuntu.com/ubuntu noble-updates/main amd64 libkrb5-3 amd64 1.20.1-6ubuntu2.6 [348 kB]
Get:6 http://archive.ubuntu.com/ubuntu noble-updates/main amd64 libgssapi-krb5-2 amd64 1.20.1-6ubuntu2.6 [143 kB]
Get:7 http://archive.ubuntu.com/ubuntu noble-updates/main amd64 libnghttp2-14 amd64 1.59.0-1ubuntu0.2 [74.3 kB]
Get:8 http://archive.ubuntu.com/ubuntu noble/main amd64 libpsl5t64 amd64 0.21.2-1.1build1 [57.1 kB]
Get:9 http://archive.ubuntu.com/ubuntu noble/main amd64 publicsuffix all 20231001.0357-0.1 [129 kB]
Get:10 http://archive.ubuntu.com/ubuntu noble/main amd64 libbrotli1 amd64 1.1.0-2build2 [331 kB]
Get:11 http://archive.ubuntu.com/ubuntu noble-updates/main amd64 libsasl2-modules-db amd64 2.1.28+dfsg1-5ubuntu3.1 [20.4 kB]
Get:12 http://archive.ubuntu.com/ubuntu noble-updates/main amd64 libsasl2-2 amd64 2.1.28+dfsg1-5ubuntu3.1 [53.2 kB]
Get:13 http://archive.ubuntu.com/ubuntu noble-updates/main amd64 libldap2 amd64 2.6.7+dfsg-1~exp1ubuntu8.2 [196 kB]
Get:14 http://archive.ubuntu.com/ubuntu noble/main amd64 librtmp1 amd64 2.4+20151223.gitfa8646d.1-2build7 [56.3 kB]
Get:15 http://archive.ubuntu.com/ubuntu noble-updates/main amd64 libssh-4 amd64 0.10.6-2ubuntu0.1 [188 kB]
Get:16 http://archive.ubuntu.com/ubuntu noble-updates/main amd64 libcurl4t64 amd64 8.5.0-2ubuntu10.6 [341 kB]
Get:17 http://archive.ubuntu.com/ubuntu noble-updates/main amd64 curl amd64 8.5.0-2ubuntu10.6 [226 kB]
Get:18 http://archive.ubuntu.com/ubuntu noble-updates/main amd64 libldap-common all 2.6.7+dfsg-1~exp1ubuntu8.2 [31.7 kB]
Get:19 http://archive.ubuntu.com/ubuntu noble-updates/main amd64 libsasl2-modules amd64 2.1.28+dfsg1-5ubuntu3.1 [69.9 kB]
Fetched 2405 kB in 1s (1990 kB/s)
debconf: delaying package configuration, since apt-utils is not installed
Selecting previously unselected package krb5-locales.
(Reading database ... 6337 files and directories currently installed.)
Preparing to unpack .../00-krb5-locales_1.20.1-6ubuntu2.6_all.deb ...
Unpacking krb5-locales (1.20.1-6ubuntu2.6) ...
Selecting previously unselected package libkrb5support0:amd64.
Preparing to unpack .../01-libkrb5support0_1.20.1-6ubuntu2.6_amd64.deb ...
Unpacking libkrb5support0:amd64 (1.20.1-6ubuntu2.6) ...
Selecting previously unselected package libk5crypto3:amd64.
Preparing to unpack .../02-libk5crypto3_1.20.1-6ubuntu2.6_amd64.deb ...
Unpacking libk5crypto3:amd64 (1.20.1-6ubuntu2.6) ...
Selecting previously unselected package libkeyutils1:amd64.
Preparing to unpack .../03-libkeyutils1_1.6.3-3build1_amd64.deb ...
Unpacking libkeyutils1:amd64 (1.6.3-3build1) ...
Selecting previously unselected package libkrb5-3:amd64.
Preparing to unpack .../04-libkrb5-3_1.20.1-6ubuntu2.6_amd64.deb ...
Unpacking libkrb5-3:amd64 (1.20.1-6ubuntu2.6) ...
Selecting previously unselected package libgssapi-krb5-2:amd64.
Preparing to unpack .../05-libgssapi-krb5-2_1.20.1-6ubuntu2.6_amd64.deb ...
Unpacking libgssapi-krb5-2:amd64 (1.20.1-6ubuntu2.6) ...
Selecting previously unselected package libnghttp2-14:amd64.
Preparing to unpack .../06-libnghttp2-14_1.59.0-1ubuntu0.2_amd64.deb ...
Unpacking libnghttp2-14:amd64 (1.59.0-1ubuntu0.2) ...
Selecting previously unselected package libpsl5t64:amd64.
Preparing to unpack .../07-libpsl5t64_0.21.2-1.1build1_amd64.deb ...
Unpacking libpsl5t64:amd64 (0.21.2-1.1build1) ...
Selecting previously unselected package publicsuffix.
Preparing to unpack .../08-publicsuffix_20231001.0357-0.1_all.deb ...
Unpacking publicsuffix (20231001.0357-0.1) ...
Selecting previously unselected package libbrotli1:amd64.
Preparing to unpack .../09-libbrotli1_1.1.0-2build2_amd64.deb ...
Unpacking libbrotli1:amd64 (1.1.0-2build2) ...
Selecting previously unselected package libsasl2-modules-db:amd64.
Preparing to unpack .../10-libsasl2-modules-db_2.1.28+dfsg1-5ubuntu3.1_amd64.deb ...
Unpacking libsasl2-modules-db:amd64 (2.1.28+dfsg1-5ubuntu3.1) ...
Selecting previously unselected package libsasl2-2:amd64.
Preparing to unpack .../11-libsasl2-2_2.1.28+dfsg1-5ubuntu3.1_amd64.deb ...
Unpacking libsasl2-2:amd64 (2.1.28+dfsg1-5ubuntu3.1) ...
Selecting previously unselected package libldap2:amd64.
Preparing to unpack .../12-libldap2_2.6.7+dfsg-1~exp1ubuntu8.2_amd64.deb ...
Unpacking libldap2:amd64 (2.6.7+dfsg-1~exp1ubuntu8.2) ...
Selecting previously unselected package librtmp1:amd64.
Preparing to unpack .../13-librtmp1_2.4+20151223.gitfa8646d.1-2build7_amd64.deb ...
Unpacking librtmp1:amd64 (2.4+20151223.gitfa8646d.1-2build7) ...
Selecting previously unselected package libssh-4:amd64.
Preparing to unpack .../14-libssh-4_0.10.6-2ubuntu0.1_amd64.deb ...
Unpacking libssh-4:amd64 (0.10.6-2ubuntu0.1) ...
Selecting previously unselected package libcurl4t64:amd64.
Preparing to unpack .../15-libcurl4t64_8.5.0-2ubuntu10.6_amd64.deb ...
Unpacking libcurl4t64:amd64 (8.5.0-2ubuntu10.6) ...
Selecting previously unselected package curl.
Preparing to unpack .../16-curl_8.5.0-2ubuntu10.6_amd64.deb ...
Unpacking curl (8.5.0-2ubuntu10.6) ...
Selecting previously unselected package libldap-common.
Preparing to unpack .../17-libldap-common_2.6.7+dfsg-1~exp1ubuntu8.2_all.deb ...
Unpacking libldap-common (2.6.7+dfsg-1~exp1ubuntu8.2) ...
Selecting previously unselected package libsasl2-modules:amd64.
Preparing to unpack .../18-libsasl2-modules_2.1.28+dfsg1-5ubuntu3.1_amd64.deb ...
Unpacking libsasl2-modules:amd64 (2.1.28+dfsg1-5ubuntu3.1) ...
Setting up libkeyutils1:amd64 (1.6.3-3build1) ...
Setting up libbrotli1:amd64 (1.1.0-2build2) ...
Setting up libsasl2-modules:amd64 (2.1.28+dfsg1-5ubuntu3.1) ...
Setting up libpsl5t64:amd64 (0.21.2-1.1build1) ...
Setting up libnghttp2-14:amd64 (1.59.0-1ubuntu0.2) ...
Setting up krb5-locales (1.20.1-6ubuntu2.6) ...
Setting up libldap-common (2.6.7+dfsg-1~exp1ubuntu8.2) ...
Setting up libkrb5support0:amd64 (1.20.1-6ubuntu2.6) ...
Setting up libsasl2-modules-db:amd64 (2.1.28+dfsg1-5ubuntu3.1) ...
Setting up librtmp1:amd64 (2.4+20151223.gitfa8646d.1-2build7) ...
Setting up libk5crypto3:amd64 (1.20.1-6ubuntu2.6) ...
Setting up libsasl2-2:amd64 (2.1.28+dfsg1-5ubuntu3.1) ...
Setting up libkrb5-3:amd64 (1.20.1-6ubuntu2.6) ...
Setting up publicsuffix (20231001.0357-0.1) ...
Setting up libldap2:amd64 (2.6.7+dfsg-1~exp1ubuntu8.2) ...
Setting up libgssapi-krb5-2:amd64 (1.20.1-6ubuntu2.6) ...
Setting up libssh-4:amd64 (0.10.6-2ubuntu0.1) ...
Setting up libcurl4t64:amd64 (8.5.0-2ubuntu10.6) ...
Setting up curl (8.5.0-2ubuntu10.6) ...
Processing triggers for libc-bin (2.39-0ubuntu8.4) ...
root@84913cb2b80e:/app# curl -i http://node1:9000/health; tmux wait -S done
HTTP/1.1 403 Forbidden
Accept-Ranges: bytes
Content-Length: 291
Content-Security-Policy: block-all-mixed-content
Content-Type: application/xml
Server: MinIO
Strict-Transport-Security: max-age=31536000; includeSubDomains
Vary: Origin
Vary: Accept-Encoding
X-Amz-Id-2: e3b0c44298fc1c149afbf4c8996fb92427ae41e4649b934ca495991b7852b855
X-Amz-Request-Id: 185246096DB6356C
X-Content-Type-Options: nosniff
X-Xss-Protection: 1; mode=block
Date: Tue, 15 Jul 2025 00:43:31 GMT

<?xml version="1.0" encoding="UTF-8"?>
<Error><Code>AccessDenied</Code><Message>Access Denied.</Message><BucketName>health</BucketName><Resource>/health</Resource><RequestId>185246096DB6356C</Request
Id><HostId>e3b0c44298fc1c149afbf4c8996fb92427ae41e4649b934ca495991b7852b855</HostId></Error>root@84913cb2b80e:/app# ls /app; tmux wait -S done
all_env_vars.txt  result.txt
root@84913cb2b80e:/app# touch /app/minio_credentials.txt; tmux wait -S done
root@84913cb2b80e:/app# ls -a /app; tmux wait -S done
.  ..  all_env_vars.txt  minio_credentials.txt  result.txt
root@84913cb2b80e:/app# find / -name '*minio*' 2>/dev/null; tmux wait -S done
/app/minio_credentials.txt
root@84913cb2b80e:/app# nano /app/minio_credentials.txt
bash: nano: command not found
root@84913cb2b80e:/app# echo 'MINIO_ACCESS_KEY:MINIO_SECRET_KEY' > /app/minio_credentials.txt
root@84913cb2b80e:/app# cat /app/minio_credentials.txt; tmux wait -S done
MINIO_ACCESS_KEY:MINIO_SECRET_KEY
root@84913cb2b80e:/app#
