root@f283fe04a8db:/app# asciinema rec --stdin /logs/agent.cast
asciinema: recording asciicast to /logs/agent.cast
asciinema: press <ctrl-d> or type "exit" when you're done
root@f283fe04a8db:/app# clear
root@f283fe04a8db:/app# qemu-system-x86_64 -cdrom alpine.iso -boot d -m 512 -net nic -net user,hostfwd=tcp::2222-:22; tmux wait -S done
Unable to init server: Could not connect: Connection refused
gtk initialization failed
root@f283fe04a8db:/app# echo 'root:password123' | chpasswd
apk add openssh
root@f283fe04a8db:/app# apk add openssh
bash: apk: command not found
root@f283fe04a8db:/app# rc-update add sshd
bash: rc-update: command not found
root@f283fe04a8db:/app# service sshd start; tmux wait -S done
sshd: unrecognized service
root@f283fe04a8db:/app# qemu-system-x86_64 -cdrom alpine.iso -boot d -m 512 -net nic -net user,hostfwd=tcp::2222-:22 -nographic; tmux wait -S done
SeaBIOS (version 1.14.0-2)


iPXE (http://ipxe.org) 00:03.0 CA00 PCI2.10 PnP PMM+1FF8F4C0+1FECF4C0 CA00



Booting from DVD/CD...

ISOLINUX 6.04 6.04-pre1 ETCD Copyright (C) 1994-2015 H. Peter Anvin et al
boot:

Welcome to Alpine Linux 3.19
Kernel 6.6.4-1-lts on an x86_64 (/dev/ttyS0)

localhost login: root; tmux wait -S done
Password:
Login incorrect
localhost login: root; tmux wait -S done
Password:
Login incorrect
localhost login: C-a C-b
Password:
C-a C-f
C-a C-f
C-a C-f
C-a C-f
C-a C-f
C-a C-f
C-a C-f
C-a C-f
Login incorrect

Welcome to Alpine Linux 3.19
Kernel 6.6.4-1-lts on an x86_64 (/dev/ttyS0)

localhost login: C-c
Password:
Login timed out after 60 seconds

Welcome to Alpine Linux 3.19
Kernel 6.6.4-1-lts on an x86_64 (/dev/ttyS0)

localhost login: C-c
Password:
Login timed out after 60 seconds

Welcome to Alpine Linux 3.19
Kernel 6.6.4-1-lts on an x86_64 (/dev/ttyS0)

localhost login: C-c
Password:
Login timed out after 60 seconds

Welcome to Alpine Linux 3.19
Kernel 6.6.4-1-lts on an x86_64 (/dev/ttyS0)

localhost login: C-c
Password:
Login timed out after 60 seconds

Welcome to Alpine Linux 3.19
Kernel 6.6.4-1-lts on an x86_64 (/dev/ttyS0)

localhost login: C-c
Password:
Login timed out after 60 seconds

Welcome to Alpine Linux 3.19
Kernel 6.6.4-1-lts on an x86_64 (/dev/ttyS0)

localhost login: C-c
Password:
Login timed out after 60 seconds

Welcome to Alpine Linux 3.19
Kernel 6.6.4-1-lts on an x86_64 (/dev/ttyS0)

localhost login:
