root@85874bd66351:/app# git clone https://www.sqlite.org/2019/sqlite-autoconf-3320300.tar.gz; tmux wait -S done
bash: git: command not found
root@85874bd66351:/app# tar -xzf sqlite-autoconf-3320300.tar.gz
tar (child): sqlite-autoconf-3320300.tar.gz: Cannot open: No such file or directory
tar (child): Error is not recoverable: exiting now
tar: Child returned status 2
tar: Error is not recoverable: exiting now
root@85874bd66351:/app# cd sqlite-autoconf-3320300 && ./configure --enable-gcov; tmux wait -S done
bash: cd: sqlite-autoconf-3320300: No such file or directory
root@85874bd66351:/app# make; tmux wait -S done
bash: make: command not found
root@85874bd66351:/app# cp sqlite3 /usr/local/bin/
cp: cannot stat 'sqlite3': No such file or directory
root@85874bd66351:/app# echo 'export PATH=$PATH:/usr/local/bin' >> ~/.bashrc
root@85874bd66351:/app# source ~/.bashrc
root@85874bd66351:/app# apt-get update; tmux wait -S done
Get:1 http://security.ubuntu.com/ubuntu noble-security InRelease [126 kB]
Get:2 http://archive.ubuntu.com/ubuntu noble InRelease [256 kB]
Get:3 http://archive.ubuntu.com/ubuntu noble-updates InRelease [126 kB]
Get:4 http://archive.ubuntu.com/ubuntu noble-backports InRelease [126 kB]
Get:5 http://security.ubuntu.com/ubuntu noble-security/restricted amd64 Packages [1742 kB]
Get:6 http://archive.ubuntu.com/ubuntu noble/multiverse amd64 Packages [331 kB]
Get:7 http://security.ubuntu.com/ubuntu noble-security/main amd64 Packages [1241 kB]
Get:8 http://archive.ubuntu.com/ubuntu noble/restricted amd64 Packages [117 kB]
Get:9 http://security.ubuntu.com/ubuntu noble-security/multiverse amd64 Packages [23.0 kB]
Get:10 http://archive.ubuntu.com/ubuntu noble/universe amd64 Packages [19.3 MB]
Get:11 http://security.ubuntu.com/ubuntu noble-security/universe amd64 Packages [1126 kB]
Get:12 http://archive.ubuntu.com/ubuntu noble/main amd64 Packages [1808 kB]
Get:13 http://archive.ubuntu.com/ubuntu noble-updates/restricted amd64 Packages [1800 kB]
Get:14 http://archive.ubuntu.com/ubuntu noble-updates/main amd64 Packages [1567 kB]
Get:15 http://archive.ubuntu.com/ubuntu noble-updates/universe amd64 Packages [1436 kB]
Get:16 http://archive.ubuntu.com/ubuntu noble-updates/multiverse amd64 Packages [28.1 kB]
Get:17 http://archive.ubuntu.com/ubuntu noble-backports/universe amd64 Packages [33.0 kB]
Get:18 http://archive.ubuntu.com/ubuntu noble-backports/main amd64 Packages [48.8 kB]
Fetched 31.3 MB in 2s (18.2 MB/s)
Reading package lists... Done
root@85874bd66351:/app# apt-get install git make -y; tmux wait -S done
Reading package lists... Done
Building dependency tree... Done
Reading state information... Done
The following additional packages will be installed:
  adduser git-man krb5-locales less libbrotli1 libbsd0 libcbor0.10 libcurl3t64-gnutls libedit2 liberror-perl libfido2-1 libgdbm-compat4t64 libgdbm6t64
  libgssapi-krb5-2 libk5crypto3 libkeyutils1 libkrb5-3 libkrb5support0 libldap-common libldap2 libnghttp2-14 libperl5.38t64 libpsl5t64 librtmp1 libsasl2-2
  libsasl2-modules libsasl2-modules-db libssh-4 libx11-6 libx11-data libxau6 libxcb1 libxdmcp6 libxext6 libxmuu1 openssh-client patch perl perl-base
  perl-modules-5.38 publicsuffix xauth
Suggested packages:
  liblocale-gettext-perl cron quota ecryptfs-utils gettext-base git-daemon-run | git-daemon-sysvinit git-doc git-email git-gui gitk gitweb git-cvs
  git-mediawiki git-svn gdbm-l10n krb5-doc krb5-user libsasl2-modules-gssapi-mit | libsasl2-modules-gssapi-heimdal libsasl2-modules-ldap libsasl2-modules-otp
  libsasl2-modules-sql make-doc keychain libpam-ssh monkeysphere ssh-askpass ed diffutils-doc perl-doc libterm-readline-gnu-perl | libterm-readline-perl-perl
  libtap-harness-archive-perl
The following NEW packages will be installed:
  adduser git git-man krb5-locales less libbrotli1 libbsd0 libcbor0.10 libcurl3t64-gnutls libedit2 liberror-perl libfido2-1 libgdbm-compat4t64 libgdbm6t64
  libgssapi-krb5-2 libk5crypto3 libkeyutils1 libkrb5-3 libkrb5support0 libldap-common libldap2 libnghttp2-14 libperl5.38t64 libpsl5t64 librtmp1 libsasl2-2
  libsasl2-modules libsasl2-modules-db libssh-4 libx11-6 libx11-data libxau6 libxcb1 libxdmcp6 libxext6 libxmuu1 make openssh-client patch perl
  perl-modules-5.38 publicsuffix xauth
The following packages will be upgraded:
  perl-base
1 upgraded, 43 newly installed, 0 to remove and 26 not upgraded.
Need to get 19.6 MB of archives.
After this operation, 90.3 MB of additional disk space will be used.
Get:1 http://archive.ubuntu.com/ubuntu noble-updates/main amd64 perl-base amd64 5.38.2-3.2ubuntu0.1 [1827 kB]
Get:2 http://archive.ubuntu.com/ubuntu noble-updates/main amd64 perl-modules-5.38 all 5.38.2-3.2ubuntu0.1 [3110 kB]
Get:3 http://archive.ubuntu.com/ubuntu noble/main amd64 libgdbm6t64 amd64 1.23-5.1build1 [34.4 kB]
Get:4 http://archive.ubuntu.com/ubuntu noble/main amd64 libgdbm-compat4t64 amd64 1.23-5.1build1 [6710 B]
Get:5 http://archive.ubuntu.com/ubuntu noble-updates/main amd64 libperl5.38t64 amd64 5.38.2-3.2ubuntu0.1 [4871 kB]
Get:6 http://archive.ubuntu.com/ubuntu noble-updates/main amd64 perl amd64 5.38.2-3.2ubuntu0.1 [231 kB]
Get:7 http://archive.ubuntu.com/ubuntu noble/main amd64 adduser all 3.137ubuntu1 [101 kB]
Get:8 http://archive.ubuntu.com/ubuntu noble-updates/main amd64 krb5-locales all 1.20.1-6ubuntu2.6 [14.8 kB]
Get:9 http://archive.ubuntu.com/ubuntu noble-updates/main amd64 less amd64 590-2ubuntu2.1 [142 kB]
Get:10 http://archive.ubuntu.com/ubuntu noble-updates/main amd64 libbsd0 amd64 0.12.1-1build1.1 [41.2 kB]
Get:11 http://archive.ubuntu.com/ubuntu noble-updates/main amd64 libkrb5support0 amd64 1.20.1-6ubuntu2.6 [34.4 kB]
Get:12 http://archive.ubuntu.com/ubuntu noble-updates/main amd64 libk5crypto3 amd64 1.20.1-6ubuntu2.6 [82.0 kB]
Get:13 http://archive.ubuntu.com/ubuntu noble/main amd64 libkeyutils1 amd64 1.6.3-3build1 [9490 B]
Get:14 http://archive.ubuntu.com/ubuntu noble-updates/main amd64 libkrb5-3 amd64 1.20.1-6ubuntu2.6 [348 kB]
Get:15 http://archive.ubuntu.com/ubuntu noble-updates/main amd64 libgssapi-krb5-2 amd64 1.20.1-6ubuntu2.6 [143 kB]
Get:16 http://archive.ubuntu.com/ubuntu noble/main amd64 libcbor0.10 amd64 0.10.2-1.2ubuntu2 [25.8 kB]
Get:17 http://archive.ubuntu.com/ubuntu noble/main amd64 libedit2 amd64 3.1-20230828-1build1 [97.6 kB]
Get:18 http://archive.ubuntu.com/ubuntu noble/main amd64 libfido2-1 amd64 1.14.0-1build3 [83.5 kB]
Get:19 http://archive.ubuntu.com/ubuntu noble-updates/main amd64 libnghttp2-14 amd64 1.59.0-1ubuntu0.2 [74.3 kB]
Get:20 http://archive.ubuntu.com/ubuntu noble/main amd64 libpsl5t64 amd64 0.21.2-1.1build1 [57.1 kB]
Get:21 http://archive.ubuntu.com/ubuntu noble/main amd64 libxau6 amd64 1:1.0.9-1build6 [7160 B]
Get:22 http://archive.ubuntu.com/ubuntu noble/main amd64 libxdmcp6 amd64 1:1.1.3-0ubuntu6 [10.3 kB]
Get:23 http://archive.ubuntu.com/ubuntu noble/main amd64 libxcb1 amd64 1.15-1ubuntu2 [47.7 kB]
Get:24 http://archive.ubuntu.com/ubuntu noble/main amd64 libx11-data all 2:1.8.7-1build1 [115 kB]
Get:25 http://archive.ubuntu.com/ubuntu noble/main amd64 libx11-6 amd64 2:1.8.7-1build1 [650 kB]
Get:26 http://archive.ubuntu.com/ubuntu noble/main amd64 libxext6 amd64 2:1.3.4-1build2 [30.4 kB]
Get:27 http://archive.ubuntu.com/ubuntu noble/main amd64 libxmuu1 amd64 2:1.1.3-3build2 [8958 B]
Get:28 http://archive.ubuntu.com/ubuntu noble-updates/main amd64 openssh-client amd64 1:9.6p1-3ubuntu13.12 [905 kB]
Get:29 http://archive.ubuntu.com/ubuntu noble/main amd64 publicsuffix all 20231001.0357-0.1 [129 kB]
Get:30 http://archive.ubuntu.com/ubuntu noble/main amd64 xauth amd64 1:1.1.2-1build1 [25.6 kB]
Get:31 http://archive.ubuntu.com/ubuntu noble/main amd64 libbrotli1 amd64 1.1.0-2build2 [331 kB]
Get:32 http://archive.ubuntu.com/ubuntu noble-updates/main amd64 libsasl2-modules-db amd64 2.1.28+dfsg1-5ubuntu3.1 [20.4 kB]
Get:33 http://archive.ubuntu.com/ubuntu noble-updates/main amd64 libsasl2-2 amd64 2.1.28+dfsg1-5ubuntu3.1 [53.2 kB]
Get:34 http://archive.ubuntu.com/ubuntu noble-updates/main amd64 libldap2 amd64 2.6.7+dfsg-1~exp1ubuntu8.2 [196 kB]
Get:35 http://archive.ubuntu.com/ubuntu noble/main amd64 librtmp1 amd64 2.4+20151223.gitfa8646d.1-2build7 [56.3 kB]
Get:36 http://archive.ubuntu.com/ubuntu noble-updates/main amd64 libssh-4 amd64 0.10.6-2ubuntu0.1 [188 kB]
Get:37 http://archive.ubuntu.com/ubuntu noble-updates/main amd64 libcurl3t64-gnutls amd64 8.5.0-2ubuntu10.6 [333 kB]
Get:38 http://archive.ubuntu.com/ubuntu noble/main amd64 liberror-perl all 0.17029-2 [25.6 kB]
Get:39 http://archive.ubuntu.com/ubuntu noble-updates/main amd64 git-man all 1:2.43.0-1ubuntu7.3 [1100 kB]
Get:40 http://archive.ubuntu.com/ubuntu noble-updates/main amd64 git amd64 1:2.43.0-1ubuntu7.3 [3680 kB]
Get:41 http://archive.ubuntu.com/ubuntu noble-updates/main amd64 libldap-common all 2.6.7+dfsg-1~exp1ubuntu8.2 [31.7 kB]
Get:42 http://archive.ubuntu.com/ubuntu noble-updates/main amd64 libsasl2-modules amd64 2.1.28+dfsg1-5ubuntu3.1 [69.9 kB]
Get:43 http://archive.ubuntu.com/ubuntu noble/main amd64 make amd64 4.3-4.1build2 [180 kB]
Get:44 http://archive.ubuntu.com/ubuntu noble/main amd64 patch amd64 2.7.6-7build3 [104 kB]
Fetched 19.6 MB in 1s (29.6 MB/s)
debconf: delaying package configuration, since apt-utils is not installed
(Reading database ... 6337 files and directories currently installed.)
Preparing to unpack .../perl-base_5.38.2-3.2ubuntu0.1_amd64.deb ...
Unpacking perl-base (5.38.2-3.2ubuntu0.1) over (5.38.2-3.2build2.1) ...
Setting up perl-base (5.38.2-3.2ubuntu0.1) ...
Selecting previously unselected package perl-modules-5.38.
(Reading database ... 6337 files and directories currently installed.)
Preparing to unpack .../0-perl-modules-5.38_5.38.2-3.2ubuntu0.1_all.deb ...
Unpacking perl-modules-5.38 (5.38.2-3.2ubuntu0.1) ...
Selecting previously unselected package libgdbm6t64:amd64.
Preparing to unpack .../1-libgdbm6t64_1.23-5.1build1_amd64.deb ...
Unpacking libgdbm6t64:amd64 (1.23-5.1build1) ...
Selecting previously unselected package libgdbm-compat4t64:amd64.
Preparing to unpack .../2-libgdbm-compat4t64_1.23-5.1build1_amd64.deb ...
Unpacking libgdbm-compat4t64:amd64 (1.23-5.1build1) ...
Selecting previously unselected package libperl5.38t64:amd64.
Preparing to unpack .../3-libperl5.38t64_5.38.2-3.2ubuntu0.1_amd64.deb ...
Unpacking libperl5.38t64:amd64 (5.38.2-3.2ubuntu0.1) ...
Selecting previously unselected package perl.
Preparing to unpack .../4-perl_5.38.2-3.2ubuntu0.1_amd64.deb ...
Unpacking perl (5.38.2-3.2ubuntu0.1) ...
Selecting previously unselected package adduser.
Preparing to unpack .../5-adduser_3.137ubuntu1_all.deb ...
Unpacking adduser (3.137ubuntu1) ...
Setting up adduser (3.137ubuntu1) ...
Selecting previously unselected package krb5-locales.
(Reading database ... 8397 files and directories currently installed.)
Preparing to unpack .../00-krb5-locales_1.20.1-6ubuntu2.6_all.deb ...
Unpacking krb5-locales (1.20.1-6ubuntu2.6) ...
Selecting previously unselected package less.
Preparing to unpack .../01-less_590-2ubuntu2.1_amd64.deb ...
Unpacking less (590-2ubuntu2.1) ...
Selecting previously unselected package libbsd0:amd64.
Preparing to unpack .../02-libbsd0_0.12.1-1build1.1_amd64.deb ...
Unpacking libbsd0:amd64 (0.12.1-1build1.1) ...
Selecting previously unselected package libkrb5support0:amd64.
Preparing to unpack .../03-libkrb5support0_1.20.1-6ubuntu2.6_amd64.deb ...
Unpacking libkrb5support0:amd64 (1.20.1-6ubuntu2.6) ...
Selecting previously unselected package libk5crypto3:amd64.
Preparing to unpack .../04-libk5crypto3_1.20.1-6ubuntu2.6_amd64.deb ...
Unpacking libk5crypto3:amd64 (1.20.1-6ubuntu2.6) ...
Selecting previously unselected package libkeyutils1:amd64.
Preparing to unpack .../05-libkeyutils1_1.6.3-3build1_amd64.deb ...
Unpacking libkeyutils1:amd64 (1.6.3-3build1) ...
Selecting previously unselected package libkrb5-3:amd64.
Preparing to unpack .../06-libkrb5-3_1.20.1-6ubuntu2.6_amd64.deb ...
Unpacking libkrb5-3:amd64 (1.20.1-6ubuntu2.6) ...
Selecting previously unselected package libgssapi-krb5-2:amd64.
Preparing to unpack .../07-libgssapi-krb5-2_1.20.1-6ubuntu2.6_amd64.deb ...
Unpacking libgssapi-krb5-2:amd64 (1.20.1-6ubuntu2.6) ...
Selecting previously unselected package libcbor0.10:amd64.
Preparing to unpack .../08-libcbor0.10_0.10.2-1.2ubuntu2_amd64.deb ...
Unpacking libcbor0.10:amd64 (0.10.2-1.2ubuntu2) ...
Selecting previously unselected package libedit2:amd64.
Preparing to unpack .../09-libedit2_3.1-20230828-1build1_amd64.deb ...
Unpacking libedit2:amd64 (3.1-20230828-1build1) ...
Selecting previously unselected package libfido2-1:amd64.
Preparing to unpack .../10-libfido2-1_1.14.0-1build3_amd64.deb ...
Unpacking libfido2-1:amd64 (1.14.0-1build3) ...
Selecting previously unselected package libnghttp2-14:amd64.
Preparing to unpack .../11-libnghttp2-14_1.59.0-1ubuntu0.2_amd64.deb ...
Unpacking libnghttp2-14:amd64 (1.59.0-1ubuntu0.2) ...
Selecting previously unselected package libpsl5t64:amd64.
Preparing to unpack .../12-libpsl5t64_0.21.2-1.1build1_amd64.deb ...
Unpacking libpsl5t64:amd64 (0.21.2-1.1build1) ...
Selecting previously unselected package libxau6:amd64.
Preparing to unpack .../13-libxau6_1%3a1.0.9-1build6_amd64.deb ...
Unpacking libxau6:amd64 (1:1.0.9-1build6) ...
Selecting previously unselected package libxdmcp6:amd64.
Preparing to unpack .../14-libxdmcp6_1%3a1.1.3-0ubuntu6_amd64.deb ...
Unpacking libxdmcp6:amd64 (1:1.1.3-0ubuntu6) ...
Selecting previously unselected package libxcb1:amd64.
Preparing to unpack .../15-libxcb1_1.15-1ubuntu2_amd64.deb ...
Unpacking libxcb1:amd64 (1.15-1ubuntu2) ...
Selecting previously unselected package libx11-data.
Preparing to unpack .../16-libx11-data_2%3a1.8.7-1build1_all.deb ...
Unpacking libx11-data (2:1.8.7-1build1) ...
Selecting previously unselected package libx11-6:amd64.
Preparing to unpack .../17-libx11-6_2%3a1.8.7-1build1_amd64.deb ...
Unpacking libx11-6:amd64 (2:1.8.7-1build1) ...
Selecting previously unselected package libxext6:amd64.
Preparing to unpack .../18-libxext6_2%3a1.3.4-1build2_amd64.deb ...
Unpacking libxext6:amd64 (2:1.3.4-1build2) ...
Selecting previously unselected package libxmuu1:amd64.
Preparing to unpack .../19-libxmuu1_2%3a1.1.3-3build2_amd64.deb ...
Unpacking libxmuu1:amd64 (2:1.1.3-3build2) ...
Selecting previously unselected package openssh-client.
Preparing to unpack .../20-openssh-client_1%3a9.6p1-3ubuntu13.12_amd64.deb ...
Unpacking openssh-client (1:9.6p1-3ubuntu13.12) ...
Selecting previously unselected package publicsuffix.
Preparing to unpack .../21-publicsuffix_20231001.0357-0.1_all.deb ...
Unpacking publicsuffix (20231001.0357-0.1) ...
Selecting previously unselected package xauth.
Preparing to unpack .../22-xauth_1%3a1.1.2-1build1_amd64.deb ...
Unpacking xauth (1:1.1.2-1build1) ...
Selecting previously unselected package libbrotli1:amd64.
Preparing to unpack .../23-libbrotli1_1.1.0-2build2_amd64.deb ...
Unpacking libbrotli1:amd64 (1.1.0-2build2) ...
Selecting previously unselected package libsasl2-modules-db:amd64.
Preparing to unpack .../24-libsasl2-modules-db_2.1.28+dfsg1-5ubuntu3.1_amd64.deb ...
Unpacking libsasl2-modules-db:amd64 (2.1.28+dfsg1-5ubuntu3.1) ...
Selecting previously unselected package libsasl2-2:amd64.
Preparing to unpack .../25-libsasl2-2_2.1.28+dfsg1-5ubuntu3.1_amd64.deb ...
Unpacking libsasl2-2:amd64 (2.1.28+dfsg1-5ubuntu3.1) ...
Selecting previously unselected package libldap2:amd64.
Preparing to unpack .../26-libldap2_2.6.7+dfsg-1~exp1ubuntu8.2_amd64.deb ...
Unpacking libldap2:amd64 (2.6.7+dfsg-1~exp1ubuntu8.2) ...
Selecting previously unselected package librtmp1:amd64.
Preparing to unpack .../27-librtmp1_2.4+20151223.gitfa8646d.1-2build7_amd64.deb ...
Unpacking librtmp1:amd64 (2.4+20151223.gitfa8646d.1-2build7) ...
Selecting previously unselected package libssh-4:amd64.
Preparing to unpack .../28-libssh-4_0.10.6-2ubuntu0.1_amd64.deb ...
Unpacking libssh-4:amd64 (0.10.6-2ubuntu0.1) ...
Selecting previously unselected package libcurl3t64-gnutls:amd64.
Preparing to unpack .../29-libcurl3t64-gnutls_8.5.0-2ubuntu10.6_amd64.deb ...
Unpacking libcurl3t64-gnutls:amd64 (8.5.0-2ubuntu10.6) ...
Selecting previously unselected package liberror-perl.
Preparing to unpack .../30-liberror-perl_0.17029-2_all.deb ...
Unpacking liberror-perl (0.17029-2) ...
Selecting previously unselected package git-man.
Preparing to unpack .../31-git-man_1%3a2.43.0-1ubuntu7.3_all.deb ...
Unpacking git-man (1:2.43.0-1ubuntu7.3) ...
Selecting previously unselected package git.
Preparing to unpack .../32-git_1%3a2.43.0-1ubuntu7.3_amd64.deb ...
Unpacking git (1:2.43.0-1ubuntu7.3) ...
Selecting previously unselected package libldap-common.
Preparing to unpack .../33-libldap-common_2.6.7+dfsg-1~exp1ubuntu8.2_all.deb ...
Unpacking libldap-common (2.6.7+dfsg-1~exp1ubuntu8.2) ...
Selecting previously unselected package libsasl2-modules:amd64.
Preparing to unpack .../34-libsasl2-modules_2.1.28+dfsg1-5ubuntu3.1_amd64.deb ...
Unpacking libsasl2-modules:amd64 (2.1.28+dfsg1-5ubuntu3.1) ...
Selecting previously unselected package make.
Preparing to unpack .../35-make_4.3-4.1build2_amd64.deb ...
Unpacking make (4.3-4.1build2) ...
Selecting previously unselected package patch.
Preparing to unpack .../36-patch_2.7.6-7build3_amd64.deb ...
Unpacking patch (2.7.6-7build3) ...
Setting up libxau6:amd64 (1:1.0.9-1build6) ...
Setting up libkeyutils1:amd64 (1.6.3-3build1) ...
Setting up libgdbm6t64:amd64 (1.23-5.1build1) ...
Setting up libgdbm-compat4t64:amd64 (1.23-5.1build1) ...
Setting up libcbor0.10:amd64 (0.10.2-1.2ubuntu2) ...
Setting up libbrotli1:amd64 (1.1.0-2build2) ...
Setting up libsasl2-modules:amd64 (2.1.28+dfsg1-5ubuntu3.1) ...
Setting up libpsl5t64:amd64 (0.21.2-1.1build1) ...
Setting up libnghttp2-14:amd64 (1.59.0-1ubuntu0.2) ...
Setting up less (590-2ubuntu2.1) ...
Setting up krb5-locales (1.20.1-6ubuntu2.6) ...
Setting up libldap-common (2.6.7+dfsg-1~exp1ubuntu8.2) ...
Setting up libkrb5support0:amd64 (1.20.1-6ubuntu2.6) ...
Setting up libsasl2-modules-db:amd64 (2.1.28+dfsg1-5ubuntu3.1) ...
Setting up libx11-data (2:1.8.7-1build1) ...
Setting up make (4.3-4.1build2) ...
Setting up librtmp1:amd64 (2.4+20151223.gitfa8646d.1-2build7) ...
Setting up perl-modules-5.38 (5.38.2-3.2ubuntu0.1) ...
Setting up patch (2.7.6-7build3) ...
Setting up libk5crypto3:amd64 (1.20.1-6ubuntu2.6) ...
Setting up libsasl2-2:amd64 (2.1.28+dfsg1-5ubuntu3.1) ...
Setting up git-man (1:2.43.0-1ubuntu7.3) ...
Setting up libkrb5-3:amd64 (1.20.1-6ubuntu2.6) ...
Setting up libperl5.38t64:amd64 (5.38.2-3.2ubuntu0.1) ...
Setting up libfido2-1:amd64 (1.14.0-1build3) ...
Setting up libbsd0:amd64 (0.12.1-1build1.1) ...
Setting up publicsuffix (20231001.0357-0.1) ...
Setting up libldap2:amd64 (2.6.7+dfsg-1~exp1ubuntu8.2) ...
Setting up libxdmcp6:amd64 (1:1.1.3-0ubuntu6) ...
Setting up libxcb1:amd64 (1.15-1ubuntu2) ...
Setting up libedit2:amd64 (3.1-20230828-1build1) ...
Setting up perl (5.38.2-3.2ubuntu0.1) ...
Setting up libgssapi-krb5-2:amd64 (1.20.1-6ubuntu2.6) ...
Setting up libssh-4:amd64 (0.10.6-2ubuntu0.1) ...
Setting up libx11-6:amd64 (2:1.8.7-1build1) ...
Setting up libxmuu1:amd64 (2:1.1.3-3build2) ...
Setting up openssh-client (1:9.6p1-3ubuntu13.12) ...
Setting up libcurl3t64-gnutls:amd64 (8.5.0-2ubuntu10.6) ...
Setting up libxext6:amd64 (2:1.3.4-1build2) ...
Setting up liberror-perl (0.17029-2) ...
Setting up git (1:2.43.0-1ubuntu7.3) ...
Setting up xauth (1:1.1.2-1build1) ...
Processing triggers for libc-bin (2.39-0ubuntu8.4) ...
root@85874bd66351:/app# git clone https://www.sqlite.org/2019/sqlite-autoconf-3320300.tar.gz; tmux wait -S done
Cloning into 'sqlite-autoconf-3320300.tar.gz'...
fatal: unable to access 'https://www.sqlite.org/2019/sqlite-autoconf-3320300.tar.gz/': GnuTLS recv error (-110): The TLS connection was non-properly terminated.
root@85874bd66351:/app# tar -xzf sqlite-autoconf-3320300.tar.gz
tar (child): sqlite-autoconf-3320300.tar.gz: Cannot open: No such file or directory
tar (child): Error is not recoverable: exiting now
tar: Child returned status 2
tar: Error is not recoverable: exiting now
root@85874bd66351:/app# cd sqlite-autoconf-3320300 && ./configure --enable-gcov; tmux wait -S done
bash: cd: sqlite-autoconf-3320300: No such file or directory
root@85874bd66351:/app# make; tmux wait -S done
make: *** No targets specified and no makefile found.  Stop.
root@85874bd66351:/app# cp sqlite3 /usr/local/bin/
cp: cannot stat 'sqlite3': No such file or directory
root@85874bd66351:/app# echo 'export PATH=$PATH:/usr/local/bin' >> ~/.bashrc
root@85874bd66351:/app# source ~/.bashrc
root@85874bd66351:/app# wget https://www.sqlite.org/2019/sqlite-autoconf-3320300.tar.gz; tmux wait -S done
bash: wget: command not found
root@85874bd66351:/app# tar -xzf sqlite-autoconf-3320300.tar.gz
tar (child): sqlite-autoconf-3320300.tar.gz: Cannot open: No such file or directory
tar (child): Error is not recoverable: exiting now
tar: Child returned status 2
tar: Error is not recoverable: exiting now
root@85874bd66351:/app# cd sqlite-autoconf-3320300 && ./configure --enable-gcov; tmux wait -S done
bash: cd: sqlite-autoconf-3320300: No such file or directory
root@85874bd66351:/app# make; tmux wait -S done
make: *** No targets specified and no makefile found.  Stop.
root@85874bd66351:/app# cp sqlite3 /usr/local/bin/
cp: cannot stat 'sqlite3': No such file or directory
root@85874bd66351:/app# echo 'export PATH=$PATH:/usr/local/bin' >> ~/.bashrc
root@85874bd66351:/app# source ~/.bashrc
root@85874bd66351:/app# apt-get install wget -y; tmux wait -S done
Reading package lists... Done
Building dependency tree... Done
Reading state information... Done
The following NEW packages will be installed:
  wget
0 upgraded, 1 newly installed, 0 to remove and 26 not upgraded.
Need to get 334 kB of archives.
After this operation, 938 kB of additional disk space will be used.
Get:1 http://archive.ubuntu.com/ubuntu noble-updates/main amd64 wget amd64 1.21.4-1ubuntu4.1 [334 kB]
Fetched 334 kB in 0s (1437 kB/s)
debconf: delaying package configuration, since apt-utils is not installed
Selecting previously unselected package wget.
(Reading database ... 10036 files and directories currently installed.)
Preparing to unpack .../wget_1.21.4-1ubuntu4.1_amd64.deb ...
Unpacking wget (1.21.4-1ubuntu4.1) ...
Setting up wget (1.21.4-1ubuntu4.1) ...
root@85874bd66351:/app# wget https://www.sqlite.org/2019/sqlite-autoconf-3320300.tar.gz; tmux wait -S done
--2025-07-15 01:15:02--  https://www.sqlite.org/2019/sqlite-autoconf-3320300.tar.gz
Resolving www.sqlite.org (www.sqlite.org)... 194.195.208.62, 2600:3c02::f03c:95ff:fe07:695
Connecting to www.sqlite.org (www.sqlite.org)|194.195.208.62|:443... connected.
HTTP request sent, awaiting response... 404 Not Found
2025-07-15 01:15:02 ERROR 404: Not Found.

root@85874bd66351:/app# tar -xzf sqlite-autoconf-3320300.tar.gz
tar (child): sqlite-autoconf-3320300.tar.gz: Cannot open: No such file or directory
tar (child): Error is not recoverable: exiting now
tar: Child returned status 2
tar: Error is not recoverable: exiting now
root@85874bd66351:/app# cd sqlite-autoconf-3320300 && ./configure --enable-gcov; tmux wait -S done
bash: cd: sqlite-autoconf-3320300: No such file or directory
root@85874bd66351:/app# make; tmux wait -S done
make: *** No targets specified and no makefile found.  Stop.
root@85874bd66351:/app# cp sqlite3 /usr/local/bin/
cp: cannot stat 'sqlite3': No such file or directory
root@85874bd66351:/app# echo 'export PATH=$PATH:/usr/local/bin' >> ~/.bashrc
root@85874bd66351:/app# source ~/.bashrc
root@85874bd66351:/app# wget https://www.sqlite.org/2023/sqlite-autoconf-3390200.tar.gz; tmux wait -S done
--2025-07-15 01:15:08--  https://www.sqlite.org/2023/sqlite-autoconf-3390200.tar.gz
Resolving www.sqlite.org (www.sqlite.org)... 194.195.208.62, 2600:3c02::f03c:95ff:fe07:695
Connecting to www.sqlite.org (www.sqlite.org)|194.195.208.62|:443... connected.
HTTP request sent, awaiting response... 404 Not Found
2025-07-15 01:15:08 ERROR 404: Not Found.

root@85874bd66351:/app# tar -xzf sqlite-autoconf-3390200.tar.gz
tar (child): sqlite-autoconf-3390200.tar.gz: Cannot open: No such file or directory
tar (child): Error is not recoverable: exiting now
tar: Child returned status 2
tar: Error is not recoverable: exiting now
root@85874bd66351:/app# cd sqlite-autoconf-3390200 && ./configure --enable-gcov; tmux wait -S done
bash: cd: sqlite-autoconf-3390200: No such file or directory
root@85874bd66351:/app# make; tmux wait -S done
make: *** No targets specified and no makefile found.  Stop.
root@85874bd66351:/app# cp sqlite3 /usr/local/bin/
cp: cannot stat 'sqlite3': No such file or directory
root@85874bd66351:/app# echo 'export PATH=$PATH:/usr/local/bin' >> ~/.bashrc
root@85874bd66351:/app# source ~/.bashrc
root@85874bd66351:/app# wget https://www.sqlite.org/2023/sqlite-autoconf-3390200.tar.gz; tmux wait -S done
--2025-07-15 01:15:13--  https://www.sqlite.org/2023/sqlite-autoconf-3390200.tar.gz
Resolving www.sqlite.org (www.sqlite.org)... 194.195.208.62, 2600:3c02::f03c:95ff:fe07:695
Connecting to www.sqlite.org (www.sqlite.org)|194.195.208.62|:443... connected.
HTTP request sent, awaiting response... 404 Not Found
2025-07-15 01:15:13 ERROR 404: Not Found.

root@85874bd66351:/app# tar -xzf sqlite-autoconf-3390200.tar.gz
tar (child): sqlite-autoconf-3390200.tar.gz: Cannot open: No such file or directory
tar (child): Error is not recoverable: exiting now
tar: Child returned status 2
tar: Error is not recoverable: exiting now
root@85874bd66351:/app# cd sqlite-autoconf-3390200 && ./configure --enable-gcov; tmux wait -S done
bash: cd: sqlite-autoconf-3390200: No such file or directory
root@85874bd66351:/app# make; tmux wait -S done
make: *** No targets specified and no makefile found.  Stop.
root@85874bd66351:/app# cp sqlite3 /usr/local/bin/
cp: cannot stat 'sqlite3': No such file or directory
root@85874bd66351:/app# echo 'export PATH=$PATH:/usr/local/bin' >> ~/.bashrc
root@85874bd66351:/app# source ~/.bashrc
root@85874bd66351:/app# curl -O https://www.sqlite.org/2023/sqlite-autoconf-3390200.tar.gz; tmux wait -S done
bash: curl: command not found
root@85874bd66351:/app# tar -xzf sqlite-autoconf-3390200.tar.gz
tar (child): sqlite-autoconf-3390200.tar.gz: Cannot open: No such file or directory
tar (child): Error is not recoverable: exiting now
tar: Child returned status 2
tar: Error is not recoverable: exiting now
root@85874bd66351:/app# cd sqlite-autoconf-3390200 && ./configure --enable-gcov; tmux wait -S done
bash: cd: sqlite-autoconf-3390200: No such file or directory
root@85874bd66351:/app# make; tmux wait -S done
make: *** No targets specified and no makefile found.  Stop.
root@85874bd66351:/app# cp sqlite3 /usr/local/bin/
cp: cannot stat 'sqlite3': No such file or directory
root@85874bd66351:/app# echo 'export PATH=$PATH:/usr/local/bin' >> ~/.bashrc
root@85874bd66351:/app# source ~/.bashrc
root@85874bd66351:/app# apt-get install curl -y; tmux wait -S done
Reading package lists... Done
Building dependency tree... Done
Reading state information... Done
The following additional packages will be installed:
  libcurl4t64
The following NEW packages will be installed:
  curl libcurl4t64
0 upgraded, 2 newly installed, 0 to remove and 26 not upgraded.
Need to get 567 kB of archives.
After this operation, 1481 kB of additional disk space will be used.
Get:1 http://archive.ubuntu.com/ubuntu noble-updates/main amd64 libcurl4t64 amd64 8.5.0-2ubuntu10.6 [341 kB]
Get:2 http://archive.ubuntu.com/ubuntu noble-updates/main amd64 curl amd64 8.5.0-2ubuntu10.6 [226 kB]
Fetched 567 kB in 0s (2019 kB/s)
debconf: delaying package configuration, since apt-utils is not installed
Selecting previously unselected package libcurl4t64:amd64.
(Reading database ... 10047 files and directories currently installed.)
Preparing to unpack .../libcurl4t64_8.5.0-2ubuntu10.6_amd64.deb ...
Unpacking libcurl4t64:amd64 (8.5.0-2ubuntu10.6) ...
Selecting previously unselected package curl.
Preparing to unpack .../curl_8.5.0-2ubuntu10.6_amd64.deb ...
Unpacking curl (8.5.0-2ubuntu10.6) ...
Setting up libcurl4t64:amd64 (8.5.0-2ubuntu10.6) ...
Setting up curl (8.5.0-2ubuntu10.6) ...
Processing triggers for libc-bin (2.39-0ubuntu8.4) ...
root@85874bd66351:/app# curl -O https://www.sqlite.org/2023/sqlite-autoconf-3390200.tar.gz; tmux wait -S done
  % Total    % Received % Xferd  Average Speed   Time    Time     Time  Current
                                 Dload  Upload   Total   Spent    Left  Speed
100   188    0   188    0     0   1939      0 --:--:-- --:--:-- --:--:--  1958
root@85874bd66351:/app# tar -xzf sqlite-autoconf-3390200.tar.gz

gzip: stdin: not in gzip format
tar: Child returned status 1
tar: Error is not recoverable: exiting now
root@85874bd66351:/app# cd sqlite-autoconf-3390200 && ./configure --enable-gcov; tmux wait -S done
bash: cd: sqlite-autoconf-3390200: No such file or directory
root@85874bd66351:/app# make; tmux wait -S done
make: *** No targets specified and no makefile found.  Stop.
root@85874bd66351:/app# cp sqlite3 /usr/local/bin/
cp: cannot stat 'sqlite3': No such file or directory
root@85874bd66351:/app# echo 'export PATH=$PATH:/usr/local/bin' >> ~/.bashrc
root@85874bd66351:/app# source ~/.bashrc
root@85874bd66351:/app# curl -O https://www.sqlite.org/2023/sqlite-autoconf-3390200.tar.gz; tmux wait -S done
  % Total    % Received % Xferd  Average Speed   Time    Time     Time  Current
                                 Dload  Upload   Total   Spent    Left  Speed
100   188    0   188    0     0   2142      0 --:--:-- --:--:-- --:--:--  2160
root@85874bd66351:/app# ls -l sqlite-autoconf-3390200.tar.gz; tmux wait -S done
-rw-r--r-- 1 root root 188 Jul 15 01:15 sqlite-autoconf-3390200.tar.gz
root@85874bd66351:/app# file sqlite-autoconf-3390200.tar.gz; tmux wait -S done
bash: file: command not found
root@85874bd66351:/app# tar -xzf sqlite-autoconf-3390200.tar.gz

gzip: stdin: not in gzip format
tar: Child returned status 1
tar: Error is not recoverable: exiting now
root@85874bd66351:/app# cd sqlite-autoconf-3390200 && ./configure --enable-gcov; tmux wait -S done
bash: cd: sqlite-autoconf-3390200: No such file or directory
root@85874bd66351:/app# make; tmux wait -S done
make: *** No targets specified and no makefile found.  Stop.
root@85874bd66351:/app# cp sqlite3 /usr/local/bin/
cp: cannot stat 'sqlite3': No such file or directory
root@85874bd66351:/app# echo 'export PATH=$PATH:/usr/local/bin' >> ~/.bashrc
root@85874bd66351:/app# source ~/.bashrc
root@85874bd66351:/app# echo 'Checking for the correct SQLite download URL.'; tmux wait -S done
Checking for the correct SQLite download URL.
root@85874bd66351:/app# curl -O https://www.sqlite.org/2023/sqlite-autoconf-3390200.tar.gz; tmux wait -S done
  % Total    % Received % Xferd  Average Speed   Time    Time     Time  Current
                                 Dload  Upload   Total   Spent    Left  Speed
100   188    0   188    0     0   1628      0 --:--:-- --:--:-- --:--:--  1634
root@85874bd66351:/app# curl -I https://www.sqlite.org/2023/sqlite-autoconf-3390200.tar.gz; tmux wait -S done
HTTP/1.1 404 Not Found
Connection: close
Date: Tue, 15 Jul 2025 01:15:44 GMT
Content-type: text/html; charset=utf-8

root@85874bd66351:/app# ls -l sqlite-autoconf-3390200.tar.gz; tmux wait -S done
-rw-r--r-- 1 root root 188 Jul 15 01:15 sqlite-autoconf-3390200.tar.gz
root@85874bd66351:/app# tar -xzf sqlite-autoconf-3390200.tar.gz

gzip: stdin: not in gzip format
tar: Child returned status 1
tar: Error is not recoverable: exiting now
root@85874bd66351:/app# cd sqlite-autoconf-3390200 && ./configure --enable-gcov; tmux wait -S done
bash: cd: sqlite-autoconf-3390200: No such file or directory
root@85874bd66351:/app# make; tmux wait -S done
make: *** No targets specified and no makefile found.  Stop.
root@85874bd66351:/app# cp sqlite3 /usr/local/bin/
cp: cannot stat 'sqlite3': No such file or directory
root@85874bd66351:/app# echo 'export PATH=$PATH:/usr/local/bin' >> ~/.bashrc
root@85874bd66351:/app# source ~/.bashrc
root@85874bd66351:/app# curl -O https://www.sqlite.org/download.html; tmux wait -S done
  % Total    % Received % Xferd  Average Speed   Time    Time     Time  Current
                                 Dload  Upload   Total   Spent    Left  Speed
100 17683  100 17683    0     0   119k      0 --:--:-- --:--:-- --:--:--  119k
root@85874bd66351:/app# cat download.html | grep 'sqlite-autoconf'; tmux wait -S done
<a id='a5' href='hp1.html'>sqlite-autoconf-3500200.tar.gz</a><br>(3.03 MiB)</td>
PRODUCT,3.50.2,2025/sqlite-autoconf-3500200.tar.gz,3172568,e4d2b4332988f479ec032ccff00963a9bbd24a3a0f0222b4e249653fa680b4c0
d391('a5','2025/sqlite-autoconf-3500200.tar.gz');
root@85874bd66351:/app# echo 'Checking available SQLite versions.'; tmux wait -S done
Checking available SQLite versions.
root@85874bd66351:/app# echo 'Please find the correct download link and replace it in the next command.'; tmux wait -S done
Please find the correct download link and replace it in the next command.
root@85874bd66351:/app# echo 'Attempting to download the correct version.'; tmux wait -S done
Attempting to download the correct version.
root@85874bd66351:/app# curl -O <replace_with_correct_url>; tmux wait -S done
bash: syntax error near unexpected token `;'
root@85874bd66351:/app# curl -O https://www.sqlite.org/2025/sqlite-autoconf-3500200.tar.gz; tmux wait -S done
  % Total    % Received % Xferd  Average Speed   Time    Time     Time  Current
                                 Dload  Upload   Total   Spent    Left  Speed
100 3098k  100 3098k    0     0   9.9M      0 --:--:-- --:--:-- --:--:--  9.9M
root@85874bd66351:/app# tar -xzf sqlite-autoconf-3500200.tar.gz
root@85874bd66351:/app# cd sqlite-autoconf-3500200 && ./configure --enable-gcov; tmux wait -S done
No installed jimsh or tclsh, building local bootstrap jimsh0
No working C compiler found. Tried cc and gcc.
root@85874bd66351:/app/sqlite-autoconf-3500200# make; tmux wait -S done
make: *** No targets specified and no makefile found.  Stop.
root@85874bd66351:/app/sqlite-autoconf-3500200# cp sqlite3 /usr/local/bin/
cp: cannot stat 'sqlite3': No such file or directory
root@85874bd66351:/app/sqlite-autoconf-3500200# echo 'export PATH=$PATH:/usr/local/bin' >> ~/.bashrc
root@85874bd66351:/app/sqlite-autoconf-3500200# source ~/.bashrc
root@85874bd66351:/app/sqlite-autoconf-3500200# apt-get install build-essential -y; tmux wait -S done
Reading package lists... Done
Building dependency tree... Done
Reading state information... Done
The following additional packages will be installed:
  binutils binutils-common binutils-x86-64-linux-gnu bzip2 cpp cpp-13 cpp-13-x86-64-linux-gnu cpp-x86-64-linux-gnu dirmngr dpkg-dev fakeroot fontconfig-config
  fonts-dejavu-core fonts-dejavu-mono g++ g++-13 g++-13-x86-64-linux-gnu g++-x86-64-linux-gnu gcc gcc-13 gcc-13-base gcc-13-x86-64-linux-gnu
  gcc-x86-64-linux-gnu gnupg gnupg-l10n gnupg-utils gpg gpg-agent gpg-wks-client gpgconf gpgsm gpgv keyboxd libalgorithm-diff-perl libalgorithm-diff-xs-perl
  libalgorithm-merge-perl libaom3 libasan8 libatomic1 libbinutils libc-bin libc-dev-bin libc-devtools libc6 libc6-dev libcc1-0 libcrypt-dev libctf-nobfd0
  libctf0 libde265-0 libdeflate0 libdpkg-perl libfakeroot libfile-fcntllock-perl libfontconfig1 libfreetype6 libgcc-13-dev libgd3 libgomp1 libgprofng0
  libheif-plugin-aomdec libheif-plugin-aomenc libheif-plugin-libde265 libheif1 libhwasan0 libisl23 libitm1 libjansson4 libjbig0 libjpeg-turbo8 libjpeg8
  libksba8 liblerc4 liblocale-gettext-perl liblsan0 libmpc3 libmpfr6 libpng16-16t64 libquadmath0 libsframe1 libsharpyuv0 libstdc++-13-dev libtiff6 libtsan2
  libubsan1 libwebp7 libxpm4 linux-libc-dev lto-disabled-list manpages manpages-dev pinentry-curses rpcsvc-proto xz-utils
Suggested packages:
  binutils-doc gprofng-gui bzip2-doc cpp-doc gcc-13-locales cpp-13-doc dbus-user-session libpam-systemd pinentry-gnome3 tor debian-keyring g++-multilib
  g++-13-multilib gcc-13-doc gcc-multilib autoconf automake libtool flex bison gdb gcc-doc gcc-13-multilib gdb-x86-64-linux-gnu parcimonie xloadimage
  gpg-wks-server scdaemon glibc-doc locales libnss-nis libnss-nisplus bzr libgd-tools libheif-plugin-x265 libheif-plugin-ffmpegdec libheif-plugin-jpegdec
  libheif-plugin-jpegenc libheif-plugin-j2kdec libheif-plugin-j2kenc libheif-plugin-rav1e libheif-plugin-svtenc libstdc++-13-doc man-browser pinentry-doc
The following NEW packages will be installed:
  binutils binutils-common binutils-x86-64-linux-gnu build-essential bzip2 cpp cpp-13 cpp-13-x86-64-linux-gnu cpp-x86-64-linux-gnu dirmngr dpkg-dev fakeroot
  fontconfig-config fonts-dejavu-core fonts-dejavu-mono g++ g++-13 g++-13-x86-64-linux-gnu g++-x86-64-linux-gnu gcc gcc-13 gcc-13-base gcc-13-x86-64-linux-gnu
  gcc-x86-64-linux-gnu gnupg gnupg-l10n gnupg-utils gpg gpg-agent gpg-wks-client gpgconf gpgsm keyboxd libalgorithm-diff-perl libalgorithm-diff-xs-perl
  libalgorithm-merge-perl libaom3 libasan8 libatomic1 libbinutils libc-dev-bin libc-devtools libc6-dev libcc1-0 libcrypt-dev libctf-nobfd0 libctf0 libde265-0
  libdeflate0 libdpkg-perl libfakeroot libfile-fcntllock-perl libfontconfig1 libfreetype6 libgcc-13-dev libgd3 libgomp1 libgprofng0 libheif-plugin-aomdec
  libheif-plugin-aomenc libheif-plugin-libde265 libheif1 libhwasan0 libisl23 libitm1 libjansson4 libjbig0 libjpeg-turbo8 libjpeg8 libksba8 liblerc4
  liblocale-gettext-perl liblsan0 libmpc3 libmpfr6 libpng16-16t64 libquadmath0 libsframe1 libsharpyuv0 libstdc++-13-dev libtiff6 libtsan2 libubsan1 libwebp7
  libxpm4 linux-libc-dev lto-disabled-list manpages manpages-dev pinentry-curses rpcsvc-proto xz-utils
The following packages will be upgraded:
  gpgv libc-bin libc6
3 upgraded, 92 newly installed, 0 to remove and 23 not upgraded.
Need to get 86.9 MB of archives.
After this operation, 278 MB of additional disk space will be used.
Get:1 http://archive.ubuntu.com/ubuntu noble-updates/main amd64 libc6 amd64 2.39-0ubuntu8.5 [3265 kB]
Get:2 http://archive.ubuntu.com/ubuntu noble-updates/main amd64 libc-bin amd64 2.39-0ubuntu8.5 [682 kB]
Get:3 http://archive.ubuntu.com/ubuntu noble/main amd64 liblocale-gettext-perl amd64 1.07-6ubuntu5 [15.8 kB]
Get:4 http://archive.ubuntu.com/ubuntu noble-updates/main amd64 gpgv amd64 2.4.4-2ubuntu17.3 [158 kB]
Get:5 http://archive.ubuntu.com/ubuntu noble/main amd64 libjansson4 amd64 2.14-2build2 [32.8 kB]
Get:6 http://archive.ubuntu.com/ubuntu noble/main amd64 libpng16-16t64 amd64 1.6.43-5build1 [187 kB]
Get:7 http://archive.ubuntu.com/ubuntu noble/main amd64 manpages all 6.7-2 [1384 kB]
Get:8 http://archive.ubuntu.com/ubuntu noble-updates/main amd64 xz-utils amd64 5.6.1+really5.4.5-1ubuntu0.2 [267 kB]
Get:9 http://archive.ubuntu.com/ubuntu noble-updates/main amd64 binutils-common amd64 2.42-4ubuntu2.5 [240 kB]
Get:10 http://archive.ubuntu.com/ubuntu noble-updates/main amd64 libsframe1 amd64 2.42-4ubuntu2.5 [15.5 kB]
Get:11 http://archive.ubuntu.com/ubuntu noble-updates/main amd64 libbinutils amd64 2.42-4ubuntu2.5 [577 kB]
Get:12 http://archive.ubuntu.com/ubuntu noble-updates/main amd64 libctf-nobfd0 amd64 2.42-4ubuntu2.5 [97.7 kB]
Get:13 http://archive.ubuntu.com/ubuntu noble-updates/main amd64 libctf0 amd64 2.42-4ubuntu2.5 [94.5 kB]
Get:14 http://archive.ubuntu.com/ubuntu noble-updates/main amd64 libgprofng0 amd64 2.42-4ubuntu2.5 [849 kB]
Get:15 http://archive.ubuntu.com/ubuntu noble-updates/main amd64 binutils-x86-64-linux-gnu amd64 2.42-4ubuntu2.5 [2462 kB]
Get:16 http://archive.ubuntu.com/ubuntu noble-updates/main amd64 binutils amd64 2.42-4ubuntu2.5 [18.1 kB]
Get:17 http://archive.ubuntu.com/ubuntu noble-updates/main amd64 libc-dev-bin amd64 2.39-0ubuntu8.5 [20.4 kB]
Get:18 http://archive.ubuntu.com/ubuntu noble-updates/main amd64 linux-libc-dev amd64 6.8.0-63.66 [1878 kB]
Get:19 http://archive.ubuntu.com/ubuntu noble/main amd64 libcrypt-dev amd64 1:4.4.36-4build1 [112 kB]
Get:20 http://archive.ubuntu.com/ubuntu noble/main amd64 rpcsvc-proto amd64 1.4.2-0ubuntu7 [67.4 kB]
Get:21 http://archive.ubuntu.com/ubuntu noble-updates/main amd64 libc6-dev amd64 2.39-0ubuntu8.5 [2123 kB]
Get:22 http://archive.ubuntu.com/ubuntu noble-updates/main amd64 gcc-13-base amd64 13.3.0-6ubuntu2~24.04 [51.5 kB]
Get:23 http://archive.ubuntu.com/ubuntu noble-updates/main amd64 libisl23 amd64 0.26-3build1.1 [680 kB]
Get:24 http://archive.ubuntu.com/ubuntu noble-updates/main amd64 libmpfr6 amd64 4.2.1-1build1.1 [353 kB]
Get:25 http://archive.ubuntu.com/ubuntu noble-updates/main amd64 libmpc3 amd64 1.3.1-1build1.1 [54.6 kB]
Get:26 http://archive.ubuntu.com/ubuntu noble-updates/main amd64 cpp-13-x86-64-linux-gnu amd64 13.3.0-6ubuntu2~24.04 [10.7 MB]
Get:27 http://archive.ubuntu.com/ubuntu noble-updates/main amd64 cpp-13 amd64 13.3.0-6ubuntu2~24.04 [1038 B]
Get:28 http://archive.ubuntu.com/ubuntu noble/main amd64 cpp-x86-64-linux-gnu amd64 4:13.2.0-7ubuntu1 [5326 B]
Get:29 http://archive.ubuntu.com/ubuntu noble/main amd64 cpp amd64 4:13.2.0-7ubuntu1 [22.4 kB]
Get:30 http://archive.ubuntu.com/ubuntu noble-updates/main amd64 libcc1-0 amd64 14.2.0-4ubuntu2~24.04 [48.0 kB]
Get:31 http://archive.ubuntu.com/ubuntu noble-updates/main amd64 libgomp1 amd64 14.2.0-4ubuntu2~24.04 [148 kB]
Get:32 http://archive.ubuntu.com/ubuntu noble-updates/main amd64 libitm1 amd64 14.2.0-4ubuntu2~24.04 [29.7 kB]
Get:33 http://archive.ubuntu.com/ubuntu noble-updates/main amd64 libatomic1 amd64 14.2.0-4ubuntu2~24.04 [10.5 kB]
Get:34 http://archive.ubuntu.com/ubuntu noble-updates/main amd64 libasan8 amd64 14.2.0-4ubuntu2~24.04 [3031 kB]
Get:35 http://archive.ubuntu.com/ubuntu noble-updates/main amd64 liblsan0 amd64 14.2.0-4ubuntu2~24.04 [1322 kB]
Get:36 http://archive.ubuntu.com/ubuntu noble-updates/main amd64 libtsan2 amd64 14.2.0-4ubuntu2~24.04 [2772 kB]
Get:37 http://archive.ubuntu.com/ubuntu noble-updates/main amd64 libubsan1 amd64 14.2.0-4ubuntu2~24.04 [1184 kB]
Get:38 http://archive.ubuntu.com/ubuntu noble-updates/main amd64 libhwasan0 amd64 14.2.0-4ubuntu2~24.04 [1641 kB]
Get:39 http://archive.ubuntu.com/ubuntu noble-updates/main amd64 libquadmath0 amd64 14.2.0-4ubuntu2~24.04 [153 kB]
Get:40 http://archive.ubuntu.com/ubuntu noble-updates/main amd64 libgcc-13-dev amd64 13.3.0-6ubuntu2~24.04 [2681 kB]
Get:41 http://archive.ubuntu.com/ubuntu noble-updates/main amd64 gcc-13-x86-64-linux-gnu amd64 13.3.0-6ubuntu2~24.04 [21.1 MB]
Get:42 http://archive.ubuntu.com/ubuntu noble-updates/main amd64 gcc-13 amd64 13.3.0-6ubuntu2~24.04 [494 kB]
Get:43 http://archive.ubuntu.com/ubuntu noble/main amd64 gcc-x86-64-linux-gnu amd64 4:13.2.0-7ubuntu1 [1212 B]
Get:44 http://archive.ubuntu.com/ubuntu noble/main amd64 gcc amd64 4:13.2.0-7ubuntu1 [5018 B]
Get:45 http://archive.ubuntu.com/ubuntu noble-updates/main amd64 libstdc++-13-dev amd64 13.3.0-6ubuntu2~24.04 [2420 kB]
Get:46 http://archive.ubuntu.com/ubuntu noble-updates/main amd64 g++-13-x86-64-linux-gnu amd64 13.3.0-6ubuntu2~24.04 [12.2 MB]
Get:47 http://archive.ubuntu.com/ubuntu noble-updates/main amd64 g++-13 amd64 13.3.0-6ubuntu2~24.04 [16.1 kB]
Get:48 http://archive.ubuntu.com/ubuntu noble/main amd64 g++-x86-64-linux-gnu amd64 4:13.2.0-7ubuntu1 [964 B]
Get:49 http://archive.ubuntu.com/ubuntu noble/main amd64 g++ amd64 4:13.2.0-7ubuntu1 [1100 B]
Get:50 http://archive.ubuntu.com/ubuntu noble-updates/main amd64 libdpkg-perl all 1.22.6ubuntu6.1 [269 kB]
Get:51 http://archive.ubuntu.com/ubuntu noble-updates/main amd64 bzip2 amd64 1.0.8-5.1build0.1 [34.5 kB]
Get:52 http://archive.ubuntu.com/ubuntu noble/main amd64 lto-disabled-list all 47 [12.4 kB]
Get:53 http://archive.ubuntu.com/ubuntu noble-updates/main amd64 dpkg-dev all 1.22.6ubuntu6.1 [1074 kB]
Get:54 http://archive.ubuntu.com/ubuntu noble/main amd64 build-essential amd64 12.10ubuntu1 [4928 B]
Get:55 http://archive.ubuntu.com/ubuntu noble-updates/main amd64 gpgconf amd64 2.4.4-2ubuntu17.3 [104 kB]
Get:56 http://archive.ubuntu.com/ubuntu noble/main amd64 libksba8 amd64 1.6.6-1build1 [122 kB]
Get:57 http://archive.ubuntu.com/ubuntu noble-updates/main amd64 dirmngr amd64 2.4.4-2ubuntu17.3 [323 kB]
Get:58 http://archive.ubuntu.com/ubuntu noble/main amd64 libfakeroot amd64 1.33-1 [32.4 kB]
Get:59 http://archive.ubuntu.com/ubuntu noble/main amd64 fakeroot amd64 1.33-1 [67.2 kB]
Get:60 http://archive.ubuntu.com/ubuntu noble/main amd64 fonts-dejavu-mono all 2.37-8 [502 kB]
Get:61 http://archive.ubuntu.com/ubuntu noble/main amd64 fonts-dejavu-core all 2.37-8 [835 kB]
Get:62 http://archive.ubuntu.com/ubuntu noble/main amd64 fontconfig-config amd64 2.15.0-1.1ubuntu2 [37.3 kB]
Get:63 http://archive.ubuntu.com/ubuntu noble-updates/main amd64 gnupg-utils amd64 2.4.4-2ubuntu17.3 [109 kB]
Get:64 http://archive.ubuntu.com/ubuntu noble-updates/main amd64 gpg amd64 2.4.4-2ubuntu17.3 [565 kB]
Get:65 http://archive.ubuntu.com/ubuntu noble/main amd64 pinentry-curses amd64 1.2.1-3ubuntu5 [35.2 kB]
Get:66 http://archive.ubuntu.com/ubuntu noble-updates/main amd64 gpg-agent amd64 2.4.4-2ubuntu17.3 [227 kB]
Get:67 http://archive.ubuntu.com/ubuntu noble-updates/main amd64 gpgsm amd64 2.4.4-2ubuntu17.3 [232 kB]
Get:68 http://archive.ubuntu.com/ubuntu noble-updates/main amd64 keyboxd amd64 2.4.4-2ubuntu17.3 [78.3 kB]
Get:69 http://archive.ubuntu.com/ubuntu noble-updates/main amd64 gnupg all 2.4.4-2ubuntu17.3 [359 kB]
Get:70 http://archive.ubuntu.com/ubuntu noble-updates/main amd64 gnupg-l10n all 2.4.4-2ubuntu17.3 [66.4 kB]
Get:71 http://archive.ubuntu.com/ubuntu noble-updates/main amd64 gpg-wks-client amd64 2.4.4-2ubuntu17.3 [70.9 kB]
Get:72 http://archive.ubuntu.com/ubuntu noble/main amd64 libalgorithm-diff-perl all 1.201-1 [41.8 kB]
Get:73 http://archive.ubuntu.com/ubuntu noble/main amd64 libalgorithm-diff-xs-perl amd64 0.04-8build3 [11.2 kB]
Get:74 http://archive.ubuntu.com/ubuntu noble/main amd64 libalgorithm-merge-perl all 0.08-5 [11.4 kB]
Get:75 http://archive.ubuntu.com/ubuntu noble-updates/main amd64 libaom3 amd64 3.8.2-2ubuntu0.1 [1941 kB]
Get:76 http://archive.ubuntu.com/ubuntu noble/main amd64 libfreetype6 amd64 2.13.2+dfsg-1build3 [402 kB]
Get:77 http://archive.ubuntu.com/ubuntu noble/main amd64 libfontconfig1 amd64 2.15.0-1.1ubuntu2 [139 kB]
Get:78 http://archive.ubuntu.com/ubuntu noble/main amd64 libsharpyuv0 amd64 1.3.2-0.4build3 [15.8 kB]
Get:79 http://archive.ubuntu.com/ubuntu noble-updates/main amd64 libheif-plugin-aomdec amd64 1.17.6-1ubuntu4.1 [10.4 kB]
Get:80 http://archive.ubuntu.com/ubuntu noble/main amd64 libde265-0 amd64 1.0.15-1build3 [166 kB]
Get:81 http://archive.ubuntu.com/ubuntu noble-updates/main amd64 libheif-plugin-libde265 amd64 1.17.6-1ubuntu4.1 [8176 B]
Get:82 http://archive.ubuntu.com/ubuntu noble-updates/main amd64 libheif1 amd64 1.17.6-1ubuntu4.1 [275 kB]
Get:83 http://archive.ubuntu.com/ubuntu noble/main amd64 libjpeg-turbo8 amd64 2.1.5-2ubuntu2 [150 kB]
Get:84 http://archive.ubuntu.com/ubuntu noble/main amd64 libjpeg8 amd64 8c-2ubuntu11 [2148 B]
Get:85 http://archive.ubuntu.com/ubuntu noble-updates/main amd64 libdeflate0 amd64 1.19-1build1.1 [43.9 kB]
Get:86 http://archive.ubuntu.com/ubuntu noble/main amd64 libjbig0 amd64 2.1-6.1ubuntu2 [29.7 kB]
Get:87 http://archive.ubuntu.com/ubuntu noble/main amd64 liblerc4 amd64 4.0.0+ds-4ubuntu2 [179 kB]
Get:88 http://archive.ubuntu.com/ubuntu noble/main amd64 libwebp7 amd64 1.3.2-0.4build3 [230 kB]
Get:89 http://archive.ubuntu.com/ubuntu noble-updates/main amd64 libtiff6 amd64 4.5.1+git230720-4ubuntu2.2 [199 kB]
Get:90 http://archive.ubuntu.com/ubuntu noble/main amd64 libxpm4 amd64 1:3.5.17-1build2 [36.5 kB]
Get:91 http://archive.ubuntu.com/ubuntu noble/main amd64 libgd3 amd64 2.3.3-9ubuntu5 [128 kB]
Get:92 http://archive.ubuntu.com/ubuntu noble-updates/main amd64 libc-devtools amd64 2.39-0ubuntu8.5 [29.3 kB]
Get:93 http://archive.ubuntu.com/ubuntu noble/main amd64 libfile-fcntllock-perl amd64 0.22-4ubuntu5 [30.7 kB]
Get:94 http://archive.ubuntu.com/ubuntu noble-updates/main amd64 libheif-plugin-aomenc amd64 1.17.6-1ubuntu4.1 [14.7 kB]
Get:95 http://archive.ubuntu.com/ubuntu noble/main amd64 manpages-dev all 6.7-2 [2013 kB]
Fetched 86.9 MB in 6s (14.9 MB/s)
debconf: delaying package configuration, since apt-utils is not installed
(Reading database ... 10062 files and directories currently installed.)
Preparing to unpack .../libc6_2.39-0ubuntu8.5_amd64.deb ...
debconf: unable to initialize frontend: Dialog
debconf: (No usable dialog-like program is installed, so the dialog based frontend cannot be used. at /usr/share/perl5/Debconf/FrontEnd/Dialog.pm line 79.)
debconf: falling back to frontend: Readline
Unpacking libc6:amd64 (2.39-0ubuntu8.5) over (2.39-0ubuntu8.4) ...
Setting up libc6:amd64 (2.39-0ubuntu8.5) ...
debconf: unable to initialize frontend: Dialog
debconf: (No usable dialog-like program is installed, so the dialog based frontend cannot be used. at /usr/share/perl5/Debconf/FrontEnd/Dialog.pm line 79.)
debconf: falling back to frontend: Readline
(Reading database ... 10062 files and directories currently installed.)
Preparing to unpack .../libc-bin_2.39-0ubuntu8.5_amd64.deb ...
Unpacking libc-bin (2.39-0ubuntu8.5) over (2.39-0ubuntu8.4) ...
Setting up libc-bin (2.39-0ubuntu8.5) ...
Selecting previously unselected package liblocale-gettext-perl.
(Reading database ... 10062 files and directories currently installed.)
Preparing to unpack .../liblocale-gettext-perl_1.07-6ubuntu5_amd64.deb ...
Unpacking liblocale-gettext-perl (1.07-6ubuntu5) ...
Preparing to unpack .../gpgv_2.4.4-2ubuntu17.3_amd64.deb ...
Unpacking gpgv (2.4.4-2ubuntu17.3) over (2.4.4-2ubuntu17.2) ...
Setting up gpgv (2.4.4-2ubuntu17.3) ...
Selecting previously unselected package libjansson4:amd64.
(Reading database ... 10076 files and directories currently installed.)
Preparing to unpack .../00-libjansson4_2.14-2build2_amd64.deb ...
Unpacking libjansson4:amd64 (2.14-2build2) ...
Selecting previously unselected package libpng16-16t64:amd64.
Preparing to unpack .../01-libpng16-16t64_1.6.43-5build1_amd64.deb ...
Unpacking libpng16-16t64:amd64 (1.6.43-5build1) ...
Selecting previously unselected package manpages.
Preparing to unpack .../02-manpages_6.7-2_all.deb ...
Unpacking manpages (6.7-2) ...
Selecting previously unselected package xz-utils.
Preparing to unpack .../03-xz-utils_5.6.1+really5.4.5-1ubuntu0.2_amd64.deb ...
Unpacking xz-utils (5.6.1+really5.4.5-1ubuntu0.2) ...
Selecting previously unselected package binutils-common:amd64.
Preparing to unpack .../04-binutils-common_2.42-4ubuntu2.5_amd64.deb ...
Unpacking binutils-common:amd64 (2.42-4ubuntu2.5) ...
Selecting previously unselected package libsframe1:amd64.
Preparing to unpack .../05-libsframe1_2.42-4ubuntu2.5_amd64.deb ...
Unpacking libsframe1:amd64 (2.42-4ubuntu2.5) ...
Selecting previously unselected package libbinutils:amd64.
Preparing to unpack .../06-libbinutils_2.42-4ubuntu2.5_amd64.deb ...
Unpacking libbinutils:amd64 (2.42-4ubuntu2.5) ...
Selecting previously unselected package libctf-nobfd0:amd64.
Preparing to unpack .../07-libctf-nobfd0_2.42-4ubuntu2.5_amd64.deb ...
Unpacking libctf-nobfd0:amd64 (2.42-4ubuntu2.5) ...
Selecting previously unselected package libctf0:amd64.
Preparing to unpack .../08-libctf0_2.42-4ubuntu2.5_amd64.deb ...
Unpacking libctf0:amd64 (2.42-4ubuntu2.5) ...
Selecting previously unselected package libgprofng0:amd64.
Preparing to unpack .../09-libgprofng0_2.42-4ubuntu2.5_amd64.deb ...
Unpacking libgprofng0:amd64 (2.42-4ubuntu2.5) ...
Selecting previously unselected package binutils-x86-64-linux-gnu.
Preparing to unpack .../10-binutils-x86-64-linux-gnu_2.42-4ubuntu2.5_amd64.deb ...
Unpacking binutils-x86-64-linux-gnu (2.42-4ubuntu2.5) ...
Selecting previously unselected package binutils.
Preparing to unpack .../11-binutils_2.42-4ubuntu2.5_amd64.deb ...
Unpacking binutils (2.42-4ubuntu2.5) ...
Selecting previously unselected package libc-dev-bin.
Preparing to unpack .../12-libc-dev-bin_2.39-0ubuntu8.5_amd64.deb ...
Unpacking libc-dev-bin (2.39-0ubuntu8.5) ...
Selecting previously unselected package linux-libc-dev:amd64.
Preparing to unpack .../13-linux-libc-dev_6.8.0-63.66_amd64.deb ...
Unpacking linux-libc-dev:amd64 (6.8.0-63.66) ...
Selecting previously unselected package libcrypt-dev:amd64.
Preparing to unpack .../14-libcrypt-dev_1%3a4.4.36-4build1_amd64.deb ...
Unpacking libcrypt-dev:amd64 (1:4.4.36-4build1) ...
Selecting previously unselected package rpcsvc-proto.
Preparing to unpack .../15-rpcsvc-proto_1.4.2-0ubuntu7_amd64.deb ...
Unpacking rpcsvc-proto (1.4.2-0ubuntu7) ...
Selecting previously unselected package libc6-dev:amd64.
Preparing to unpack .../16-libc6-dev_2.39-0ubuntu8.5_amd64.deb ...
Unpacking libc6-dev:amd64 (2.39-0ubuntu8.5) ...
Selecting previously unselected package gcc-13-base:amd64.
Preparing to unpack .../17-gcc-13-base_13.3.0-6ubuntu2~24.04_amd64.deb ...
Unpacking gcc-13-base:amd64 (13.3.0-6ubuntu2~24.04) ...
Selecting previously unselected package libisl23:amd64.
Preparing to unpack .../18-libisl23_0.26-3build1.1_amd64.deb ...
Unpacking libisl23:amd64 (0.26-3build1.1) ...
Selecting previously unselected package libmpfr6:amd64.
Preparing to unpack .../19-libmpfr6_4.2.1-1build1.1_amd64.deb ...
Unpacking libmpfr6:amd64 (4.2.1-1build1.1) ...
Selecting previously unselected package libmpc3:amd64.
Preparing to unpack .../20-libmpc3_1.3.1-1build1.1_amd64.deb ...
Unpacking libmpc3:amd64 (1.3.1-1build1.1) ...
Selecting previously unselected package cpp-13-x86-64-linux-gnu.
Preparing to unpack .../21-cpp-13-x86-64-linux-gnu_13.3.0-6ubuntu2~24.04_amd64.deb ...
Unpacking cpp-13-x86-64-linux-gnu (13.3.0-6ubuntu2~24.04) ...
Selecting previously unselected package cpp-13.
Preparing to unpack .../22-cpp-13_13.3.0-6ubuntu2~24.04_amd64.deb ...
Unpacking cpp-13 (13.3.0-6ubuntu2~24.04) ...
Selecting previously unselected package cpp-x86-64-linux-gnu.
Preparing to unpack .../23-cpp-x86-64-linux-gnu_4%3a13.2.0-7ubuntu1_amd64.deb ...
Unpacking cpp-x86-64-linux-gnu (4:13.2.0-7ubuntu1) ...
Selecting previously unselected package cpp.
Preparing to unpack .../24-cpp_4%3a13.2.0-7ubuntu1_amd64.deb ...
Unpacking cpp (4:13.2.0-7ubuntu1) ...
Selecting previously unselected package libcc1-0:amd64.
Preparing to unpack .../25-libcc1-0_14.2.0-4ubuntu2~24.04_amd64.deb ...
Unpacking libcc1-0:amd64 (14.2.0-4ubuntu2~24.04) ...
Selecting previously unselected package libgomp1:amd64.
Preparing to unpack .../26-libgomp1_14.2.0-4ubuntu2~24.04_amd64.deb ...
Unpacking libgomp1:amd64 (14.2.0-4ubuntu2~24.04) ...
Selecting previously unselected package libitm1:amd64.
Preparing to unpack .../27-libitm1_14.2.0-4ubuntu2~24.04_amd64.deb ...
Unpacking libitm1:amd64 (14.2.0-4ubuntu2~24.04) ...
Selecting previously unselected package libatomic1:amd64.
Preparing to unpack .../28-libatomic1_14.2.0-4ubuntu2~24.04_amd64.deb ...
Unpacking libatomic1:amd64 (14.2.0-4ubuntu2~24.04) ...
Selecting previously unselected package libasan8:amd64.
Preparing to unpack .../29-libasan8_14.2.0-4ubuntu2~24.04_amd64.deb ...
Unpacking libasan8:amd64 (14.2.0-4ubuntu2~24.04) ...
Selecting previously unselected package liblsan0:amd64.
Preparing to unpack .../30-liblsan0_14.2.0-4ubuntu2~24.04_amd64.deb ...
Unpacking liblsan0:amd64 (14.2.0-4ubuntu2~24.04) ...
Selecting previously unselected package libtsan2:amd64.
Preparing to unpack .../31-libtsan2_14.2.0-4ubuntu2~24.04_amd64.deb ...
Unpacking libtsan2:amd64 (14.2.0-4ubuntu2~24.04) ...
Selecting previously unselected package libubsan1:amd64.
Preparing to unpack .../32-libubsan1_14.2.0-4ubuntu2~24.04_amd64.deb ...
Unpacking libubsan1:amd64 (14.2.0-4ubuntu2~24.04) ...
Selecting previously unselected package libhwasan0:amd64.
Preparing to unpack .../33-libhwasan0_14.2.0-4ubuntu2~24.04_amd64.deb ...
Unpacking libhwasan0:amd64 (14.2.0-4ubuntu2~24.04) ...
Selecting previously unselected package libquadmath0:amd64.
Preparing to unpack .../34-libquadmath0_14.2.0-4ubuntu2~24.04_amd64.deb ...
Unpacking libquadmath0:amd64 (14.2.0-4ubuntu2~24.04) ...
Selecting previously unselected package libgcc-13-dev:amd64.
Preparing to unpack .../35-libgcc-13-dev_13.3.0-6ubuntu2~24.04_amd64.deb ...
Unpacking libgcc-13-dev:amd64 (13.3.0-6ubuntu2~24.04) ...
Selecting previously unselected package gcc-13-x86-64-linux-gnu.
Preparing to unpack .../36-gcc-13-x86-64-linux-gnu_13.3.0-6ubuntu2~24.04_amd64.deb ...
Unpacking gcc-13-x86-64-linux-gnu (13.3.0-6ubuntu2~24.04) ...
Selecting previously unselected package gcc-13.
Preparing to unpack .../37-gcc-13_13.3.0-6ubuntu2~24.04_amd64.deb ...
Unpacking gcc-13 (13.3.0-6ubuntu2~24.04) ...
Selecting previously unselected package gcc-x86-64-linux-gnu.
Preparing to unpack .../38-gcc-x86-64-linux-gnu_4%3a13.2.0-7ubuntu1_amd64.deb ...
Unpacking gcc-x86-64-linux-gnu (4:13.2.0-7ubuntu1) ...
Selecting previously unselected package gcc.
Preparing to unpack .../39-gcc_4%3a13.2.0-7ubuntu1_amd64.deb ...
Unpacking gcc (4:13.2.0-7ubuntu1) ...
Selecting previously unselected package libstdc++-13-dev:amd64.
Preparing to unpack .../40-libstdc++-13-dev_13.3.0-6ubuntu2~24.04_amd64.deb ...
Unpacking libstdc++-13-dev:amd64 (13.3.0-6ubuntu2~24.04) ...
Selecting previously unselected package g++-13-x86-64-linux-gnu.
Preparing to unpack .../41-g++-13-x86-64-linux-gnu_13.3.0-6ubuntu2~24.04_amd64.deb ...
Unpacking g++-13-x86-64-linux-gnu (13.3.0-6ubuntu2~24.04) ...
Selecting previously unselected package g++-13.
Preparing to unpack .../42-g++-13_13.3.0-6ubuntu2~24.04_amd64.deb ...
Unpacking g++-13 (13.3.0-6ubuntu2~24.04) ...
Selecting previously unselected package g++-x86-64-linux-gnu.
Preparing to unpack .../43-g++-x86-64-linux-gnu_4%3a13.2.0-7ubuntu1_amd64.deb ...
Unpacking g++-x86-64-linux-gnu (4:13.2.0-7ubuntu1) ...
Selecting previously unselected package g++.
Preparing to unpack .../44-g++_4%3a13.2.0-7ubuntu1_amd64.deb ...
Unpacking g++ (4:13.2.0-7ubuntu1) ...
Selecting previously unselected package libdpkg-perl.
Preparing to unpack .../45-libdpkg-perl_1.22.6ubuntu6.1_all.deb ...
Unpacking libdpkg-perl (1.22.6ubuntu6.1) ...
Selecting previously unselected package bzip2.
Preparing to unpack .../46-bzip2_1.0.8-5.1build0.1_amd64.deb ...
Unpacking bzip2 (1.0.8-5.1build0.1) ...
Selecting previously unselected package lto-disabled-list.
Preparing to unpack .../47-lto-disabled-list_47_all.deb ...
Unpacking lto-disabled-list (47) ...
Selecting previously unselected package dpkg-dev.
Preparing to unpack .../48-dpkg-dev_1.22.6ubuntu6.1_all.deb ...
Unpacking dpkg-dev (1.22.6ubuntu6.1) ...
Selecting previously unselected package build-essential.
Preparing to unpack .../49-build-essential_12.10ubuntu1_amd64.deb ...
Unpacking build-essential (12.10ubuntu1) ...
Selecting previously unselected package gpgconf.
Preparing to unpack .../50-gpgconf_2.4.4-2ubuntu17.3_amd64.deb ...
Unpacking gpgconf (2.4.4-2ubuntu17.3) ...
Selecting previously unselected package libksba8:amd64.
Preparing to unpack .../51-libksba8_1.6.6-1build1_amd64.deb ...
Unpacking libksba8:amd64 (1.6.6-1build1) ...
Selecting previously unselected package dirmngr.
Preparing to unpack .../52-dirmngr_2.4.4-2ubuntu17.3_amd64.deb ...
Unpacking dirmngr (2.4.4-2ubuntu17.3) ...
Selecting previously unselected package libfakeroot:amd64.
Preparing to unpack .../53-libfakeroot_1.33-1_amd64.deb ...
Unpacking libfakeroot:amd64 (1.33-1) ...
Selecting previously unselected package fakeroot.
Preparing to unpack .../54-fakeroot_1.33-1_amd64.deb ...
Unpacking fakeroot (1.33-1) ...
Selecting previously unselected package fonts-dejavu-mono.
Preparing to unpack .../55-fonts-dejavu-mono_2.37-8_all.deb ...
Unpacking fonts-dejavu-mono (2.37-8) ...
Selecting previously unselected package fonts-dejavu-core.
Preparing to unpack .../56-fonts-dejavu-core_2.37-8_all.deb ...
Unpacking fonts-dejavu-core (2.37-8) ...
Selecting previously unselected package fontconfig-config.
Preparing to unpack .../57-fontconfig-config_2.15.0-1.1ubuntu2_amd64.deb ...
Unpacking fontconfig-config (2.15.0-1.1ubuntu2) ...
Selecting previously unselected package gnupg-utils.
Preparing to unpack .../58-gnupg-utils_2.4.4-2ubuntu17.3_amd64.deb ...
Unpacking gnupg-utils (2.4.4-2ubuntu17.3) ...
Selecting previously unselected package gpg.
Preparing to unpack .../59-gpg_2.4.4-2ubuntu17.3_amd64.deb ...
Unpacking gpg (2.4.4-2ubuntu17.3) ...
Selecting previously unselected package pinentry-curses.
Preparing to unpack .../60-pinentry-curses_1.2.1-3ubuntu5_amd64.deb ...
Unpacking pinentry-curses (1.2.1-3ubuntu5) ...
Selecting previously unselected package gpg-agent.
Preparing to unpack .../61-gpg-agent_2.4.4-2ubuntu17.3_amd64.deb ...
Unpacking gpg-agent (2.4.4-2ubuntu17.3) ...
Selecting previously unselected package gpgsm.
Preparing to unpack .../62-gpgsm_2.4.4-2ubuntu17.3_amd64.deb ...
Unpacking gpgsm (2.4.4-2ubuntu17.3) ...
Selecting previously unselected package keyboxd.
Preparing to unpack .../63-keyboxd_2.4.4-2ubuntu17.3_amd64.deb ...
Unpacking keyboxd (2.4.4-2ubuntu17.3) ...
Selecting previously unselected package gnupg.
Preparing to unpack .../64-gnupg_2.4.4-2ubuntu17.3_all.deb ...
Unpacking gnupg (2.4.4-2ubuntu17.3) ...
Selecting previously unselected package gnupg-l10n.
Preparing to unpack .../65-gnupg-l10n_2.4.4-2ubuntu17.3_all.deb ...
Unpacking gnupg-l10n (2.4.4-2ubuntu17.3) ...
Selecting previously unselected package gpg-wks-client.
Preparing to unpack .../66-gpg-wks-client_2.4.4-2ubuntu17.3_amd64.deb ...
Unpacking gpg-wks-client (2.4.4-2ubuntu17.3) ...
Selecting previously unselected package libalgorithm-diff-perl.
Preparing to unpack .../67-libalgorithm-diff-perl_1.201-1_all.deb ...
Unpacking libalgorithm-diff-perl (1.201-1) ...
Selecting previously unselected package libalgorithm-diff-xs-perl:amd64.
Preparing to unpack .../68-libalgorithm-diff-xs-perl_0.04-8build3_amd64.deb ...
Unpacking libalgorithm-diff-xs-perl:amd64 (0.04-8build3) ...
Selecting previously unselected package libalgorithm-merge-perl.
Preparing to unpack .../69-libalgorithm-merge-perl_0.08-5_all.deb ...
Unpacking libalgorithm-merge-perl (0.08-5) ...
Selecting previously unselected package libaom3:amd64.
Preparing to unpack .../70-libaom3_3.8.2-2ubuntu0.1_amd64.deb ...
Unpacking libaom3:amd64 (3.8.2-2ubuntu0.1) ...
Selecting previously unselected package libfreetype6:amd64.
Preparing to unpack .../71-libfreetype6_2.13.2+dfsg-1build3_amd64.deb ...
Unpacking libfreetype6:amd64 (2.13.2+dfsg-1build3) ...
Selecting previously unselected package libfontconfig1:amd64.
Preparing to unpack .../72-libfontconfig1_2.15.0-1.1ubuntu2_amd64.deb ...
Unpacking libfontconfig1:amd64 (2.15.0-1.1ubuntu2) ...
Selecting previously unselected package libsharpyuv0:amd64.
Preparing to unpack .../73-libsharpyuv0_1.3.2-0.4build3_amd64.deb ...
Unpacking libsharpyuv0:amd64 (1.3.2-0.4build3) ...
Selecting previously unselected package libheif-plugin-aomdec:amd64.
Preparing to unpack .../74-libheif-plugin-aomdec_1.17.6-1ubuntu4.1_amd64.deb ...
Unpacking libheif-plugin-aomdec:amd64 (1.17.6-1ubuntu4.1) ...
Selecting previously unselected package libde265-0:amd64.
Preparing to unpack .../75-libde265-0_1.0.15-1build3_amd64.deb ...
Unpacking libde265-0:amd64 (1.0.15-1build3) ...
Selecting previously unselected package libheif-plugin-libde265:amd64.
Preparing to unpack .../76-libheif-plugin-libde265_1.17.6-1ubuntu4.1_amd64.deb ...
Unpacking libheif-plugin-libde265:amd64 (1.17.6-1ubuntu4.1) ...
Selecting previously unselected package libheif1:amd64.
Preparing to unpack .../77-libheif1_1.17.6-1ubuntu4.1_amd64.deb ...
Unpacking libheif1:amd64 (1.17.6-1ubuntu4.1) ...
Selecting previously unselected package libjpeg-turbo8:amd64.
Preparing to unpack .../78-libjpeg-turbo8_2.1.5-2ubuntu2_amd64.deb ...
Unpacking libjpeg-turbo8:amd64 (2.1.5-2ubuntu2) ...
Selecting previously unselected package libjpeg8:amd64.
Preparing to unpack .../79-libjpeg8_8c-2ubuntu11_amd64.deb ...
Unpacking libjpeg8:amd64 (8c-2ubuntu11) ...
Selecting previously unselected package libdeflate0:amd64.
Preparing to unpack .../80-libdeflate0_1.19-1build1.1_amd64.deb ...
Unpacking libdeflate0:amd64 (1.19-1build1.1) ...
Selecting previously unselected package libjbig0:amd64.
Preparing to unpack .../81-libjbig0_2.1-6.1ubuntu2_amd64.deb ...
Unpacking libjbig0:amd64 (2.1-6.1ubuntu2) ...
Selecting previously unselected package liblerc4:amd64.
Preparing to unpack .../82-liblerc4_4.0.0+ds-4ubuntu2_amd64.deb ...
Unpacking liblerc4:amd64 (4.0.0+ds-4ubuntu2) ...
Selecting previously unselected package libwebp7:amd64.
Preparing to unpack .../83-libwebp7_1.3.2-0.4build3_amd64.deb ...
Unpacking libwebp7:amd64 (1.3.2-0.4build3) ...
Selecting previously unselected package libtiff6:amd64.
Preparing to unpack .../84-libtiff6_4.5.1+git230720-4ubuntu2.2_amd64.deb ...
Unpacking libtiff6:amd64 (4.5.1+git230720-4ubuntu2.2) ...
Selecting previously unselected package libxpm4:amd64.
Preparing to unpack .../85-libxpm4_1%3a3.5.17-1build2_amd64.deb ...
Unpacking libxpm4:amd64 (1:3.5.17-1build2) ...
Selecting previously unselected package libgd3:amd64.
Preparing to unpack .../86-libgd3_2.3.3-9ubuntu5_amd64.deb ...
Unpacking libgd3:amd64 (2.3.3-9ubuntu5) ...
Selecting previously unselected package libc-devtools.
Preparing to unpack .../87-libc-devtools_2.39-0ubuntu8.5_amd64.deb ...
Unpacking libc-devtools (2.39-0ubuntu8.5) ...
Selecting previously unselected package libfile-fcntllock-perl.
Preparing to unpack .../88-libfile-fcntllock-perl_0.22-4ubuntu5_amd64.deb ...
Unpacking libfile-fcntllock-perl (0.22-4ubuntu5) ...
Selecting previously unselected package libheif-plugin-aomenc:amd64.
Preparing to unpack .../89-libheif-plugin-aomenc_1.17.6-1ubuntu4.1_amd64.deb ...
Unpacking libheif-plugin-aomenc:amd64 (1.17.6-1ubuntu4.1) ...
Selecting previously unselected package manpages-dev.
Preparing to unpack .../90-manpages-dev_6.7-2_all.deb ...
Unpacking manpages-dev (6.7-2) ...
Setting up libksba8:amd64 (1.6.6-1build1) ...
Setting up pinentry-curses (1.2.1-3ubuntu5) ...
Setting up libsharpyuv0:amd64 (1.3.2-0.4build3) ...
Setting up libaom3:amd64 (3.8.2-2ubuntu0.1) ...
Setting up lto-disabled-list (47) ...
Setting up liblerc4:amd64 (4.0.0+ds-4ubuntu2) ...
Setting up libxpm4:amd64 (1:3.5.17-1build2) ...
Setting up libfile-fcntllock-perl (0.22-4ubuntu5) ...
Setting up libalgorithm-diff-perl (1.201-1) ...
Setting up manpages (6.7-2) ...
Setting up binutils-common:amd64 (2.42-4ubuntu2.5) ...
Setting up libdeflate0:amd64 (1.19-1build1.1) ...
Setting up linux-libc-dev:amd64 (6.8.0-63.66) ...
Setting up libctf-nobfd0:amd64 (2.42-4ubuntu2.5) ...
Setting up libgomp1:amd64 (14.2.0-4ubuntu2~24.04) ...
Setting up bzip2 (1.0.8-5.1build0.1) ...
Setting up libjbig0:amd64 (2.1-6.1ubuntu2) ...
Setting up libsframe1:amd64 (2.42-4ubuntu2.5) ...
Setting up libfakeroot:amd64 (1.33-1) ...
Setting up libjansson4:amd64 (2.14-2build2) ...
Setting up fakeroot (1.33-1) ...
update-alternatives: using /usr/bin/fakeroot-sysv to provide /usr/bin/fakeroot (fakeroot) in auto mode
update-alternatives: warning: skip creation of /usr/share/man/man1/fakeroot.1.gz because associated file /usr/share/man/man1/fakeroot-sysv.1.gz (of link group f
akeroot) doesn't exist
update-alternatives: warning: skip creation of /usr/share/man/man1/faked.1.gz because associated file /usr/share/man/man1/faked-sysv.1.gz (of link group fakeroo
t) doesn't exist
update-alternatives: warning: skip creation of /usr/share/man/es/man1/fakeroot.1.gz because associated file /usr/share/man/es/man1/fakeroot-sysv.1.gz (of link g
roup fakeroot) doesn't exist
update-alternatives: warning: skip creation of /usr/share/man/es/man1/faked.1.gz because associated file /usr/share/man/es/man1/faked-sysv.1.gz (of link group f
akeroot) doesn't exist
update-alternatives: warning: skip creation of /usr/share/man/fr/man1/fakeroot.1.gz because associated file /usr/share/man/fr/man1/fakeroot-sysv.1.gz (of link g
roup fakeroot) doesn't exist
update-alternatives: warning: skip creation of /usr/share/man/fr/man1/faked.1.gz because associated file /usr/share/man/fr/man1/faked-sysv.1.gz (of link group f
akeroot) doesn't exist
update-alternatives: warning: skip creation of /usr/share/man/sv/man1/fakeroot.1.gz because associated file /usr/share/man/sv/man1/fakeroot-sysv.1.gz (of link g
roup fakeroot) doesn't exist
update-alternatives: warning: skip creation of /usr/share/man/sv/man1/faked.1.gz because associated file /usr/share/man/sv/man1/faked-sysv.1.gz (of link group f
akeroot) doesn't exist
Setting up rpcsvc-proto (1.4.2-0ubuntu7) ...
Setting up gcc-13-base:amd64 (13.3.0-6ubuntu2~24.04) ...
Setting up libmpfr6:amd64 (4.2.1-1build1.1) ...
Setting up gnupg-l10n (2.4.4-2ubuntu17.3) ...
Setting up xz-utils (5.6.1+really5.4.5-1ubuntu0.2) ...
update-alternatives: using /usr/bin/xz to provide /usr/bin/lzma (lzma) in auto mode
update-alternatives: warning: skip creation of /usr/share/man/man1/lzma.1.gz because associated file /usr/share/man/man1/xz.1.gz (of link group lzma) doesn't ex
ist
update-alternatives: warning: skip creation of /usr/share/man/man1/unlzma.1.gz because associated file /usr/share/man/man1/unxz.1.gz (of link group lzma) doesn'
t exist
update-alternatives: warning: skip creation of /usr/share/man/man1/lzcat.1.gz because associated file /usr/share/man/man1/xzcat.1.gz (of link group lzma) doesn'
t exist
update-alternatives: warning: skip creation of /usr/share/man/man1/lzmore.1.gz because associated file /usr/share/man/man1/xzmore.1.gz (of link group lzma) does
n't exist
update-alternatives: warning: skip creation of /usr/share/man/man1/lzless.1.gz because associated file /usr/share/man/man1/xzless.1.gz (of link group lzma) does
n't exist
update-alternatives: warning: skip creation of /usr/share/man/man1/lzdiff.1.gz because associated file /usr/share/man/man1/xzdiff.1.gz (of link group lzma) does
n't exist
update-alternatives: warning: skip creation of /usr/share/man/man1/lzcmp.1.gz because associated file /usr/share/man/man1/xzcmp.1.gz (of link group lzma) doesn'
t exist
update-alternatives: warning: skip creation of /usr/share/man/man1/lzgrep.1.gz because associated file /usr/share/man/man1/xzgrep.1.gz (of link group lzma) does
n't exist
update-alternatives: warning: skip creation of /usr/share/man/man1/lzegrep.1.gz because associated file /usr/share/man/man1/xzegrep.1.gz (of link group lzma) do
esn't exist
update-alternatives: warning: skip creation of /usr/share/man/man1/lzfgrep.1.gz because associated file /usr/share/man/man1/xzfgrep.1.gz (of link group lzma) do
esn't exist
Setting up libquadmath0:amd64 (14.2.0-4ubuntu2~24.04) ...
Setting up fonts-dejavu-mono (2.37-8) ...
Setting up libpng16-16t64:amd64 (1.6.43-5build1) ...
Setting up libmpc3:amd64 (1.3.1-1build1.1) ...
Setting up libatomic1:amd64 (14.2.0-4ubuntu2~24.04) ...
Setting up fonts-dejavu-core (2.37-8) ...
Setting up libjpeg-turbo8:amd64 (2.1.5-2ubuntu2) ...
Setting up libdpkg-perl (1.22.6ubuntu6.1) ...
Setting up libwebp7:amd64 (1.3.2-0.4build3) ...
Setting up libubsan1:amd64 (14.2.0-4ubuntu2~24.04) ...
Setting up libhwasan0:amd64 (14.2.0-4ubuntu2~24.04) ...
Setting up libcrypt-dev:amd64 (1:4.4.36-4build1) ...
Setting up libasan8:amd64 (14.2.0-4ubuntu2~24.04) ...
Setting up gpgconf (2.4.4-2ubuntu17.3) ...
Setting up libtsan2:amd64 (14.2.0-4ubuntu2~24.04) ...
Setting up libbinutils:amd64 (2.42-4ubuntu2.5) ...
Setting up libisl23:amd64 (0.26-3build1.1) ...
Setting up libde265-0:amd64 (1.0.15-1build3) ...
Setting up libc-dev-bin (2.39-0ubuntu8.5) ...
Setting up libalgorithm-diff-xs-perl:amd64 (0.04-8build3) ...
Setting up libcc1-0:amd64 (14.2.0-4ubuntu2~24.04) ...
Setting up liblocale-gettext-perl (1.07-6ubuntu5) ...
Setting up gpg (2.4.4-2ubuntu17.3) ...
Setting up liblsan0:amd64 (14.2.0-4ubuntu2~24.04) ...
Setting up libitm1:amd64 (14.2.0-4ubuntu2~24.04) ...
Setting up libalgorithm-merge-perl (0.08-5) ...
Setting up gnupg-utils (2.4.4-2ubuntu17.3) ...
Setting up libctf0:amd64 (2.42-4ubuntu2.5) ...
Setting up libjpeg8:amd64 (8c-2ubuntu11) ...
Setting up manpages-dev (6.7-2) ...
Setting up gpg-agent (2.4.4-2ubuntu17.3) ...
Setting up cpp-13-x86-64-linux-gnu (13.3.0-6ubuntu2~24.04) ...
Setting up fontconfig-config (2.15.0-1.1ubuntu2) ...
Setting up gpgsm (2.4.4-2ubuntu17.3) ...
Setting up dirmngr (2.4.4-2ubuntu17.3) ...
Setting up libgprofng0:amd64 (2.42-4ubuntu2.5) ...
Setting up libfreetype6:amd64 (2.13.2+dfsg-1build3) ...
Setting up keyboxd (2.4.4-2ubuntu17.3) ...
Setting up libgcc-13-dev:amd64 (13.3.0-6ubuntu2~24.04) ...
Setting up libtiff6:amd64 (4.5.1+git230720-4ubuntu2.2) ...
Setting up gnupg (2.4.4-2ubuntu17.3) ...
Setting up libc6-dev:amd64 (2.39-0ubuntu8.5) ...
Setting up libfontconfig1:amd64 (2.15.0-1.1ubuntu2) ...
Setting up libstdc++-13-dev:amd64 (13.3.0-6ubuntu2~24.04) ...
Setting up binutils-x86-64-linux-gnu (2.42-4ubuntu2.5) ...
Setting up cpp-x86-64-linux-gnu (4:13.2.0-7ubuntu1) ...
Setting up gpg-wks-client (2.4.4-2ubuntu17.3) ...
Setting up cpp-13 (13.3.0-6ubuntu2~24.04) ...
Setting up gcc-13-x86-64-linux-gnu (13.3.0-6ubuntu2~24.04) ...
Setting up binutils (2.42-4ubuntu2.5) ...
Setting up dpkg-dev (1.22.6ubuntu6.1) ...
Setting up gcc-13 (13.3.0-6ubuntu2~24.04) ...
Setting up cpp (4:13.2.0-7ubuntu1) ...
Setting up g++-13-x86-64-linux-gnu (13.3.0-6ubuntu2~24.04) ...
Setting up gcc-x86-64-linux-gnu (4:13.2.0-7ubuntu1) ...
Setting up gcc (4:13.2.0-7ubuntu1) ...
Setting up g++-x86-64-linux-gnu (4:13.2.0-7ubuntu1) ...
Setting up g++-13 (13.3.0-6ubuntu2~24.04) ...
Setting up g++ (4:13.2.0-7ubuntu1) ...
update-alternatives: using /usr/bin/g++ to provide /usr/bin/c++ (c++) in auto mode
update-alternatives: warning: skip creation of /usr/share/man/man1/c++.1.gz because associated file /usr/share/man/man1/g++.1.gz (of link group c++) doesn't exi
st
Setting up build-essential (12.10ubuntu1) ...
Setting up libheif1:amd64 (1.17.6-1ubuntu4.1) ...
Setting up libgd3:amd64 (2.3.3-9ubuntu5) ...
Setting up libc-devtools (2.39-0ubuntu8.5) ...
Setting up libheif-plugin-aomdec:amd64 (1.17.6-1ubuntu4.1) ...
Setting up libheif-plugin-libde265:amd64 (1.17.6-1ubuntu4.1) ...
Setting up libheif-plugin-aomenc:amd64 (1.17.6-1ubuntu4.1) ...
Processing triggers for libc-bin (2.39-0ubuntu8.5) ...
root@85874bd66351:/app/sqlite-autoconf-3500200# cd sqlite-autoconf-3500200
bash: cd: sqlite-autoconf-3500200: No such file or directory
root@85874bd66351:/app/sqlite-autoconf-3500200# ./configure --enable-gcov; tmux wait -S done
No installed jimsh or tclsh, building local bootstrap jimsh0
Configuring SQLite version 3.50.2
Host System...x86_64-pc-linux-gnu
Build System...x86_64-pc-linux-gnu
Source dir = /app/sqlite-autoconf-3500200
Build dir  = /app/sqlite-autoconf-3500200
C compiler... cc
C++ compiler... c++
Build C compiler...cc
Checking for stdlib.h...ok
Error: Unknown option --gcov
Try: 'configure --help' for options
root@85874bd66351:/app/sqlite-autoconf-3500200# make; tmux wait -S done
make: *** No targets specified and no makefile found.  Stop.
root@85874bd66351:/app/sqlite-autoconf-3500200# cp sqlite3 /usr/local/bin/
cp: cannot stat 'sqlite3': No such file or directory
root@85874bd66351:/app/sqlite-autoconf-3500200# echo 'export PATH=$PATH:/usr/local/bin' >> ~/.bashrc
root@85874bd66351:/app/sqlite-autoconf-3500200# source ~/.bashrc
root@85874bd66351:/app/sqlite-autoconf-3500200# ./configure; tmux wait -S done
Configuring SQLite version 3.50.2
Host System...x86_64-pc-linux-gnu
Build System...x86_64-pc-linux-gnu
Source dir = /app/sqlite-autoconf-3500200
Build dir  = /app/sqlite-autoconf-3500200
C compiler... cc
C++ compiler... c++
Build C compiler...cc
Checking for stdlib.h...ok
Checking for sys/types.h...ok
Checking if -D_FILE_OFFSET_BITS=64 is needed...no
SQLITE_DEBUG build? no
Looking for install ... /usr/bin/install
Checking for int8_t...ok
Checking for int16_t...ok
Checking for int32_t...ok
Checking for int64_t...ok
Checking for intptr_t...ok
Checking for uint8_t...ok
Checking for uint16_t...ok
Checking for uint32_t...ok
Checking for uint64_t...ok
Checking for uintptr_t...ok
Checking for gmtime_r...ok
Checking for isnan...ok
Checking for localtime_r...ok
Checking for localtime_s...not found
Checking for strchrnul...ok
Checking for usleep...ok
Checking for utime...ok
Checking for pread...ok
Checking for pread64...ok
Checking for pwrite...ok
Checking for pwrite64...ok
Checking libs for fdatasync...none needed
Checking libs for nanosleep...none needed
Checking for sys/types.h...(cached) ok
Checking for sys/stat.h...ok
Checking for dlfcn.h...ok
Checking for unistd.h...ok
Checking for stdlib.h...ok
Checking for malloc.h...ok
Checking for memory.h...ok
Checking for string.h...ok
Checking for strings.h...ok
Checking for inttypes.h...ok
Checking for zlib.h...not found
Link library statically into the CLI shell? yes
Statically link CLI shell? no
Checking whether the C compiler accepts -rpath /usr/local/lib...no
Checking whether the C compiler accepts -Wl,-rpath,/usr/local/lib...yes
Support threadsafe operation? Checking for libs...
Checking libs for pthread_create...none needed
Checking libs for pthread_mutexattr_init...none needed
Checking libs for dlopen...none needed
Loadable extension support enabled.
Checking libs for ceil...-lm
Enabling math SQL functions
ICU support is disabled.
Checking for line-editing capability...
Line-editing support for the sqlite3 shell: none
Build shared library? yes
Build static library? yes
Feature flags...
  - fts3
  - fts4
  - fts5
  - geopoly
  - rtree
  - session
  - update-limit
  - memsys5
  - memsys3
  - scanstatus
  + json
Library feature flags: -DSQLITE_ENABLE_MATH_FUNCTIONS -DSQLITE_THREADSAFE=1
Created Makefile from Makefile.in
Created sqlite3.pc from sqlite3.pc.in
Created sqlite_cfg.h
root@85874bd66351:/app/sqlite-autoconf-3500200# make; tmux wait -S done
cc -c /app/sqlite-autoconf-3500200/sqlite3.c -o sqlite3.o -O2 -g  -I. -fPIC  -DSQLITE_ENABLE_MATH_FUNCTIONS -DSQLITE_THREADSAFE=1
cc -o libsqlite3.so  sqlite3.o -shared \
         -Wl,-rpath,/usr/local/lib  -lm      \

ar cr libsqlite3.a sqlite3.o
cc -o sqlite3 \
        /app/sqlite-autoconf-3500200/shell.c /app/sqlite-autoconf-3500200/sqlite3.c -Wl,-rpath,/usr/local/lib  -lm      \
         \
        -I. -DSQLITE_ENABLE_MATH_FUNCTIONS -DSQLITE_THREADSAFE=1  \
        -O2 -g    \

root@85874bd66351:/app/sqlite-autoconf-3500200# cp sqlite3 /usr/local/bin/
root@85874bd66351:/app/sqlite-autoconf-3500200# echo 'export PATH=$PATH:/usr/local/bin' >> ~/.bashrc
root@85874bd66351:/app/sqlite-autoconf-3500200# source ~/.bashrc
root@85874bd66351:/app/sqlite-autoconf-3500200#
