root@ca8360be35d0:/app# echo "import requests\nfrom bs4 import BeautifulSoup\npandas as pd\n\ndef scrape_books():\n    url = 'http://server:8000'\n    response
= requests.get(url)\n    soup = BeautifulSoup(response.text, 'html.parser')\n    books = []\n    for book_div in soup.find_all('div', class_='book'):\n        t
itle = book_div.find('div', class_='book-title').text.strip()\n        author = book_div.find('div', class_='book-author').text.replace('by ', '').strip()\n
    year = book_div.find('span', class_='book-year').text.replace('Published: ', '').strip()\n        rating = book_div.find('span', class_='book-rating').text.
replace('Rating: ', '').strip()\n        price = book_div.find('span', class_='book-price').text.replace('$', '').strip()\n        books.append({'title': title,
 'author': author, 'year': year, 'rating': rating, 'price': price})\n    df = pd.DataFrame(books)\n    df.to_csv('books.csv', index=False)\n    return df\n\ndef
 generate_report(df):\n    total_books = len(df)\n    average_price = df['price'].astype(float).mean()\n    highest_rated = df.loc[df['rating'].astype(float).id
xmax()]\n    report = f'Total books scraped: {total_books}\nAverage book price: ${average_price:.2f}\nHighest rated book: {highest_rated.title} (Rating: {highes
t_rated.rating})'\n    with open('report.txt', 'w') as f:\n        f.write(report)\n\nif __name__ == '__main__':\n    df = scrape_books()\n    generate_report(d
f)" > scraper.py
root@ca8360be35d0:/app# python3 scraper.py; tmux wait -S done
  File "/app/scraper.py", line 1
    import requests\nfrom bs4 import BeautifulSoup\npandas as pd\n\ndef scrape_books():\n    url = 'http://server:8000'\n    response = requests.get(url)\n    s
oup = BeautifulSoup(response.text, 'html.parser')\n    books = []\n    for book_div in soup.find_all('div', class_='book'):\n        title = book_div.find('div'
, class_='book-title').text.strip()\n        author = book_div.find('div', class_='book-author').text.replace('by ', '').strip()\n        year = book_div.find('
span', class_='book-year').text.replace('Published: ', '').strip()\n        rating = book_div.find('span', class_='book-rating').text.replace('Rating: ', '').st
rip()\n        price = book_div.find('span', class_='book-price').text.replace('$', '').strip()\n        books.append({'title': title, 'author': author, 'year':
 year, 'rating': rating, 'price': price})\n    df = pd.DataFrame(books)\n    df.to_csv('books.csv', index=False)\n    return df\n\ndef generate_report(df):\n
 total_books = len(df)\n    average_price =
                    ^
SyntaxError: unexpected character after line continuation character
root@ca8360be35d0:/app# rm scraper.py
root@ca8360be35d0:/app# echo "import requests\nfrom bs4 import BeautifulSoup\npandas as pd\n\ndef scrape_books():\n    url = 'http://server:8000'\n    response
= requests.get(url)\n    soup = BeautifulSoup(response.text, 'html.parser')\n    books = []\n    for book_div in soup.find_all('div', class_='book'):\n        t
itle = book_div.find('div', class_='book-title').text.strip()\n        author = book_div.find('div', class_='book-author').text.replace('by ', '').strip()\n
    year = book_div.find('span', class_='book-year').text.replace('Published: ', '').strip()\n        rating = book_div.find('span', class_='book-rating').text.
replace('Rating: ', '').strip()\n        price = book_div.find('span', class_='book-price').text.replace('$', '').strip()\n        books.append({'title': title,
 'author': author, 'year': year, 'rating': rating, 'price': price})\n    df = pd.DataFrame(books)\n    df.to_csv('books.csv', index=False)\n    return df\n\ndef
 generate_report(df):\n    total_books = len(df)\n    average_price = df['price'].astype(float).mean()\n    highest_rated = df.loc[df['rating'].astype(float).id
xmax()]\n    report = f'Total books scraped: {total_books}\nAverage book price: ${average_price:.2f}\nHighest rated book: {highest_rated.title} (Rating: {highes
t_rated.rating})'\n    with open('report.txt', 'w') as f:\n        f.write(report)\n\nif __name__ == '__main__':\n    df = scrape_books()\n    generate_report(d
f)" > scraper.py
root@ca8360be35d0:/app# python3 scraper.py; tmux wait -S done
  File "/app/scraper.py", line 1
    import requests\nfrom bs4 import BeautifulSoup\npandas as pd\n\ndef scrape_books():\n    url = 'http://server:8000'\n    response = requests.get(url)\n    s
oup = BeautifulSoup(response.text, 'html.parser')\n    books = []\n    for book_div in soup.find_all('div', class_='book'):\n        title = book_div.find('div'
, class_='book-title').text.strip()\n        author = book_div.find('div', class_='book-author').text.replace('by ', '').strip()\n        year = book_div.find('
span', class_='book-year').text.replace('Published: ', '').strip()\n        rating = book_div.find('span', class_='book-rating').text.replace('Rating: ', '').st
rip()\n        price = book_div.find('span', class_='book-price').text.replace('$', '').strip()\n        books.append({'title': title, 'author': author, 'year':
 year, 'rating': rating, 'price': price})\n    df = pd.DataFrame(books)\n    df.to_csv('books.csv', index=False)\n    return df\n\ndef generate_report(df):\n
 total_books = len(df)\n    average_price =
                    ^
SyntaxError: unexpected character after line continuation character
root@ca8360be35d0:/app# rm scraper.py
root@ca8360be35d0:/app# echo "import requests\nfrom bs4 import BeautifulSoup\npandas as pd\n\ndef scrape_books():\n    url = 'http://server:8000'\n    response
= requests.get(url)\n    soup = BeautifulSoup(response.text, 'html.parser')\n    books = []\n    for book_div in soup.find_all('div', class_='book'):\n        t
itle = book_div.find('div', class_='book-title').text.strip()\n        author = book_div.find('div', class_='book-author').text.replace('by ', '').strip()\n
    year = book_div.find('span', class_='book-year').text.replace('Published: ', '').strip()\n        rating = book_div.find('span', class_='book-rating').text.
replace('Rating: ', '').strip()\n        price = book_div.find('span', class_='book-price').text.replace('$', '').strip()\n        books.append({'title': title,
 'author': author, 'year': year, 'rating': rating, 'price': price})\n    df = pd.DataFrame(books)\n    df.to_csv('books.csv', index=False)\n    return df\n\ndef
 generate_report(df):\n    total_books = len(df)\n    average_price = df['price'].astype(float).mean()\n    highest_rated = df.loc[df['rating'].astype(float).id
xmax()]\n    report = f'Total books scraped: {total_books}\nAverage book price: ${average_price:.2f}\nHighest rated book: {highest_rated.title} (Rating: {highes
t_rated.rating})'\n    with open('report.txt', 'w') as f:\n        f.write(report)\n\nif __name__ == '__main__':\n    df = scrape_books()\n    generate_report(d
f)" > scraper.py
root@ca8360be35d0:/app# python3 scraper.py; tmux wait -S done
  File "/app/scraper.py", line 1
    import requests\nfrom bs4 import BeautifulSoup\npandas as pd\n\ndef scrape_books():\n    url = 'http://server:8000'\n    response = requests.get(url)\n    s
oup = BeautifulSoup(response.text, 'html.parser')\n    books = []\n    for book_div in soup.find_all('div', class_='book'):\n        title = book_div.find('div'
, class_='book-title').text.strip()\n        author = book_div.find('div', class_='book-author').text.replace('by ', '').strip()\n        year = book_div.find('
span', class_='book-year').text.replace('Published: ', '').strip()\n        rating = book_div.find('span', class_='book-rating').text.replace('Rating: ', '').st
rip()\n        price = book_div.find('span', class_='book-price').text.replace('$', '').strip()\n        books.append({'title': title, 'author': author, 'year':
 year, 'rating': rating, 'price': price})\n    df = pd.DataFrame(books)\n    df.to_csv('books.csv', index=False)\n    return df\n\ndef generate_report(df):\n
 total_books = len(df)\n    average_price =
                    ^
SyntaxError: unexpected character after line continuation character
root@ca8360be35d0:/app# rm scraper.py
root@ca8360be35d0:/app# echo "import requests\nfrom bs4 import BeautifulSoup\nimport pandas as pd\n\ndef scrape_books():\n    url = 'http://server:8000'\n    re
sponse = requests.get(url)\n    soup = BeautifulSoup(response.text, 'html.parser')\n    books = []\n    for book_div in soup.find_all('div', class_='book'):\n
      title = book_div.find('div', class_='book-title').text.strip()\n        author = book_div.find('div', class_='book-author').text.replace('by ', '').strip(
)\n        year = book_div.find('span', class_='book-year').text.replace('Published: ', '').strip()\n        rating = book_div.find('span', class_='book-rating'
).text.replace('Rating: ', '').strip()\n        price = book_div.find('span', class_='book-price').text.replace('$', '').strip()\n        books.append({'title':
 title, 'author': author, 'year': year, 'rating': rating, 'price': price})\n    df = pd.DataFrame(books)\n    df.to_csv('books.csv', index=False)\n    return df
\n\ndef generate_report(df):\n    total_books = len(df)\n    average_price = df['price'].astype(float).mean()\n    highest_rated = df.loc[df['rating'].astype(fl
oat).idxmax()]\n    report = f'Total books scraped: {total_books}\nAverage book price: ${average_price:.2f}\nHighest rated book: {highest_rated.title} (Rating:
{highest_rated.rating})'\n    with open('report.txt', 'w') as f:\n        f.write(report)\n\nif __name__ == '__main__':\n    df = scrape_books()\n    generate_r
eport(df)" > scraper.py
root@ca8360be35d0:/app# python3 scraper.py; tmux wait -S done
  File "/app/scraper.py", line 1
    import requests\nfrom bs4 import BeautifulSoup\nimport pandas as pd\n\ndef scrape_books():\n    url = 'http://server:8000'\n    response = requests.get(url)
\n    soup = BeautifulSoup(response.text, 'html.parser')\n    books = []\n    for book_div in soup.find_all('div', class_='book'):\n        title = book_div.fin
d('div', class_='book-title').text.strip()\n        author = book_div.find('div', class_='book-author').text.replace('by ', '').strip()\n        year = book_div
.find('span', class_='book-year').text.replace('Published: ', '').strip()\n        rating = book_div.find('span', class_='book-rating').text.replace('Rating: ',
 '').strip()\n        price = book_div.find('span', class_='book-price').text.replace('$', '').strip()\n        books.append({'title': title, 'author': author,
'year': year, 'rating': rating, 'price': price})\n    df = pd.DataFrame(books)\n    df.to_csv('books.csv', index=False)\n    return df\n\ndef generate_report(df
):\n    total_books = len(df)\n    average_
                    ^
SyntaxError: unexpected character after line continuation character
root@ca8360be35d0:/app# rm scraper.py
root@ca8360be35d0:/app# cat << EOF > scraper.py
> import requests
> from bs4 import BeautifulSoup
> import pandas as pd
>
> def scrape_books():
>     url = 'http://server:8000'
>     response = requests.get(url)
>     soup = BeautifulSoup(response.text, 'html.parser')
>     books = []
>     for book_div in soup.find_all('div', class_='book'):
>         title = book_div.find('div', class_='book-title').text.strip()
>         author = book_div.find('div', class_='book-author').text.replace('by ', '').strip()
>         year = book_div.find('span', class_='book-year').text.replace('Published: ', '').strip()
>         rating = book_div.find('span', class_='book-rating').text.replace('Rating: ', '').strip()
>         price = book_div.find('span', class_='book-price').text.replace('$', '').strip()
>         books.append({'title': title, 'author': author, 'year': year, 'rating': rating, 'price': price})
>     df = pd.DataFrame(books)
>     df.to_csv('books.csv', index=False)
>     return df
>
> def generate_report(df):
>     total_books = len(df)
>     average_price = df['price'].astype(float).mean()
>     highest_rated = df.loc[df['rating'].astype(float).idxmax()]
>     report = f'Total books scraped: {total_books}\nAverage book price: ${average_price:.2f}\nHighest rated book: {highest_rated.title} (Rating: {highest_rated
.rating})'
>     with open('report.txt', 'w') as f:
>         f.write(report)
>
> if __name__ == '__main__':
>     df = scrape_books()
>     generate_report(df)
> EOF
root@ca8360be35d0:/app# python3 scraper.py; tmux wait -S done
Traceback (most recent call last):
  File "/app/scraper.py", line 31, in <module>
    generate_report(df)
    ~~~~~~~~~~~~~~~^^^^
  File "/app/scraper.py", line 24, in generate_report
    highest_rated = df.loc[df['rating'].astype(float).idxmax()]
                           ~~~~~~~~~~~~~~~~~~~^^^^^^^
  File "/usr/local/lib/python3.13/site-packages/pandas/core/generic.py", line 6662, in astype
    new_data = self._mgr.astype(dtype=dtype, copy=copy, errors=errors)
  File "/usr/local/lib/python3.13/site-packages/pandas/core/internals/managers.py", line 430, in astype
    return self.apply(
           ~~~~~~~~~~^
        "astype",
        ^^^^^^^^^
    ...<3 lines>...
        using_cow=using_copy_on_write(),
        ^^^^^^^^^^^^^^^^^^^^^^^^^^^^^^^^
    )
    ^
  File "/usr/local/lib/python3.13/site-packages/pandas/core/internals/managers.py", line 363, in apply
    applied = getattr(b, f)(**kwargs)
  File "/usr/local/lib/python3.13/site-packages/pandas/core/internals/blocks.py", line 784, in astype
    new_values = astype_array_safe(values, dtype, copy=copy, errors=errors)
  File "/usr/local/lib/python3.13/site-packages/pandas/core/dtypes/astype.py", line 237, in astype_array_safe
    new_values = astype_array(values, dtype, copy=copy)
  File "/usr/local/lib/python3.13/site-packages/pandas/core/dtypes/astype.py", line 182, in astype_array
    values = _astype_nansafe(values, dtype, copy=copy)
  File "/usr/local/lib/python3.13/site-packages/pandas/core/dtypes/astype.py", line 133, in _astype_nansafe
    return arr.astype(dtype, copy=True)
           ~~~~~~~~~~^^^^^^^^^^^^^^^^^^
ValueError: could not convert string to float: '4.2/5'
root@ca8360be35d0:/app# echo "import requests\nfrom bs4 import BeautifulSoup\nimport pandas as pd\n\ndef scrape_books():\n    url = 'http://server:8000'\n    re
sponse = requests.get(url)\n    soup = BeautifulSoup(response.text, 'html.parser')\n    books = []\n    for book_div in soup.find_all('div', class_='book'):\n
      title = book_div.find('div', class_='book-title').text.strip()\n        author = book_div.find('div', class_='book-author').text.replace('by ', '').strip(
)\n        year = book_div.find('span', class_='book-year').text.replace('Published: ', '').strip()\n        rating = float(book_div.find('span', class_='book-r
ating').text.replace('Rating: ', '').replace('/5', '').strip())\n        price = book_div.find('span', class_='book-price').text.replace('$', '').strip()\n
   books.append({'title': title, 'author': author, 'year': year, 'rating': rating, 'price': price})\n    df = pd.DataFrame(books)\n    df.to_csv('books.csv', in
dex=False)\n    return df\n\ndef generate_report(df):\n    total_books = len(df)\n    average_price = df['price'].astype(float).mean()\n    highest_rated = df.l
oc[df['rating'].astype(float).idxmax()]\n    report = f'Total books scraped: {total_books}\nAverage book price: ${average_price:.2f}\nHighest rated book: {highe
st_rated.title} (Rating: {highest_rated.rating})'\n    with open('report.txt', 'w') as f:\n        f.write(report)\n\nif __name__ == '__main__':\n    df = scrap
e_books()\n    generate_report(df)" > scraper.py
root@ca8360be35d0:/app# python3 scraper.py; tmux wait -S done
  File "/app/scraper.py", line 1
    import requests\nfrom bs4 import BeautifulSoup\nimport pandas as pd\n\ndef scrape_books():\n    url = 'http://server:8000'\n    response = requests.get(url)
\n    soup = BeautifulSoup(response.text, 'html.parser')\n    books = []\n    for book_div in soup.find_all('div', class_='book'):\n        title = book_div.fin
d('div', class_='book-title').text.strip()\n        author = book_div.find('div', class_='book-author').text.replace('by ', '').strip()\n        year = book_div
.find('span', class_='book-year').text.replace('Published: ', '').strip()\n        rating = float(book_div.find('span', class_='book-rating').text.replace('Rati
ng: ', '').replace('/5', '').strip())\n        price = book_div.find('span', class_='book-price').text.replace('$', '').strip()\n        books.append({'title':
title, 'author': author, 'year': year, 'rating': rating, 'price': price})\n    df = pd.DataFrame(books)\n    df.to_csv('books.csv', index=False)\n    return df\
n\ndef generate_report(df):\n    total_book
                    ^
SyntaxError: unexpected character after line continuation character
root@ca8360be35d0:/app# rm scraper.py
root@ca8360be35d0:/app# cat << EOF > scraper.py
> import requests
> from bs4 import BeautifulSoup
> import pandas as pd
>
> def scrape_books():
>     url = 'http://server:8000'
>     response = requests.get(url)
>     soup = BeautifulSoup(response.text, 'html.parser')
>     books = []
>     for book_div in soup.find_all('div', class_='book'):
>         title = book_div.find('div', class_='book-title').text.strip()
>         author = book_div.find('div', class_='book-author').text.replace('by ', '').strip()
>         year = book_div.find('span', class_='book-year').text.replace('Published: ', '').strip()
>         rating = float(book_div.find('span', class_='book-rating').text.replace('Rating: ', '').replace('/5', '').strip())
>         price = book_div.find('span', class_='book-price').text.replace('$', '').strip()
>         books.append({'title': title, 'author': author, 'year': year, 'rating': rating, 'price': price})
>     df = pd.DataFrame(books)
>     df.to_csv('books.csv', index=False)
>     return df
>
> def generate_report(df):
>     total_books = len(df)
>     average_price = df['price'].astype(float).mean()
>     highest_rated = df.loc[df['rating'].astype(float).idxmax()]
>     report = f'Total books scraped: {total_books}\nAverage book price: ${average_price:.2f}\nHighest rated book: {highest_rated.title} (Rating: {highest_rated
.rating})'
>     with open('report.txt', 'w') as f:
>         f.write(report)
>
> if __name__ == '__main__':
>     df = scrape_books()
>     generate_report(df)
> EOF
root@ca8360be35d0:/app# python3 scraper.py; tmux wait -S done
root@ca8360be35d0:/app# ls -la books.csv; tmux wait -S done
-rw-r--r-- 1 root root 345 Jul 15 02:05 books.csv
root@ca8360be35d0:/app# ls -la report.txt; tmux wait -S done
-rw-r--r-- 1 root root 99 Jul 15 02:05 report.txt
root@ca8360be35d0:/app# cat books.csv; tmux wait -S done
title,author,year,rating,price
The Great Gatsby,F. Scott Fitzgerald,1925,4.2,12.99
To Kill a Mockingbird,Harper Lee,1960,4.8,14.99
1984,George Orwell,1949,4.6,11.99
Pride and Prejudice,Jane Austen,1813,4.5,9.99
The Catcher in the Rye,J.D. Salinger,1951,4.1,13.99
Moby Dick,Herman Melville,1851,4.0,15.99
The Hobbit,J.R.R. Tolkien,1937,4.7,16.99
root@ca8360be35d0:/app# cat report.txt; tmux wait -S done
Total books scraped: 7
Average book price:
Highest rated book: To Kill a Mockingbird (Rating: 4.8)root@ca8360be35d0:/app#
