root@d81263d88c47:/app# ls -la; tmux wait -S done
total 20
drwxr-xr-x 1 root root 4096 Jul 11 20:23 .
drwxr-xr-x 1 root root 4096 Jul 15 01:25 ..
drwxr-xr-x 1 root root 4096 Jul 11 20:23 john
-rwxr-xr-x 1 root root  215 Jul 11 18:43 secrets.7z
root@d81263d88c47:/app# 7z x secrets.7z secret_file.txt -o/app; tmux wait -S done
bash: 7z: command not found
root@d81263d88c47:/app# cat /app/secret_file.txt > /app/solution.txt
cat: /app/secret_file.txt: No such file or directory
root@d81263d88c47:/app# apt-get update; tmux wait -S done
Hit:1 http://archive.ubuntu.com/ubuntu noble InRelease
Get:2 http://archive.ubuntu.com/ubuntu noble-updates InRelease [126 kB]
Get:3 http://security.ubuntu.com/ubuntu noble-security InRelease [126 kB]
Get:4 http://archive.ubuntu.com/ubuntu noble-backports InRelease [126 kB]
Get:5 http://archive.ubuntu.com/ubuntu noble-updates/universe amd64 Packages [1436 kB]
Get:6 http://archive.ubuntu.com/ubuntu noble-updates/main amd64 Packages [1567 kB]
Get:7 http://security.ubuntu.com/ubuntu noble-security/main amd64 Packages [1241 kB]
Get:8 http://security.ubuntu.com/ubuntu noble-security/universe amd64 Packages [1126 kB]
Get:9 http://security.ubuntu.com/ubuntu noble-security/restricted amd64 Packages [1742 kB]
Fetched 7492 kB in 2s (4752 kB/s)
Reading package lists... Done
root@d81263d88c47:/app# apt-get install -y p7zip-full; tmux wait -S done
Reading package lists... Done
Building dependency tree... Done
Reading state information... Done
The following additional packages will be installed:
  7zip
Suggested packages:
  7zip-standalone 7zip-rar
The following NEW packages will be installed:
  7zip p7zip-full
0 upgraded, 2 newly installed, 0 to remove and 28 not upgraded.
Need to get 1849 kB of archives.
After this operation, 6318 kB of additional disk space will be used.
Get:1 http://archive.ubuntu.com/ubuntu noble/universe amd64 7zip amd64 23.01+dfsg-11 [1846 kB]
Get:2 http://archive.ubuntu.com/ubuntu noble/universe amd64 p7zip-full all 16.02+transitional.1 [2500 B]
Fetched 1849 kB in 0s (5503 kB/s)
debconf: delaying package configuration, since apt-utils is not installed
Selecting previously unselected package 7zip.
(Reading database ... 17136 files and directories currently installed.)
Preparing to unpack .../7zip_23.01+dfsg-11_amd64.deb ...
Unpacking 7zip (23.01+dfsg-11) ...
Selecting previously unselected package p7zip-full.
Preparing to unpack .../p7zip-full_16.02+transitional.1_all.deb ...
Unpacking p7zip-full (16.02+transitional.1) ...
Setting up 7zip (23.01+dfsg-11) ...
Setting up p7zip-full (16.02+transitional.1) ...
root@d81263d88c47:/app# 7z x secrets.7z secret_file.txt -o/app; tmux wait -S done

7-Zip 23.01 (x64) : Copyright (c) 1999-2023 Igor Pavlov : 2023-06-20
 64-bit locale=C.UTF-8 Threads:16 OPEN_MAX:1048576

Scanning the drive for archives:
1 file, 215 bytes (1 KiB)

Extracting archive: secrets.7z
--
Path = secrets.7z
Type = 7z
Physical Size = 215
Headers Size = 199
Method = LZMA2:12 7zAES
Solid = -
Blocks = 1


No files to process
Everything is Ok

Files: 0
Size:       0
Compressed: 215
root@d81263d88c47:/app# cat /app/secret_file.txt > /app/solution.txt
cat: /app/secret_file.txt: No such file or directory
root@d81263d88c47:/app# 7z l secrets.7z; tmux wait -S done

7-Zip 23.01 (x64) : Copyright (c) 1999-2023 Igor Pavlov : 2023-06-20
 64-bit locale=C.UTF-8 Threads:16 OPEN_MAX:1048576

Scanning the drive for archives:
1 file, 215 bytes (1 KiB)

Listing archive: secrets.7z

--
Path = secrets.7z
Type = 7z
Physical Size = 215
Headers Size = 199
Method = LZMA2:12 7zAES
Solid = -
Blocks = 1

   Date      Time    Attr         Size   Compressed  Name
------------------- ----- ------------ ------------  ------------------------
2025-05-04 21:22:34 D....            0            0  secrets
2025-05-04 21:22:39 ....A            9           16  secrets/secret_file.txt
------------------- ----- ------------ ------------  ------------------------
2025-05-04 21:22:39                  9           16  1 files, 1 folders
root@d81263d88c47:/app# 7z x secrets.7z secrets/secret_file.txt -o/app; tmux wait -S done

7-Zip 23.01 (x64) : Copyright (c) 1999-2023 Igor Pavlov : 2023-06-20
 64-bit locale=C.UTF-8 Threads:16 OPEN_MAX:1048576

Scanning the drive for archives:
1 file, 215 bytes (1 KiB)

Extracting archive: secrets.7z
--
Path = secrets.7z
Type = 7z
Physical Size = 215
Headers Size = 199
Method = LZMA2:12 7zAES
Solid = -
Blocks = 1


Enter password (will not be echoed):
ERROR: Data Error in encrypted file. Wrong password? : secrets/secret_file.txt

Sub items Errors: 1

Archives with Errors: 1

Sub items Errors: 1
root@d81263d88c47:/app# <CORRECT_PASSWORD>; tmux wait -S done
bash: syntax error near unexpected token `;'
root@d81263d88c47:/app# 7z x secrets.7z secrets/secret_file.txt -o/app; tmux wait -S done

7-Zip 23.01 (x64) : Copyright (c) 1999-2023 Igor Pavlov : 2023-06-20
 64-bit locale=C.UTF-8 Threads:16 OPEN_MAX:1048576

Scanning the drive for archives:
1 file, 215 bytes (1 KiB)

Extracting archive: secrets.7z
--
Path = secrets.7z
Type = 7z
Physical Size = 215
Headers Size = 199
Method = LZMA2:12 7zAES
Solid = -
Blocks = 1


Enter password (will not be echoed):
